data.openstack_images_image_ids_v2.image_data_source-default-p0000000020-s0000000018-man: Reading...
data.openstack_images_image_ids_v2.image_data_source-default-p0000000020-s0000000018-bot2: Reading...
data.openstack_networking_secgroup_v2.sandbox-man-int-sg: Reading...
data.openstack_networking_secgroup_v2.sandbox-access-sg: Reading...
data.openstack_networking_secgroup_v2.sandbox-man-sg: Reading...
data.openstack_images_image_ids_v2.image_data_source-default-p0000000020-s0000000018-bot1: Reading...
data.openstack_images_image_ids_v2.image_data_source-default-p0000000020-s0000000018-c2-server: Reading...
data.openstack_images_image_ids_v2.image_data_source-default-p0000000020-s0000000018-router: Reading...
data.openstack_images_image_ids_v2.image_data_source-default-p0000000020-s0000000018-victim: Reading...
data.openstack_networking_network_v2.base-net: Reading...
data.openstack_networking_secgroup_v2.sandbox-man-int-sg: Read complete after 0s [id=c0f8ada3-ea6b-4204-8e6b-03fb49be5ab5]
data.openstack_networking_secgroup_v2.sandbox-access-sg: Read complete after 0s [id=fe29039a-d081-4023-adad-9641c8059c30]
data.openstack_networking_secgroup_v2.sandbox-internal-sg: Reading...
data.openstack_networking_secgroup_v2.sandbox-internal-sg: Read complete after 0s [id=0a14006d-c778-45be-9747-18bb05e2c46f]
data.openstack_images_image_ids_v2.image_data_source-default-p0000000020-s0000000018-bot1: Read complete after 0s [id=2215401803]
data.openstack_images_image_ids_v2.image_data_source-default-p0000000020-s0000000018-c2-server: Read complete after 0s [id=2215401803]
data.openstack_images_image_ids_v2.image_data_source-default-p0000000020-s0000000018-bot2: Read complete after 0s [id=2215401803]
data.openstack_images_image_ids_v2.image_data_source-default-p0000000020-s0000000018-man: Read complete after 0s [id=2215401803]
data.openstack_images_image_ids_v2.image_data_source-default-p0000000020-s0000000018-router: Read complete after 0s [id=3718318825]
data.openstack_images_image_ids_v2.image_data_source-default-p0000000020-s0000000018-victim: Read complete after 0s [id=2215401803]
data.openstack_networking_secgroup_v2.sandbox-man-sg: Read complete after 0s [id=d318bcac-a977-4da2-a36c-6fc646adfd56]
data.openstack_networking_network_v2.base-net: Read complete after 0s [id=9d8f9b2a-992c-4edc-8444-0bfc3c2b3cef]

OpenTofu used the selected providers to generate the following execution
plan. Resource actions are indicated with the following symbols:
  + create

OpenTofu will perform the following actions:

  # openstack_compute_instance_v2.default-p0000000020-s0000000018-bot1 will be created
  + resource "openstack_compute_instance_v2" "default-p0000000020-s0000000018-bot1" {
      + access_ip_v4        = (known after apply)
      + access_ip_v6        = (known after apply)
      + all_metadata        = (known after apply)
      + all_tags            = (known after apply)
      + availability_zone   = (known after apply)
      + config_drive        = true
      + created             = (known after apply)
      + flavor_id           = (known after apply)
      + flavor_name         = "standard.small"
      + force_delete        = false
      + hypervisor_hostname = (known after apply)
      + id                  = (known after apply)
      + image_id            = (known after apply)
      + image_name          = "ubuntu-noble-x86_64"
      + key_pair            = "default-p0000000020-80458ee6-ssh"
      + name                = "default-p0000000020-s0000000018-bot1"
      + power_state         = "active"
      + region              = (known after apply)
      + security_groups     = (known after apply)
      + stop_before_destroy = false
      + updated             = (known after apply)

      + network {
          + access_network = false
          + fixed_ip_v4    = (known after apply)
          + fixed_ip_v6    = (known after apply)
          + mac            = (known after apply)
          + name           = (known after apply)
          + port           = (known after apply)
          + uuid           = (known after apply)
        }
      + network {
          + access_network = false
          + fixed_ip_v4    = (known after apply)
          + fixed_ip_v6    = (known after apply)
          + mac            = (known after apply)
          + name           = (known after apply)
          + port           = (known after apply)
          + uuid           = (known after apply)
        }
    }

  # openstack_compute_instance_v2.default-p0000000020-s0000000018-bot2 will be created
  + resource "openstack_compute_instance_v2" "default-p0000000020-s0000000018-bot2" {
      + access_ip_v4        = (known after apply)
      + access_ip_v6        = (known after apply)
      + all_metadata        = (known after apply)
      + all_tags            = (known after apply)
      + availability_zone   = (known after apply)
      + config_drive        = true
      + created             = (known after apply)
      + flavor_id           = (known after apply)
      + flavor_name         = "standard.small"
      + force_delete        = false
      + hypervisor_hostname = (known after apply)
      + id                  = (known after apply)
      + image_id            = (known after apply)
      + image_name          = "ubuntu-noble-x86_64"
      + key_pair            = "default-p0000000020-80458ee6-ssh"
      + name                = "default-p0000000020-s0000000018-bot2"
      + power_state         = "active"
      + region              = (known after apply)
      + security_groups     = (known after apply)
      + stop_before_destroy = false
      + updated             = (known after apply)

      + network {
          + access_network = false
          + fixed_ip_v4    = (known after apply)
          + fixed_ip_v6    = (known after apply)
          + mac            = (known after apply)
          + name           = (known after apply)
          + port           = (known after apply)
          + uuid           = (known after apply)
        }
      + network {
          + access_network = false
          + fixed_ip_v4    = (known after apply)
          + fixed_ip_v6    = (known after apply)
          + mac            = (known after apply)
          + name           = (known after apply)
          + port           = (known after apply)
          + uuid           = (known after apply)
        }
    }

  # openstack_compute_instance_v2.default-p0000000020-s0000000018-c2-server will be created
  + resource "openstack_compute_instance_v2" "default-p0000000020-s0000000018-c2-server" {
      + access_ip_v4        = (known after apply)
      + access_ip_v6        = (known after apply)
      + all_metadata        = (known after apply)
      + all_tags            = (known after apply)
      + availability_zone   = (known after apply)
      + config_drive        = true
      + created             = (known after apply)
      + flavor_id           = (known after apply)
      + flavor_name         = "standard.small"
      + force_delete        = false
      + hypervisor_hostname = (known after apply)
      + id                  = (known after apply)
      + image_id            = (known after apply)
      + image_name          = "ubuntu-noble-x86_64"
      + key_pair            = "default-p0000000020-80458ee6-ssh"
      + name                = "default-p0000000020-s0000000018-c2-server"
      + power_state         = "active"
      + region              = (known after apply)
      + security_groups     = (known after apply)
      + stop_before_destroy = false
      + updated             = (known after apply)

      + network {
          + access_network = false
          + fixed_ip_v4    = (known after apply)
          + fixed_ip_v6    = (known after apply)
          + mac            = (known after apply)
          + name           = (known after apply)
          + port           = (known after apply)
          + uuid           = (known after apply)
        }
      + network {
          + access_network = false
          + fixed_ip_v4    = (known after apply)
          + fixed_ip_v6    = (known after apply)
          + mac            = (known after apply)
          + name           = (known after apply)
          + port           = (known after apply)
          + uuid           = (known after apply)
        }
    }

  # openstack_compute_instance_v2.default-p0000000020-s0000000018-man will be created
  + resource "openstack_compute_instance_v2" "default-p0000000020-s0000000018-man" {
      + access_ip_v4        = (known after apply)
      + access_ip_v6        = (known after apply)
      + all_metadata        = (known after apply)
      + all_tags            = (known after apply)
      + availability_zone   = (known after apply)
      + config_drive        = true
      + created             = (known after apply)
      + flavor_id           = (known after apply)
      + flavor_name         = "standard.medium"
      + force_delete        = false
      + hypervisor_hostname = (known after apply)
      + id                  = (known after apply)
      + image_id            = (known after apply)
      + image_name          = "ubuntu-noble-x86_64"
      + key_pair            = "default-p0000000020-80458ee6-ssh"
      + name                = "default-p0000000020-s0000000018-man"
      + power_state         = "active"
      + region              = (known after apply)
      + security_groups     = (known after apply)
      + stop_before_destroy = false
      + updated             = (known after apply)

      + network {
          + access_network = false
          + fixed_ip_v4    = (known after apply)
          + fixed_ip_v6    = (known after apply)
          + mac            = (known after apply)
          + name           = (known after apply)
          + port           = (known after apply)
          + uuid           = (known after apply)
        }
      + network {
          + access_network = false
          + fixed_ip_v4    = (known after apply)
          + fixed_ip_v6    = (known after apply)
          + mac            = (known after apply)
          + name           = (known after apply)
          + port           = (known after apply)
          + uuid           = (known after apply)
        }
      + network {
          + access_network = false
          + fixed_ip_v4    = (known after apply)
          + fixed_ip_v6    = (known after apply)
          + mac            = (known after apply)
          + name           = (known after apply)
          + port           = (known after apply)
          + uuid           = (known after apply)
        }
    }

  # openstack_compute_instance_v2.default-p0000000020-s0000000018-router will be created
  + resource "openstack_compute_instance_v2" "default-p0000000020-s0000000018-router" {
      + access_ip_v4        = (known after apply)
      + access_ip_v6        = (known after apply)
      + all_metadata        = (known after apply)
      + all_tags            = (known after apply)
      + availability_zone   = (known after apply)
      + config_drive        = true
      + created             = (known after apply)
      + flavor_id           = (known after apply)
      + flavor_name         = "standard.small"
      + force_delete        = false
      + hypervisor_hostname = (known after apply)
      + id                  = (known after apply)
      + image_id            = (known after apply)
      + image_name          = "debian-12-x86_64"
      + key_pair            = "default-p0000000020-80458ee6-ssh"
      + name                = "default-p0000000020-s0000000018-router"
      + power_state         = "active"
      + region              = (known after apply)
      + security_groups     = (known after apply)
      + stop_before_destroy = false
      + updated             = (known after apply)

      + network {
          + access_network = false
          + fixed_ip_v4    = (known after apply)
          + fixed_ip_v6    = (known after apply)
          + mac            = (known after apply)
          + name           = (known after apply)
          + port           = (known after apply)
          + uuid           = (known after apply)
        }
      + network {
          + access_network = false
          + fixed_ip_v4    = (known after apply)
          + fixed_ip_v6    = (known after apply)
          + mac            = (known after apply)
          + name           = (known after apply)
          + port           = (known after apply)
          + uuid           = (known after apply)
        }
      + network {
          + access_network = false
          + fixed_ip_v4    = (known after apply)
          + fixed_ip_v6    = (known after apply)
          + mac            = (known after apply)
          + name           = (known after apply)
          + port           = (known after apply)
          + uuid           = (known after apply)
        }
      + network {
          + access_network = false
          + fixed_ip_v4    = (known after apply)
          + fixed_ip_v6    = (known after apply)
          + mac            = (known after apply)
          + name           = (known after apply)
          + port           = (known after apply)
          + uuid           = (known after apply)
        }
    }

  # openstack_compute_instance_v2.default-p0000000020-s0000000018-victim will be created
  + resource "openstack_compute_instance_v2" "default-p0000000020-s0000000018-victim" {
      + access_ip_v4        = (known after apply)
      + access_ip_v6        = (known after apply)
      + all_metadata        = (known after apply)
      + all_tags            = (known after apply)
      + availability_zone   = (known after apply)
      + config_drive        = true
      + created             = (known after apply)
      + flavor_id           = (known after apply)
      + flavor_name         = "standard.small"
      + force_delete        = false
      + hypervisor_hostname = (known after apply)
      + id                  = (known after apply)
      + image_id            = (known after apply)
      + image_name          = "ubuntu-noble-x86_64"
      + key_pair            = "default-p0000000020-80458ee6-ssh"
      + name                = "default-p0000000020-s0000000018-victim"
      + power_state         = "active"
      + region              = (known after apply)
      + security_groups     = (known after apply)
      + stop_before_destroy = false
      + updated             = (known after apply)

      + network {
          + access_network = false
          + fixed_ip_v4    = (known after apply)
          + fixed_ip_v6    = (known after apply)
          + mac            = (known after apply)
          + name           = (known after apply)
          + port           = (known after apply)
          + uuid           = (known after apply)
        }
      + network {
          + access_network = false
          + fixed_ip_v4    = (known after apply)
          + fixed_ip_v6    = (known after apply)
          + mac            = (known after apply)
          + name           = (known after apply)
          + port           = (known after apply)
          + uuid           = (known after apply)
        }
    }

  # openstack_networking_network_v2.default-p0000000020-s0000000018-botnet-switch will be created
  + resource "openstack_networking_network_v2" "default-p0000000020-s0000000018-botnet-switch" {
      + admin_state_up          = true
      + all_tags                = (known after apply)
      + availability_zone_hints = (known after apply)
      + dns_domain              = (known after apply)
      + external                = (known after apply)
      + id                      = (known after apply)
      + mtu                     = (known after apply)
      + name                    = "default-p0000000020-s0000000018-botnet-switch"
      + port_security_enabled   = (known after apply)
      + qos_policy_id           = (known after apply)
      + region                  = (known after apply)
      + shared                  = (known after apply)
      + tenant_id               = (known after apply)
      + transparent_vlan        = (known after apply)

      + segments (known after apply)
    }

  # openstack_networking_network_v2.default-p0000000020-s0000000018-man-network will be created
  + resource "openstack_networking_network_v2" "default-p0000000020-s0000000018-man-network" {
      + admin_state_up          = true
      + all_tags                = (known after apply)
      + availability_zone_hints = (known after apply)
      + dns_domain              = (known after apply)
      + external                = (known after apply)
      + id                      = (known after apply)
      + mtu                     = (known after apply)
      + name                    = "default-p0000000020-s0000000018-man-network"
      + port_security_enabled   = (known after apply)
      + qos_policy_id           = (known after apply)
      + region                  = (known after apply)
      + shared                  = (known after apply)
      + tenant_id               = (known after apply)
      + transparent_vlan        = (known after apply)

      + segments (known after apply)
    }

  # openstack_networking_network_v2.default-p0000000020-s0000000018-victim-switch will be created
  + resource "openstack_networking_network_v2" "default-p0000000020-s0000000018-victim-switch" {
      + admin_state_up          = true
      + all_tags                = (known after apply)
      + availability_zone_hints = (known after apply)
      + dns_domain              = (known after apply)
      + external                = (known after apply)
      + id                      = (known after apply)
      + mtu                     = (known after apply)
      + name                    = "default-p0000000020-s0000000018-victim-switch"
      + port_security_enabled   = (known after apply)
      + qos_policy_id           = (known after apply)
      + region                  = (known after apply)
      + shared                  = (known after apply)
      + tenant_id               = (known after apply)
      + transparent_vlan        = (known after apply)

      + segments (known after apply)
    }

  # openstack_networking_network_v2.default-p0000000020-s0000000018-wan will be created
  + resource "openstack_networking_network_v2" "default-p0000000020-s0000000018-wan" {
      + admin_state_up          = true
      + all_tags                = (known after apply)
      + availability_zone_hints = (known after apply)
      + dns_domain              = (known after apply)
      + external                = (known after apply)
      + id                      = (known after apply)
      + mtu                     = (known after apply)
      + name                    = "default-p0000000020-s0000000018-wan"
      + port_security_enabled   = (known after apply)
      + qos_policy_id           = (known after apply)
      + region                  = (known after apply)
      + shared                  = (known after apply)
      + tenant_id               = (known after apply)
      + transparent_vlan        = (known after apply)

      + segments (known after apply)
    }

  # openstack_networking_port_v2.default-p0000000020-s0000000018-link-1 will be created
  + resource "openstack_networking_port_v2" "default-p0000000020-s0000000018-link-1" {
      + admin_state_up         = true
      + all_fixed_ips          = (known after apply)
      + all_security_group_ids = (known after apply)
      + all_tags               = (known after apply)
      + device_id              = (known after apply)
      + device_owner           = (known after apply)
      + dns_assignment         = (known after apply)
      + dns_name               = (known after apply)
      + id                     = (known after apply)
      + mac_address            = (known after apply)
      + name                   = "default-p0000000020-s0000000018-link-1"
      + network_id             = (known after apply)
      + port_security_enabled  = (known after apply)
      + qos_policy_id          = (known after apply)
      + region                 = (known after apply)
      + security_group_ids     = [
          + "d318bcac-a977-4da2-a36c-6fc646adfd56",
        ]
      + tenant_id              = (known after apply)

      + allowed_address_pairs {
          + ip_address = "192.168.128.0/17"
        }

      + binding (known after apply)

      + fixed_ip {
          + subnet_id = (known after apply)
        }
    }

  # openstack_networking_port_v2.default-p0000000020-s0000000018-link-10 will be created
  + resource "openstack_networking_port_v2" "default-p0000000020-s0000000018-link-10" {
      + admin_state_up         = true
      + all_fixed_ips          = (known after apply)
      + all_security_group_ids = (known after apply)
      + all_tags               = (known after apply)
      + device_id              = (known after apply)
      + device_owner           = (known after apply)
      + dns_assignment         = (known after apply)
      + dns_name               = (known after apply)
      + id                     = (known after apply)
      + mac_address            = (known after apply)
      + name                   = "default-p0000000020-s0000000018-link-10"
      + network_id             = (known after apply)
      + port_security_enabled  = (known after apply)
      + qos_policy_id          = (known after apply)
      + region                 = (known after apply)
      + security_group_ids     = [
          + "0a14006d-c778-45be-9747-18bb05e2c46f",
        ]
      + tenant_id              = (known after apply)

      + allowed_address_pairs {
          + ip_address = "192.168.80.0/24"
        }

      + binding (known after apply)

      + fixed_ip {
          + ip_address = "192.168.80.100"
          + subnet_id  = (known after apply)
        }
    }

  # openstack_networking_port_v2.default-p0000000020-s0000000018-link-11 will be created
  + resource "openstack_networking_port_v2" "default-p0000000020-s0000000018-link-11" {
      + admin_state_up         = true
      + all_fixed_ips          = (known after apply)
      + all_security_group_ids = (known after apply)
      + all_tags               = (known after apply)
      + device_id              = (known after apply)
      + device_owner           = (known after apply)
      + dns_assignment         = (known after apply)
      + dns_name               = (known after apply)
      + id                     = (known after apply)
      + mac_address            = (known after apply)
      + name                   = "default-p0000000020-s0000000018-link-11"
      + network_id             = (known after apply)
      + port_security_enabled  = (known after apply)
      + qos_policy_id          = (known after apply)
      + region                 = (known after apply)
      + security_group_ids     = [
          + "c0f8ada3-ea6b-4204-8e6b-03fb49be5ab5",
        ]
      + tenant_id              = (known after apply)

      + allowed_address_pairs {
          + ip_address = "192.168.128.0/17"
        }

      + binding (known after apply)

      + fixed_ip {
          + subnet_id = (known after apply)
        }
    }

  # openstack_networking_port_v2.default-p0000000020-s0000000018-link-12 will be created
  + resource "openstack_networking_port_v2" "default-p0000000020-s0000000018-link-12" {
      + admin_state_up         = true
      + all_fixed_ips          = (known after apply)
      + all_security_group_ids = (known after apply)
      + all_tags               = (known after apply)
      + device_id              = (known after apply)
      + device_owner           = (known after apply)
      + dns_assignment         = (known after apply)
      + dns_name               = (known after apply)
      + id                     = (known after apply)
      + mac_address            = (known after apply)
      + name                   = "default-p0000000020-s0000000018-link-12"
      + network_id             = (known after apply)
      + port_security_enabled  = (known after apply)
      + qos_policy_id          = (known after apply)
      + region                 = (known after apply)
      + security_group_ids     = [
          + "0a14006d-c778-45be-9747-18bb05e2c46f",
        ]
      + tenant_id              = (known after apply)

      + allowed_address_pairs {
          + ip_address = "0.0.0.0/0"
        }

      + binding (known after apply)

      + fixed_ip {
          + subnet_id = (known after apply)
        }
    }

  # openstack_networking_port_v2.default-p0000000020-s0000000018-link-13 will be created
  + resource "openstack_networking_port_v2" "default-p0000000020-s0000000018-link-13" {
      + admin_state_up         = true
      + all_fixed_ips          = (known after apply)
      + all_security_group_ids = (known after apply)
      + all_tags               = (known after apply)
      + device_id              = (known after apply)
      + device_owner           = (known after apply)
      + dns_assignment         = (known after apply)
      + dns_name               = (known after apply)
      + id                     = (known after apply)
      + mac_address            = (known after apply)
      + name                   = "default-p0000000020-s0000000018-link-13"
      + network_id             = (known after apply)
      + port_security_enabled  = (known after apply)
      + qos_policy_id          = (known after apply)
      + region                 = (known after apply)
      + security_group_ids     = [
          + "0a14006d-c778-45be-9747-18bb05e2c46f",
        ]
      + tenant_id              = (known after apply)

      + allowed_address_pairs {
          + ip_address = "0.0.0.0/0"
        }

      + binding (known after apply)

      + fixed_ip {
          + ip_address = "192.168.70.1"
          + subnet_id  = (known after apply)
        }
    }

  # openstack_networking_port_v2.default-p0000000020-s0000000018-link-14 will be created
  + resource "openstack_networking_port_v2" "default-p0000000020-s0000000018-link-14" {
      + admin_state_up         = true
      + all_fixed_ips          = (known after apply)
      + all_security_group_ids = (known after apply)
      + all_tags               = (known after apply)
      + device_id              = (known after apply)
      + device_owner           = (known after apply)
      + dns_assignment         = (known after apply)
      + dns_name               = (known after apply)
      + id                     = (known after apply)
      + mac_address            = (known after apply)
      + name                   = "default-p0000000020-s0000000018-link-14"
      + network_id             = (known after apply)
      + port_security_enabled  = (known after apply)
      + qos_policy_id          = (known after apply)
      + region                 = (known after apply)
      + security_group_ids     = [
          + "0a14006d-c778-45be-9747-18bb05e2c46f",
        ]
      + tenant_id              = (known after apply)

      + allowed_address_pairs {
          + ip_address = "0.0.0.0/0"
        }

      + binding (known after apply)

      + fixed_ip {
          + ip_address = "192.168.80.1"
          + subnet_id  = (known after apply)
        }
    }

  # openstack_networking_port_v2.default-p0000000020-s0000000018-link-2 will be created
  + resource "openstack_networking_port_v2" "default-p0000000020-s0000000018-link-2" {
      + admin_state_up         = true
      + all_fixed_ips          = (known after apply)
      + all_security_group_ids = (known after apply)
      + all_tags               = (known after apply)
      + device_id              = (known after apply)
      + device_owner           = (known after apply)
      + dns_assignment         = (known after apply)
      + dns_name               = (known after apply)
      + id                     = (known after apply)
      + mac_address            = (known after apply)
      + name                   = "default-p0000000020-s0000000018-link-2"
      + network_id             = (known after apply)
      + port_security_enabled  = (known after apply)
      + qos_policy_id          = (known after apply)
      + region                 = (known after apply)
      + security_group_ids     = [
          + "0a14006d-c778-45be-9747-18bb05e2c46f",
        ]
      + tenant_id              = (known after apply)

      + allowed_address_pairs {
          + ip_address = "0.0.0.0/0"
        }

      + binding (known after apply)

      + fixed_ip {
          + subnet_id = (known after apply)
        }
    }

  # openstack_networking_port_v2.default-p0000000020-s0000000018-link-3 will be created
  + resource "openstack_networking_port_v2" "default-p0000000020-s0000000018-link-3" {
      + admin_state_up         = true
      + all_fixed_ips          = (known after apply)
      + all_security_group_ids = (known after apply)
      + all_tags               = (known after apply)
      + device_id              = (known after apply)
      + device_owner           = (known after apply)
      + dns_assignment         = (known after apply)
      + dns_name               = (known after apply)
      + id                     = (known after apply)
      + mac_address            = (known after apply)
      + name                   = "default-p0000000020-s0000000018-link-3"
      + network_id             = (known after apply)
      + port_security_enabled  = (known after apply)
      + qos_policy_id          = (known after apply)
      + region                 = (known after apply)
      + security_group_ids     = [
          + "c0f8ada3-ea6b-4204-8e6b-03fb49be5ab5",
        ]
      + tenant_id              = (known after apply)

      + allowed_address_pairs {
          + ip_address = "192.168.128.0/17"
        }

      + binding (known after apply)

      + fixed_ip {
          + subnet_id = (known after apply)
        }
    }

  # openstack_networking_port_v2.default-p0000000020-s0000000018-link-4 will be created
  + resource "openstack_networking_port_v2" "default-p0000000020-s0000000018-link-4" {
      + admin_state_up         = true
      + all_fixed_ips          = (known after apply)
      + all_security_group_ids = (known after apply)
      + all_tags               = (known after apply)
      + device_id              = (known after apply)
      + device_owner           = (known after apply)
      + dns_assignment         = (known after apply)
      + dns_name               = (known after apply)
      + id                     = (known after apply)
      + mac_address            = (known after apply)
      + name                   = "default-p0000000020-s0000000018-link-4"
      + network_id             = (known after apply)
      + port_security_enabled  = (known after apply)
      + qos_policy_id          = (known after apply)
      + region                 = (known after apply)
      + security_group_ids     = [
          + "c0f8ada3-ea6b-4204-8e6b-03fb49be5ab5",
        ]
      + tenant_id              = (known after apply)

      + allowed_address_pairs {
          + ip_address = "192.168.128.0/17"
        }

      + binding (known after apply)

      + fixed_ip {
          + subnet_id = (known after apply)
        }
    }

  # openstack_networking_port_v2.default-p0000000020-s0000000018-link-5 will be created
  + resource "openstack_networking_port_v2" "default-p0000000020-s0000000018-link-5" {
      + admin_state_up         = true
      + all_fixed_ips          = (known after apply)
      + all_security_group_ids = (known after apply)
      + all_tags               = (known after apply)
      + device_id              = (known after apply)
      + device_owner           = (known after apply)
      + dns_assignment         = (known after apply)
      + dns_name               = (known after apply)
      + id                     = (known after apply)
      + mac_address            = (known after apply)
      + name                   = "default-p0000000020-s0000000018-link-5"
      + network_id             = (known after apply)
      + port_security_enabled  = (known after apply)
      + qos_policy_id          = (known after apply)
      + region                 = (known after apply)
      + security_group_ids     = [
          + "c0f8ada3-ea6b-4204-8e6b-03fb49be5ab5",
        ]
      + tenant_id              = (known after apply)

      + allowed_address_pairs {
          + ip_address = "192.168.128.0/17"
        }

      + binding (known after apply)

      + fixed_ip {
          + subnet_id = (known after apply)
        }
    }

  # openstack_networking_port_v2.default-p0000000020-s0000000018-link-6 will be created
  + resource "openstack_networking_port_v2" "default-p0000000020-s0000000018-link-6" {
      + admin_state_up         = true
      + all_fixed_ips          = (known after apply)
      + all_security_group_ids = (known after apply)
      + all_tags               = (known after apply)
      + device_id              = (known after apply)
      + device_owner           = (known after apply)
      + dns_assignment         = (known after apply)
      + dns_name               = (known after apply)
      + id                     = (known after apply)
      + mac_address            = (known after apply)
      + name                   = "default-p0000000020-s0000000018-link-6"
      + network_id             = (known after apply)
      + port_security_enabled  = (known after apply)
      + qos_policy_id          = (known after apply)
      + region                 = (known after apply)
      + security_group_ids     = [
          + "c0f8ada3-ea6b-4204-8e6b-03fb49be5ab5",
        ]
      + tenant_id              = (known after apply)

      + allowed_address_pairs {
          + ip_address = "192.168.128.0/17"
        }

      + binding (known after apply)

      + fixed_ip {
          + subnet_id = (known after apply)
        }
    }

  # openstack_networking_port_v2.default-p0000000020-s0000000018-link-7 will be created
  + resource "openstack_networking_port_v2" "default-p0000000020-s0000000018-link-7" {
      + admin_state_up         = true
      + all_fixed_ips          = (known after apply)
      + all_security_group_ids = (known after apply)
      + all_tags               = (known after apply)
      + device_id              = (known after apply)
      + device_owner           = (known after apply)
      + dns_assignment         = (known after apply)
      + dns_name               = (known after apply)
      + id                     = (known after apply)
      + mac_address            = (known after apply)
      + name                   = "default-p0000000020-s0000000018-link-7"
      + network_id             = (known after apply)
      + port_security_enabled  = (known after apply)
      + qos_policy_id          = (known after apply)
      + region                 = (known after apply)
      + security_group_ids     = [
          + "0a14006d-c778-45be-9747-18bb05e2c46f",
        ]
      + tenant_id              = (known after apply)

      + allowed_address_pairs {
          + ip_address = "192.168.70.0/24"
        }

      + binding (known after apply)

      + fixed_ip {
          + ip_address = "192.168.70.5"
          + subnet_id  = (known after apply)
        }
    }

  # openstack_networking_port_v2.default-p0000000020-s0000000018-link-8 will be created
  + resource "openstack_networking_port_v2" "default-p0000000020-s0000000018-link-8" {
      + admin_state_up         = true
      + all_fixed_ips          = (known after apply)
      + all_security_group_ids = (known after apply)
      + all_tags               = (known after apply)
      + device_id              = (known after apply)
      + device_owner           = (known after apply)
      + dns_assignment         = (known after apply)
      + dns_name               = (known after apply)
      + id                     = (known after apply)
      + mac_address            = (known after apply)
      + name                   = "default-p0000000020-s0000000018-link-8"
      + network_id             = (known after apply)
      + port_security_enabled  = (known after apply)
      + qos_policy_id          = (known after apply)
      + region                 = (known after apply)
      + security_group_ids     = [
          + "0a14006d-c778-45be-9747-18bb05e2c46f",
        ]
      + tenant_id              = (known after apply)

      + allowed_address_pairs {
          + ip_address = "192.168.70.0/24"
        }

      + binding (known after apply)

      + fixed_ip {
          + ip_address = "192.168.70.10"
          + subnet_id  = (known after apply)
        }
    }

  # openstack_networking_port_v2.default-p0000000020-s0000000018-link-9 will be created
  + resource "openstack_networking_port_v2" "default-p0000000020-s0000000018-link-9" {
      + admin_state_up         = true
      + all_fixed_ips          = (known after apply)
      + all_security_group_ids = (known after apply)
      + all_tags               = (known after apply)
      + device_id              = (known after apply)
      + device_owner           = (known after apply)
      + dns_assignment         = (known after apply)
      + dns_name               = (known after apply)
      + id                     = (known after apply)
      + mac_address            = (known after apply)
      + name                   = "default-p0000000020-s0000000018-link-9"
      + network_id             = (known after apply)
      + port_security_enabled  = (known after apply)
      + qos_policy_id          = (known after apply)
      + region                 = (known after apply)
      + security_group_ids     = [
          + "0a14006d-c778-45be-9747-18bb05e2c46f",
        ]
      + tenant_id              = (known after apply)

      + allowed_address_pairs {
          + ip_address = "192.168.70.0/24"
        }

      + binding (known after apply)

      + fixed_ip {
          + ip_address = "192.168.70.11"
          + subnet_id  = (known after apply)
        }
    }

  # openstack_networking_port_v2.default-p0000000020-s0000000018-man-out-port will be created
  + resource "openstack_networking_port_v2" "default-p0000000020-s0000000018-man-out-port" {
      + admin_state_up         = true
      + all_fixed_ips          = (known after apply)
      + all_security_group_ids = (known after apply)
      + all_tags               = (known after apply)
      + device_id              = (known after apply)
      + device_owner           = (known after apply)
      + dns_assignment         = (known after apply)
      + dns_name               = (known after apply)
      + id                     = (known after apply)
      + mac_address            = (known after apply)
      + name                   = "default-p0000000020-s0000000018-man-out-port"
      + network_id             = "9d8f9b2a-992c-4edc-8444-0bfc3c2b3cef"
      + port_security_enabled  = (known after apply)
      + qos_policy_id          = (known after apply)
      + region                 = (known after apply)
      + security_group_ids     = [
          + "fe29039a-d081-4023-adad-9641c8059c30",
        ]
      + tenant_id              = (known after apply)

      + allowed_address_pairs {
          + ip_address = "0.0.0.0/0"
        }

      + binding (known after apply)
    }

  # openstack_networking_subnet_v2.default-p0000000020-s0000000018-botnet-switch-subnet will be created
  + resource "openstack_networking_subnet_v2" "default-p0000000020-s0000000018-botnet-switch-subnet" {
      + all_tags          = (known after apply)
      + cidr              = "192.168.70.0/24"
      + dns_nameservers   = [
          + "1.1.1.1",
          + "1.0.0.1",
        ]
      + enable_dhcp       = true
      + gateway_ip        = "192.168.70.1"
      + id                = (known after apply)
      + ip_version        = 4
      + ipv6_address_mode = (known after apply)
      + ipv6_ra_mode      = (known after apply)
      + name              = "default-p0000000020-s0000000018-botnet-switch-subnet"
      + network_id        = (known after apply)
      + no_gateway        = false
      + region            = (known after apply)
      + service_types     = (known after apply)
      + tenant_id         = (known after apply)

      + allocation_pool (known after apply)
    }

  # openstack_networking_subnet_v2.default-p0000000020-s0000000018-man-network-subnet will be created
  + resource "openstack_networking_subnet_v2" "default-p0000000020-s0000000018-man-network-subnet" {
      + all_tags          = (known after apply)
      + cidr              = "192.168.128.0/17"
      + dns_nameservers   = [
          + "1.1.1.1",
          + "1.0.0.1",
        ]
      + enable_dhcp       = true
      + gateway_ip        = (known after apply)
      + id                = (known after apply)
      + ip_version        = 4
      + ipv6_address_mode = (known after apply)
      + ipv6_ra_mode      = (known after apply)
      + name              = "default-p0000000020-s0000000018-man-network-subnet"
      + network_id        = (known after apply)
      + no_gateway        = true
      + region            = (known after apply)
      + service_types     = (known after apply)
      + tenant_id         = (known after apply)

      + allocation_pool (known after apply)
    }

  # openstack_networking_subnet_v2.default-p0000000020-s0000000018-victim-switch-subnet will be created
  + resource "openstack_networking_subnet_v2" "default-p0000000020-s0000000018-victim-switch-subnet" {
      + all_tags          = (known after apply)
      + cidr              = "192.168.80.0/24"
      + dns_nameservers   = [
          + "1.1.1.1",
          + "1.0.0.1",
        ]
      + enable_dhcp       = true
      + gateway_ip        = "192.168.80.1"
      + id                = (known after apply)
      + ip_version        = 4
      + ipv6_address_mode = (known after apply)
      + ipv6_ra_mode      = (known after apply)
      + name              = "default-p0000000020-s0000000018-victim-switch-subnet"
      + network_id        = (known after apply)
      + no_gateway        = false
      + region            = (known after apply)
      + service_types     = (known after apply)
      + tenant_id         = (known after apply)

      + allocation_pool (known after apply)
    }

  # openstack_networking_subnet_v2.default-p0000000020-s0000000018-wan-subnet will be created
  + resource "openstack_networking_subnet_v2" "default-p0000000020-s0000000018-wan-subnet" {
      + all_tags          = (known after apply)
      + cidr              = "100.100.100.0/24"
      + dns_nameservers   = [
          + "1.1.1.1",
          + "1.0.0.1",
        ]
      + enable_dhcp       = true
      + gateway_ip        = (known after apply)
      + id                = (known after apply)
      + ip_version        = 4
      + ipv6_address_mode = (known after apply)
      + ipv6_ra_mode      = (known after apply)
      + name              = "default-p0000000020-s0000000018-wan-subnet"
      + network_id        = (known after apply)
      + no_gateway        = true
      + region            = (known after apply)
      + service_types     = (known after apply)
      + tenant_id         = (known after apply)

      + allocation_pool (known after apply)
    }

Plan: 29 to add, 0 to change, 0 to destroy.
openstack_networking_network_v2.default-p0000000020-s0000000018-wan: Creating...
openstack_networking_network_v2.default-p0000000020-s0000000018-victim-switch: Creating...
openstack_networking_network_v2.default-p0000000020-s0000000018-botnet-switch: Creating...
openstack_networking_network_v2.default-p0000000020-s0000000018-man-network: Creating...
openstack_networking_port_v2.default-p0000000020-s0000000018-man-out-port: Creating...
openstack_networking_network_v2.default-p0000000020-s0000000018-wan: Creation complete after 0s [id=c4bbe5ee-f04d-4179-9a9e-2ecdf5476caa]
openstack_networking_subnet_v2.default-p0000000020-s0000000018-wan-subnet: Creating...
openstack_networking_network_v2.default-p0000000020-s0000000018-man-network: Creation complete after 0s [id=3dee5467-d360-411f-83fb-defb94432a56]
openstack_networking_subnet_v2.default-p0000000020-s0000000018-wan-subnet: Creation complete after 0s [id=f2b4b551-a219-461f-ad31-e190722b51c3]
openstack_networking_port_v2.default-p0000000020-s0000000018-link-12: Creating...
openstack_networking_network_v2.default-p0000000020-s0000000018-victim-switch: Creation complete after 0s [id=e84e7a6b-2427-46c4-8b3b-99fe6fd55d6f]
openstack_networking_subnet_v2.default-p0000000020-s0000000018-man-network-subnet: Creating...
openstack_networking_network_v2.default-p0000000020-s0000000018-botnet-switch: Creation complete after 0s [id=5a0ea5e0-5193-4d9e-bbd8-c4abae3a9458]
openstack_networking_subnet_v2.default-p0000000020-s0000000018-victim-switch-subnet: Creating...
openstack_networking_port_v2.default-p0000000020-s0000000018-link-2: Creating...
openstack_networking_subnet_v2.default-p0000000020-s0000000018-botnet-switch-subnet: Creating...
openstack_networking_port_v2.default-p0000000020-s0000000018-man-out-port: Creation complete after 1s [id=56b3964a-ecaa-4af4-b3df-9c05aec5b2d6]
openstack_networking_subnet_v2.default-p0000000020-s0000000018-botnet-switch-subnet: Creation complete after 1s [id=a7a0de25-8306-42c3-a65a-28b15f2e6661]
openstack_networking_port_v2.default-p0000000020-s0000000018-link-13: Creating...
openstack_networking_port_v2.default-p0000000020-s0000000018-link-9: Creating...
openstack_networking_port_v2.default-p0000000020-s0000000018-link-8: Creating...
openstack_networking_port_v2.default-p0000000020-s0000000018-link-7: Creating...
openstack_networking_subnet_v2.default-p0000000020-s0000000018-man-network-subnet: Creation complete after 1s [id=9f766fb9-3939-4143-8357-4eb357573438]
openstack_networking_port_v2.default-p0000000020-s0000000018-link-1: Creating...
openstack_networking_port_v2.default-p0000000020-s0000000018-link-6: Creating...
openstack_networking_port_v2.default-p0000000020-s0000000018-link-4: Creating...
openstack_networking_port_v2.default-p0000000020-s0000000018-link-2: Creation complete after 1s [id=334ad97d-b456-4863-9a4d-2d7610f21fc4]
openstack_networking_port_v2.default-p0000000020-s0000000018-link-5: Creating...
openstack_networking_subnet_v2.default-p0000000020-s0000000018-victim-switch-subnet: Creation complete after 1s [id=74f6a7de-74d4-4780-b328-ec150a3a4c04]
openstack_networking_port_v2.default-p0000000020-s0000000018-link-12: Creation complete after 1s [id=ddef2140-f445-4dd7-a06c-d8f649f62b49]
openstack_networking_port_v2.default-p0000000020-s0000000018-link-11: Creating...
openstack_networking_port_v2.default-p0000000020-s0000000018-link-3: Creating...
openstack_networking_port_v2.default-p0000000020-s0000000018-link-13: Creation complete after 0s [id=a8992a27-b4a9-40b4-8304-c355c40ee2e5]
openstack_networking_port_v2.default-p0000000020-s0000000018-link-14: Creating...
openstack_networking_port_v2.default-p0000000020-s0000000018-link-6: Creation complete after 0s [id=cfbd7da1-a839-49b4-8c11-fb7dd113339b]
openstack_networking_port_v2.default-p0000000020-s0000000018-link-10: Creating...
openstack_networking_port_v2.default-p0000000020-s0000000018-link-8: Creation complete after 0s [id=c1b65f95-4144-4dec-85e2-ac427385cc03]
openstack_networking_port_v2.default-p0000000020-s0000000018-link-9: Creation complete after 0s [id=c6be9a7c-06df-465b-babf-c88fdd796fae]
openstack_networking_port_v2.default-p0000000020-s0000000018-link-7: Creation complete after 0s [id=cf3dfdc2-9969-4c71-a76b-24b173108783]
openstack_networking_port_v2.default-p0000000020-s0000000018-link-14: Creation complete after 0s [id=82d25537-a1bb-499b-8e39-a9f437c9402f]
openstack_networking_port_v2.default-p0000000020-s0000000018-link-1: Creation complete after 0s [id=13a93aba-7a6c-4701-9290-5d44bbd305b7]
openstack_compute_instance_v2.default-p0000000020-s0000000018-man: Creating...
openstack_networking_port_v2.default-p0000000020-s0000000018-link-4: Creation complete after 0s [id=2d1d4bd3-9768-4d14-b2da-e5442b4b234c]
openstack_networking_port_v2.default-p0000000020-s0000000018-link-10: Creation complete after 0s [id=079fe077-b650-4269-8478-95311bcd700d]
openstack_compute_instance_v2.default-p0000000020-s0000000018-bot1: Creating...
openstack_compute_instance_v2.default-p0000000020-s0000000018-victim: Creating...
openstack_networking_port_v2.default-p0000000020-s0000000018-link-11: Creation complete after 0s [id=360b54d9-645e-4bd3-b764-c13d61117cf8]
openstack_compute_instance_v2.default-p0000000020-s0000000018-router: Creating...
openstack_networking_port_v2.default-p0000000020-s0000000018-link-5: Creation complete after 0s [id=3d286b0d-bf7f-4324-9a0a-488a0c5b9001]
openstack_networking_port_v2.default-p0000000020-s0000000018-link-3: Creation complete after 0s [id=575ed628-8657-4a41-9cf3-0ae0e8827a12]
openstack_compute_instance_v2.default-p0000000020-s0000000018-bot2: Creating...
openstack_compute_instance_v2.default-p0000000020-s0000000018-c2-server: Creating...
openstack_compute_instance_v2.default-p0000000020-s0000000018-bot1: Still creating... [10s elapsed]
openstack_compute_instance_v2.default-p0000000020-s0000000018-victim: Still creating... [10s elapsed]
openstack_compute_instance_v2.default-p0000000020-s0000000018-router: Still creating... [10s elapsed]
openstack_compute_instance_v2.default-p0000000020-s0000000018-bot2: Still creating... [10s elapsed]
openstack_compute_instance_v2.default-p0000000020-s0000000018-c2-server: Still creating... [10s elapsed]
openstack_compute_instance_v2.default-p0000000020-s0000000018-bot1: Still creating... [20s elapsed]
openstack_compute_instance_v2.default-p0000000020-s0000000018-victim: Still creating... [20s elapsed]
openstack_compute_instance_v2.default-p0000000020-s0000000018-router: Still creating... [20s elapsed]
openstack_compute_instance_v2.default-p0000000020-s0000000018-bot2: Still creating... [20s elapsed]
openstack_compute_instance_v2.default-p0000000020-s0000000018-c2-server: Still creating... [20s elapsed]
openstack_compute_instance_v2.default-p0000000020-s0000000018-bot1: Creation complete after 21s [id=c252d26f-a03b-483f-824e-5605f12efc67]
openstack_compute_instance_v2.default-p0000000020-s0000000018-victim: Creation complete after 21s [id=b3d63ec6-35dd-4253-b59a-c1a39dd4838e]
openstack_compute_instance_v2.default-p0000000020-s0000000018-bot2: Creation complete after 21s [id=efb11514-3490-4d13-8cad-f8f540e4a15d]
openstack_compute_instance_v2.default-p0000000020-s0000000018-c2-server: Creation complete after 21s [id=7129d43d-0848-4508-b646-df7d26be0abd]
openstack_compute_instance_v2.default-p0000000020-s0000000018-router: Still creating... [30s elapsed]
openstack_compute_instance_v2.default-p0000000020-s0000000018-router: Creation complete after 31s [id=30250cad-8f7f-4922-bb5c-8bcec96af757]
There are some problems with the provider_installation configuration:╷│ Error: Invalid provider source exclusion patterns││ CLI config specifies invalid provider exclusion patterns: invalid provider│ matching pattern "*": must have either two or three slash-separated│ segments.╵As a result of the above problems, OpenTofu's provider installer may not behave as intended.Error: Error waiting for instance (503c65f8-bd9a-4d38-a366-6f26e8d52958) to become ready: unexpected state 'ERROR', wanted target 'ACTIVE'. last error: %!s(<nil>)  with openstack_compute_instance_v2.default-p0000000020-s0000000018-man,  on deploy.tf line 459, in resource "openstack_compute_instance_v2" "default-p0000000020-s0000000018-man": 459: resource "openstack_compute_instance_v2" "default-p0000000020-s0000000018-man" {