data.openstack_networking_secgroup_v2.sandbox-internal-sg: Reading...
data.openstack_images_image_ids_v2.image_data_source-default-p0000000029-s0000000027-target: Reading...
data.openstack_networking_secgroup_v2.sandbox-man-int-sg: Reading...
data.openstack_networking_secgroup_v2.sandbox-man-sg: Reading...
data.openstack_images_image_ids_v2.image_data_source-default-p0000000029-s0000000027-c2-server: Reading...
data.openstack_networking_network_v2.base-net: Reading...
data.openstack_images_image_ids_v2.image_data_source-default-p0000000029-s0000000027-router: Reading...
data.openstack_images_image_ids_v2.image_data_source-default-p0000000029-s0000000027-man: Reading...
data.openstack_networking_secgroup_v2.sandbox-access-sg: Reading...
data.openstack_images_image_ids_v2.image_data_source-default-p0000000029-s0000000027-next-target: Reading...
data.openstack_networking_secgroup_v2.sandbox-man-int-sg: Read complete after 0s [id=c0f8ada3-ea6b-4204-8e6b-03fb49be5ab5]
data.openstack_networking_secgroup_v2.sandbox-internal-sg: Read complete after 0s [id=0a14006d-c778-45be-9747-18bb05e2c46f]
data.openstack_networking_secgroup_v2.sandbox-man-sg: Read complete after 0s [id=d318bcac-a977-4da2-a36c-6fc646adfd56]
data.openstack_images_image_ids_v2.image_data_source-default-p0000000029-s0000000027-target: Read complete after 0s [id=2215401803]
data.openstack_images_image_ids_v2.image_data_source-default-p0000000029-s0000000027-router: Read complete after 0s [id=3718318825]
data.openstack_images_image_ids_v2.image_data_source-default-p0000000029-s0000000027-man: Read complete after 0s [id=2215401803]
data.openstack_images_image_ids_v2.image_data_source-default-p0000000029-s0000000027-c2-server: Read complete after 0s [id=2215401803]
data.openstack_images_image_ids_v2.image_data_source-default-p0000000029-s0000000027-next-target: Read complete after 0s [id=2215401803]
data.openstack_networking_network_v2.base-net: Read complete after 0s [id=9d8f9b2a-992c-4edc-8444-0bfc3c2b3cef]
data.openstack_networking_secgroup_v2.sandbox-access-sg: Read complete after 0s [id=fe29039a-d081-4023-adad-9641c8059c30]

OpenTofu used the selected providers to generate the following execution
plan. Resource actions are indicated with the following symbols:
  + create

OpenTofu will perform the following actions:

  # openstack_compute_instance_v2.default-p0000000029-s0000000027-c2-server will be created
  + resource "openstack_compute_instance_v2" "default-p0000000029-s0000000027-c2-server" {
      + access_ip_v4        = (known after apply)
      + access_ip_v6        = (known after apply)
      + all_metadata        = (known after apply)
      + all_tags            = (known after apply)
      + availability_zone   = (known after apply)
      + config_drive        = true
      + created             = (known after apply)
      + flavor_id           = (known after apply)
      + flavor_name         = "standard.small"
      + force_delete        = false
      + hypervisor_hostname = (known after apply)
      + id                  = (known after apply)
      + image_id            = (known after apply)
      + image_name          = "ubuntu-noble-x86_64"
      + key_pair            = "default-p0000000029-13978c78-ssh"
      + name                = "default-p0000000029-s0000000027-c2-server"
      + power_state         = "active"
      + region              = (known after apply)
      + security_groups     = (known after apply)
      + stop_before_destroy = false
      + updated             = (known after apply)

      + network {
          + access_network = false
          + fixed_ip_v4    = (known after apply)
          + fixed_ip_v6    = (known after apply)
          + mac            = (known after apply)
          + name           = (known after apply)
          + port           = (known after apply)
          + uuid           = (known after apply)
        }
      + network {
          + access_network = false
          + fixed_ip_v4    = (known after apply)
          + fixed_ip_v6    = (known after apply)
          + mac            = (known after apply)
          + name           = (known after apply)
          + port           = (known after apply)
          + uuid           = (known after apply)
        }
    }

  # openstack_compute_instance_v2.default-p0000000029-s0000000027-man will be created
  + resource "openstack_compute_instance_v2" "default-p0000000029-s0000000027-man" {
      + access_ip_v4        = (known after apply)
      + access_ip_v6        = (known after apply)
      + all_metadata        = (known after apply)
      + all_tags            = (known after apply)
      + availability_zone   = (known after apply)
      + config_drive        = true
      + created             = (known after apply)
      + flavor_id           = (known after apply)
      + flavor_name         = "standard.medium"
      + force_delete        = false
      + hypervisor_hostname = (known after apply)
      + id                  = (known after apply)
      + image_id            = (known after apply)
      + image_name          = "ubuntu-noble-x86_64"
      + key_pair            = "default-p0000000029-13978c78-ssh"
      + name                = "default-p0000000029-s0000000027-man"
      + power_state         = "active"
      + region              = (known after apply)
      + security_groups     = (known after apply)
      + stop_before_destroy = false
      + updated             = (known after apply)

      + network {
          + access_network = false
          + fixed_ip_v4    = (known after apply)
          + fixed_ip_v6    = (known after apply)
          + mac            = (known after apply)
          + name           = (known after apply)
          + port           = (known after apply)
          + uuid           = (known after apply)
        }
      + network {
          + access_network = false
          + fixed_ip_v4    = (known after apply)
          + fixed_ip_v6    = (known after apply)
          + mac            = (known after apply)
          + name           = (known after apply)
          + port           = (known after apply)
          + uuid           = (known after apply)
        }
      + network {
          + access_network = false
          + fixed_ip_v4    = (known after apply)
          + fixed_ip_v6    = (known after apply)
          + mac            = (known after apply)
          + name           = (known after apply)
          + port           = (known after apply)
          + uuid           = (known after apply)
        }
    }

  # openstack_compute_instance_v2.default-p0000000029-s0000000027-next-target will be created
  + resource "openstack_compute_instance_v2" "default-p0000000029-s0000000027-next-target" {
      + access_ip_v4        = (known after apply)
      + access_ip_v6        = (known after apply)
      + all_metadata        = (known after apply)
      + all_tags            = (known after apply)
      + availability_zone   = (known after apply)
      + config_drive        = true
      + created             = (known after apply)
      + flavor_id           = (known after apply)
      + flavor_name         = "standard.small"
      + force_delete        = false
      + hypervisor_hostname = (known after apply)
      + id                  = (known after apply)
      + image_id            = (known after apply)
      + image_name          = "ubuntu-noble-x86_64"
      + key_pair            = "default-p0000000029-13978c78-ssh"
      + name                = "default-p0000000029-s0000000027-next-target"
      + power_state         = "active"
      + region              = (known after apply)
      + security_groups     = (known after apply)
      + stop_before_destroy = false
      + updated             = (known after apply)

      + network {
          + access_network = false
          + fixed_ip_v4    = (known after apply)
          + fixed_ip_v6    = (known after apply)
          + mac            = (known after apply)
          + name           = (known after apply)
          + port           = (known after apply)
          + uuid           = (known after apply)
        }
      + network {
          + access_network = false
          + fixed_ip_v4    = (known after apply)
          + fixed_ip_v6    = (known after apply)
          + mac            = (known after apply)
          + name           = (known after apply)
          + port           = (known after apply)
          + uuid           = (known after apply)
        }
    }

  # openstack_compute_instance_v2.default-p0000000029-s0000000027-router will be created
  + resource "openstack_compute_instance_v2" "default-p0000000029-s0000000027-router" {
      + access_ip_v4        = (known after apply)
      + access_ip_v6        = (known after apply)
      + all_metadata        = (known after apply)
      + all_tags            = (known after apply)
      + availability_zone   = (known after apply)
      + config_drive        = true
      + created             = (known after apply)
      + flavor_id           = (known after apply)
      + flavor_name         = "standard.small"
      + force_delete        = false
      + hypervisor_hostname = (known after apply)
      + id                  = (known after apply)
      + image_id            = (known after apply)
      + image_name          = "debian-12-x86_64"
      + key_pair            = "default-p0000000029-13978c78-ssh"
      + name                = "default-p0000000029-s0000000027-router"
      + power_state         = "active"
      + region              = (known after apply)
      + security_groups     = (known after apply)
      + stop_before_destroy = false
      + updated             = (known after apply)

      + network {
          + access_network = false
          + fixed_ip_v4    = (known after apply)
          + fixed_ip_v6    = (known after apply)
          + mac            = (known after apply)
          + name           = (known after apply)
          + port           = (known after apply)
          + uuid           = (known after apply)
        }
      + network {
          + access_network = false
          + fixed_ip_v4    = (known after apply)
          + fixed_ip_v6    = (known after apply)
          + mac            = (known after apply)
          + name           = (known after apply)
          + port           = (known after apply)
          + uuid           = (known after apply)
        }
      + network {
          + access_network = false
          + fixed_ip_v4    = (known after apply)
          + fixed_ip_v6    = (known after apply)
          + mac            = (known after apply)
          + name           = (known after apply)
          + port           = (known after apply)
          + uuid           = (known after apply)
        }
      + network {
          + access_network = false
          + fixed_ip_v4    = (known after apply)
          + fixed_ip_v6    = (known after apply)
          + mac            = (known after apply)
          + name           = (known after apply)
          + port           = (known after apply)
          + uuid           = (known after apply)
        }
    }

  # openstack_compute_instance_v2.default-p0000000029-s0000000027-target will be created
  + resource "openstack_compute_instance_v2" "default-p0000000029-s0000000027-target" {
      + access_ip_v4        = (known after apply)
      + access_ip_v6        = (known after apply)
      + all_metadata        = (known after apply)
      + all_tags            = (known after apply)
      + availability_zone   = (known after apply)
      + config_drive        = true
      + created             = (known after apply)
      + flavor_id           = (known after apply)
      + flavor_name         = "standard.small"
      + force_delete        = false
      + hypervisor_hostname = (known after apply)
      + id                  = (known after apply)
      + image_id            = (known after apply)
      + image_name          = "ubuntu-noble-x86_64"
      + key_pair            = "default-p0000000029-13978c78-ssh"
      + name                = "default-p0000000029-s0000000027-target"
      + power_state         = "active"
      + region              = (known after apply)
      + security_groups     = (known after apply)
      + stop_before_destroy = false
      + updated             = (known after apply)

      + network {
          + access_network = false
          + fixed_ip_v4    = (known after apply)
          + fixed_ip_v6    = (known after apply)
          + mac            = (known after apply)
          + name           = (known after apply)
          + port           = (known after apply)
          + uuid           = (known after apply)
        }
      + network {
          + access_network = false
          + fixed_ip_v4    = (known after apply)
          + fixed_ip_v6    = (known after apply)
          + mac            = (known after apply)
          + name           = (known after apply)
          + port           = (known after apply)
          + uuid           = (known after apply)
        }
    }

  # openstack_networking_network_v2.default-p0000000029-s0000000027-man-network will be created
  + resource "openstack_networking_network_v2" "default-p0000000029-s0000000027-man-network" {
      + admin_state_up          = true
      + all_tags                = (known after apply)
      + availability_zone_hints = (known after apply)
      + dns_domain              = (known after apply)
      + external                = (known after apply)
      + id                      = (known after apply)
      + mtu                     = (known after apply)
      + name                    = "default-p0000000029-s0000000027-man-network"
      + port_security_enabled   = (known after apply)
      + qos_policy_id           = (known after apply)
      + region                  = (known after apply)
      + shared                  = (known after apply)
      + tenant_id               = (known after apply)
      + transparent_vlan        = (known after apply)

      + segments (known after apply)
    }

  # openstack_networking_network_v2.default-p0000000029-s0000000027-server-switch will be created
  + resource "openstack_networking_network_v2" "default-p0000000029-s0000000027-server-switch" {
      + admin_state_up          = true
      + all_tags                = (known after apply)
      + availability_zone_hints = (known after apply)
      + dns_domain              = (known after apply)
      + external                = (known after apply)
      + id                      = (known after apply)
      + mtu                     = (known after apply)
      + name                    = "default-p0000000029-s0000000027-server-switch"
      + port_security_enabled   = (known after apply)
      + qos_policy_id           = (known after apply)
      + region                  = (known after apply)
      + shared                  = (known after apply)
      + tenant_id               = (known after apply)
      + transparent_vlan        = (known after apply)

      + segments (known after apply)
    }

  # openstack_networking_network_v2.default-p0000000029-s0000000027-target-switch will be created
  + resource "openstack_networking_network_v2" "default-p0000000029-s0000000027-target-switch" {
      + admin_state_up          = true
      + all_tags                = (known after apply)
      + availability_zone_hints = (known after apply)
      + dns_domain              = (known after apply)
      + external                = (known after apply)
      + id                      = (known after apply)
      + mtu                     = (known after apply)
      + name                    = "default-p0000000029-s0000000027-target-switch"
      + port_security_enabled   = (known after apply)
      + qos_policy_id           = (known after apply)
      + region                  = (known after apply)
      + shared                  = (known after apply)
      + tenant_id               = (known after apply)
      + transparent_vlan        = (known after apply)

      + segments (known after apply)
    }

  # openstack_networking_network_v2.default-p0000000029-s0000000027-wan will be created
  + resource "openstack_networking_network_v2" "default-p0000000029-s0000000027-wan" {
      + admin_state_up          = true
      + all_tags                = (known after apply)
      + availability_zone_hints = (known after apply)
      + dns_domain              = (known after apply)
      + external                = (known after apply)
      + id                      = (known after apply)
      + mtu                     = (known after apply)
      + name                    = "default-p0000000029-s0000000027-wan"
      + port_security_enabled   = (known after apply)
      + qos_policy_id           = (known after apply)
      + region                  = (known after apply)
      + shared                  = (known after apply)
      + tenant_id               = (known after apply)
      + transparent_vlan        = (known after apply)

      + segments (known after apply)
    }

  # openstack_networking_port_v2.default-p0000000029-s0000000027-link-1 will be created
  + resource "openstack_networking_port_v2" "default-p0000000029-s0000000027-link-1" {
      + admin_state_up         = true
      + all_fixed_ips          = (known after apply)
      + all_security_group_ids = (known after apply)
      + all_tags               = (known after apply)
      + device_id              = (known after apply)
      + device_owner           = (known after apply)
      + dns_assignment         = (known after apply)
      + dns_name               = (known after apply)
      + id                     = (known after apply)
      + mac_address            = (known after apply)
      + name                   = "default-p0000000029-s0000000027-link-1"
      + network_id             = (known after apply)
      + port_security_enabled  = (known after apply)
      + qos_policy_id          = (known after apply)
      + region                 = (known after apply)
      + security_group_ids     = [
          + "d318bcac-a977-4da2-a36c-6fc646adfd56",
        ]
      + tenant_id              = (known after apply)

      + allowed_address_pairs {
          + ip_address = "192.168.128.0/17"
        }

      + binding (known after apply)

      + fixed_ip {
          + subnet_id = (known after apply)
        }
    }

  # openstack_networking_port_v2.default-p0000000029-s0000000027-link-10 will be created
  + resource "openstack_networking_port_v2" "default-p0000000029-s0000000027-link-10" {
      + admin_state_up         = true
      + all_fixed_ips          = (known after apply)
      + all_security_group_ids = (known after apply)
      + all_tags               = (known after apply)
      + device_id              = (known after apply)
      + device_owner           = (known after apply)
      + dns_assignment         = (known after apply)
      + dns_name               = (known after apply)
      + id                     = (known after apply)
      + mac_address            = (known after apply)
      + name                   = "default-p0000000029-s0000000027-link-10"
      + network_id             = (known after apply)
      + port_security_enabled  = (known after apply)
      + qos_policy_id          = (known after apply)
      + region                 = (known after apply)
      + security_group_ids     = [
          + "0a14006d-c778-45be-9747-18bb05e2c46f",
        ]
      + tenant_id              = (known after apply)

      + allowed_address_pairs {
          + ip_address = "0.0.0.0/0"
        }

      + binding (known after apply)

      + fixed_ip {
          + subnet_id = (known after apply)
        }
    }

  # openstack_networking_port_v2.default-p0000000029-s0000000027-link-11 will be created
  + resource "openstack_networking_port_v2" "default-p0000000029-s0000000027-link-11" {
      + admin_state_up         = true
      + all_fixed_ips          = (known after apply)
      + all_security_group_ids = (known after apply)
      + all_tags               = (known after apply)
      + device_id              = (known after apply)
      + device_owner           = (known after apply)
      + dns_assignment         = (known after apply)
      + dns_name               = (known after apply)
      + id                     = (known after apply)
      + mac_address            = (known after apply)
      + name                   = "default-p0000000029-s0000000027-link-11"
      + network_id             = (known after apply)
      + port_security_enabled  = (known after apply)
      + qos_policy_id          = (known after apply)
      + region                 = (known after apply)
      + security_group_ids     = [
          + "0a14006d-c778-45be-9747-18bb05e2c46f",
        ]
      + tenant_id              = (known after apply)

      + allowed_address_pairs {
          + ip_address = "0.0.0.0/0"
        }

      + binding (known after apply)

      + fixed_ip {
          + ip_address = "192.168.40.1"
          + subnet_id  = (known after apply)
        }
    }

  # openstack_networking_port_v2.default-p0000000029-s0000000027-link-12 will be created
  + resource "openstack_networking_port_v2" "default-p0000000029-s0000000027-link-12" {
      + admin_state_up         = true
      + all_fixed_ips          = (known after apply)
      + all_security_group_ids = (known after apply)
      + all_tags               = (known after apply)
      + device_id              = (known after apply)
      + device_owner           = (known after apply)
      + dns_assignment         = (known after apply)
      + dns_name               = (known after apply)
      + id                     = (known after apply)
      + mac_address            = (known after apply)
      + name                   = "default-p0000000029-s0000000027-link-12"
      + network_id             = (known after apply)
      + port_security_enabled  = (known after apply)
      + qos_policy_id          = (known after apply)
      + region                 = (known after apply)
      + security_group_ids     = [
          + "0a14006d-c778-45be-9747-18bb05e2c46f",
        ]
      + tenant_id              = (known after apply)

      + allowed_address_pairs {
          + ip_address = "0.0.0.0/0"
        }

      + binding (known after apply)

      + fixed_ip {
          + ip_address = "192.168.50.1"
          + subnet_id  = (known after apply)
        }
    }

  # openstack_networking_port_v2.default-p0000000029-s0000000027-link-2 will be created
  + resource "openstack_networking_port_v2" "default-p0000000029-s0000000027-link-2" {
      + admin_state_up         = true
      + all_fixed_ips          = (known after apply)
      + all_security_group_ids = (known after apply)
      + all_tags               = (known after apply)
      + device_id              = (known after apply)
      + device_owner           = (known after apply)
      + dns_assignment         = (known after apply)
      + dns_name               = (known after apply)
      + id                     = (known after apply)
      + mac_address            = (known after apply)
      + name                   = "default-p0000000029-s0000000027-link-2"
      + network_id             = (known after apply)
      + port_security_enabled  = (known after apply)
      + qos_policy_id          = (known after apply)
      + region                 = (known after apply)
      + security_group_ids     = [
          + "0a14006d-c778-45be-9747-18bb05e2c46f",
        ]
      + tenant_id              = (known after apply)

      + allowed_address_pairs {
          + ip_address = "0.0.0.0/0"
        }

      + binding (known after apply)

      + fixed_ip {
          + subnet_id = (known after apply)
        }
    }

  # openstack_networking_port_v2.default-p0000000029-s0000000027-link-3 will be created
  + resource "openstack_networking_port_v2" "default-p0000000029-s0000000027-link-3" {
      + admin_state_up         = true
      + all_fixed_ips          = (known after apply)
      + all_security_group_ids = (known after apply)
      + all_tags               = (known after apply)
      + device_id              = (known after apply)
      + device_owner           = (known after apply)
      + dns_assignment         = (known after apply)
      + dns_name               = (known after apply)
      + id                     = (known after apply)
      + mac_address            = (known after apply)
      + name                   = "default-p0000000029-s0000000027-link-3"
      + network_id             = (known after apply)
      + port_security_enabled  = (known after apply)
      + qos_policy_id          = (known after apply)
      + region                 = (known after apply)
      + security_group_ids     = [
          + "c0f8ada3-ea6b-4204-8e6b-03fb49be5ab5",
        ]
      + tenant_id              = (known after apply)

      + allowed_address_pairs {
          + ip_address = "192.168.128.0/17"
        }

      + binding (known after apply)

      + fixed_ip {
          + subnet_id = (known after apply)
        }
    }

  # openstack_networking_port_v2.default-p0000000029-s0000000027-link-4 will be created
  + resource "openstack_networking_port_v2" "default-p0000000029-s0000000027-link-4" {
      + admin_state_up         = true
      + all_fixed_ips          = (known after apply)
      + all_security_group_ids = (known after apply)
      + all_tags               = (known after apply)
      + device_id              = (known after apply)
      + device_owner           = (known after apply)
      + dns_assignment         = (known after apply)
      + dns_name               = (known after apply)
      + id                     = (known after apply)
      + mac_address            = (known after apply)
      + name                   = "default-p0000000029-s0000000027-link-4"
      + network_id             = (known after apply)
      + port_security_enabled  = (known after apply)
      + qos_policy_id          = (known after apply)
      + region                 = (known after apply)
      + security_group_ids     = [
          + "c0f8ada3-ea6b-4204-8e6b-03fb49be5ab5",
        ]
      + tenant_id              = (known after apply)

      + allowed_address_pairs {
          + ip_address = "192.168.128.0/17"
        }

      + binding (known after apply)

      + fixed_ip {
          + subnet_id = (known after apply)
        }
    }

  # openstack_networking_port_v2.default-p0000000029-s0000000027-link-5 will be created
  + resource "openstack_networking_port_v2" "default-p0000000029-s0000000027-link-5" {
      + admin_state_up         = true
      + all_fixed_ips          = (known after apply)
      + all_security_group_ids = (known after apply)
      + all_tags               = (known after apply)
      + device_id              = (known after apply)
      + device_owner           = (known after apply)
      + dns_assignment         = (known after apply)
      + dns_name               = (known after apply)
      + id                     = (known after apply)
      + mac_address            = (known after apply)
      + name                   = "default-p0000000029-s0000000027-link-5"
      + network_id             = (known after apply)
      + port_security_enabled  = (known after apply)
      + qos_policy_id          = (known after apply)
      + region                 = (known after apply)
      + security_group_ids     = [
          + "c0f8ada3-ea6b-4204-8e6b-03fb49be5ab5",
        ]
      + tenant_id              = (known after apply)

      + allowed_address_pairs {
          + ip_address = "192.168.128.0/17"
        }

      + binding (known after apply)

      + fixed_ip {
          + subnet_id = (known after apply)
        }
    }

  # openstack_networking_port_v2.default-p0000000029-s0000000027-link-6 will be created
  + resource "openstack_networking_port_v2" "default-p0000000029-s0000000027-link-6" {
      + admin_state_up         = true
      + all_fixed_ips          = (known after apply)
      + all_security_group_ids = (known after apply)
      + all_tags               = (known after apply)
      + device_id              = (known after apply)
      + device_owner           = (known after apply)
      + dns_assignment         = (known after apply)
      + dns_name               = (known after apply)
      + id                     = (known after apply)
      + mac_address            = (known after apply)
      + name                   = "default-p0000000029-s0000000027-link-6"
      + network_id             = (known after apply)
      + port_security_enabled  = (known after apply)
      + qos_policy_id          = (known after apply)
      + region                 = (known after apply)
      + security_group_ids     = [
          + "0a14006d-c778-45be-9747-18bb05e2c46f",
        ]
      + tenant_id              = (known after apply)

      + allowed_address_pairs {
          + ip_address = "192.168.40.0/24"
        }

      + binding (known after apply)

      + fixed_ip {
          + ip_address = "192.168.40.5"
          + subnet_id  = (known after apply)
        }
    }

  # openstack_networking_port_v2.default-p0000000029-s0000000027-link-7 will be created
  + resource "openstack_networking_port_v2" "default-p0000000029-s0000000027-link-7" {
      + admin_state_up         = true
      + all_fixed_ips          = (known after apply)
      + all_security_group_ids = (known after apply)
      + all_tags               = (known after apply)
      + device_id              = (known after apply)
      + device_owner           = (known after apply)
      + dns_assignment         = (known after apply)
      + dns_name               = (known after apply)
      + id                     = (known after apply)
      + mac_address            = (known after apply)
      + name                   = "default-p0000000029-s0000000027-link-7"
      + network_id             = (known after apply)
      + port_security_enabled  = (known after apply)
      + qos_policy_id          = (known after apply)
      + region                 = (known after apply)
      + security_group_ids     = [
          + "0a14006d-c778-45be-9747-18bb05e2c46f",
        ]
      + tenant_id              = (known after apply)

      + allowed_address_pairs {
          + ip_address = "192.168.50.0/24"
        }

      + binding (known after apply)

      + fixed_ip {
          + ip_address = "192.168.50.5"
          + subnet_id  = (known after apply)
        }
    }

  # openstack_networking_port_v2.default-p0000000029-s0000000027-link-8 will be created
  + resource "openstack_networking_port_v2" "default-p0000000029-s0000000027-link-8" {
      + admin_state_up         = true
      + all_fixed_ips          = (known after apply)
      + all_security_group_ids = (known after apply)
      + all_tags               = (known after apply)
      + device_id              = (known after apply)
      + device_owner           = (known after apply)
      + dns_assignment         = (known after apply)
      + dns_name               = (known after apply)
      + id                     = (known after apply)
      + mac_address            = (known after apply)
      + name                   = "default-p0000000029-s0000000027-link-8"
      + network_id             = (known after apply)
      + port_security_enabled  = (known after apply)
      + qos_policy_id          = (known after apply)
      + region                 = (known after apply)
      + security_group_ids     = [
          + "0a14006d-c778-45be-9747-18bb05e2c46f",
        ]
      + tenant_id              = (known after apply)

      + allowed_address_pairs {
          + ip_address = "192.168.50.0/24"
        }

      + binding (known after apply)

      + fixed_ip {
          + ip_address = "192.168.50.6"
          + subnet_id  = (known after apply)
        }
    }

  # openstack_networking_port_v2.default-p0000000029-s0000000027-link-9 will be created
  + resource "openstack_networking_port_v2" "default-p0000000029-s0000000027-link-9" {
      + admin_state_up         = true
      + all_fixed_ips          = (known after apply)
      + all_security_group_ids = (known after apply)
      + all_tags               = (known after apply)
      + device_id              = (known after apply)
      + device_owner           = (known after apply)
      + dns_assignment         = (known after apply)
      + dns_name               = (known after apply)
      + id                     = (known after apply)
      + mac_address            = (known after apply)
      + name                   = "default-p0000000029-s0000000027-link-9"
      + network_id             = (known after apply)
      + port_security_enabled  = (known after apply)
      + qos_policy_id          = (known after apply)
      + region                 = (known after apply)
      + security_group_ids     = [
          + "c0f8ada3-ea6b-4204-8e6b-03fb49be5ab5",
        ]
      + tenant_id              = (known after apply)

      + allowed_address_pairs {
          + ip_address = "192.168.128.0/17"
        }

      + binding (known after apply)

      + fixed_ip {
          + subnet_id = (known after apply)
        }
    }

  # openstack_networking_port_v2.default-p0000000029-s0000000027-man-out-port will be created
  + resource "openstack_networking_port_v2" "default-p0000000029-s0000000027-man-out-port" {
      + admin_state_up         = true
      + all_fixed_ips          = (known after apply)
      + all_security_group_ids = (known after apply)
      + all_tags               = (known after apply)
      + device_id              = (known after apply)
      + device_owner           = (known after apply)
      + dns_assignment         = (known after apply)
      + dns_name               = (known after apply)
      + id                     = (known after apply)
      + mac_address            = (known after apply)
      + name                   = "default-p0000000029-s0000000027-man-out-port"
      + network_id             = "9d8f9b2a-992c-4edc-8444-0bfc3c2b3cef"
      + port_security_enabled  = (known after apply)
      + qos_policy_id          = (known after apply)
      + region                 = (known after apply)
      + security_group_ids     = [
          + "fe29039a-d081-4023-adad-9641c8059c30",
        ]
      + tenant_id              = (known after apply)

      + allowed_address_pairs {
          + ip_address = "0.0.0.0/0"
        }

      + binding (known after apply)
    }

  # openstack_networking_subnet_v2.default-p0000000029-s0000000027-man-network-subnet will be created
  + resource "openstack_networking_subnet_v2" "default-p0000000029-s0000000027-man-network-subnet" {
      + all_tags          = (known after apply)
      + cidr              = "192.168.128.0/17"
      + dns_nameservers   = [
          + "1.1.1.1",
          + "1.0.0.1",
        ]
      + enable_dhcp       = true
      + gateway_ip        = (known after apply)
      + id                = (known after apply)
      + ip_version        = 4
      + ipv6_address_mode = (known after apply)
      + ipv6_ra_mode      = (known after apply)
      + name              = "default-p0000000029-s0000000027-man-network-subnet"
      + network_id        = (known after apply)
      + no_gateway        = true
      + region            = (known after apply)
      + service_types     = (known after apply)
      + tenant_id         = (known after apply)

      + allocation_pool (known after apply)
    }

  # openstack_networking_subnet_v2.default-p0000000029-s0000000027-server-switch-subnet will be created
  + resource "openstack_networking_subnet_v2" "default-p0000000029-s0000000027-server-switch-subnet" {
      + all_tags          = (known after apply)
      + cidr              = "192.168.40.0/24"
      + dns_nameservers   = [
          + "1.1.1.1",
          + "1.0.0.1",
        ]
      + enable_dhcp       = true
      + gateway_ip        = "192.168.40.1"
      + id                = (known after apply)
      + ip_version        = 4
      + ipv6_address_mode = (known after apply)
      + ipv6_ra_mode      = (known after apply)
      + name              = "default-p0000000029-s0000000027-server-switch-subnet"
      + network_id        = (known after apply)
      + no_gateway        = false
      + region            = (known after apply)
      + service_types     = (known after apply)
      + tenant_id         = (known after apply)

      + allocation_pool (known after apply)
    }

  # openstack_networking_subnet_v2.default-p0000000029-s0000000027-target-switch-subnet will be created
  + resource "openstack_networking_subnet_v2" "default-p0000000029-s0000000027-target-switch-subnet" {
      + all_tags          = (known after apply)
      + cidr              = "192.168.50.0/24"
      + dns_nameservers   = [
          + "1.1.1.1",
          + "1.0.0.1",
        ]
      + enable_dhcp       = true
      + gateway_ip        = "192.168.50.1"
      + id                = (known after apply)
      + ip_version        = 4
      + ipv6_address_mode = (known after apply)
      + ipv6_ra_mode      = (known after apply)
      + name              = "default-p0000000029-s0000000027-target-switch-subnet"
      + network_id        = (known after apply)
      + no_gateway        = false
      + region            = (known after apply)
      + service_types     = (known after apply)
      + tenant_id         = (known after apply)

      + allocation_pool (known after apply)
    }

  # openstack_networking_subnet_v2.default-p0000000029-s0000000027-wan-subnet will be created
  + resource "openstack_networking_subnet_v2" "default-p0000000029-s0000000027-wan-subnet" {
      + all_tags          = (known after apply)
      + cidr              = "100.100.100.0/24"
      + dns_nameservers   = [
          + "1.1.1.1",
          + "1.0.0.1",
        ]
      + enable_dhcp       = true
      + gateway_ip        = (known after apply)
      + id                = (known after apply)
      + ip_version        = 4
      + ipv6_address_mode = (known after apply)
      + ipv6_ra_mode      = (known after apply)
      + name              = "default-p0000000029-s0000000027-wan-subnet"
      + network_id        = (known after apply)
      + no_gateway        = true
      + region            = (known after apply)
      + service_types     = (known after apply)
      + tenant_id         = (known after apply)

      + allocation_pool (known after apply)
    }

Plan: 26 to add, 0 to change, 0 to destroy.
openstack_networking_network_v2.default-p0000000029-s0000000027-target-switch: Creating...
openstack_networking_network_v2.default-p0000000029-s0000000027-man-network: Creating...
openstack_networking_port_v2.default-p0000000029-s0000000027-man-out-port: Creating...
openstack_networking_network_v2.default-p0000000029-s0000000027-wan: Creating...
openstack_networking_network_v2.default-p0000000029-s0000000027-server-switch: Creating...
openstack_networking_network_v2.default-p0000000029-s0000000027-target-switch: Creation complete after 0s [id=d597e436-e884-4ad4-8b5f-769100c217cb]
openstack_networking_subnet_v2.default-p0000000029-s0000000027-target-switch-subnet: Creating...
openstack_networking_network_v2.default-p0000000029-s0000000027-man-network: Creation complete after 0s [id=79f97fbd-2931-4a60-8556-821eff9f050e]
openstack_networking_network_v2.default-p0000000029-s0000000027-server-switch: Creation complete after 0s [id=b3f64de7-1563-4f8b-ab81-eb71400a74ca]
openstack_networking_subnet_v2.default-p0000000029-s0000000027-man-network-subnet: Creating...
openstack_networking_network_v2.default-p0000000029-s0000000027-wan: Creation complete after 0s [id=77b8fa1f-d5a2-4cd9-a774-aa20b717c7e2]
openstack_networking_subnet_v2.default-p0000000029-s0000000027-server-switch-subnet: Creating...
openstack_networking_subnet_v2.default-p0000000029-s0000000027-wan-subnet: Creating...
openstack_networking_port_v2.default-p0000000029-s0000000027-man-out-port: Creation complete after 0s [id=54b7bb8a-be9d-47a2-993a-a92dff9b5423]
openstack_networking_subnet_v2.default-p0000000029-s0000000027-target-switch-subnet: Creation complete after 1s [id=34fb6469-1fba-4180-9ccb-04c16d2aaaed]
openstack_networking_port_v2.default-p0000000029-s0000000027-link-8: Creating...
openstack_networking_port_v2.default-p0000000029-s0000000027-link-7: Creating...
openstack_networking_port_v2.default-p0000000029-s0000000027-link-12: Creating...
openstack_networking_subnet_v2.default-p0000000029-s0000000027-server-switch-subnet: Creation complete after 1s [id=7c2ae3ab-dd30-459c-a4f0-931b086034e2]
openstack_networking_port_v2.default-p0000000029-s0000000027-link-6: Creating...
openstack_networking_port_v2.default-p0000000029-s0000000027-link-11: Creating...
openstack_networking_subnet_v2.default-p0000000029-s0000000027-man-network-subnet: Creation complete after 1s [id=f2afd87e-78ea-4e69-a1c7-4d9597e4329f]
openstack_networking_port_v2.default-p0000000029-s0000000027-link-9: Creating...
openstack_networking_port_v2.default-p0000000029-s0000000027-link-3: Creating...
openstack_networking_port_v2.default-p0000000029-s0000000027-link-1: Creating...
openstack_networking_port_v2.default-p0000000029-s0000000027-link-4: Creating...
openstack_networking_subnet_v2.default-p0000000029-s0000000027-wan-subnet: Creation complete after 1s [id=11232169-1e62-4313-9c84-dbbabbebd428]
openstack_networking_port_v2.default-p0000000029-s0000000027-link-5: Creating...
openstack_networking_port_v2.default-p0000000029-s0000000027-link-7: Creation complete after 0s [id=e662d5d8-1560-4fa5-881a-fc41baa4dcd9]
openstack_networking_port_v2.default-p0000000029-s0000000027-link-10: Creating...
openstack_networking_port_v2.default-p0000000029-s0000000027-link-9: Creation complete after 0s [id=fbce3b71-ec79-4c32-8c96-7714ba52bee4]
openstack_networking_port_v2.default-p0000000029-s0000000027-link-2: Creating...
openstack_networking_port_v2.default-p0000000029-s0000000027-link-4: Creation complete after 0s [id=15a1a61e-3b4f-4de2-8368-46efa973be98]
openstack_compute_instance_v2.default-p0000000029-s0000000027-target: Creating...
openstack_networking_port_v2.default-p0000000029-s0000000027-link-6: Creation complete after 0s [id=9cd2b4e8-be3f-45b5-9837-8bf5a212d180]
openstack_networking_port_v2.default-p0000000029-s0000000027-link-1: Creation complete after 0s [id=88f9253e-2bbf-4b5e-ab68-89cfb7a2ec1f]
openstack_networking_port_v2.default-p0000000029-s0000000027-link-3: Creation complete after 0s [id=ef238b3a-8c6d-4144-a177-509846d97c99]
openstack_compute_instance_v2.default-p0000000029-s0000000027-c2-server: Creating...
openstack_networking_port_v2.default-p0000000029-s0000000027-link-12: Creation complete after 0s [id=2dc47531-cca3-4ac3-9ece-064e33c02a56]
openstack_networking_port_v2.default-p0000000029-s0000000027-link-11: Creation complete after 0s [id=64707497-f1a5-44a6-ac71-8a585b3e6f5d]
openstack_networking_port_v2.default-p0000000029-s0000000027-link-8: Creation complete after 0s [id=e644137b-b6d9-4617-8647-d4fae0be8a43]
openstack_networking_port_v2.default-p0000000029-s0000000027-link-5: Creation complete after 0s [id=9037ef7e-e6d1-40bf-8c60-178bf108c2aa]
openstack_networking_port_v2.default-p0000000029-s0000000027-link-2: Creation complete after 0s [id=9fbfa455-6883-4fc1-b68b-2618f90f4d41]
openstack_compute_instance_v2.default-p0000000029-s0000000027-next-target: Creating...
openstack_compute_instance_v2.default-p0000000029-s0000000027-man: Creating...
openstack_networking_port_v2.default-p0000000029-s0000000027-link-10: Creation complete after 0s [id=f067e941-0b41-4175-b2a5-dc2fd6c0c34e]
openstack_compute_instance_v2.default-p0000000029-s0000000027-router: Creating...
openstack_compute_instance_v2.default-p0000000029-s0000000027-target: Still creating... [10s elapsed]
openstack_compute_instance_v2.default-p0000000029-s0000000027-c2-server: Still creating... [10s elapsed]
openstack_compute_instance_v2.default-p0000000029-s0000000027-next-target: Still creating... [10s elapsed]
openstack_compute_instance_v2.default-p0000000029-s0000000027-man: Still creating... [10s elapsed]
openstack_compute_instance_v2.default-p0000000029-s0000000027-target: Still creating... [20s elapsed]
openstack_compute_instance_v2.default-p0000000029-s0000000027-c2-server: Still creating... [20s elapsed]
openstack_compute_instance_v2.default-p0000000029-s0000000027-target: Creation complete after 20s [id=b417dd05-45b2-4eee-b7cd-0dab919a811a]
openstack_compute_instance_v2.default-p0000000029-s0000000027-next-target: Still creating... [20s elapsed]
openstack_compute_instance_v2.default-p0000000029-s0000000027-man: Still creating... [20s elapsed]
openstack_compute_instance_v2.default-p0000000029-s0000000027-c2-server: Creation complete after 20s [id=8cad7e3a-a303-45d3-8b8e-902387a175c2]
openstack_compute_instance_v2.default-p0000000029-s0000000027-next-target: Creation complete after 20s [id=3adc3052-d1d1-4de5-95f5-77b9e14a0139]
openstack_compute_instance_v2.default-p0000000029-s0000000027-man: Still creating... [30s elapsed]
openstack_compute_instance_v2.default-p0000000029-s0000000027-man: Creation complete after 31s [id=65bbe293-1252-4d48-ba4d-e5e5bb4f1cd9]
There are some problems with the provider_installation configuration:╷│ Error: Invalid provider source exclusion patterns││ CLI config specifies invalid provider exclusion patterns: invalid provider│ matching pattern "*": must have either two or three slash-separated│ segments.╵As a result of the above problems, OpenTofu's provider installer may not behave as intended.Error: Error waiting for instance (017c9256-1966-45cb-9ee2-3b210a56ff99) to become ready: unexpected state 'ERROR', wanted target 'ACTIVE'. last error: %!s(<nil>)  with openstack_compute_instance_v2.default-p0000000029-s0000000027-router,  on deploy.tf line 361, in resource "openstack_compute_instance_v2" "default-p0000000029-s0000000027-router": 361: resource "openstack_compute_instance_v2" "default-p0000000029-s0000000027-router" {