data.openstack_networking_secgroup_v2.sandbox-access-sg: Reading...
data.openstack_images_image_ids_v2.image_data_source-default-p0000000052-s0000000052-man: Reading...
data.openstack_networking_secgroup_v2.sandbox-internal-sg: Reading...
data.openstack_images_image_ids_v2.image_data_source-default-p0000000052-s0000000052-colleague: Reading...
data.openstack_networking_secgroup_v2.sandbox-man-sg: Reading...
data.openstack_networking_network_v2.base-net: Reading...
data.openstack_images_image_ids_v2.image_data_source-default-p0000000052-s0000000052-router: Reading...
data.openstack_networking_secgroup_v2.sandbox-man-int-sg: Reading...
data.openstack_images_image_ids_v2.image_data_source-default-p0000000052-s0000000052-spy-server: Reading...
data.openstack_images_image_ids_v2.image_data_source-default-p0000000052-s0000000052-victim: Reading...
data.openstack_networking_secgroup_v2.sandbox-man-int-sg: Read complete after 0s [id=c0f8ada3-ea6b-4204-8e6b-03fb49be5ab5]
data.openstack_networking_secgroup_v2.sandbox-man-sg: Read complete after 0s [id=d318bcac-a977-4da2-a36c-6fc646adfd56]
data.openstack_networking_secgroup_v2.sandbox-access-sg: Read complete after 0s [id=fe29039a-d081-4023-adad-9641c8059c30]
data.openstack_networking_network_v2.base-net: Read complete after 0s [id=9d8f9b2a-992c-4edc-8444-0bfc3c2b3cef]
data.openstack_networking_secgroup_v2.sandbox-internal-sg: Read complete after 0s [id=0a14006d-c778-45be-9747-18bb05e2c46f]
data.openstack_images_image_ids_v2.image_data_source-default-p0000000052-s0000000052-man: Read complete after 0s [id=2215401803]
data.openstack_images_image_ids_v2.image_data_source-default-p0000000052-s0000000052-spy-server: Read complete after 0s [id=2215401803]
data.openstack_images_image_ids_v2.image_data_source-default-p0000000052-s0000000052-victim: Read complete after 0s [id=2215401803]
data.openstack_images_image_ids_v2.image_data_source-default-p0000000052-s0000000052-colleague: Read complete after 0s [id=2215401803]
data.openstack_images_image_ids_v2.image_data_source-default-p0000000052-s0000000052-router: Read complete after 0s [id=3718318825]

OpenTofu used the selected providers to generate the following execution
plan. Resource actions are indicated with the following symbols:
  + create

OpenTofu will perform the following actions:

  # openstack_compute_instance_v2.default-p0000000052-s0000000052-colleague will be created
  + resource "openstack_compute_instance_v2" "default-p0000000052-s0000000052-colleague" {
      + access_ip_v4        = (known after apply)
      + access_ip_v6        = (known after apply)
      + all_metadata        = (known after apply)
      + all_tags            = (known after apply)
      + availability_zone   = (known after apply)
      + config_drive        = true
      + created             = (known after apply)
      + flavor_id           = (known after apply)
      + flavor_name         = "standard.small"
      + force_delete        = false
      + hypervisor_hostname = (known after apply)
      + id                  = (known after apply)
      + image_id            = (known after apply)
      + image_name          = "ubuntu-noble-x86_64"
      + key_pair            = "default-p0000000052-d63e51ec-ssh"
      + name                = "default-p0000000052-s0000000052-colleague"
      + power_state         = "active"
      + region              = (known after apply)
      + security_groups     = (known after apply)
      + stop_before_destroy = false
      + updated             = (known after apply)

      + network {
          + access_network = false
          + fixed_ip_v4    = (known after apply)
          + fixed_ip_v6    = (known after apply)
          + mac            = (known after apply)
          + name           = (known after apply)
          + port           = (known after apply)
          + uuid           = (known after apply)
        }
      + network {
          + access_network = false
          + fixed_ip_v4    = (known after apply)
          + fixed_ip_v6    = (known after apply)
          + mac            = (known after apply)
          + name           = (known after apply)
          + port           = (known after apply)
          + uuid           = (known after apply)
        }
    }

  # openstack_compute_instance_v2.default-p0000000052-s0000000052-man will be created
  + resource "openstack_compute_instance_v2" "default-p0000000052-s0000000052-man" {
      + access_ip_v4        = (known after apply)
      + access_ip_v6        = (known after apply)
      + all_metadata        = (known after apply)
      + all_tags            = (known after apply)
      + availability_zone   = (known after apply)
      + config_drive        = true
      + created             = (known after apply)
      + flavor_id           = (known after apply)
      + flavor_name         = "standard.medium"
      + force_delete        = false
      + hypervisor_hostname = (known after apply)
      + id                  = (known after apply)
      + image_id            = (known after apply)
      + image_name          = "ubuntu-noble-x86_64"
      + key_pair            = "default-p0000000052-d63e51ec-ssh"
      + name                = "default-p0000000052-s0000000052-man"
      + power_state         = "active"
      + region              = (known after apply)
      + security_groups     = (known after apply)
      + stop_before_destroy = false
      + updated             = (known after apply)

      + network {
          + access_network = false
          + fixed_ip_v4    = (known after apply)
          + fixed_ip_v6    = (known after apply)
          + mac            = (known after apply)
          + name           = (known after apply)
          + port           = (known after apply)
          + uuid           = (known after apply)
        }
      + network {
          + access_network = false
          + fixed_ip_v4    = (known after apply)
          + fixed_ip_v6    = (known after apply)
          + mac            = (known after apply)
          + name           = (known after apply)
          + port           = (known after apply)
          + uuid           = (known after apply)
        }
      + network {
          + access_network = false
          + fixed_ip_v4    = (known after apply)
          + fixed_ip_v6    = (known after apply)
          + mac            = (known after apply)
          + name           = (known after apply)
          + port           = (known after apply)
          + uuid           = (known after apply)
        }
    }

  # openstack_compute_instance_v2.default-p0000000052-s0000000052-router will be created
  + resource "openstack_compute_instance_v2" "default-p0000000052-s0000000052-router" {
      + access_ip_v4        = (known after apply)
      + access_ip_v6        = (known after apply)
      + all_metadata        = (known after apply)
      + all_tags            = (known after apply)
      + availability_zone   = (known after apply)
      + config_drive        = true
      + created             = (known after apply)
      + flavor_id           = (known after apply)
      + flavor_name         = "standard.small"
      + force_delete        = false
      + hypervisor_hostname = (known after apply)
      + id                  = (known after apply)
      + image_id            = (known after apply)
      + image_name          = "debian-12-x86_64"
      + key_pair            = "default-p0000000052-d63e51ec-ssh"
      + name                = "default-p0000000052-s0000000052-router"
      + power_state         = "active"
      + region              = (known after apply)
      + security_groups     = (known after apply)
      + stop_before_destroy = false
      + updated             = (known after apply)

      + network {
          + access_network = false
          + fixed_ip_v4    = (known after apply)
          + fixed_ip_v6    = (known after apply)
          + mac            = (known after apply)
          + name           = (known after apply)
          + port           = (known after apply)
          + uuid           = (known after apply)
        }
      + network {
          + access_network = false
          + fixed_ip_v4    = (known after apply)
          + fixed_ip_v6    = (known after apply)
          + mac            = (known after apply)
          + name           = (known after apply)
          + port           = (known after apply)
          + uuid           = (known after apply)
        }
      + network {
          + access_network = false
          + fixed_ip_v4    = (known after apply)
          + fixed_ip_v6    = (known after apply)
          + mac            = (known after apply)
          + name           = (known after apply)
          + port           = (known after apply)
          + uuid           = (known after apply)
        }
    }

  # openstack_compute_instance_v2.default-p0000000052-s0000000052-spy-server will be created
  + resource "openstack_compute_instance_v2" "default-p0000000052-s0000000052-spy-server" {
      + access_ip_v4        = (known after apply)
      + access_ip_v6        = (known after apply)
      + all_metadata        = (known after apply)
      + all_tags            = (known after apply)
      + availability_zone   = (known after apply)
      + config_drive        = true
      + created             = (known after apply)
      + flavor_id           = (known after apply)
      + flavor_name         = "standard.small"
      + force_delete        = false
      + hypervisor_hostname = (known after apply)
      + id                  = (known after apply)
      + image_id            = (known after apply)
      + image_name          = "ubuntu-noble-x86_64"
      + key_pair            = "default-p0000000052-d63e51ec-ssh"
      + name                = "default-p0000000052-s0000000052-spy-server"
      + power_state         = "active"
      + region              = (known after apply)
      + security_groups     = (known after apply)
      + stop_before_destroy = false
      + updated             = (known after apply)

      + network {
          + access_network = false
          + fixed_ip_v4    = (known after apply)
          + fixed_ip_v6    = (known after apply)
          + mac            = (known after apply)
          + name           = (known after apply)
          + port           = (known after apply)
          + uuid           = (known after apply)
        }
      + network {
          + access_network = false
          + fixed_ip_v4    = (known after apply)
          + fixed_ip_v6    = (known after apply)
          + mac            = (known after apply)
          + name           = (known after apply)
          + port           = (known after apply)
          + uuid           = (known after apply)
        }
    }

  # openstack_compute_instance_v2.default-p0000000052-s0000000052-victim will be created
  + resource "openstack_compute_instance_v2" "default-p0000000052-s0000000052-victim" {
      + access_ip_v4        = (known after apply)
      + access_ip_v6        = (known after apply)
      + all_metadata        = (known after apply)
      + all_tags            = (known after apply)
      + availability_zone   = (known after apply)
      + config_drive        = true
      + created             = (known after apply)
      + flavor_id           = (known after apply)
      + flavor_name         = "standard.small"
      + force_delete        = false
      + hypervisor_hostname = (known after apply)
      + id                  = (known after apply)
      + image_id            = (known after apply)
      + image_name          = "ubuntu-noble-x86_64"
      + key_pair            = "default-p0000000052-d63e51ec-ssh"
      + name                = "default-p0000000052-s0000000052-victim"
      + power_state         = "active"
      + region              = (known after apply)
      + security_groups     = (known after apply)
      + stop_before_destroy = false
      + updated             = (known after apply)

      + network {
          + access_network = false
          + fixed_ip_v4    = (known after apply)
          + fixed_ip_v6    = (known after apply)
          + mac            = (known after apply)
          + name           = (known after apply)
          + port           = (known after apply)
          + uuid           = (known after apply)
        }
      + network {
          + access_network = false
          + fixed_ip_v4    = (known after apply)
          + fixed_ip_v6    = (known after apply)
          + mac            = (known after apply)
          + name           = (known after apply)
          + port           = (known after apply)
          + uuid           = (known after apply)
        }
    }

  # openstack_networking_network_v2.default-p0000000052-s0000000052-man-network will be created
  + resource "openstack_networking_network_v2" "default-p0000000052-s0000000052-man-network" {
      + admin_state_up          = true
      + all_tags                = (known after apply)
      + availability_zone_hints = (known after apply)
      + dns_domain              = (known after apply)
      + external                = (known after apply)
      + id                      = (known after apply)
      + mtu                     = (known after apply)
      + name                    = "default-p0000000052-s0000000052-man-network"
      + port_security_enabled   = (known after apply)
      + qos_policy_id           = (known after apply)
      + region                  = (known after apply)
      + shared                  = (known after apply)
      + tenant_id               = (known after apply)
      + transparent_vlan        = (known after apply)

      + segments (known after apply)
    }

  # openstack_networking_network_v2.default-p0000000052-s0000000052-spyware-switch will be created
  + resource "openstack_networking_network_v2" "default-p0000000052-s0000000052-spyware-switch" {
      + admin_state_up          = true
      + all_tags                = (known after apply)
      + availability_zone_hints = (known after apply)
      + dns_domain              = (known after apply)
      + external                = (known after apply)
      + id                      = (known after apply)
      + mtu                     = (known after apply)
      + name                    = "default-p0000000052-s0000000052-spyware-switch"
      + port_security_enabled   = (known after apply)
      + qos_policy_id           = (known after apply)
      + region                  = (known after apply)
      + shared                  = (known after apply)
      + tenant_id               = (known after apply)
      + transparent_vlan        = (known after apply)

      + segments (known after apply)
    }

  # openstack_networking_network_v2.default-p0000000052-s0000000052-wan will be created
  + resource "openstack_networking_network_v2" "default-p0000000052-s0000000052-wan" {
      + admin_state_up          = true
      + all_tags                = (known after apply)
      + availability_zone_hints = (known after apply)
      + dns_domain              = (known after apply)
      + external                = (known after apply)
      + id                      = (known after apply)
      + mtu                     = (known after apply)
      + name                    = "default-p0000000052-s0000000052-wan"
      + port_security_enabled   = (known after apply)
      + qos_policy_id           = (known after apply)
      + region                  = (known after apply)
      + shared                  = (known after apply)
      + tenant_id               = (known after apply)
      + transparent_vlan        = (known after apply)

      + segments (known after apply)
    }

  # openstack_networking_port_v2.default-p0000000052-s0000000052-link-1 will be created
  + resource "openstack_networking_port_v2" "default-p0000000052-s0000000052-link-1" {
      + admin_state_up         = true
      + all_fixed_ips          = (known after apply)
      + all_security_group_ids = (known after apply)
      + all_tags               = (known after apply)
      + device_id              = (known after apply)
      + device_owner           = (known after apply)
      + dns_assignment         = (known after apply)
      + dns_name               = (known after apply)
      + id                     = (known after apply)
      + mac_address            = (known after apply)
      + name                   = "default-p0000000052-s0000000052-link-1"
      + network_id             = (known after apply)
      + port_security_enabled  = (known after apply)
      + qos_policy_id          = (known after apply)
      + region                 = (known after apply)
      + security_group_ids     = [
          + "d318bcac-a977-4da2-a36c-6fc646adfd56",
        ]
      + tenant_id              = (known after apply)

      + allowed_address_pairs {
          + ip_address = "192.168.128.0/17"
        }

      + binding (known after apply)

      + fixed_ip {
          + subnet_id = (known after apply)
        }
    }

  # openstack_networking_port_v2.default-p0000000052-s0000000052-link-10 will be created
  + resource "openstack_networking_port_v2" "default-p0000000052-s0000000052-link-10" {
      + admin_state_up         = true
      + all_fixed_ips          = (known after apply)
      + all_security_group_ids = (known after apply)
      + all_tags               = (known after apply)
      + device_id              = (known after apply)
      + device_owner           = (known after apply)
      + dns_assignment         = (known after apply)
      + dns_name               = (known after apply)
      + id                     = (known after apply)
      + mac_address            = (known after apply)
      + name                   = "default-p0000000052-s0000000052-link-10"
      + network_id             = (known after apply)
      + port_security_enabled  = (known after apply)
      + qos_policy_id          = (known after apply)
      + region                 = (known after apply)
      + security_group_ids     = [
          + "0a14006d-c778-45be-9747-18bb05e2c46f",
        ]
      + tenant_id              = (known after apply)

      + allowed_address_pairs {
          + ip_address = "0.0.0.0/0"
        }

      + binding (known after apply)

      + fixed_ip {
          + subnet_id = (known after apply)
        }
    }

  # openstack_networking_port_v2.default-p0000000052-s0000000052-link-11 will be created
  + resource "openstack_networking_port_v2" "default-p0000000052-s0000000052-link-11" {
      + admin_state_up         = true
      + all_fixed_ips          = (known after apply)
      + all_security_group_ids = (known after apply)
      + all_tags               = (known after apply)
      + device_id              = (known after apply)
      + device_owner           = (known after apply)
      + dns_assignment         = (known after apply)
      + dns_name               = (known after apply)
      + id                     = (known after apply)
      + mac_address            = (known after apply)
      + name                   = "default-p0000000052-s0000000052-link-11"
      + network_id             = (known after apply)
      + port_security_enabled  = (known after apply)
      + qos_policy_id          = (known after apply)
      + region                 = (known after apply)
      + security_group_ids     = [
          + "0a14006d-c778-45be-9747-18bb05e2c46f",
        ]
      + tenant_id              = (known after apply)

      + allowed_address_pairs {
          + ip_address = "0.0.0.0/0"
        }

      + binding (known after apply)

      + fixed_ip {
          + ip_address = "192.168.100.1"
          + subnet_id  = (known after apply)
        }
    }

  # openstack_networking_port_v2.default-p0000000052-s0000000052-link-2 will be created
  + resource "openstack_networking_port_v2" "default-p0000000052-s0000000052-link-2" {
      + admin_state_up         = true
      + all_fixed_ips          = (known after apply)
      + all_security_group_ids = (known after apply)
      + all_tags               = (known after apply)
      + device_id              = (known after apply)
      + device_owner           = (known after apply)
      + dns_assignment         = (known after apply)
      + dns_name               = (known after apply)
      + id                     = (known after apply)
      + mac_address            = (known after apply)
      + name                   = "default-p0000000052-s0000000052-link-2"
      + network_id             = (known after apply)
      + port_security_enabled  = (known after apply)
      + qos_policy_id          = (known after apply)
      + region                 = (known after apply)
      + security_group_ids     = [
          + "0a14006d-c778-45be-9747-18bb05e2c46f",
        ]
      + tenant_id              = (known after apply)

      + allowed_address_pairs {
          + ip_address = "0.0.0.0/0"
        }

      + binding (known after apply)

      + fixed_ip {
          + subnet_id = (known after apply)
        }
    }

  # openstack_networking_port_v2.default-p0000000052-s0000000052-link-3 will be created
  + resource "openstack_networking_port_v2" "default-p0000000052-s0000000052-link-3" {
      + admin_state_up         = true
      + all_fixed_ips          = (known after apply)
      + all_security_group_ids = (known after apply)
      + all_tags               = (known after apply)
      + device_id              = (known after apply)
      + device_owner           = (known after apply)
      + dns_assignment         = (known after apply)
      + dns_name               = (known after apply)
      + id                     = (known after apply)
      + mac_address            = (known after apply)
      + name                   = "default-p0000000052-s0000000052-link-3"
      + network_id             = (known after apply)
      + port_security_enabled  = (known after apply)
      + qos_policy_id          = (known after apply)
      + region                 = (known after apply)
      + security_group_ids     = [
          + "c0f8ada3-ea6b-4204-8e6b-03fb49be5ab5",
        ]
      + tenant_id              = (known after apply)

      + allowed_address_pairs {
          + ip_address = "192.168.128.0/17"
        }

      + binding (known after apply)

      + fixed_ip {
          + subnet_id = (known after apply)
        }
    }

  # openstack_networking_port_v2.default-p0000000052-s0000000052-link-4 will be created
  + resource "openstack_networking_port_v2" "default-p0000000052-s0000000052-link-4" {
      + admin_state_up         = true
      + all_fixed_ips          = (known after apply)
      + all_security_group_ids = (known after apply)
      + all_tags               = (known after apply)
      + device_id              = (known after apply)
      + device_owner           = (known after apply)
      + dns_assignment         = (known after apply)
      + dns_name               = (known after apply)
      + id                     = (known after apply)
      + mac_address            = (known after apply)
      + name                   = "default-p0000000052-s0000000052-link-4"
      + network_id             = (known after apply)
      + port_security_enabled  = (known after apply)
      + qos_policy_id          = (known after apply)
      + region                 = (known after apply)
      + security_group_ids     = [
          + "c0f8ada3-ea6b-4204-8e6b-03fb49be5ab5",
        ]
      + tenant_id              = (known after apply)

      + allowed_address_pairs {
          + ip_address = "192.168.128.0/17"
        }

      + binding (known after apply)

      + fixed_ip {
          + subnet_id = (known after apply)
        }
    }

  # openstack_networking_port_v2.default-p0000000052-s0000000052-link-5 will be created
  + resource "openstack_networking_port_v2" "default-p0000000052-s0000000052-link-5" {
      + admin_state_up         = true
      + all_fixed_ips          = (known after apply)
      + all_security_group_ids = (known after apply)
      + all_tags               = (known after apply)
      + device_id              = (known after apply)
      + device_owner           = (known after apply)
      + dns_assignment         = (known after apply)
      + dns_name               = (known after apply)
      + id                     = (known after apply)
      + mac_address            = (known after apply)
      + name                   = "default-p0000000052-s0000000052-link-5"
      + network_id             = (known after apply)
      + port_security_enabled  = (known after apply)
      + qos_policy_id          = (known after apply)
      + region                 = (known after apply)
      + security_group_ids     = [
          + "c0f8ada3-ea6b-4204-8e6b-03fb49be5ab5",
        ]
      + tenant_id              = (known after apply)

      + allowed_address_pairs {
          + ip_address = "192.168.128.0/17"
        }

      + binding (known after apply)

      + fixed_ip {
          + subnet_id = (known after apply)
        }
    }

  # openstack_networking_port_v2.default-p0000000052-s0000000052-link-6 will be created
  + resource "openstack_networking_port_v2" "default-p0000000052-s0000000052-link-6" {
      + admin_state_up         = true
      + all_fixed_ips          = (known after apply)
      + all_security_group_ids = (known after apply)
      + all_tags               = (known after apply)
      + device_id              = (known after apply)
      + device_owner           = (known after apply)
      + dns_assignment         = (known after apply)
      + dns_name               = (known after apply)
      + id                     = (known after apply)
      + mac_address            = (known after apply)
      + name                   = "default-p0000000052-s0000000052-link-6"
      + network_id             = (known after apply)
      + port_security_enabled  = (known after apply)
      + qos_policy_id          = (known after apply)
      + region                 = (known after apply)
      + security_group_ids     = [
          + "0a14006d-c778-45be-9747-18bb05e2c46f",
        ]
      + tenant_id              = (known after apply)

      + allowed_address_pairs {
          + ip_address = "192.168.100.0/24"
        }

      + binding (known after apply)

      + fixed_ip {
          + ip_address = "192.168.100.5"
          + subnet_id  = (known after apply)
        }
    }

  # openstack_networking_port_v2.default-p0000000052-s0000000052-link-7 will be created
  + resource "openstack_networking_port_v2" "default-p0000000052-s0000000052-link-7" {
      + admin_state_up         = true
      + all_fixed_ips          = (known after apply)
      + all_security_group_ids = (known after apply)
      + all_tags               = (known after apply)
      + device_id              = (known after apply)
      + device_owner           = (known after apply)
      + dns_assignment         = (known after apply)
      + dns_name               = (known after apply)
      + id                     = (known after apply)
      + mac_address            = (known after apply)
      + name                   = "default-p0000000052-s0000000052-link-7"
      + network_id             = (known after apply)
      + port_security_enabled  = (known after apply)
      + qos_policy_id          = (known after apply)
      + region                 = (known after apply)
      + security_group_ids     = [
          + "0a14006d-c778-45be-9747-18bb05e2c46f",
        ]
      + tenant_id              = (known after apply)

      + allowed_address_pairs {
          + ip_address = "192.168.100.0/24"
        }

      + binding (known after apply)

      + fixed_ip {
          + ip_address = "192.168.100.10"
          + subnet_id  = (known after apply)
        }
    }

  # openstack_networking_port_v2.default-p0000000052-s0000000052-link-8 will be created
  + resource "openstack_networking_port_v2" "default-p0000000052-s0000000052-link-8" {
      + admin_state_up         = true
      + all_fixed_ips          = (known after apply)
      + all_security_group_ids = (known after apply)
      + all_tags               = (known after apply)
      + device_id              = (known after apply)
      + device_owner           = (known after apply)
      + dns_assignment         = (known after apply)
      + dns_name               = (known after apply)
      + id                     = (known after apply)
      + mac_address            = (known after apply)
      + name                   = "default-p0000000052-s0000000052-link-8"
      + network_id             = (known after apply)
      + port_security_enabled  = (known after apply)
      + qos_policy_id          = (known after apply)
      + region                 = (known after apply)
      + security_group_ids     = [
          + "0a14006d-c778-45be-9747-18bb05e2c46f",
        ]
      + tenant_id              = (known after apply)

      + allowed_address_pairs {
          + ip_address = "192.168.100.0/24"
        }

      + binding (known after apply)

      + fixed_ip {
          + ip_address = "192.168.100.20"
          + subnet_id  = (known after apply)
        }
    }

  # openstack_networking_port_v2.default-p0000000052-s0000000052-link-9 will be created
  + resource "openstack_networking_port_v2" "default-p0000000052-s0000000052-link-9" {
      + admin_state_up         = true
      + all_fixed_ips          = (known after apply)
      + all_security_group_ids = (known after apply)
      + all_tags               = (known after apply)
      + device_id              = (known after apply)
      + device_owner           = (known after apply)
      + dns_assignment         = (known after apply)
      + dns_name               = (known after apply)
      + id                     = (known after apply)
      + mac_address            = (known after apply)
      + name                   = "default-p0000000052-s0000000052-link-9"
      + network_id             = (known after apply)
      + port_security_enabled  = (known after apply)
      + qos_policy_id          = (known after apply)
      + region                 = (known after apply)
      + security_group_ids     = [
          + "c0f8ada3-ea6b-4204-8e6b-03fb49be5ab5",
        ]
      + tenant_id              = (known after apply)

      + allowed_address_pairs {
          + ip_address = "192.168.128.0/17"
        }

      + binding (known after apply)

      + fixed_ip {
          + subnet_id = (known after apply)
        }
    }

  # openstack_networking_port_v2.default-p0000000052-s0000000052-man-out-port will be created
  + resource "openstack_networking_port_v2" "default-p0000000052-s0000000052-man-out-port" {
      + admin_state_up         = true
      + all_fixed_ips          = (known after apply)
      + all_security_group_ids = (known after apply)
      + all_tags               = (known after apply)
      + device_id              = (known after apply)
      + device_owner           = (known after apply)
      + dns_assignment         = (known after apply)
      + dns_name               = (known after apply)
      + id                     = (known after apply)
      + mac_address            = (known after apply)
      + name                   = "default-p0000000052-s0000000052-man-out-port"
      + network_id             = "9d8f9b2a-992c-4edc-8444-0bfc3c2b3cef"
      + port_security_enabled  = (known after apply)
      + qos_policy_id          = (known after apply)
      + region                 = (known after apply)
      + security_group_ids     = [
          + "fe29039a-d081-4023-adad-9641c8059c30",
        ]
      + tenant_id              = (known after apply)

      + allowed_address_pairs {
          + ip_address = "0.0.0.0/0"
        }

      + binding (known after apply)
    }

  # openstack_networking_subnet_v2.default-p0000000052-s0000000052-man-network-subnet will be created
  + resource "openstack_networking_subnet_v2" "default-p0000000052-s0000000052-man-network-subnet" {
      + all_tags          = (known after apply)
      + cidr              = "192.168.128.0/17"
      + dns_nameservers   = [
          + "1.1.1.1",
          + "1.0.0.1",
        ]
      + enable_dhcp       = true
      + gateway_ip        = (known after apply)
      + id                = (known after apply)
      + ip_version        = 4
      + ipv6_address_mode = (known after apply)
      + ipv6_ra_mode      = (known after apply)
      + name              = "default-p0000000052-s0000000052-man-network-subnet"
      + network_id        = (known after apply)
      + no_gateway        = true
      + region            = (known after apply)
      + service_types     = (known after apply)
      + tenant_id         = (known after apply)

      + allocation_pool (known after apply)
    }

  # openstack_networking_subnet_v2.default-p0000000052-s0000000052-spyware-switch-subnet will be created
  + resource "openstack_networking_subnet_v2" "default-p0000000052-s0000000052-spyware-switch-subnet" {
      + all_tags          = (known after apply)
      + cidr              = "192.168.100.0/24"
      + dns_nameservers   = [
          + "1.1.1.1",
          + "1.0.0.1",
        ]
      + enable_dhcp       = true
      + gateway_ip        = "192.168.100.1"
      + id                = (known after apply)
      + ip_version        = 4
      + ipv6_address_mode = (known after apply)
      + ipv6_ra_mode      = (known after apply)
      + name              = "default-p0000000052-s0000000052-spyware-switch-subnet"
      + network_id        = (known after apply)
      + no_gateway        = false
      + region            = (known after apply)
      + service_types     = (known after apply)
      + tenant_id         = (known after apply)

      + allocation_pool (known after apply)
    }

  # openstack_networking_subnet_v2.default-p0000000052-s0000000052-wan-subnet will be created
  + resource "openstack_networking_subnet_v2" "default-p0000000052-s0000000052-wan-subnet" {
      + all_tags          = (known after apply)
      + cidr              = "100.100.100.0/24"
      + dns_nameservers   = [
          + "1.1.1.1",
          + "1.0.0.1",
        ]
      + enable_dhcp       = true
      + gateway_ip        = (known after apply)
      + id                = (known after apply)
      + ip_version        = 4
      + ipv6_address_mode = (known after apply)
      + ipv6_ra_mode      = (known after apply)
      + name              = "default-p0000000052-s0000000052-wan-subnet"
      + network_id        = (known after apply)
      + no_gateway        = true
      + region            = (known after apply)
      + service_types     = (known after apply)
      + tenant_id         = (known after apply)

      + allocation_pool (known after apply)
    }

Plan: 23 to add, 0 to change, 0 to destroy.
openstack_networking_network_v2.default-p0000000052-s0000000052-man-network: Creating...
openstack_networking_network_v2.default-p0000000052-s0000000052-spyware-switch: Creating...
openstack_networking_network_v2.default-p0000000052-s0000000052-wan: Creating...
openstack_networking_port_v2.default-p0000000052-s0000000052-man-out-port: Creating...
openstack_networking_network_v2.default-p0000000052-s0000000052-man-network: Creation complete after 1s [id=05f91056-ac75-47bf-9f88-5036c0207ff0]
openstack_networking_subnet_v2.default-p0000000052-s0000000052-man-network-subnet: Creating...
openstack_networking_network_v2.default-p0000000052-s0000000052-spyware-switch: Creation complete after 1s [id=391a4918-6ca3-4bbe-a76d-7b4452ef2fa9]
openstack_networking_network_v2.default-p0000000052-s0000000052-wan: Creation complete after 1s [id=67c90c96-cabe-42fc-b53f-e1a0b52973bc]
openstack_networking_subnet_v2.default-p0000000052-s0000000052-spyware-switch-subnet: Creating...
openstack_networking_subnet_v2.default-p0000000052-s0000000052-wan-subnet: Creating...
openstack_networking_subnet_v2.default-p0000000052-s0000000052-spyware-switch-subnet: Creation complete after 0s [id=f151e490-81f4-4930-a176-421399b56fb1]
openstack_networking_subnet_v2.default-p0000000052-s0000000052-man-network-subnet: Creation complete after 0s [id=60c35be4-b0ac-42de-bd3d-a277f3d5abb7]
openstack_networking_port_v2.default-p0000000052-s0000000052-link-7: Creating...
openstack_networking_port_v2.default-p0000000052-s0000000052-link-8: Creating...
openstack_networking_port_v2.default-p0000000052-s0000000052-link-11: Creating...
openstack_networking_port_v2.default-p0000000052-s0000000052-link-6: Creating...
openstack_networking_port_v2.default-p0000000052-s0000000052-man-out-port: Creation complete after 1s [id=08778ed5-1723-486d-a1e4-d678a633eefa]
openstack_networking_port_v2.default-p0000000052-s0000000052-link-5: Creating...
openstack_networking_subnet_v2.default-p0000000052-s0000000052-wan-subnet: Creation complete after 0s [id=21f27873-9b31-40b5-b25f-7207d52203fb]
openstack_networking_port_v2.default-p0000000052-s0000000052-link-3: Creating...
openstack_networking_port_v2.default-p0000000052-s0000000052-link-4: Creating...
openstack_networking_port_v2.default-p0000000052-s0000000052-link-1: Creating...
openstack_networking_port_v2.default-p0000000052-s0000000052-link-2: Creating...
openstack_networking_port_v2.default-p0000000052-s0000000052-link-9: Creating...
openstack_networking_port_v2.default-p0000000052-s0000000052-link-7: Creation complete after 0s [id=58fe7232-1b9d-45e0-be3e-53ada86ad684]
openstack_networking_port_v2.default-p0000000052-s0000000052-link-10: Creating...
openstack_networking_port_v2.default-p0000000052-s0000000052-link-8: Creation complete after 0s [id=82df5035-b08c-4d4a-bc8f-d74cd8df0472]
openstack_networking_port_v2.default-p0000000052-s0000000052-link-9: Creation complete after 0s [id=eb09f17f-9959-451b-9e76-f746048ddb28]
openstack_networking_port_v2.default-p0000000052-s0000000052-link-11: Creation complete after 0s [id=94431d8d-5bc3-4f55-9f94-87a44a119867]
openstack_networking_port_v2.default-p0000000052-s0000000052-link-6: Creation complete after 0s [id=fb26d5fe-6674-4808-bd75-47572f5a0fa9]
openstack_networking_port_v2.default-p0000000052-s0000000052-link-4: Creation complete after 0s [id=0729b901-d8cd-472e-9330-86d1148a0506]
openstack_compute_instance_v2.default-p0000000052-s0000000052-victim: Creating...
openstack_networking_port_v2.default-p0000000052-s0000000052-link-10: Creation complete after 0s [id=2b6c6169-2d80-49c0-a82a-b4c5464bd8b5]
openstack_compute_instance_v2.default-p0000000052-s0000000052-router: Creating...
openstack_networking_port_v2.default-p0000000052-s0000000052-link-3: Creation complete after 0s [id=5709ce5f-1568-4b19-b348-ee6b15d6d919]
openstack_compute_instance_v2.default-p0000000052-s0000000052-spy-server: Creating...
openstack_networking_port_v2.default-p0000000052-s0000000052-link-5: Creation complete after 1s [id=a573a844-13c6-4c3f-8eeb-027ea0bbaab3]
openstack_networking_port_v2.default-p0000000052-s0000000052-link-1: Creation complete after 1s [id=b3568300-e512-4512-98df-df5daf310187]
openstack_compute_instance_v2.default-p0000000052-s0000000052-colleague: Creating...
openstack_networking_port_v2.default-p0000000052-s0000000052-link-2: Creation complete after 1s [id=6466648d-aa77-4e9b-8a17-ad9611ebea6b]
openstack_compute_instance_v2.default-p0000000052-s0000000052-man: Creating...
There are some problems with the provider_installation configuration:╷│ Error: Invalid provider source exclusion patterns││ CLI config specifies invalid provider exclusion patterns: invalid provider│ matching pattern "*": must have either two or three slash-separated│ segments.╵As a result of the above problems, OpenTofu's provider installer may not behave as intended.Error: Error waiting for instance (3aa70ea6-9f32-403e-adf8-eaebe0295ce0) to become ready: unexpected state 'ERROR', wanted target 'ACTIVE'. last error: %!s(<nil>)  with openstack_compute_instance_v2.default-p0000000052-s0000000052-spy-server,  on deploy.tf line 264, in resource "openstack_compute_instance_v2" "default-p0000000052-s0000000052-spy-server": 264: resource "openstack_compute_instance_v2" "default-p0000000052-s0000000052-spy-server" {Error: Error waiting for instance (c44fa670-7cd9-4ba0-94ec-4249716d16db) to become ready: unexpected state 'ERROR', wanted target 'ACTIVE'. last error: %!s(<nil>)  with openstack_compute_instance_v2.default-p0000000052-s0000000052-victim,  on deploy.tf line 285, in resource "openstack_compute_instance_v2" "default-p0000000052-s0000000052-victim": 285: resource "openstack_compute_instance_v2" "default-p0000000052-s0000000052-victim" {Error: Error waiting for instance (044f3c49-49b8-48ff-8b27-58f5bc753264) to become ready: unexpected state 'ERROR', wanted target 'ACTIVE'. last error: %!s(<nil>)  with openstack_compute_instance_v2.default-p0000000052-s0000000052-colleague,  on deploy.tf line 306, in resource "openstack_compute_instance_v2" "default-p0000000052-s0000000052-colleague": 306: resource "openstack_compute_instance_v2" "default-p0000000052-s0000000052-colleague" {Error: Error waiting for instance (4b1b0450-8ffb-4b92-bef3-2bebfa476c83) to become ready: unexpected state 'ERROR', wanted target 'ACTIVE'. last error: %!s(<nil>)  with openstack_compute_instance_v2.default-p0000000052-s0000000052-router,  on deploy.tf line 327, in resource "openstack_compute_instance_v2" "default-p0000000052-s0000000052-router": 327: resource "openstack_compute_instance_v2" "default-p0000000052-s0000000052-router" {Error: Error waiting for instance (9251d70f-d8e1-49dc-9c74-35400aae7773) to become ready: unexpected state 'ERROR', wanted target 'ACTIVE'. last error: %!s(<nil>)  with openstack_compute_instance_v2.default-p0000000052-s0000000052-man,  on deploy.tf line 365, in resource "openstack_compute_instance_v2" "default-p0000000052-s0000000052-man": 365: resource "openstack_compute_instance_v2" "default-p0000000052-s0000000052-man" {