data.openstack_networking_secgroup_v2.sandbox-man-sg: Reading...
data.openstack_images_image_ids_v2.image_data_source-default-p0000000026-s0000000024-router: Reading...
data.openstack_images_image_ids_v2.image_data_source-default-p0000000026-s0000000024-c2-server: Reading...
data.openstack_networking_secgroup_v2.sandbox-internal-sg: Reading...
data.openstack_networking_secgroup_v2.sandbox-access-sg: Reading...
data.openstack_networking_network_v2.base-net: Reading...
data.openstack_networking_secgroup_v2.sandbox-man-int-sg: Reading...
data.openstack_images_image_ids_v2.image_data_source-default-p0000000026-s0000000024-man: Reading...
data.openstack_images_image_ids_v2.image_data_source-default-p0000000026-s0000000024-victim: Reading...
data.openstack_images_image_ids_v2.image_data_source-default-p0000000026-s0000000024-exfil-server: Reading...
data.openstack_networking_secgroup_v2.sandbox-man-sg: Read complete after 0s [id=d318bcac-a977-4da2-a36c-6fc646adfd56]
data.openstack_networking_secgroup_v2.sandbox-man-int-sg: Read complete after 0s [id=c0f8ada3-ea6b-4204-8e6b-03fb49be5ab5]
data.openstack_networking_secgroup_v2.sandbox-internal-sg: Read complete after 0s [id=0a14006d-c778-45be-9747-18bb05e2c46f]
data.openstack_networking_network_v2.base-net: Read complete after 0s [id=9d8f9b2a-992c-4edc-8444-0bfc3c2b3cef]
data.openstack_networking_secgroup_v2.sandbox-access-sg: Read complete after 0s [id=fe29039a-d081-4023-adad-9641c8059c30]
data.openstack_images_image_ids_v2.image_data_source-default-p0000000026-s0000000024-c2-server: Read complete after 0s [id=2215401803]
data.openstack_images_image_ids_v2.image_data_source-default-p0000000026-s0000000024-man: Read complete after 0s [id=2215401803]
data.openstack_images_image_ids_v2.image_data_source-default-p0000000026-s0000000024-router: Read complete after 0s [id=3718318825]
data.openstack_images_image_ids_v2.image_data_source-default-p0000000026-s0000000024-victim: Read complete after 0s [id=2215401803]
data.openstack_images_image_ids_v2.image_data_source-default-p0000000026-s0000000024-exfil-server: Read complete after 0s [id=2215401803]

OpenTofu used the selected providers to generate the following execution
plan. Resource actions are indicated with the following symbols:
  + create

OpenTofu will perform the following actions:

  # openstack_compute_instance_v2.default-p0000000026-s0000000024-c2-server will be created
  + resource "openstack_compute_instance_v2" "default-p0000000026-s0000000024-c2-server" {
      + access_ip_v4        = (known after apply)
      + access_ip_v6        = (known after apply)
      + all_metadata        = (known after apply)
      + all_tags            = (known after apply)
      + availability_zone   = (known after apply)
      + config_drive        = true
      + created             = (known after apply)
      + flavor_id           = (known after apply)
      + flavor_name         = "standard.small"
      + force_delete        = false
      + hypervisor_hostname = (known after apply)
      + id                  = (known after apply)
      + image_id            = (known after apply)
      + image_name          = "ubuntu-noble-x86_64"
      + key_pair            = "default-p0000000026-72a0c612-ssh"
      + name                = "default-p0000000026-s0000000024-c2-server"
      + power_state         = "active"
      + region              = (known after apply)
      + security_groups     = (known after apply)
      + stop_before_destroy = false
      + updated             = (known after apply)

      + network {
          + access_network = false
          + fixed_ip_v4    = (known after apply)
          + fixed_ip_v6    = (known after apply)
          + mac            = (known after apply)
          + name           = (known after apply)
          + port           = (known after apply)
          + uuid           = (known after apply)
        }
      + network {
          + access_network = false
          + fixed_ip_v4    = (known after apply)
          + fixed_ip_v6    = (known after apply)
          + mac            = (known after apply)
          + name           = (known after apply)
          + port           = (known after apply)
          + uuid           = (known after apply)
        }
    }

  # openstack_compute_instance_v2.default-p0000000026-s0000000024-exfil-server will be created
  + resource "openstack_compute_instance_v2" "default-p0000000026-s0000000024-exfil-server" {
      + access_ip_v4        = (known after apply)
      + access_ip_v6        = (known after apply)
      + all_metadata        = (known after apply)
      + all_tags            = (known after apply)
      + availability_zone   = (known after apply)
      + config_drive        = true
      + created             = (known after apply)
      + flavor_id           = (known after apply)
      + flavor_name         = "standard.small"
      + force_delete        = false
      + hypervisor_hostname = (known after apply)
      + id                  = (known after apply)
      + image_id            = (known after apply)
      + image_name          = "ubuntu-noble-x86_64"
      + key_pair            = "default-p0000000026-72a0c612-ssh"
      + name                = "default-p0000000026-s0000000024-exfil-server"
      + power_state         = "active"
      + region              = (known after apply)
      + security_groups     = (known after apply)
      + stop_before_destroy = false
      + updated             = (known after apply)

      + network {
          + access_network = false
          + fixed_ip_v4    = (known after apply)
          + fixed_ip_v6    = (known after apply)
          + mac            = (known after apply)
          + name           = (known after apply)
          + port           = (known after apply)
          + uuid           = (known after apply)
        }
      + network {
          + access_network = false
          + fixed_ip_v4    = (known after apply)
          + fixed_ip_v6    = (known after apply)
          + mac            = (known after apply)
          + name           = (known after apply)
          + port           = (known after apply)
          + uuid           = (known after apply)
        }
    }

  # openstack_compute_instance_v2.default-p0000000026-s0000000024-man will be created
  + resource "openstack_compute_instance_v2" "default-p0000000026-s0000000024-man" {
      + access_ip_v4        = (known after apply)
      + access_ip_v6        = (known after apply)
      + all_metadata        = (known after apply)
      + all_tags            = (known after apply)
      + availability_zone   = (known after apply)
      + config_drive        = true
      + created             = (known after apply)
      + flavor_id           = (known after apply)
      + flavor_name         = "standard.medium"
      + force_delete        = false
      + hypervisor_hostname = (known after apply)
      + id                  = (known after apply)
      + image_id            = (known after apply)
      + image_name          = "ubuntu-noble-x86_64"
      + key_pair            = "default-p0000000026-72a0c612-ssh"
      + name                = "default-p0000000026-s0000000024-man"
      + power_state         = "active"
      + region              = (known after apply)
      + security_groups     = (known after apply)
      + stop_before_destroy = false
      + updated             = (known after apply)

      + network {
          + access_network = false
          + fixed_ip_v4    = (known after apply)
          + fixed_ip_v6    = (known after apply)
          + mac            = (known after apply)
          + name           = (known after apply)
          + port           = (known after apply)
          + uuid           = (known after apply)
        }
      + network {
          + access_network = false
          + fixed_ip_v4    = (known after apply)
          + fixed_ip_v6    = (known after apply)
          + mac            = (known after apply)
          + name           = (known after apply)
          + port           = (known after apply)
          + uuid           = (known after apply)
        }
      + network {
          + access_network = false
          + fixed_ip_v4    = (known after apply)
          + fixed_ip_v6    = (known after apply)
          + mac            = (known after apply)
          + name           = (known after apply)
          + port           = (known after apply)
          + uuid           = (known after apply)
        }
    }

  # openstack_compute_instance_v2.default-p0000000026-s0000000024-router will be created
  + resource "openstack_compute_instance_v2" "default-p0000000026-s0000000024-router" {
      + access_ip_v4        = (known after apply)
      + access_ip_v6        = (known after apply)
      + all_metadata        = (known after apply)
      + all_tags            = (known after apply)
      + availability_zone   = (known after apply)
      + config_drive        = true
      + created             = (known after apply)
      + flavor_id           = (known after apply)
      + flavor_name         = "standard.small"
      + force_delete        = false
      + hypervisor_hostname = (known after apply)
      + id                  = (known after apply)
      + image_id            = (known after apply)
      + image_name          = "debian-12-x86_64"
      + key_pair            = "default-p0000000026-72a0c612-ssh"
      + name                = "default-p0000000026-s0000000024-router"
      + power_state         = "active"
      + region              = (known after apply)
      + security_groups     = (known after apply)
      + stop_before_destroy = false
      + updated             = (known after apply)

      + network {
          + access_network = false
          + fixed_ip_v4    = (known after apply)
          + fixed_ip_v6    = (known after apply)
          + mac            = (known after apply)
          + name           = (known after apply)
          + port           = (known after apply)
          + uuid           = (known after apply)
        }
      + network {
          + access_network = false
          + fixed_ip_v4    = (known after apply)
          + fixed_ip_v6    = (known after apply)
          + mac            = (known after apply)
          + name           = (known after apply)
          + port           = (known after apply)
          + uuid           = (known after apply)
        }
      + network {
          + access_network = false
          + fixed_ip_v4    = (known after apply)
          + fixed_ip_v6    = (known after apply)
          + mac            = (known after apply)
          + name           = (known after apply)
          + port           = (known after apply)
          + uuid           = (known after apply)
        }
    }

  # openstack_compute_instance_v2.default-p0000000026-s0000000024-victim will be created
  + resource "openstack_compute_instance_v2" "default-p0000000026-s0000000024-victim" {
      + access_ip_v4        = (known after apply)
      + access_ip_v6        = (known after apply)
      + all_metadata        = (known after apply)
      + all_tags            = (known after apply)
      + availability_zone   = (known after apply)
      + config_drive        = true
      + created             = (known after apply)
      + flavor_id           = (known after apply)
      + flavor_name         = "standard.small"
      + force_delete        = false
      + hypervisor_hostname = (known after apply)
      + id                  = (known after apply)
      + image_id            = (known after apply)
      + image_name          = "ubuntu-noble-x86_64"
      + key_pair            = "default-p0000000026-72a0c612-ssh"
      + name                = "default-p0000000026-s0000000024-victim"
      + power_state         = "active"
      + region              = (known after apply)
      + security_groups     = (known after apply)
      + stop_before_destroy = false
      + updated             = (known after apply)

      + network {
          + access_network = false
          + fixed_ip_v4    = (known after apply)
          + fixed_ip_v6    = (known after apply)
          + mac            = (known after apply)
          + name           = (known after apply)
          + port           = (known after apply)
          + uuid           = (known after apply)
        }
      + network {
          + access_network = false
          + fixed_ip_v4    = (known after apply)
          + fixed_ip_v6    = (known after apply)
          + mac            = (known after apply)
          + name           = (known after apply)
          + port           = (known after apply)
          + uuid           = (known after apply)
        }
    }

  # openstack_networking_network_v2.default-p0000000026-s0000000024-man-network will be created
  + resource "openstack_networking_network_v2" "default-p0000000026-s0000000024-man-network" {
      + admin_state_up          = true
      + all_tags                = (known after apply)
      + availability_zone_hints = (known after apply)
      + dns_domain              = (known after apply)
      + external                = (known after apply)
      + id                      = (known after apply)
      + mtu                     = (known after apply)
      + name                    = "default-p0000000026-s0000000024-man-network"
      + port_security_enabled   = (known after apply)
      + qos_policy_id           = (known after apply)
      + region                  = (known after apply)
      + shared                  = (known after apply)
      + tenant_id               = (known after apply)
      + transparent_vlan        = (known after apply)

      + segments (known after apply)
    }

  # openstack_networking_network_v2.default-p0000000026-s0000000024-ransomware-switch will be created
  + resource "openstack_networking_network_v2" "default-p0000000026-s0000000024-ransomware-switch" {
      + admin_state_up          = true
      + all_tags                = (known after apply)
      + availability_zone_hints = (known after apply)
      + dns_domain              = (known after apply)
      + external                = (known after apply)
      + id                      = (known after apply)
      + mtu                     = (known after apply)
      + name                    = "default-p0000000026-s0000000024-ransomware-switch"
      + port_security_enabled   = (known after apply)
      + qos_policy_id           = (known after apply)
      + region                  = (known after apply)
      + shared                  = (known after apply)
      + tenant_id               = (known after apply)
      + transparent_vlan        = (known after apply)

      + segments (known after apply)
    }

  # openstack_networking_network_v2.default-p0000000026-s0000000024-wan will be created
  + resource "openstack_networking_network_v2" "default-p0000000026-s0000000024-wan" {
      + admin_state_up          = true
      + all_tags                = (known after apply)
      + availability_zone_hints = (known after apply)
      + dns_domain              = (known after apply)
      + external                = (known after apply)
      + id                      = (known after apply)
      + mtu                     = (known after apply)
      + name                    = "default-p0000000026-s0000000024-wan"
      + port_security_enabled   = (known after apply)
      + qos_policy_id           = (known after apply)
      + region                  = (known after apply)
      + shared                  = (known after apply)
      + tenant_id               = (known after apply)
      + transparent_vlan        = (known after apply)

      + segments (known after apply)
    }

  # openstack_networking_port_v2.default-p0000000026-s0000000024-link-1 will be created
  + resource "openstack_networking_port_v2" "default-p0000000026-s0000000024-link-1" {
      + admin_state_up         = true
      + all_fixed_ips          = (known after apply)
      + all_security_group_ids = (known after apply)
      + all_tags               = (known after apply)
      + device_id              = (known after apply)
      + device_owner           = (known after apply)
      + dns_assignment         = (known after apply)
      + dns_name               = (known after apply)
      + id                     = (known after apply)
      + mac_address            = (known after apply)
      + name                   = "default-p0000000026-s0000000024-link-1"
      + network_id             = (known after apply)
      + port_security_enabled  = (known after apply)
      + qos_policy_id          = (known after apply)
      + region                 = (known after apply)
      + security_group_ids     = [
          + "d318bcac-a977-4da2-a36c-6fc646adfd56",
        ]
      + tenant_id              = (known after apply)

      + allowed_address_pairs {
          + ip_address = "192.168.128.0/17"
        }

      + binding (known after apply)

      + fixed_ip {
          + subnet_id = (known after apply)
        }
    }

  # openstack_networking_port_v2.default-p0000000026-s0000000024-link-10 will be created
  + resource "openstack_networking_port_v2" "default-p0000000026-s0000000024-link-10" {
      + admin_state_up         = true
      + all_fixed_ips          = (known after apply)
      + all_security_group_ids = (known after apply)
      + all_tags               = (known after apply)
      + device_id              = (known after apply)
      + device_owner           = (known after apply)
      + dns_assignment         = (known after apply)
      + dns_name               = (known after apply)
      + id                     = (known after apply)
      + mac_address            = (known after apply)
      + name                   = "default-p0000000026-s0000000024-link-10"
      + network_id             = (known after apply)
      + port_security_enabled  = (known after apply)
      + qos_policy_id          = (known after apply)
      + region                 = (known after apply)
      + security_group_ids     = [
          + "0a14006d-c778-45be-9747-18bb05e2c46f",
        ]
      + tenant_id              = (known after apply)

      + allowed_address_pairs {
          + ip_address = "0.0.0.0/0"
        }

      + binding (known after apply)

      + fixed_ip {
          + subnet_id = (known after apply)
        }
    }

  # openstack_networking_port_v2.default-p0000000026-s0000000024-link-11 will be created
  + resource "openstack_networking_port_v2" "default-p0000000026-s0000000024-link-11" {
      + admin_state_up         = true
      + all_fixed_ips          = (known after apply)
      + all_security_group_ids = (known after apply)
      + all_tags               = (known after apply)
      + device_id              = (known after apply)
      + device_owner           = (known after apply)
      + dns_assignment         = (known after apply)
      + dns_name               = (known after apply)
      + id                     = (known after apply)
      + mac_address            = (known after apply)
      + name                   = "default-p0000000026-s0000000024-link-11"
      + network_id             = (known after apply)
      + port_security_enabled  = (known after apply)
      + qos_policy_id          = (known after apply)
      + region                 = (known after apply)
      + security_group_ids     = [
          + "0a14006d-c778-45be-9747-18bb05e2c46f",
        ]
      + tenant_id              = (known after apply)

      + allowed_address_pairs {
          + ip_address = "0.0.0.0/0"
        }

      + binding (known after apply)

      + fixed_ip {
          + ip_address = "192.168.90.1"
          + subnet_id  = (known after apply)
        }
    }

  # openstack_networking_port_v2.default-p0000000026-s0000000024-link-2 will be created
  + resource "openstack_networking_port_v2" "default-p0000000026-s0000000024-link-2" {
      + admin_state_up         = true
      + all_fixed_ips          = (known after apply)
      + all_security_group_ids = (known after apply)
      + all_tags               = (known after apply)
      + device_id              = (known after apply)
      + device_owner           = (known after apply)
      + dns_assignment         = (known after apply)
      + dns_name               = (known after apply)
      + id                     = (known after apply)
      + mac_address            = (known after apply)
      + name                   = "default-p0000000026-s0000000024-link-2"
      + network_id             = (known after apply)
      + port_security_enabled  = (known after apply)
      + qos_policy_id          = (known after apply)
      + region                 = (known after apply)
      + security_group_ids     = [
          + "0a14006d-c778-45be-9747-18bb05e2c46f",
        ]
      + tenant_id              = (known after apply)

      + allowed_address_pairs {
          + ip_address = "0.0.0.0/0"
        }

      + binding (known after apply)

      + fixed_ip {
          + subnet_id = (known after apply)
        }
    }

  # openstack_networking_port_v2.default-p0000000026-s0000000024-link-3 will be created
  + resource "openstack_networking_port_v2" "default-p0000000026-s0000000024-link-3" {
      + admin_state_up         = true
      + all_fixed_ips          = (known after apply)
      + all_security_group_ids = (known after apply)
      + all_tags               = (known after apply)
      + device_id              = (known after apply)
      + device_owner           = (known after apply)
      + dns_assignment         = (known after apply)
      + dns_name               = (known after apply)
      + id                     = (known after apply)
      + mac_address            = (known after apply)
      + name                   = "default-p0000000026-s0000000024-link-3"
      + network_id             = (known after apply)
      + port_security_enabled  = (known after apply)
      + qos_policy_id          = (known after apply)
      + region                 = (known after apply)
      + security_group_ids     = [
          + "c0f8ada3-ea6b-4204-8e6b-03fb49be5ab5",
        ]
      + tenant_id              = (known after apply)

      + allowed_address_pairs {
          + ip_address = "192.168.128.0/17"
        }

      + binding (known after apply)

      + fixed_ip {
          + subnet_id = (known after apply)
        }
    }

  # openstack_networking_port_v2.default-p0000000026-s0000000024-link-4 will be created
  + resource "openstack_networking_port_v2" "default-p0000000026-s0000000024-link-4" {
      + admin_state_up         = true
      + all_fixed_ips          = (known after apply)
      + all_security_group_ids = (known after apply)
      + all_tags               = (known after apply)
      + device_id              = (known after apply)
      + device_owner           = (known after apply)
      + dns_assignment         = (known after apply)
      + dns_name               = (known after apply)
      + id                     = (known after apply)
      + mac_address            = (known after apply)
      + name                   = "default-p0000000026-s0000000024-link-4"
      + network_id             = (known after apply)
      + port_security_enabled  = (known after apply)
      + qos_policy_id          = (known after apply)
      + region                 = (known after apply)
      + security_group_ids     = [
          + "c0f8ada3-ea6b-4204-8e6b-03fb49be5ab5",
        ]
      + tenant_id              = (known after apply)

      + allowed_address_pairs {
          + ip_address = "192.168.128.0/17"
        }

      + binding (known after apply)

      + fixed_ip {
          + subnet_id = (known after apply)
        }
    }

  # openstack_networking_port_v2.default-p0000000026-s0000000024-link-5 will be created
  + resource "openstack_networking_port_v2" "default-p0000000026-s0000000024-link-5" {
      + admin_state_up         = true
      + all_fixed_ips          = (known after apply)
      + all_security_group_ids = (known after apply)
      + all_tags               = (known after apply)
      + device_id              = (known after apply)
      + device_owner           = (known after apply)
      + dns_assignment         = (known after apply)
      + dns_name               = (known after apply)
      + id                     = (known after apply)
      + mac_address            = (known after apply)
      + name                   = "default-p0000000026-s0000000024-link-5"
      + network_id             = (known after apply)
      + port_security_enabled  = (known after apply)
      + qos_policy_id          = (known after apply)
      + region                 = (known after apply)
      + security_group_ids     = [
          + "c0f8ada3-ea6b-4204-8e6b-03fb49be5ab5",
        ]
      + tenant_id              = (known after apply)

      + allowed_address_pairs {
          + ip_address = "192.168.128.0/17"
        }

      + binding (known after apply)

      + fixed_ip {
          + subnet_id = (known after apply)
        }
    }

  # openstack_networking_port_v2.default-p0000000026-s0000000024-link-6 will be created
  + resource "openstack_networking_port_v2" "default-p0000000026-s0000000024-link-6" {
      + admin_state_up         = true
      + all_fixed_ips          = (known after apply)
      + all_security_group_ids = (known after apply)
      + all_tags               = (known after apply)
      + device_id              = (known after apply)
      + device_owner           = (known after apply)
      + dns_assignment         = (known after apply)
      + dns_name               = (known after apply)
      + id                     = (known after apply)
      + mac_address            = (known after apply)
      + name                   = "default-p0000000026-s0000000024-link-6"
      + network_id             = (known after apply)
      + port_security_enabled  = (known after apply)
      + qos_policy_id          = (known after apply)
      + region                 = (known after apply)
      + security_group_ids     = [
          + "0a14006d-c778-45be-9747-18bb05e2c46f",
        ]
      + tenant_id              = (known after apply)

      + allowed_address_pairs {
          + ip_address = "192.168.90.0/24"
        }

      + binding (known after apply)

      + fixed_ip {
          + ip_address = "192.168.90.5"
          + subnet_id  = (known after apply)
        }
    }

  # openstack_networking_port_v2.default-p0000000026-s0000000024-link-7 will be created
  + resource "openstack_networking_port_v2" "default-p0000000026-s0000000024-link-7" {
      + admin_state_up         = true
      + all_fixed_ips          = (known after apply)
      + all_security_group_ids = (known after apply)
      + all_tags               = (known after apply)
      + device_id              = (known after apply)
      + device_owner           = (known after apply)
      + dns_assignment         = (known after apply)
      + dns_name               = (known after apply)
      + id                     = (known after apply)
      + mac_address            = (known after apply)
      + name                   = "default-p0000000026-s0000000024-link-7"
      + network_id             = (known after apply)
      + port_security_enabled  = (known after apply)
      + qos_policy_id          = (known after apply)
      + region                 = (known after apply)
      + security_group_ids     = [
          + "0a14006d-c778-45be-9747-18bb05e2c46f",
        ]
      + tenant_id              = (known after apply)

      + allowed_address_pairs {
          + ip_address = "192.168.90.0/24"
        }

      + binding (known after apply)

      + fixed_ip {
          + ip_address = "192.168.90.10"
          + subnet_id  = (known after apply)
        }
    }

  # openstack_networking_port_v2.default-p0000000026-s0000000024-link-8 will be created
  + resource "openstack_networking_port_v2" "default-p0000000026-s0000000024-link-8" {
      + admin_state_up         = true
      + all_fixed_ips          = (known after apply)
      + all_security_group_ids = (known after apply)
      + all_tags               = (known after apply)
      + device_id              = (known after apply)
      + device_owner           = (known after apply)
      + dns_assignment         = (known after apply)
      + dns_name               = (known after apply)
      + id                     = (known after apply)
      + mac_address            = (known after apply)
      + name                   = "default-p0000000026-s0000000024-link-8"
      + network_id             = (known after apply)
      + port_security_enabled  = (known after apply)
      + qos_policy_id          = (known after apply)
      + region                 = (known after apply)
      + security_group_ids     = [
          + "0a14006d-c778-45be-9747-18bb05e2c46f",
        ]
      + tenant_id              = (known after apply)

      + allowed_address_pairs {
          + ip_address = "192.168.90.0/24"
        }

      + binding (known after apply)

      + fixed_ip {
          + ip_address = "192.168.90.20"
          + subnet_id  = (known after apply)
        }
    }

  # openstack_networking_port_v2.default-p0000000026-s0000000024-link-9 will be created
  + resource "openstack_networking_port_v2" "default-p0000000026-s0000000024-link-9" {
      + admin_state_up         = true
      + all_fixed_ips          = (known after apply)
      + all_security_group_ids = (known after apply)
      + all_tags               = (known after apply)
      + device_id              = (known after apply)
      + device_owner           = (known after apply)
      + dns_assignment         = (known after apply)
      + dns_name               = (known after apply)
      + id                     = (known after apply)
      + mac_address            = (known after apply)
      + name                   = "default-p0000000026-s0000000024-link-9"
      + network_id             = (known after apply)
      + port_security_enabled  = (known after apply)
      + qos_policy_id          = (known after apply)
      + region                 = (known after apply)
      + security_group_ids     = [
          + "c0f8ada3-ea6b-4204-8e6b-03fb49be5ab5",
        ]
      + tenant_id              = (known after apply)

      + allowed_address_pairs {
          + ip_address = "192.168.128.0/17"
        }

      + binding (known after apply)

      + fixed_ip {
          + subnet_id = (known after apply)
        }
    }

  # openstack_networking_port_v2.default-p0000000026-s0000000024-man-out-port will be created
  + resource "openstack_networking_port_v2" "default-p0000000026-s0000000024-man-out-port" {
      + admin_state_up         = true
      + all_fixed_ips          = (known after apply)
      + all_security_group_ids = (known after apply)
      + all_tags               = (known after apply)
      + device_id              = (known after apply)
      + device_owner           = (known after apply)
      + dns_assignment         = (known after apply)
      + dns_name               = (known after apply)
      + id                     = (known after apply)
      + mac_address            = (known after apply)
      + name                   = "default-p0000000026-s0000000024-man-out-port"
      + network_id             = "9d8f9b2a-992c-4edc-8444-0bfc3c2b3cef"
      + port_security_enabled  = (known after apply)
      + qos_policy_id          = (known after apply)
      + region                 = (known after apply)
      + security_group_ids     = [
          + "fe29039a-d081-4023-adad-9641c8059c30",
        ]
      + tenant_id              = (known after apply)

      + allowed_address_pairs {
          + ip_address = "0.0.0.0/0"
        }

      + binding (known after apply)
    }

  # openstack_networking_subnet_v2.default-p0000000026-s0000000024-man-network-subnet will be created
  + resource "openstack_networking_subnet_v2" "default-p0000000026-s0000000024-man-network-subnet" {
      + all_tags          = (known after apply)
      + cidr              = "192.168.128.0/17"
      + dns_nameservers   = [
          + "1.1.1.1",
          + "1.0.0.1",
        ]
      + enable_dhcp       = true
      + gateway_ip        = (known after apply)
      + id                = (known after apply)
      + ip_version        = 4
      + ipv6_address_mode = (known after apply)
      + ipv6_ra_mode      = (known after apply)
      + name              = "default-p0000000026-s0000000024-man-network-subnet"
      + network_id        = (known after apply)
      + no_gateway        = true
      + region            = (known after apply)
      + service_types     = (known after apply)
      + tenant_id         = (known after apply)

      + allocation_pool (known after apply)
    }

  # openstack_networking_subnet_v2.default-p0000000026-s0000000024-ransomware-switch-subnet will be created
  + resource "openstack_networking_subnet_v2" "default-p0000000026-s0000000024-ransomware-switch-subnet" {
      + all_tags          = (known after apply)
      + cidr              = "192.168.90.0/24"
      + dns_nameservers   = [
          + "1.1.1.1",
          + "1.0.0.1",
        ]
      + enable_dhcp       = true
      + gateway_ip        = "192.168.90.1"
      + id                = (known after apply)
      + ip_version        = 4
      + ipv6_address_mode = (known after apply)
      + ipv6_ra_mode      = (known after apply)
      + name              = "default-p0000000026-s0000000024-ransomware-switch-subnet"
      + network_id        = (known after apply)
      + no_gateway        = false
      + region            = (known after apply)
      + service_types     = (known after apply)
      + tenant_id         = (known after apply)

      + allocation_pool (known after apply)
    }

  # openstack_networking_subnet_v2.default-p0000000026-s0000000024-wan-subnet will be created
  + resource "openstack_networking_subnet_v2" "default-p0000000026-s0000000024-wan-subnet" {
      + all_tags          = (known after apply)
      + cidr              = "100.100.100.0/24"
      + dns_nameservers   = [
          + "1.1.1.1",
          + "1.0.0.1",
        ]
      + enable_dhcp       = true
      + gateway_ip        = (known after apply)
      + id                = (known after apply)
      + ip_version        = 4
      + ipv6_address_mode = (known after apply)
      + ipv6_ra_mode      = (known after apply)
      + name              = "default-p0000000026-s0000000024-wan-subnet"
      + network_id        = (known after apply)
      + no_gateway        = true
      + region            = (known after apply)
      + service_types     = (known after apply)
      + tenant_id         = (known after apply)

      + allocation_pool (known after apply)
    }

Plan: 23 to add, 0 to change, 0 to destroy.
openstack_networking_network_v2.default-p0000000026-s0000000024-wan: Creating...
openstack_networking_network_v2.default-p0000000026-s0000000024-ransomware-switch: Creating...
openstack_networking_port_v2.default-p0000000026-s0000000024-man-out-port: Creating...
openstack_networking_network_v2.default-p0000000026-s0000000024-man-network: Creating...
openstack_networking_network_v2.default-p0000000026-s0000000024-man-network: Creation complete after 1s [id=e46229ea-4203-4204-811d-9716d02665a3]
openstack_networking_subnet_v2.default-p0000000026-s0000000024-man-network-subnet: Creating...
openstack_networking_network_v2.default-p0000000026-s0000000024-wan: Creation complete after 1s [id=2236997c-d2e2-4bf3-b012-52daf8d66f7d]
openstack_networking_subnet_v2.default-p0000000026-s0000000024-wan-subnet: Creating...
openstack_networking_network_v2.default-p0000000026-s0000000024-ransomware-switch: Creation complete after 1s [id=f5cba4b9-e0f9-4eed-b90f-e198148b907a]
openstack_networking_subnet_v2.default-p0000000026-s0000000024-ransomware-switch-subnet: Creating...
openstack_networking_subnet_v2.default-p0000000026-s0000000024-wan-subnet: Creation complete after 0s [id=d0a190d5-9acc-47c5-b831-4254781cf37a]
openstack_networking_port_v2.default-p0000000026-s0000000024-link-10: Creating...
openstack_networking_port_v2.default-p0000000026-s0000000024-link-2: Creating...
openstack_networking_port_v2.default-p0000000026-s0000000024-man-out-port: Creation complete after 1s [id=ea8cf3d0-36a7-46d6-bb2e-8fe8bc9d83ff]
openstack_networking_subnet_v2.default-p0000000026-s0000000024-man-network-subnet: Creation complete after 0s [id=c52b355d-e2da-4ece-9caa-f275761ed179]
openstack_networking_port_v2.default-p0000000026-s0000000024-link-1: Creating...
openstack_networking_port_v2.default-p0000000026-s0000000024-link-5: Creating...
openstack_networking_port_v2.default-p0000000026-s0000000024-link-4: Creating...
openstack_networking_port_v2.default-p0000000026-s0000000024-link-3: Creating...
openstack_networking_port_v2.default-p0000000026-s0000000024-link-9: Creating...
openstack_networking_subnet_v2.default-p0000000026-s0000000024-ransomware-switch-subnet: Creation complete after 0s [id=24ebae2b-4e15-40a9-bf68-394bc82539a4]
openstack_networking_port_v2.default-p0000000026-s0000000024-link-7: Creating...
openstack_networking_port_v2.default-p0000000026-s0000000024-link-6: Creating...
openstack_networking_port_v2.default-p0000000026-s0000000024-link-11: Creating...
openstack_networking_port_v2.default-p0000000026-s0000000024-link-10: Creation complete after 0s [id=856342a9-27eb-4f61-a650-07e6c13f70ee]
openstack_networking_port_v2.default-p0000000026-s0000000024-link-8: Creating...
openstack_networking_port_v2.default-p0000000026-s0000000024-link-2: Creation complete after 0s [id=ce401796-f456-4d01-b7e9-639f3281e9f9]
openstack_networking_port_v2.default-p0000000026-s0000000024-link-9: Creation complete after 0s [id=f8d6ce18-9a5e-4b12-9e6d-c8ba96de8f06]
openstack_networking_port_v2.default-p0000000026-s0000000024-link-5: Creation complete after 0s [id=42138b2c-839c-407e-8b3d-5c0ef674e3d8]
openstack_networking_port_v2.default-p0000000026-s0000000024-link-8: Creation complete after 0s [id=afce2c33-b989-4694-9c3c-d7685c3f6791]
openstack_networking_port_v2.default-p0000000026-s0000000024-link-7: Creation complete after 0s [id=776a540d-414f-4310-a658-8ac758dcc1fa]
openstack_networking_port_v2.default-p0000000026-s0000000024-link-6: Creation complete after 0s [id=94a36ff3-1bce-4cf4-801e-2a6beccf9e4f]
openstack_networking_port_v2.default-p0000000026-s0000000024-link-11: Creation complete after 0s [id=83e69f18-95c0-4ed1-9aef-2657bb8b9814]
openstack_compute_instance_v2.default-p0000000026-s0000000024-exfil-server: Creating...
openstack_compute_instance_v2.default-p0000000026-s0000000024-router: Creating...
openstack_networking_port_v2.default-p0000000026-s0000000024-link-1: Creation complete after 0s [id=bb2403e8-45a2-4dac-9dff-3b190b8b1298]
openstack_compute_instance_v2.default-p0000000026-s0000000024-man: Creating...
openstack_networking_port_v2.default-p0000000026-s0000000024-link-4: Creation complete after 0s [id=42740e2e-1876-484c-94a5-47afc3f7151b]
openstack_compute_instance_v2.default-p0000000026-s0000000024-victim: Creating...
openstack_networking_port_v2.default-p0000000026-s0000000024-link-3: Creation complete after 0s [id=adc9be13-0094-42f3-b87a-e26bdb9e2b6f]
openstack_compute_instance_v2.default-p0000000026-s0000000024-c2-server: Creating...
openstack_compute_instance_v2.default-p0000000026-s0000000024-exfil-server: Still creating... [10s elapsed]
openstack_compute_instance_v2.default-p0000000026-s0000000024-man: Still creating... [10s elapsed]
openstack_compute_instance_v2.default-p0000000026-s0000000024-victim: Still creating... [10s elapsed]
openstack_compute_instance_v2.default-p0000000026-s0000000024-c2-server: Still creating... [10s elapsed]
openstack_compute_instance_v2.default-p0000000026-s0000000024-exfil-server: Still creating... [20s elapsed]
openstack_compute_instance_v2.default-p0000000026-s0000000024-man: Still creating... [20s elapsed]
openstack_compute_instance_v2.default-p0000000026-s0000000024-victim: Still creating... [20s elapsed]
openstack_compute_instance_v2.default-p0000000026-s0000000024-c2-server: Still creating... [20s elapsed]
openstack_compute_instance_v2.default-p0000000026-s0000000024-exfil-server: Creation complete after 20s [id=2b3fca86-6337-4d17-a642-cd9656eb4954]
openstack_compute_instance_v2.default-p0000000026-s0000000024-victim: Creation complete after 21s [id=3bb158d9-0246-44d4-9c45-6366a7644f7d]
openstack_compute_instance_v2.default-p0000000026-s0000000024-c2-server: Creation complete after 21s [id=77f720b8-8bf8-4330-b913-7391452ca4ce]
openstack_compute_instance_v2.default-p0000000026-s0000000024-man: Still creating... [30s elapsed]
openstack_compute_instance_v2.default-p0000000026-s0000000024-man: Creation complete after 31s [id=39a76884-7279-4b1a-8051-83a331974aaf]
There are some problems with the provider_installation configuration:╷│ Error: Invalid provider source exclusion patterns││ CLI config specifies invalid provider exclusion patterns: invalid provider│ matching pattern "*": must have either two or three slash-separated│ segments.╵As a result of the above problems, OpenTofu's provider installer may not behave as intended.Error: Error waiting for instance (f17c3670-118f-4c7f-939b-1f0ad2ebf119) to become ready: unexpected state 'ERROR', wanted target 'ACTIVE'. last error: %!s(<nil>)  with openstack_compute_instance_v2.default-p0000000026-s0000000024-router,  on deploy.tf line 327, in resource "openstack_compute_instance_v2" "default-p0000000026-s0000000024-router": 327: resource "openstack_compute_instance_v2" "default-p0000000026-s0000000024-router" {