data.openstack_networking_network_v2.base-net: Reading...
data.openstack_networking_secgroup_v2.sandbox-man-int-sg: Reading...
data.openstack_networking_secgroup_v2.sandbox-internal-sg: Reading...
data.openstack_networking_secgroup_v2.sandbox-access-sg: Reading...
data.openstack_images_image_ids_v2.image_data_source-default-p0000000048-s0000000048-router: Reading...
data.openstack_images_image_ids_v2.image_data_source-default-p0000000048-s0000000048-man: Reading...
data.openstack_images_image_ids_v2.image_data_source-default-p0000000048-s0000000048-workstation: Reading...
data.openstack_networking_secgroup_v2.sandbox-man-sg: Reading...
data.openstack_images_image_ids_v2.image_data_source-default-p0000000048-s0000000048-file-server: Reading...
data.openstack_images_image_ids_v2.image_data_source-default-p0000000048-s0000000048-attacker: Reading...
data.openstack_networking_secgroup_v2.sandbox-access-sg: Read complete after 0s [id=fe29039a-d081-4023-adad-9641c8059c30]
data.openstack_networking_secgroup_v2.sandbox-man-int-sg: Read complete after 0s [id=c0f8ada3-ea6b-4204-8e6b-03fb49be5ab5]
data.openstack_networking_secgroup_v2.sandbox-man-sg: Read complete after 0s [id=d318bcac-a977-4da2-a36c-6fc646adfd56]
data.openstack_networking_secgroup_v2.sandbox-internal-sg: Read complete after 0s [id=0a14006d-c778-45be-9747-18bb05e2c46f]
data.openstack_networking_network_v2.base-net: Read complete after 0s [id=9d8f9b2a-992c-4edc-8444-0bfc3c2b3cef]
data.openstack_images_image_ids_v2.image_data_source-default-p0000000048-s0000000048-man: Read complete after 0s [id=2215401803]
data.openstack_images_image_ids_v2.image_data_source-default-p0000000048-s0000000048-workstation: Read complete after 0s [id=2215401803]
data.openstack_images_image_ids_v2.image_data_source-default-p0000000048-s0000000048-attacker: Read complete after 0s [id=2215401803]
data.openstack_images_image_ids_v2.image_data_source-default-p0000000048-s0000000048-file-server: Read complete after 0s [id=2215401803]
data.openstack_images_image_ids_v2.image_data_source-default-p0000000048-s0000000048-router: Read complete after 0s [id=3718318825]

OpenTofu used the selected providers to generate the following execution
plan. Resource actions are indicated with the following symbols:
  + create

OpenTofu will perform the following actions:

  # openstack_compute_instance_v2.default-p0000000048-s0000000048-attacker will be created
  + resource "openstack_compute_instance_v2" "default-p0000000048-s0000000048-attacker" {
      + access_ip_v4        = (known after apply)
      + access_ip_v6        = (known after apply)
      + all_metadata        = (known after apply)
      + all_tags            = (known after apply)
      + availability_zone   = (known after apply)
      + config_drive        = true
      + created             = (known after apply)
      + flavor_id           = (known after apply)
      + flavor_name         = "standard.small"
      + force_delete        = false
      + hypervisor_hostname = (known after apply)
      + id                  = (known after apply)
      + image_id            = (known after apply)
      + image_name          = "ubuntu-noble-x86_64"
      + key_pair            = "default-p0000000048-15a45cf5-ssh"
      + name                = "default-p0000000048-s0000000048-attacker"
      + power_state         = "active"
      + region              = (known after apply)
      + security_groups     = (known after apply)
      + stop_before_destroy = false
      + updated             = (known after apply)

      + network {
          + access_network = false
          + fixed_ip_v4    = (known after apply)
          + fixed_ip_v6    = (known after apply)
          + mac            = (known after apply)
          + name           = (known after apply)
          + port           = (known after apply)
          + uuid           = (known after apply)
        }
      + network {
          + access_network = false
          + fixed_ip_v4    = (known after apply)
          + fixed_ip_v6    = (known after apply)
          + mac            = (known after apply)
          + name           = (known after apply)
          + port           = (known after apply)
          + uuid           = (known after apply)
        }
    }

  # openstack_compute_instance_v2.default-p0000000048-s0000000048-file-server will be created
  + resource "openstack_compute_instance_v2" "default-p0000000048-s0000000048-file-server" {
      + access_ip_v4        = (known after apply)
      + access_ip_v6        = (known after apply)
      + all_metadata        = (known after apply)
      + all_tags            = (known after apply)
      + availability_zone   = (known after apply)
      + config_drive        = true
      + created             = (known after apply)
      + flavor_id           = (known after apply)
      + flavor_name         = "standard.small"
      + force_delete        = false
      + hypervisor_hostname = (known after apply)
      + id                  = (known after apply)
      + image_id            = (known after apply)
      + image_name          = "ubuntu-noble-x86_64"
      + key_pair            = "default-p0000000048-15a45cf5-ssh"
      + name                = "default-p0000000048-s0000000048-file-server"
      + power_state         = "active"
      + region              = (known after apply)
      + security_groups     = (known after apply)
      + stop_before_destroy = false
      + updated             = (known after apply)

      + network {
          + access_network = false
          + fixed_ip_v4    = (known after apply)
          + fixed_ip_v6    = (known after apply)
          + mac            = (known after apply)
          + name           = (known after apply)
          + port           = (known after apply)
          + uuid           = (known after apply)
        }
      + network {
          + access_network = false
          + fixed_ip_v4    = (known after apply)
          + fixed_ip_v6    = (known after apply)
          + mac            = (known after apply)
          + name           = (known after apply)
          + port           = (known after apply)
          + uuid           = (known after apply)
        }
    }

  # openstack_compute_instance_v2.default-p0000000048-s0000000048-man will be created
  + resource "openstack_compute_instance_v2" "default-p0000000048-s0000000048-man" {
      + access_ip_v4        = (known after apply)
      + access_ip_v6        = (known after apply)
      + all_metadata        = (known after apply)
      + all_tags            = (known after apply)
      + availability_zone   = (known after apply)
      + config_drive        = true
      + created             = (known after apply)
      + flavor_id           = (known after apply)
      + flavor_name         = "standard.medium"
      + force_delete        = false
      + hypervisor_hostname = (known after apply)
      + id                  = (known after apply)
      + image_id            = (known after apply)
      + image_name          = "ubuntu-noble-x86_64"
      + key_pair            = "default-p0000000048-15a45cf5-ssh"
      + name                = "default-p0000000048-s0000000048-man"
      + power_state         = "active"
      + region              = (known after apply)
      + security_groups     = (known after apply)
      + stop_before_destroy = false
      + updated             = (known after apply)

      + network {
          + access_network = false
          + fixed_ip_v4    = (known after apply)
          + fixed_ip_v6    = (known after apply)
          + mac            = (known after apply)
          + name           = (known after apply)
          + port           = (known after apply)
          + uuid           = (known after apply)
        }
      + network {
          + access_network = false
          + fixed_ip_v4    = (known after apply)
          + fixed_ip_v6    = (known after apply)
          + mac            = (known after apply)
          + name           = (known after apply)
          + port           = (known after apply)
          + uuid           = (known after apply)
        }
      + network {
          + access_network = false
          + fixed_ip_v4    = (known after apply)
          + fixed_ip_v6    = (known after apply)
          + mac            = (known after apply)
          + name           = (known after apply)
          + port           = (known after apply)
          + uuid           = (known after apply)
        }
    }

  # openstack_compute_instance_v2.default-p0000000048-s0000000048-router will be created
  + resource "openstack_compute_instance_v2" "default-p0000000048-s0000000048-router" {
      + access_ip_v4        = (known after apply)
      + access_ip_v6        = (known after apply)
      + all_metadata        = (known after apply)
      + all_tags            = (known after apply)
      + availability_zone   = (known after apply)
      + config_drive        = true
      + created             = (known after apply)
      + flavor_id           = (known after apply)
      + flavor_name         = "standard.small"
      + force_delete        = false
      + hypervisor_hostname = (known after apply)
      + id                  = (known after apply)
      + image_id            = (known after apply)
      + image_name          = "debian-12-x86_64"
      + key_pair            = "default-p0000000048-15a45cf5-ssh"
      + name                = "default-p0000000048-s0000000048-router"
      + power_state         = "active"
      + region              = (known after apply)
      + security_groups     = (known after apply)
      + stop_before_destroy = false
      + updated             = (known after apply)

      + network {
          + access_network = false
          + fixed_ip_v4    = (known after apply)
          + fixed_ip_v6    = (known after apply)
          + mac            = (known after apply)
          + name           = (known after apply)
          + port           = (known after apply)
          + uuid           = (known after apply)
        }
      + network {
          + access_network = false
          + fixed_ip_v4    = (known after apply)
          + fixed_ip_v6    = (known after apply)
          + mac            = (known after apply)
          + name           = (known after apply)
          + port           = (known after apply)
          + uuid           = (known after apply)
        }
      + network {
          + access_network = false
          + fixed_ip_v4    = (known after apply)
          + fixed_ip_v6    = (known after apply)
          + mac            = (known after apply)
          + name           = (known after apply)
          + port           = (known after apply)
          + uuid           = (known after apply)
        }
      + network {
          + access_network = false
          + fixed_ip_v4    = (known after apply)
          + fixed_ip_v6    = (known after apply)
          + mac            = (known after apply)
          + name           = (known after apply)
          + port           = (known after apply)
          + uuid           = (known after apply)
        }
    }

  # openstack_compute_instance_v2.default-p0000000048-s0000000048-workstation will be created
  + resource "openstack_compute_instance_v2" "default-p0000000048-s0000000048-workstation" {
      + access_ip_v4        = (known after apply)
      + access_ip_v6        = (known after apply)
      + all_metadata        = (known after apply)
      + all_tags            = (known after apply)
      + availability_zone   = (known after apply)
      + config_drive        = true
      + created             = (known after apply)
      + flavor_id           = (known after apply)
      + flavor_name         = "standard.small"
      + force_delete        = false
      + hypervisor_hostname = (known after apply)
      + id                  = (known after apply)
      + image_id            = (known after apply)
      + image_name          = "ubuntu-noble-x86_64"
      + key_pair            = "default-p0000000048-15a45cf5-ssh"
      + name                = "default-p0000000048-s0000000048-workstation"
      + power_state         = "active"
      + region              = (known after apply)
      + security_groups     = (known after apply)
      + stop_before_destroy = false
      + updated             = (known after apply)

      + network {
          + access_network = false
          + fixed_ip_v4    = (known after apply)
          + fixed_ip_v6    = (known after apply)
          + mac            = (known after apply)
          + name           = (known after apply)
          + port           = (known after apply)
          + uuid           = (known after apply)
        }
      + network {
          + access_network = false
          + fixed_ip_v4    = (known after apply)
          + fixed_ip_v6    = (known after apply)
          + mac            = (known after apply)
          + name           = (known after apply)
          + port           = (known after apply)
          + uuid           = (known after apply)
        }
    }

  # openstack_networking_network_v2.default-p0000000048-s0000000048-attacker-switch will be created
  + resource "openstack_networking_network_v2" "default-p0000000048-s0000000048-attacker-switch" {
      + admin_state_up          = true
      + all_tags                = (known after apply)
      + availability_zone_hints = (known after apply)
      + dns_domain              = (known after apply)
      + external                = (known after apply)
      + id                      = (known after apply)
      + mtu                     = (known after apply)
      + name                    = "default-p0000000048-s0000000048-attacker-switch"
      + port_security_enabled   = (known after apply)
      + qos_policy_id           = (known after apply)
      + region                  = (known after apply)
      + shared                  = (known after apply)
      + tenant_id               = (known after apply)
      + transparent_vlan        = (known after apply)

      + segments (known after apply)
    }

  # openstack_networking_network_v2.default-p0000000048-s0000000048-corp-switch will be created
  + resource "openstack_networking_network_v2" "default-p0000000048-s0000000048-corp-switch" {
      + admin_state_up          = true
      + all_tags                = (known after apply)
      + availability_zone_hints = (known after apply)
      + dns_domain              = (known after apply)
      + external                = (known after apply)
      + id                      = (known after apply)
      + mtu                     = (known after apply)
      + name                    = "default-p0000000048-s0000000048-corp-switch"
      + port_security_enabled   = (known after apply)
      + qos_policy_id           = (known after apply)
      + region                  = (known after apply)
      + shared                  = (known after apply)
      + tenant_id               = (known after apply)
      + transparent_vlan        = (known after apply)

      + segments (known after apply)
    }

  # openstack_networking_network_v2.default-p0000000048-s0000000048-man-network will be created
  + resource "openstack_networking_network_v2" "default-p0000000048-s0000000048-man-network" {
      + admin_state_up          = true
      + all_tags                = (known after apply)
      + availability_zone_hints = (known after apply)
      + dns_domain              = (known after apply)
      + external                = (known after apply)
      + id                      = (known after apply)
      + mtu                     = (known after apply)
      + name                    = "default-p0000000048-s0000000048-man-network"
      + port_security_enabled   = (known after apply)
      + qos_policy_id           = (known after apply)
      + region                  = (known after apply)
      + shared                  = (known after apply)
      + tenant_id               = (known after apply)
      + transparent_vlan        = (known after apply)

      + segments (known after apply)
    }

  # openstack_networking_network_v2.default-p0000000048-s0000000048-wan will be created
  + resource "openstack_networking_network_v2" "default-p0000000048-s0000000048-wan" {
      + admin_state_up          = true
      + all_tags                = (known after apply)
      + availability_zone_hints = (known after apply)
      + dns_domain              = (known after apply)
      + external                = (known after apply)
      + id                      = (known after apply)
      + mtu                     = (known after apply)
      + name                    = "default-p0000000048-s0000000048-wan"
      + port_security_enabled   = (known after apply)
      + qos_policy_id           = (known after apply)
      + region                  = (known after apply)
      + shared                  = (known after apply)
      + tenant_id               = (known after apply)
      + transparent_vlan        = (known after apply)

      + segments (known after apply)
    }

  # openstack_networking_port_v2.default-p0000000048-s0000000048-link-1 will be created
  + resource "openstack_networking_port_v2" "default-p0000000048-s0000000048-link-1" {
      + admin_state_up         = true
      + all_fixed_ips          = (known after apply)
      + all_security_group_ids = (known after apply)
      + all_tags               = (known after apply)
      + device_id              = (known after apply)
      + device_owner           = (known after apply)
      + dns_assignment         = (known after apply)
      + dns_name               = (known after apply)
      + id                     = (known after apply)
      + mac_address            = (known after apply)
      + name                   = "default-p0000000048-s0000000048-link-1"
      + network_id             = (known after apply)
      + port_security_enabled  = (known after apply)
      + qos_policy_id          = (known after apply)
      + region                 = (known after apply)
      + security_group_ids     = [
          + "d318bcac-a977-4da2-a36c-6fc646adfd56",
        ]
      + tenant_id              = (known after apply)

      + allowed_address_pairs {
          + ip_address = "192.168.128.0/17"
        }

      + binding (known after apply)

      + fixed_ip {
          + subnet_id = (known after apply)
        }
    }

  # openstack_networking_port_v2.default-p0000000048-s0000000048-link-10 will be created
  + resource "openstack_networking_port_v2" "default-p0000000048-s0000000048-link-10" {
      + admin_state_up         = true
      + all_fixed_ips          = (known after apply)
      + all_security_group_ids = (known after apply)
      + all_tags               = (known after apply)
      + device_id              = (known after apply)
      + device_owner           = (known after apply)
      + dns_assignment         = (known after apply)
      + dns_name               = (known after apply)
      + id                     = (known after apply)
      + mac_address            = (known after apply)
      + name                   = "default-p0000000048-s0000000048-link-10"
      + network_id             = (known after apply)
      + port_security_enabled  = (known after apply)
      + qos_policy_id          = (known after apply)
      + region                 = (known after apply)
      + security_group_ids     = [
          + "0a14006d-c778-45be-9747-18bb05e2c46f",
        ]
      + tenant_id              = (known after apply)

      + allowed_address_pairs {
          + ip_address = "0.0.0.0/0"
        }

      + binding (known after apply)

      + fixed_ip {
          + subnet_id = (known after apply)
        }
    }

  # openstack_networking_port_v2.default-p0000000048-s0000000048-link-11 will be created
  + resource "openstack_networking_port_v2" "default-p0000000048-s0000000048-link-11" {
      + admin_state_up         = true
      + all_fixed_ips          = (known after apply)
      + all_security_group_ids = (known after apply)
      + all_tags               = (known after apply)
      + device_id              = (known after apply)
      + device_owner           = (known after apply)
      + dns_assignment         = (known after apply)
      + dns_name               = (known after apply)
      + id                     = (known after apply)
      + mac_address            = (known after apply)
      + name                   = "default-p0000000048-s0000000048-link-11"
      + network_id             = (known after apply)
      + port_security_enabled  = (known after apply)
      + qos_policy_id          = (known after apply)
      + region                 = (known after apply)
      + security_group_ids     = [
          + "0a14006d-c778-45be-9747-18bb05e2c46f",
        ]
      + tenant_id              = (known after apply)

      + allowed_address_pairs {
          + ip_address = "0.0.0.0/0"
        }

      + binding (known after apply)

      + fixed_ip {
          + ip_address = "192.168.40.1"
          + subnet_id  = (known after apply)
        }
    }

  # openstack_networking_port_v2.default-p0000000048-s0000000048-link-12 will be created
  + resource "openstack_networking_port_v2" "default-p0000000048-s0000000048-link-12" {
      + admin_state_up         = true
      + all_fixed_ips          = (known after apply)
      + all_security_group_ids = (known after apply)
      + all_tags               = (known after apply)
      + device_id              = (known after apply)
      + device_owner           = (known after apply)
      + dns_assignment         = (known after apply)
      + dns_name               = (known after apply)
      + id                     = (known after apply)
      + mac_address            = (known after apply)
      + name                   = "default-p0000000048-s0000000048-link-12"
      + network_id             = (known after apply)
      + port_security_enabled  = (known after apply)
      + qos_policy_id          = (known after apply)
      + region                 = (known after apply)
      + security_group_ids     = [
          + "0a14006d-c778-45be-9747-18bb05e2c46f",
        ]
      + tenant_id              = (known after apply)

      + allowed_address_pairs {
          + ip_address = "0.0.0.0/0"
        }

      + binding (known after apply)

      + fixed_ip {
          + ip_address = "192.168.50.1"
          + subnet_id  = (known after apply)
        }
    }

  # openstack_networking_port_v2.default-p0000000048-s0000000048-link-2 will be created
  + resource "openstack_networking_port_v2" "default-p0000000048-s0000000048-link-2" {
      + admin_state_up         = true
      + all_fixed_ips          = (known after apply)
      + all_security_group_ids = (known after apply)
      + all_tags               = (known after apply)
      + device_id              = (known after apply)
      + device_owner           = (known after apply)
      + dns_assignment         = (known after apply)
      + dns_name               = (known after apply)
      + id                     = (known after apply)
      + mac_address            = (known after apply)
      + name                   = "default-p0000000048-s0000000048-link-2"
      + network_id             = (known after apply)
      + port_security_enabled  = (known after apply)
      + qos_policy_id          = (known after apply)
      + region                 = (known after apply)
      + security_group_ids     = [
          + "0a14006d-c778-45be-9747-18bb05e2c46f",
        ]
      + tenant_id              = (known after apply)

      + allowed_address_pairs {
          + ip_address = "0.0.0.0/0"
        }

      + binding (known after apply)

      + fixed_ip {
          + subnet_id = (known after apply)
        }
    }

  # openstack_networking_port_v2.default-p0000000048-s0000000048-link-3 will be created
  + resource "openstack_networking_port_v2" "default-p0000000048-s0000000048-link-3" {
      + admin_state_up         = true
      + all_fixed_ips          = (known after apply)
      + all_security_group_ids = (known after apply)
      + all_tags               = (known after apply)
      + device_id              = (known after apply)
      + device_owner           = (known after apply)
      + dns_assignment         = (known after apply)
      + dns_name               = (known after apply)
      + id                     = (known after apply)
      + mac_address            = (known after apply)
      + name                   = "default-p0000000048-s0000000048-link-3"
      + network_id             = (known after apply)
      + port_security_enabled  = (known after apply)
      + qos_policy_id          = (known after apply)
      + region                 = (known after apply)
      + security_group_ids     = [
          + "c0f8ada3-ea6b-4204-8e6b-03fb49be5ab5",
        ]
      + tenant_id              = (known after apply)

      + allowed_address_pairs {
          + ip_address = "192.168.128.0/17"
        }

      + binding (known after apply)

      + fixed_ip {
          + subnet_id = (known after apply)
        }
    }

  # openstack_networking_port_v2.default-p0000000048-s0000000048-link-4 will be created
  + resource "openstack_networking_port_v2" "default-p0000000048-s0000000048-link-4" {
      + admin_state_up         = true
      + all_fixed_ips          = (known after apply)
      + all_security_group_ids = (known after apply)
      + all_tags               = (known after apply)
      + device_id              = (known after apply)
      + device_owner           = (known after apply)
      + dns_assignment         = (known after apply)
      + dns_name               = (known after apply)
      + id                     = (known after apply)
      + mac_address            = (known after apply)
      + name                   = "default-p0000000048-s0000000048-link-4"
      + network_id             = (known after apply)
      + port_security_enabled  = (known after apply)
      + qos_policy_id          = (known after apply)
      + region                 = (known after apply)
      + security_group_ids     = [
          + "c0f8ada3-ea6b-4204-8e6b-03fb49be5ab5",
        ]
      + tenant_id              = (known after apply)

      + allowed_address_pairs {
          + ip_address = "192.168.128.0/17"
        }

      + binding (known after apply)

      + fixed_ip {
          + subnet_id = (known after apply)
        }
    }

  # openstack_networking_port_v2.default-p0000000048-s0000000048-link-5 will be created
  + resource "openstack_networking_port_v2" "default-p0000000048-s0000000048-link-5" {
      + admin_state_up         = true
      + all_fixed_ips          = (known after apply)
      + all_security_group_ids = (known after apply)
      + all_tags               = (known after apply)
      + device_id              = (known after apply)
      + device_owner           = (known after apply)
      + dns_assignment         = (known after apply)
      + dns_name               = (known after apply)
      + id                     = (known after apply)
      + mac_address            = (known after apply)
      + name                   = "default-p0000000048-s0000000048-link-5"
      + network_id             = (known after apply)
      + port_security_enabled  = (known after apply)
      + qos_policy_id          = (known after apply)
      + region                 = (known after apply)
      + security_group_ids     = [
          + "c0f8ada3-ea6b-4204-8e6b-03fb49be5ab5",
        ]
      + tenant_id              = (known after apply)

      + allowed_address_pairs {
          + ip_address = "192.168.128.0/17"
        }

      + binding (known after apply)

      + fixed_ip {
          + subnet_id = (known after apply)
        }
    }

  # openstack_networking_port_v2.default-p0000000048-s0000000048-link-6 will be created
  + resource "openstack_networking_port_v2" "default-p0000000048-s0000000048-link-6" {
      + admin_state_up         = true
      + all_fixed_ips          = (known after apply)
      + all_security_group_ids = (known after apply)
      + all_tags               = (known after apply)
      + device_id              = (known after apply)
      + device_owner           = (known after apply)
      + dns_assignment         = (known after apply)
      + dns_name               = (known after apply)
      + id                     = (known after apply)
      + mac_address            = (known after apply)
      + name                   = "default-p0000000048-s0000000048-link-6"
      + network_id             = (known after apply)
      + port_security_enabled  = (known after apply)
      + qos_policy_id          = (known after apply)
      + region                 = (known after apply)
      + security_group_ids     = [
          + "0a14006d-c778-45be-9747-18bb05e2c46f",
        ]
      + tenant_id              = (known after apply)

      + allowed_address_pairs {
          + ip_address = "192.168.40.0/24"
        }

      + binding (known after apply)

      + fixed_ip {
          + ip_address = "192.168.40.5"
          + subnet_id  = (known after apply)
        }
    }

  # openstack_networking_port_v2.default-p0000000048-s0000000048-link-7 will be created
  + resource "openstack_networking_port_v2" "default-p0000000048-s0000000048-link-7" {
      + admin_state_up         = true
      + all_fixed_ips          = (known after apply)
      + all_security_group_ids = (known after apply)
      + all_tags               = (known after apply)
      + device_id              = (known after apply)
      + device_owner           = (known after apply)
      + dns_assignment         = (known after apply)
      + dns_name               = (known after apply)
      + id                     = (known after apply)
      + mac_address            = (known after apply)
      + name                   = "default-p0000000048-s0000000048-link-7"
      + network_id             = (known after apply)
      + port_security_enabled  = (known after apply)
      + qos_policy_id          = (known after apply)
      + region                 = (known after apply)
      + security_group_ids     = [
          + "0a14006d-c778-45be-9747-18bb05e2c46f",
        ]
      + tenant_id              = (known after apply)

      + allowed_address_pairs {
          + ip_address = "192.168.50.0/24"
        }

      + binding (known after apply)

      + fixed_ip {
          + ip_address = "192.168.50.5"
          + subnet_id  = (known after apply)
        }
    }

  # openstack_networking_port_v2.default-p0000000048-s0000000048-link-8 will be created
  + resource "openstack_networking_port_v2" "default-p0000000048-s0000000048-link-8" {
      + admin_state_up         = true
      + all_fixed_ips          = (known after apply)
      + all_security_group_ids = (known after apply)
      + all_tags               = (known after apply)
      + device_id              = (known after apply)
      + device_owner           = (known after apply)
      + dns_assignment         = (known after apply)
      + dns_name               = (known after apply)
      + id                     = (known after apply)
      + mac_address            = (known after apply)
      + name                   = "default-p0000000048-s0000000048-link-8"
      + network_id             = (known after apply)
      + port_security_enabled  = (known after apply)
      + qos_policy_id          = (known after apply)
      + region                 = (known after apply)
      + security_group_ids     = [
          + "0a14006d-c778-45be-9747-18bb05e2c46f",
        ]
      + tenant_id              = (known after apply)

      + allowed_address_pairs {
          + ip_address = "192.168.50.0/24"
        }

      + binding (known after apply)

      + fixed_ip {
          + ip_address = "192.168.50.6"
          + subnet_id  = (known after apply)
        }
    }

  # openstack_networking_port_v2.default-p0000000048-s0000000048-link-9 will be created
  + resource "openstack_networking_port_v2" "default-p0000000048-s0000000048-link-9" {
      + admin_state_up         = true
      + all_fixed_ips          = (known after apply)
      + all_security_group_ids = (known after apply)
      + all_tags               = (known after apply)
      + device_id              = (known after apply)
      + device_owner           = (known after apply)
      + dns_assignment         = (known after apply)
      + dns_name               = (known after apply)
      + id                     = (known after apply)
      + mac_address            = (known after apply)
      + name                   = "default-p0000000048-s0000000048-link-9"
      + network_id             = (known after apply)
      + port_security_enabled  = (known after apply)
      + qos_policy_id          = (known after apply)
      + region                 = (known after apply)
      + security_group_ids     = [
          + "c0f8ada3-ea6b-4204-8e6b-03fb49be5ab5",
        ]
      + tenant_id              = (known after apply)

      + allowed_address_pairs {
          + ip_address = "192.168.128.0/17"
        }

      + binding (known after apply)

      + fixed_ip {
          + subnet_id = (known after apply)
        }
    }

  # openstack_networking_port_v2.default-p0000000048-s0000000048-man-out-port will be created
  + resource "openstack_networking_port_v2" "default-p0000000048-s0000000048-man-out-port" {
      + admin_state_up         = true
      + all_fixed_ips          = (known after apply)
      + all_security_group_ids = (known after apply)
      + all_tags               = (known after apply)
      + device_id              = (known after apply)
      + device_owner           = (known after apply)
      + dns_assignment         = (known after apply)
      + dns_name               = (known after apply)
      + id                     = (known after apply)
      + mac_address            = (known after apply)
      + name                   = "default-p0000000048-s0000000048-man-out-port"
      + network_id             = "9d8f9b2a-992c-4edc-8444-0bfc3c2b3cef"
      + port_security_enabled  = (known after apply)
      + qos_policy_id          = (known after apply)
      + region                 = (known after apply)
      + security_group_ids     = [
          + "fe29039a-d081-4023-adad-9641c8059c30",
        ]
      + tenant_id              = (known after apply)

      + allowed_address_pairs {
          + ip_address = "0.0.0.0/0"
        }

      + binding (known after apply)
    }

  # openstack_networking_subnet_v2.default-p0000000048-s0000000048-attacker-switch-subnet will be created
  + resource "openstack_networking_subnet_v2" "default-p0000000048-s0000000048-attacker-switch-subnet" {
      + all_tags          = (known after apply)
      + cidr              = "192.168.40.0/24"
      + dns_nameservers   = [
          + "1.1.1.1",
          + "1.0.0.1",
        ]
      + enable_dhcp       = true
      + gateway_ip        = "192.168.40.1"
      + id                = (known after apply)
      + ip_version        = 4
      + ipv6_address_mode = (known after apply)
      + ipv6_ra_mode      = (known after apply)
      + name              = "default-p0000000048-s0000000048-attacker-switch-subnet"
      + network_id        = (known after apply)
      + no_gateway        = false
      + region            = (known after apply)
      + service_types     = (known after apply)
      + tenant_id         = (known after apply)

      + allocation_pool (known after apply)
    }

  # openstack_networking_subnet_v2.default-p0000000048-s0000000048-corp-switch-subnet will be created
  + resource "openstack_networking_subnet_v2" "default-p0000000048-s0000000048-corp-switch-subnet" {
      + all_tags          = (known after apply)
      + cidr              = "192.168.50.0/24"
      + dns_nameservers   = [
          + "1.1.1.1",
          + "1.0.0.1",
        ]
      + enable_dhcp       = true
      + gateway_ip        = "192.168.50.1"
      + id                = (known after apply)
      + ip_version        = 4
      + ipv6_address_mode = (known after apply)
      + ipv6_ra_mode      = (known after apply)
      + name              = "default-p0000000048-s0000000048-corp-switch-subnet"
      + network_id        = (known after apply)
      + no_gateway        = false
      + region            = (known after apply)
      + service_types     = (known after apply)
      + tenant_id         = (known after apply)

      + allocation_pool (known after apply)
    }

  # openstack_networking_subnet_v2.default-p0000000048-s0000000048-man-network-subnet will be created
  + resource "openstack_networking_subnet_v2" "default-p0000000048-s0000000048-man-network-subnet" {
      + all_tags          = (known after apply)
      + cidr              = "192.168.128.0/17"
      + dns_nameservers   = [
          + "1.1.1.1",
          + "1.0.0.1",
        ]
      + enable_dhcp       = true
      + gateway_ip        = (known after apply)
      + id                = (known after apply)
      + ip_version        = 4
      + ipv6_address_mode = (known after apply)
      + ipv6_ra_mode      = (known after apply)
      + name              = "default-p0000000048-s0000000048-man-network-subnet"
      + network_id        = (known after apply)
      + no_gateway        = true
      + region            = (known after apply)
      + service_types     = (known after apply)
      + tenant_id         = (known after apply)

      + allocation_pool (known after apply)
    }

  # openstack_networking_subnet_v2.default-p0000000048-s0000000048-wan-subnet will be created
  + resource "openstack_networking_subnet_v2" "default-p0000000048-s0000000048-wan-subnet" {
      + all_tags          = (known after apply)
      + cidr              = "100.100.100.0/24"
      + dns_nameservers   = [
          + "1.1.1.1",
          + "1.0.0.1",
        ]
      + enable_dhcp       = true
      + gateway_ip        = (known after apply)
      + id                = (known after apply)
      + ip_version        = 4
      + ipv6_address_mode = (known after apply)
      + ipv6_ra_mode      = (known after apply)
      + name              = "default-p0000000048-s0000000048-wan-subnet"
      + network_id        = (known after apply)
      + no_gateway        = true
      + region            = (known after apply)
      + service_types     = (known after apply)
      + tenant_id         = (known after apply)

      + allocation_pool (known after apply)
    }

Plan: 26 to add, 0 to change, 0 to destroy.
openstack_networking_network_v2.default-p0000000048-s0000000048-attacker-switch: Creating...
openstack_networking_network_v2.default-p0000000048-s0000000048-corp-switch: Creating...
openstack_networking_network_v2.default-p0000000048-s0000000048-man-network: Creating...
openstack_networking_network_v2.default-p0000000048-s0000000048-wan: Creating...
openstack_networking_port_v2.default-p0000000048-s0000000048-man-out-port: Creating...
openstack_networking_network_v2.default-p0000000048-s0000000048-man-network: Creation complete after 1s [id=8fe4dea6-b7ed-4e61-8584-9cf25fbfa0f3]
openstack_networking_subnet_v2.default-p0000000048-s0000000048-man-network-subnet: Creating...
openstack_networking_network_v2.default-p0000000048-s0000000048-attacker-switch: Creation complete after 1s [id=f2b77270-dc3a-4e9b-94fb-5d97fdab79f4]
openstack_networking_subnet_v2.default-p0000000048-s0000000048-attacker-switch-subnet: Creating...
openstack_networking_network_v2.default-p0000000048-s0000000048-wan: Creation complete after 1s [id=506916e0-5f59-4bad-bca7-6ef7742c22f2]
openstack_networking_subnet_v2.default-p0000000048-s0000000048-wan-subnet: Creating...
openstack_networking_network_v2.default-p0000000048-s0000000048-corp-switch: Creation complete after 1s [id=89776a97-bdcb-4a9a-a0c9-4f927529bd3d]
openstack_networking_subnet_v2.default-p0000000048-s0000000048-corp-switch-subnet: Creating...
openstack_networking_subnet_v2.default-p0000000048-s0000000048-man-network-subnet: Creation complete after 0s [id=dfea8c9e-7e9d-4441-849f-89e4e6ebe456]
openstack_networking_port_v2.default-p0000000048-s0000000048-link-4: Creating...
openstack_networking_port_v2.default-p0000000048-s0000000048-link-1: Creating...
openstack_networking_port_v2.default-p0000000048-s0000000048-link-5: Creating...
openstack_networking_port_v2.default-p0000000048-s0000000048-link-3: Creating...
openstack_networking_port_v2.default-p0000000048-s0000000048-link-9: Creating...
openstack_networking_subnet_v2.default-p0000000048-s0000000048-wan-subnet: Creation complete after 0s [id=f483dbc6-90d1-4c80-b308-b33b5fd18ef9]
openstack_networking_port_v2.default-p0000000048-s0000000048-link-2: Creating...
openstack_networking_port_v2.default-p0000000048-s0000000048-link-10: Creating...
openstack_networking_port_v2.default-p0000000048-s0000000048-man-out-port: Creation complete after 1s [id=70dcb25c-e2cf-454b-afc5-764b90776ef0]
openstack_networking_subnet_v2.default-p0000000048-s0000000048-attacker-switch-subnet: Creation complete after 0s [id=fbbc1e72-4026-4a92-b17e-dc730181eff8]
openstack_networking_port_v2.default-p0000000048-s0000000048-link-6: Creating...
openstack_networking_port_v2.default-p0000000048-s0000000048-link-11: Creating...
openstack_networking_subnet_v2.default-p0000000048-s0000000048-corp-switch-subnet: Creation complete after 0s [id=0fac7387-ab2e-48bd-a94d-76be3e2937ec]
openstack_networking_port_v2.default-p0000000048-s0000000048-link-8: Creating...
openstack_networking_port_v2.default-p0000000048-s0000000048-link-1: Creation complete after 0s [id=cb1b4081-ddd9-4f56-a391-08fb89550d3e]
openstack_networking_port_v2.default-p0000000048-s0000000048-link-12: Creating...
openstack_networking_port_v2.default-p0000000048-s0000000048-link-3: Creation complete after 0s [id=01201501-ff9e-4ff2-ae52-8924a2c4bbfa]
openstack_networking_port_v2.default-p0000000048-s0000000048-link-7: Creating...
openstack_networking_port_v2.default-p0000000048-s0000000048-link-5: Creation complete after 0s [id=1929235c-464d-452d-aaba-1c5f7ced7ce3]
openstack_networking_port_v2.default-p0000000048-s0000000048-link-4: Creation complete after 0s [id=a4de93ef-9ee6-465c-a5be-9ea23e15fdbe]
openstack_networking_port_v2.default-p0000000048-s0000000048-link-9: Creation complete after 0s [id=f9f7b673-3ab7-4510-aaae-6842177f6256]
openstack_networking_port_v2.default-p0000000048-s0000000048-link-2: Creation complete after 0s [id=ba70baaf-5cff-449f-8237-dbb2b5714549]
openstack_compute_instance_v2.default-p0000000048-s0000000048-man: Creating...
openstack_networking_port_v2.default-p0000000048-s0000000048-link-10: Creation complete after 0s [id=8914abad-b27a-4267-80f3-34ccc07b5d63]
openstack_networking_port_v2.default-p0000000048-s0000000048-link-6: Creation complete after 0s [id=a7dacfd0-ca2f-4e8b-a851-c874dfeb5f0e]
openstack_networking_port_v2.default-p0000000048-s0000000048-link-8: Creation complete after 0s [id=fc49694b-0161-4bdc-a412-b1e2a9e2dc21]
openstack_compute_instance_v2.default-p0000000048-s0000000048-attacker: Creating...
openstack_compute_instance_v2.default-p0000000048-s0000000048-file-server: Creating...
openstack_networking_port_v2.default-p0000000048-s0000000048-link-11: Creation complete after 0s [id=b3c8970f-e341-49a6-b0ba-eef7da755e34]
openstack_networking_port_v2.default-p0000000048-s0000000048-link-12: Creation complete after 0s [id=05c5b129-ecc4-4d42-9c4f-7d73fa056ce5]
openstack_compute_instance_v2.default-p0000000048-s0000000048-router: Creating...
openstack_networking_port_v2.default-p0000000048-s0000000048-link-7: Creation complete after 1s [id=1e339cd0-a1a6-461f-b2c6-33ba423b821a]
openstack_compute_instance_v2.default-p0000000048-s0000000048-workstation: Creating...
There are some problems with the provider_installation configuration:╷│ Error: Invalid provider source exclusion patterns││ CLI config specifies invalid provider exclusion patterns: invalid provider│ matching pattern "*": must have either two or three slash-separated│ segments.╵As a result of the above problems, OpenTofu's provider installer may not behave as intended.Error: Error waiting for instance (22643954-dc08-4d72-8e17-429d0ffc2c0f) to become ready: unexpected state 'ERROR', wanted target 'ACTIVE'. last error: %!s(<nil>)  with openstack_compute_instance_v2.default-p0000000048-s0000000048-attacker,  on deploy.tf line 298, in resource "openstack_compute_instance_v2" "default-p0000000048-s0000000048-attacker": 298: resource "openstack_compute_instance_v2" "default-p0000000048-s0000000048-attacker" {Error: Error waiting for instance (7afcbf2f-080a-43cf-8211-c8cd6935ea99) to become ready: unexpected state 'ERROR', wanted target 'ACTIVE'. last error: %!s(<nil>)  with openstack_compute_instance_v2.default-p0000000048-s0000000048-workstation,  on deploy.tf line 319, in resource "openstack_compute_instance_v2" "default-p0000000048-s0000000048-workstation": 319: resource "openstack_compute_instance_v2" "default-p0000000048-s0000000048-workstation" {Error: Error waiting for instance (02431f74-e887-4124-b55f-254d1f8b5a6f) to become ready: unexpected state 'ERROR', wanted target 'ACTIVE'. last error: %!s(<nil>)  with openstack_compute_instance_v2.default-p0000000048-s0000000048-file-server,  on deploy.tf line 340, in resource "openstack_compute_instance_v2" "default-p0000000048-s0000000048-file-server": 340: resource "openstack_compute_instance_v2" "default-p0000000048-s0000000048-file-server" {Error: Error waiting for instance (d584c71d-c866-487a-bf22-6a96623559a9) to become ready: unexpected state 'ERROR', wanted target 'ACTIVE'. last error: %!s(<nil>)  with openstack_compute_instance_v2.default-p0000000048-s0000000048-router,  on deploy.tf line 361, in resource "openstack_compute_instance_v2" "default-p0000000048-s0000000048-router": 361: resource "openstack_compute_instance_v2" "default-p0000000048-s0000000048-router" {Error: Error waiting for instance (661a83bf-af24-4e17-87a3-ebf7b2b6db76) to become ready: unexpected state 'ERROR', wanted target 'ACTIVE'. last error: %!s(<nil>)  with openstack_compute_instance_v2.default-p0000000048-s0000000048-man,  on deploy.tf line 403, in resource "openstack_compute_instance_v2" "default-p0000000048-s0000000048-man": 403: resource "openstack_compute_instance_v2" "default-p0000000048-s0000000048-man" {