data.openstack_images_image_ids_v2.image_data_source-default-p0000000055-s0000000055-router: Reading...
data.openstack_networking_network_v2.base-net: Reading...
data.openstack_networking_secgroup_v2.sandbox-man-sg: Reading...
data.openstack_networking_secgroup_v2.sandbox-man-int-sg: Reading...
data.openstack_networking_secgroup_v2.sandbox-internal-sg: Reading...
data.openstack_images_image_ids_v2.image_data_source-default-p0000000055-s0000000055-host-b: Reading...
data.openstack_images_image_ids_v2.image_data_source-default-p0000000055-s0000000055-patient-zero: Reading...
data.openstack_images_image_ids_v2.image_data_source-default-p0000000055-s0000000055-man: Reading...
data.openstack_networking_secgroup_v2.sandbox-access-sg: Reading...
data.openstack_images_image_ids_v2.image_data_source-default-p0000000055-s0000000055-host-a: Reading...
data.openstack_images_image_ids_v2.image_data_source-default-p0000000055-s0000000055-host-b: Read complete after 0s [id=2215401803]
data.openstack_networking_secgroup_v2.sandbox-man-sg: Read complete after 0s [id=d318bcac-a977-4da2-a36c-6fc646adfd56]
data.openstack_images_image_ids_v2.image_data_source-default-p0000000055-s0000000055-attacker: Reading...
data.openstack_networking_secgroup_v2.sandbox-man-int-sg: Read complete after 0s [id=c0f8ada3-ea6b-4204-8e6b-03fb49be5ab5]
data.openstack_images_image_ids_v2.image_data_source-default-p0000000055-s0000000055-patient-zero: Read complete after 0s [id=2215401803]
data.openstack_images_image_ids_v2.image_data_source-default-p0000000055-s0000000055-router: Read complete after 0s [id=3718318825]
data.openstack_networking_secgroup_v2.sandbox-internal-sg: Read complete after 0s [id=0a14006d-c778-45be-9747-18bb05e2c46f]
data.openstack_images_image_ids_v2.image_data_source-default-p0000000055-s0000000055-man: Read complete after 0s [id=2215401803]
data.openstack_networking_secgroup_v2.sandbox-access-sg: Read complete after 0s [id=fe29039a-d081-4023-adad-9641c8059c30]
data.openstack_networking_network_v2.base-net: Read complete after 0s [id=9d8f9b2a-992c-4edc-8444-0bfc3c2b3cef]
data.openstack_images_image_ids_v2.image_data_source-default-p0000000055-s0000000055-attacker: Read complete after 0s [id=2215401803]
data.openstack_images_image_ids_v2.image_data_source-default-p0000000055-s0000000055-host-a: Read complete after 0s [id=2215401803]

OpenTofu used the selected providers to generate the following execution
plan. Resource actions are indicated with the following symbols:
  + create

OpenTofu will perform the following actions:

  # openstack_compute_instance_v2.default-p0000000055-s0000000055-attacker will be created
  + resource "openstack_compute_instance_v2" "default-p0000000055-s0000000055-attacker" {
      + access_ip_v4        = (known after apply)
      + access_ip_v6        = (known after apply)
      + all_metadata        = (known after apply)
      + all_tags            = (known after apply)
      + availability_zone   = (known after apply)
      + config_drive        = true
      + created             = (known after apply)
      + flavor_id           = (known after apply)
      + flavor_name         = "standard.small"
      + force_delete        = false
      + hypervisor_hostname = (known after apply)
      + id                  = (known after apply)
      + image_id            = (known after apply)
      + image_name          = "ubuntu-noble-x86_64"
      + key_pair            = "default-p0000000055-67daf1ad-ssh"
      + name                = "default-p0000000055-s0000000055-attacker"
      + power_state         = "active"
      + region              = (known after apply)
      + security_groups     = (known after apply)
      + stop_before_destroy = false
      + updated             = (known after apply)

      + network {
          + access_network = false
          + fixed_ip_v4    = (known after apply)
          + fixed_ip_v6    = (known after apply)
          + mac            = (known after apply)
          + name           = (known after apply)
          + port           = (known after apply)
          + uuid           = (known after apply)
        }
      + network {
          + access_network = false
          + fixed_ip_v4    = (known after apply)
          + fixed_ip_v6    = (known after apply)
          + mac            = (known after apply)
          + name           = (known after apply)
          + port           = (known after apply)
          + uuid           = (known after apply)
        }
    }

  # openstack_compute_instance_v2.default-p0000000055-s0000000055-host-a will be created
  + resource "openstack_compute_instance_v2" "default-p0000000055-s0000000055-host-a" {
      + access_ip_v4        = (known after apply)
      + access_ip_v6        = (known after apply)
      + all_metadata        = (known after apply)
      + all_tags            = (known after apply)
      + availability_zone   = (known after apply)
      + config_drive        = true
      + created             = (known after apply)
      + flavor_id           = (known after apply)
      + flavor_name         = "standard.small"
      + force_delete        = false
      + hypervisor_hostname = (known after apply)
      + id                  = (known after apply)
      + image_id            = (known after apply)
      + image_name          = "ubuntu-noble-x86_64"
      + key_pair            = "default-p0000000055-67daf1ad-ssh"
      + name                = "default-p0000000055-s0000000055-host-a"
      + power_state         = "active"
      + region              = (known after apply)
      + security_groups     = (known after apply)
      + stop_before_destroy = false
      + updated             = (known after apply)

      + network {
          + access_network = false
          + fixed_ip_v4    = (known after apply)
          + fixed_ip_v6    = (known after apply)
          + mac            = (known after apply)
          + name           = (known after apply)
          + port           = (known after apply)
          + uuid           = (known after apply)
        }
      + network {
          + access_network = false
          + fixed_ip_v4    = (known after apply)
          + fixed_ip_v6    = (known after apply)
          + mac            = (known after apply)
          + name           = (known after apply)
          + port           = (known after apply)
          + uuid           = (known after apply)
        }
    }

  # openstack_compute_instance_v2.default-p0000000055-s0000000055-host-b will be created
  + resource "openstack_compute_instance_v2" "default-p0000000055-s0000000055-host-b" {
      + access_ip_v4        = (known after apply)
      + access_ip_v6        = (known after apply)
      + all_metadata        = (known after apply)
      + all_tags            = (known after apply)
      + availability_zone   = (known after apply)
      + config_drive        = true
      + created             = (known after apply)
      + flavor_id           = (known after apply)
      + flavor_name         = "standard.small"
      + force_delete        = false
      + hypervisor_hostname = (known after apply)
      + id                  = (known after apply)
      + image_id            = (known after apply)
      + image_name          = "ubuntu-noble-x86_64"
      + key_pair            = "default-p0000000055-67daf1ad-ssh"
      + name                = "default-p0000000055-s0000000055-host-b"
      + power_state         = "active"
      + region              = (known after apply)
      + security_groups     = (known after apply)
      + stop_before_destroy = false
      + updated             = (known after apply)

      + network {
          + access_network = false
          + fixed_ip_v4    = (known after apply)
          + fixed_ip_v6    = (known after apply)
          + mac            = (known after apply)
          + name           = (known after apply)
          + port           = (known after apply)
          + uuid           = (known after apply)
        }
      + network {
          + access_network = false
          + fixed_ip_v4    = (known after apply)
          + fixed_ip_v6    = (known after apply)
          + mac            = (known after apply)
          + name           = (known after apply)
          + port           = (known after apply)
          + uuid           = (known after apply)
        }
    }

  # openstack_compute_instance_v2.default-p0000000055-s0000000055-man will be created
  + resource "openstack_compute_instance_v2" "default-p0000000055-s0000000055-man" {
      + access_ip_v4        = (known after apply)
      + access_ip_v6        = (known after apply)
      + all_metadata        = (known after apply)
      + all_tags            = (known after apply)
      + availability_zone   = (known after apply)
      + config_drive        = true
      + created             = (known after apply)
      + flavor_id           = (known after apply)
      + flavor_name         = "standard.medium"
      + force_delete        = false
      + hypervisor_hostname = (known after apply)
      + id                  = (known after apply)
      + image_id            = (known after apply)
      + image_name          = "ubuntu-noble-x86_64"
      + key_pair            = "default-p0000000055-67daf1ad-ssh"
      + name                = "default-p0000000055-s0000000055-man"
      + power_state         = "active"
      + region              = (known after apply)
      + security_groups     = (known after apply)
      + stop_before_destroy = false
      + updated             = (known after apply)

      + network {
          + access_network = false
          + fixed_ip_v4    = (known after apply)
          + fixed_ip_v6    = (known after apply)
          + mac            = (known after apply)
          + name           = (known after apply)
          + port           = (known after apply)
          + uuid           = (known after apply)
        }
      + network {
          + access_network = false
          + fixed_ip_v4    = (known after apply)
          + fixed_ip_v6    = (known after apply)
          + mac            = (known after apply)
          + name           = (known after apply)
          + port           = (known after apply)
          + uuid           = (known after apply)
        }
      + network {
          + access_network = false
          + fixed_ip_v4    = (known after apply)
          + fixed_ip_v6    = (known after apply)
          + mac            = (known after apply)
          + name           = (known after apply)
          + port           = (known after apply)
          + uuid           = (known after apply)
        }
    }

  # openstack_compute_instance_v2.default-p0000000055-s0000000055-patient-zero will be created
  + resource "openstack_compute_instance_v2" "default-p0000000055-s0000000055-patient-zero" {
      + access_ip_v4        = (known after apply)
      + access_ip_v6        = (known after apply)
      + all_metadata        = (known after apply)
      + all_tags            = (known after apply)
      + availability_zone   = (known after apply)
      + config_drive        = true
      + created             = (known after apply)
      + flavor_id           = (known after apply)
      + flavor_name         = "standard.small"
      + force_delete        = false
      + hypervisor_hostname = (known after apply)
      + id                  = (known after apply)
      + image_id            = (known after apply)
      + image_name          = "ubuntu-noble-x86_64"
      + key_pair            = "default-p0000000055-67daf1ad-ssh"
      + name                = "default-p0000000055-s0000000055-patient-zero"
      + power_state         = "active"
      + region              = (known after apply)
      + security_groups     = (known after apply)
      + stop_before_destroy = false
      + updated             = (known after apply)

      + network {
          + access_network = false
          + fixed_ip_v4    = (known after apply)
          + fixed_ip_v6    = (known after apply)
          + mac            = (known after apply)
          + name           = (known after apply)
          + port           = (known after apply)
          + uuid           = (known after apply)
        }
      + network {
          + access_network = false
          + fixed_ip_v4    = (known after apply)
          + fixed_ip_v6    = (known after apply)
          + mac            = (known after apply)
          + name           = (known after apply)
          + port           = (known after apply)
          + uuid           = (known after apply)
        }
    }

  # openstack_compute_instance_v2.default-p0000000055-s0000000055-router will be created
  + resource "openstack_compute_instance_v2" "default-p0000000055-s0000000055-router" {
      + access_ip_v4        = (known after apply)
      + access_ip_v6        = (known after apply)
      + all_metadata        = (known after apply)
      + all_tags            = (known after apply)
      + availability_zone   = (known after apply)
      + config_drive        = true
      + created             = (known after apply)
      + flavor_id           = (known after apply)
      + flavor_name         = "standard.small"
      + force_delete        = false
      + hypervisor_hostname = (known after apply)
      + id                  = (known after apply)
      + image_id            = (known after apply)
      + image_name          = "debian-12-x86_64"
      + key_pair            = "default-p0000000055-67daf1ad-ssh"
      + name                = "default-p0000000055-s0000000055-router"
      + power_state         = "active"
      + region              = (known after apply)
      + security_groups     = (known after apply)
      + stop_before_destroy = false
      + updated             = (known after apply)

      + network {
          + access_network = false
          + fixed_ip_v4    = (known after apply)
          + fixed_ip_v6    = (known after apply)
          + mac            = (known after apply)
          + name           = (known after apply)
          + port           = (known after apply)
          + uuid           = (known after apply)
        }
      + network {
          + access_network = false
          + fixed_ip_v4    = (known after apply)
          + fixed_ip_v6    = (known after apply)
          + mac            = (known after apply)
          + name           = (known after apply)
          + port           = (known after apply)
          + uuid           = (known after apply)
        }
      + network {
          + access_network = false
          + fixed_ip_v4    = (known after apply)
          + fixed_ip_v6    = (known after apply)
          + mac            = (known after apply)
          + name           = (known after apply)
          + port           = (known after apply)
          + uuid           = (known after apply)
        }
    }

  # openstack_networking_network_v2.default-p0000000055-s0000000055-man-network will be created
  + resource "openstack_networking_network_v2" "default-p0000000055-s0000000055-man-network" {
      + admin_state_up          = true
      + all_tags                = (known after apply)
      + availability_zone_hints = (known after apply)
      + dns_domain              = (known after apply)
      + external                = (known after apply)
      + id                      = (known after apply)
      + mtu                     = (known after apply)
      + name                    = "default-p0000000055-s0000000055-man-network"
      + port_security_enabled   = (known after apply)
      + qos_policy_id           = (known after apply)
      + region                  = (known after apply)
      + shared                  = (known after apply)
      + tenant_id               = (known after apply)
      + transparent_vlan        = (known after apply)

      + segments (known after apply)
    }

  # openstack_networking_network_v2.default-p0000000055-s0000000055-wan will be created
  + resource "openstack_networking_network_v2" "default-p0000000055-s0000000055-wan" {
      + admin_state_up          = true
      + all_tags                = (known after apply)
      + availability_zone_hints = (known after apply)
      + dns_domain              = (known after apply)
      + external                = (known after apply)
      + id                      = (known after apply)
      + mtu                     = (known after apply)
      + name                    = "default-p0000000055-s0000000055-wan"
      + port_security_enabled   = (known after apply)
      + qos_policy_id           = (known after apply)
      + region                  = (known after apply)
      + shared                  = (known after apply)
      + tenant_id               = (known after apply)
      + transparent_vlan        = (known after apply)

      + segments (known after apply)
    }

  # openstack_networking_network_v2.default-p0000000055-s0000000055-worm-switch will be created
  + resource "openstack_networking_network_v2" "default-p0000000055-s0000000055-worm-switch" {
      + admin_state_up          = true
      + all_tags                = (known after apply)
      + availability_zone_hints = (known after apply)
      + dns_domain              = (known after apply)
      + external                = (known after apply)
      + id                      = (known after apply)
      + mtu                     = (known after apply)
      + name                    = "default-p0000000055-s0000000055-worm-switch"
      + port_security_enabled   = (known after apply)
      + qos_policy_id           = (known after apply)
      + region                  = (known after apply)
      + shared                  = (known after apply)
      + tenant_id               = (known after apply)
      + transparent_vlan        = (known after apply)

      + segments (known after apply)
    }

  # openstack_networking_port_v2.default-p0000000055-s0000000055-link-1 will be created
  + resource "openstack_networking_port_v2" "default-p0000000055-s0000000055-link-1" {
      + admin_state_up         = true
      + all_fixed_ips          = (known after apply)
      + all_security_group_ids = (known after apply)
      + all_tags               = (known after apply)
      + device_id              = (known after apply)
      + device_owner           = (known after apply)
      + dns_assignment         = (known after apply)
      + dns_name               = (known after apply)
      + id                     = (known after apply)
      + mac_address            = (known after apply)
      + name                   = "default-p0000000055-s0000000055-link-1"
      + network_id             = (known after apply)
      + port_security_enabled  = (known after apply)
      + qos_policy_id          = (known after apply)
      + region                 = (known after apply)
      + security_group_ids     = [
          + "d318bcac-a977-4da2-a36c-6fc646adfd56",
        ]
      + tenant_id              = (known after apply)

      + allowed_address_pairs {
          + ip_address = "192.168.128.0/17"
        }

      + binding (known after apply)

      + fixed_ip {
          + subnet_id = (known after apply)
        }
    }

  # openstack_networking_port_v2.default-p0000000055-s0000000055-link-10 will be created
  + resource "openstack_networking_port_v2" "default-p0000000055-s0000000055-link-10" {
      + admin_state_up         = true
      + all_fixed_ips          = (known after apply)
      + all_security_group_ids = (known after apply)
      + all_tags               = (known after apply)
      + device_id              = (known after apply)
      + device_owner           = (known after apply)
      + dns_assignment         = (known after apply)
      + dns_name               = (known after apply)
      + id                     = (known after apply)
      + mac_address            = (known after apply)
      + name                   = "default-p0000000055-s0000000055-link-10"
      + network_id             = (known after apply)
      + port_security_enabled  = (known after apply)
      + qos_policy_id          = (known after apply)
      + region                 = (known after apply)
      + security_group_ids     = [
          + "0a14006d-c778-45be-9747-18bb05e2c46f",
        ]
      + tenant_id              = (known after apply)

      + allowed_address_pairs {
          + ip_address = "192.168.90.0/24"
        }

      + binding (known after apply)

      + fixed_ip {
          + ip_address = "192.168.90.30"
          + subnet_id  = (known after apply)
        }
    }

  # openstack_networking_port_v2.default-p0000000055-s0000000055-link-11 will be created
  + resource "openstack_networking_port_v2" "default-p0000000055-s0000000055-link-11" {
      + admin_state_up         = true
      + all_fixed_ips          = (known after apply)
      + all_security_group_ids = (known after apply)
      + all_tags               = (known after apply)
      + device_id              = (known after apply)
      + device_owner           = (known after apply)
      + dns_assignment         = (known after apply)
      + dns_name               = (known after apply)
      + id                     = (known after apply)
      + mac_address            = (known after apply)
      + name                   = "default-p0000000055-s0000000055-link-11"
      + network_id             = (known after apply)
      + port_security_enabled  = (known after apply)
      + qos_policy_id          = (known after apply)
      + region                 = (known after apply)
      + security_group_ids     = [
          + "c0f8ada3-ea6b-4204-8e6b-03fb49be5ab5",
        ]
      + tenant_id              = (known after apply)

      + allowed_address_pairs {
          + ip_address = "192.168.128.0/17"
        }

      + binding (known after apply)

      + fixed_ip {
          + subnet_id = (known after apply)
        }
    }

  # openstack_networking_port_v2.default-p0000000055-s0000000055-link-12 will be created
  + resource "openstack_networking_port_v2" "default-p0000000055-s0000000055-link-12" {
      + admin_state_up         = true
      + all_fixed_ips          = (known after apply)
      + all_security_group_ids = (known after apply)
      + all_tags               = (known after apply)
      + device_id              = (known after apply)
      + device_owner           = (known after apply)
      + dns_assignment         = (known after apply)
      + dns_name               = (known after apply)
      + id                     = (known after apply)
      + mac_address            = (known after apply)
      + name                   = "default-p0000000055-s0000000055-link-12"
      + network_id             = (known after apply)
      + port_security_enabled  = (known after apply)
      + qos_policy_id          = (known after apply)
      + region                 = (known after apply)
      + security_group_ids     = [
          + "0a14006d-c778-45be-9747-18bb05e2c46f",
        ]
      + tenant_id              = (known after apply)

      + allowed_address_pairs {
          + ip_address = "0.0.0.0/0"
        }

      + binding (known after apply)

      + fixed_ip {
          + subnet_id = (known after apply)
        }
    }

  # openstack_networking_port_v2.default-p0000000055-s0000000055-link-13 will be created
  + resource "openstack_networking_port_v2" "default-p0000000055-s0000000055-link-13" {
      + admin_state_up         = true
      + all_fixed_ips          = (known after apply)
      + all_security_group_ids = (known after apply)
      + all_tags               = (known after apply)
      + device_id              = (known after apply)
      + device_owner           = (known after apply)
      + dns_assignment         = (known after apply)
      + dns_name               = (known after apply)
      + id                     = (known after apply)
      + mac_address            = (known after apply)
      + name                   = "default-p0000000055-s0000000055-link-13"
      + network_id             = (known after apply)
      + port_security_enabled  = (known after apply)
      + qos_policy_id          = (known after apply)
      + region                 = (known after apply)
      + security_group_ids     = [
          + "0a14006d-c778-45be-9747-18bb05e2c46f",
        ]
      + tenant_id              = (known after apply)

      + allowed_address_pairs {
          + ip_address = "0.0.0.0/0"
        }

      + binding (known after apply)

      + fixed_ip {
          + ip_address = "192.168.90.1"
          + subnet_id  = (known after apply)
        }
    }

  # openstack_networking_port_v2.default-p0000000055-s0000000055-link-2 will be created
  + resource "openstack_networking_port_v2" "default-p0000000055-s0000000055-link-2" {
      + admin_state_up         = true
      + all_fixed_ips          = (known after apply)
      + all_security_group_ids = (known after apply)
      + all_tags               = (known after apply)
      + device_id              = (known after apply)
      + device_owner           = (known after apply)
      + dns_assignment         = (known after apply)
      + dns_name               = (known after apply)
      + id                     = (known after apply)
      + mac_address            = (known after apply)
      + name                   = "default-p0000000055-s0000000055-link-2"
      + network_id             = (known after apply)
      + port_security_enabled  = (known after apply)
      + qos_policy_id          = (known after apply)
      + region                 = (known after apply)
      + security_group_ids     = [
          + "0a14006d-c778-45be-9747-18bb05e2c46f",
        ]
      + tenant_id              = (known after apply)

      + allowed_address_pairs {
          + ip_address = "0.0.0.0/0"
        }

      + binding (known after apply)

      + fixed_ip {
          + subnet_id = (known after apply)
        }
    }

  # openstack_networking_port_v2.default-p0000000055-s0000000055-link-3 will be created
  + resource "openstack_networking_port_v2" "default-p0000000055-s0000000055-link-3" {
      + admin_state_up         = true
      + all_fixed_ips          = (known after apply)
      + all_security_group_ids = (known after apply)
      + all_tags               = (known after apply)
      + device_id              = (known after apply)
      + device_owner           = (known after apply)
      + dns_assignment         = (known after apply)
      + dns_name               = (known after apply)
      + id                     = (known after apply)
      + mac_address            = (known after apply)
      + name                   = "default-p0000000055-s0000000055-link-3"
      + network_id             = (known after apply)
      + port_security_enabled  = (known after apply)
      + qos_policy_id          = (known after apply)
      + region                 = (known after apply)
      + security_group_ids     = [
          + "c0f8ada3-ea6b-4204-8e6b-03fb49be5ab5",
        ]
      + tenant_id              = (known after apply)

      + allowed_address_pairs {
          + ip_address = "192.168.128.0/17"
        }

      + binding (known after apply)

      + fixed_ip {
          + subnet_id = (known after apply)
        }
    }

  # openstack_networking_port_v2.default-p0000000055-s0000000055-link-4 will be created
  + resource "openstack_networking_port_v2" "default-p0000000055-s0000000055-link-4" {
      + admin_state_up         = true
      + all_fixed_ips          = (known after apply)
      + all_security_group_ids = (known after apply)
      + all_tags               = (known after apply)
      + device_id              = (known after apply)
      + device_owner           = (known after apply)
      + dns_assignment         = (known after apply)
      + dns_name               = (known after apply)
      + id                     = (known after apply)
      + mac_address            = (known after apply)
      + name                   = "default-p0000000055-s0000000055-link-4"
      + network_id             = (known after apply)
      + port_security_enabled  = (known after apply)
      + qos_policy_id          = (known after apply)
      + region                 = (known after apply)
      + security_group_ids     = [
          + "c0f8ada3-ea6b-4204-8e6b-03fb49be5ab5",
        ]
      + tenant_id              = (known after apply)

      + allowed_address_pairs {
          + ip_address = "192.168.128.0/17"
        }

      + binding (known after apply)

      + fixed_ip {
          + subnet_id = (known after apply)
        }
    }

  # openstack_networking_port_v2.default-p0000000055-s0000000055-link-5 will be created
  + resource "openstack_networking_port_v2" "default-p0000000055-s0000000055-link-5" {
      + admin_state_up         = true
      + all_fixed_ips          = (known after apply)
      + all_security_group_ids = (known after apply)
      + all_tags               = (known after apply)
      + device_id              = (known after apply)
      + device_owner           = (known after apply)
      + dns_assignment         = (known after apply)
      + dns_name               = (known after apply)
      + id                     = (known after apply)
      + mac_address            = (known after apply)
      + name                   = "default-p0000000055-s0000000055-link-5"
      + network_id             = (known after apply)
      + port_security_enabled  = (known after apply)
      + qos_policy_id          = (known after apply)
      + region                 = (known after apply)
      + security_group_ids     = [
          + "c0f8ada3-ea6b-4204-8e6b-03fb49be5ab5",
        ]
      + tenant_id              = (known after apply)

      + allowed_address_pairs {
          + ip_address = "192.168.128.0/17"
        }

      + binding (known after apply)

      + fixed_ip {
          + subnet_id = (known after apply)
        }
    }

  # openstack_networking_port_v2.default-p0000000055-s0000000055-link-6 will be created
  + resource "openstack_networking_port_v2" "default-p0000000055-s0000000055-link-6" {
      + admin_state_up         = true
      + all_fixed_ips          = (known after apply)
      + all_security_group_ids = (known after apply)
      + all_tags               = (known after apply)
      + device_id              = (known after apply)
      + device_owner           = (known after apply)
      + dns_assignment         = (known after apply)
      + dns_name               = (known after apply)
      + id                     = (known after apply)
      + mac_address            = (known after apply)
      + name                   = "default-p0000000055-s0000000055-link-6"
      + network_id             = (known after apply)
      + port_security_enabled  = (known after apply)
      + qos_policy_id          = (known after apply)
      + region                 = (known after apply)
      + security_group_ids     = [
          + "c0f8ada3-ea6b-4204-8e6b-03fb49be5ab5",
        ]
      + tenant_id              = (known after apply)

      + allowed_address_pairs {
          + ip_address = "192.168.128.0/17"
        }

      + binding (known after apply)

      + fixed_ip {
          + subnet_id = (known after apply)
        }
    }

  # openstack_networking_port_v2.default-p0000000055-s0000000055-link-7 will be created
  + resource "openstack_networking_port_v2" "default-p0000000055-s0000000055-link-7" {
      + admin_state_up         = true
      + all_fixed_ips          = (known after apply)
      + all_security_group_ids = (known after apply)
      + all_tags               = (known after apply)
      + device_id              = (known after apply)
      + device_owner           = (known after apply)
      + dns_assignment         = (known after apply)
      + dns_name               = (known after apply)
      + id                     = (known after apply)
      + mac_address            = (known after apply)
      + name                   = "default-p0000000055-s0000000055-link-7"
      + network_id             = (known after apply)
      + port_security_enabled  = (known after apply)
      + qos_policy_id          = (known after apply)
      + region                 = (known after apply)
      + security_group_ids     = [
          + "0a14006d-c778-45be-9747-18bb05e2c46f",
        ]
      + tenant_id              = (known after apply)

      + allowed_address_pairs {
          + ip_address = "192.168.90.0/24"
        }

      + binding (known after apply)

      + fixed_ip {
          + ip_address = "192.168.90.5"
          + subnet_id  = (known after apply)
        }
    }

  # openstack_networking_port_v2.default-p0000000055-s0000000055-link-8 will be created
  + resource "openstack_networking_port_v2" "default-p0000000055-s0000000055-link-8" {
      + admin_state_up         = true
      + all_fixed_ips          = (known after apply)
      + all_security_group_ids = (known after apply)
      + all_tags               = (known after apply)
      + device_id              = (known after apply)
      + device_owner           = (known after apply)
      + dns_assignment         = (known after apply)
      + dns_name               = (known after apply)
      + id                     = (known after apply)
      + mac_address            = (known after apply)
      + name                   = "default-p0000000055-s0000000055-link-8"
      + network_id             = (known after apply)
      + port_security_enabled  = (known after apply)
      + qos_policy_id          = (known after apply)
      + region                 = (known after apply)
      + security_group_ids     = [
          + "0a14006d-c778-45be-9747-18bb05e2c46f",
        ]
      + tenant_id              = (known after apply)

      + allowed_address_pairs {
          + ip_address = "192.168.90.0/24"
        }

      + binding (known after apply)

      + fixed_ip {
          + ip_address = "192.168.90.10"
          + subnet_id  = (known after apply)
        }
    }

  # openstack_networking_port_v2.default-p0000000055-s0000000055-link-9 will be created
  + resource "openstack_networking_port_v2" "default-p0000000055-s0000000055-link-9" {
      + admin_state_up         = true
      + all_fixed_ips          = (known after apply)
      + all_security_group_ids = (known after apply)
      + all_tags               = (known after apply)
      + device_id              = (known after apply)
      + device_owner           = (known after apply)
      + dns_assignment         = (known after apply)
      + dns_name               = (known after apply)
      + id                     = (known after apply)
      + mac_address            = (known after apply)
      + name                   = "default-p0000000055-s0000000055-link-9"
      + network_id             = (known after apply)
      + port_security_enabled  = (known after apply)
      + qos_policy_id          = (known after apply)
      + region                 = (known after apply)
      + security_group_ids     = [
          + "0a14006d-c778-45be-9747-18bb05e2c46f",
        ]
      + tenant_id              = (known after apply)

      + allowed_address_pairs {
          + ip_address = "192.168.90.0/24"
        }

      + binding (known after apply)

      + fixed_ip {
          + ip_address = "192.168.90.20"
          + subnet_id  = (known after apply)
        }
    }

  # openstack_networking_port_v2.default-p0000000055-s0000000055-man-out-port will be created
  + resource "openstack_networking_port_v2" "default-p0000000055-s0000000055-man-out-port" {
      + admin_state_up         = true
      + all_fixed_ips          = (known after apply)
      + all_security_group_ids = (known after apply)
      + all_tags               = (known after apply)
      + device_id              = (known after apply)
      + device_owner           = (known after apply)
      + dns_assignment         = (known after apply)
      + dns_name               = (known after apply)
      + id                     = (known after apply)
      + mac_address            = (known after apply)
      + name                   = "default-p0000000055-s0000000055-man-out-port"
      + network_id             = "9d8f9b2a-992c-4edc-8444-0bfc3c2b3cef"
      + port_security_enabled  = (known after apply)
      + qos_policy_id          = (known after apply)
      + region                 = (known after apply)
      + security_group_ids     = [
          + "fe29039a-d081-4023-adad-9641c8059c30",
        ]
      + tenant_id              = (known after apply)

      + allowed_address_pairs {
          + ip_address = "0.0.0.0/0"
        }

      + binding (known after apply)
    }

  # openstack_networking_subnet_v2.default-p0000000055-s0000000055-man-network-subnet will be created
  + resource "openstack_networking_subnet_v2" "default-p0000000055-s0000000055-man-network-subnet" {
      + all_tags          = (known after apply)
      + cidr              = "192.168.128.0/17"
      + dns_nameservers   = [
          + "1.1.1.1",
          + "1.0.0.1",
        ]
      + enable_dhcp       = true
      + gateway_ip        = (known after apply)
      + id                = (known after apply)
      + ip_version        = 4
      + ipv6_address_mode = (known after apply)
      + ipv6_ra_mode      = (known after apply)
      + name              = "default-p0000000055-s0000000055-man-network-subnet"
      + network_id        = (known after apply)
      + no_gateway        = true
      + region            = (known after apply)
      + service_types     = (known after apply)
      + tenant_id         = (known after apply)

      + allocation_pool (known after apply)
    }

  # openstack_networking_subnet_v2.default-p0000000055-s0000000055-wan-subnet will be created
  + resource "openstack_networking_subnet_v2" "default-p0000000055-s0000000055-wan-subnet" {
      + all_tags          = (known after apply)
      + cidr              = "100.100.100.0/24"
      + dns_nameservers   = [
          + "1.1.1.1",
          + "1.0.0.1",
        ]
      + enable_dhcp       = true
      + gateway_ip        = (known after apply)
      + id                = (known after apply)
      + ip_version        = 4
      + ipv6_address_mode = (known after apply)
      + ipv6_ra_mode      = (known after apply)
      + name              = "default-p0000000055-s0000000055-wan-subnet"
      + network_id        = (known after apply)
      + no_gateway        = true
      + region            = (known after apply)
      + service_types     = (known after apply)
      + tenant_id         = (known after apply)

      + allocation_pool (known after apply)
    }

  # openstack_networking_subnet_v2.default-p0000000055-s0000000055-worm-switch-subnet will be created
  + resource "openstack_networking_subnet_v2" "default-p0000000055-s0000000055-worm-switch-subnet" {
      + all_tags          = (known after apply)
      + cidr              = "192.168.90.0/24"
      + dns_nameservers   = [
          + "1.1.1.1",
          + "1.0.0.1",
        ]
      + enable_dhcp       = true
      + gateway_ip        = "192.168.90.1"
      + id                = (known after apply)
      + ip_version        = 4
      + ipv6_address_mode = (known after apply)
      + ipv6_ra_mode      = (known after apply)
      + name              = "default-p0000000055-s0000000055-worm-switch-subnet"
      + network_id        = (known after apply)
      + no_gateway        = false
      + region            = (known after apply)
      + service_types     = (known after apply)
      + tenant_id         = (known after apply)

      + allocation_pool (known after apply)
    }

Plan: 26 to add, 0 to change, 0 to destroy.
openstack_networking_network_v2.default-p0000000055-s0000000055-wan: Creating...
openstack_networking_network_v2.default-p0000000055-s0000000055-worm-switch: Creating...
openstack_networking_port_v2.default-p0000000055-s0000000055-man-out-port: Creating...
openstack_networking_network_v2.default-p0000000055-s0000000055-man-network: Creating...
openstack_networking_network_v2.default-p0000000055-s0000000055-wan: Creation complete after 1s [id=f597b510-98c4-46d6-b479-29a7e1047020]
openstack_networking_subnet_v2.default-p0000000055-s0000000055-wan-subnet: Creating...
openstack_networking_network_v2.default-p0000000055-s0000000055-man-network: Creation complete after 1s [id=58746872-9679-4dbb-9b94-4b71a7f630a9]
openstack_networking_subnet_v2.default-p0000000055-s0000000055-man-network-subnet: Creating...
openstack_networking_network_v2.default-p0000000055-s0000000055-worm-switch: Creation complete after 1s [id=6bd5e3d4-034c-4c01-935f-ad3d191d9428]
openstack_networking_subnet_v2.default-p0000000055-s0000000055-worm-switch-subnet: Creating...
openstack_networking_port_v2.default-p0000000055-s0000000055-man-out-port: Creation complete after 1s [id=a22d920a-f646-46e4-a3d3-8d1302cdca64]
openstack_networking_subnet_v2.default-p0000000055-s0000000055-wan-subnet: Creation complete after 0s [id=0269ac86-5162-4a0a-949b-a9d155f77fd9]
openstack_networking_port_v2.default-p0000000055-s0000000055-link-12: Creating...
openstack_networking_port_v2.default-p0000000055-s0000000055-link-2: Creating...
openstack_networking_subnet_v2.default-p0000000055-s0000000055-man-network-subnet: Creation complete after 0s [id=781553c3-f917-42d2-8c8b-d43ea5408e61]
openstack_networking_port_v2.default-p0000000055-s0000000055-link-1: Creating...
openstack_networking_port_v2.default-p0000000055-s0000000055-link-5: Creating...
openstack_networking_port_v2.default-p0000000055-s0000000055-link-11: Creating...
openstack_networking_port_v2.default-p0000000055-s0000000055-link-4: Creating...
openstack_networking_port_v2.default-p0000000055-s0000000055-link-3: Creating...
openstack_networking_port_v2.default-p0000000055-s0000000055-link-6: Creating...
openstack_networking_subnet_v2.default-p0000000055-s0000000055-worm-switch-subnet: Creation complete after 0s [id=33386882-9581-488d-9977-158fca8a0948]
openstack_networking_port_v2.default-p0000000055-s0000000055-link-10: Creating...
openstack_networking_port_v2.default-p0000000055-s0000000055-link-9: Creating...
openstack_networking_port_v2.default-p0000000055-s0000000055-link-4: Creation complete after 0s [id=62136844-e5f8-4cdd-8411-0dfb119cd741]
openstack_networking_port_v2.default-p0000000055-s0000000055-link-3: Creation complete after 0s [id=0e62a43e-e945-4e4e-9453-3fe61682bc71]
openstack_networking_port_v2.default-p0000000055-s0000000055-link-7: Creating...
openstack_networking_port_v2.default-p0000000055-s0000000055-link-8: Creating...
openstack_networking_port_v2.default-p0000000055-s0000000055-link-10: Creation complete after 0s [id=8b2b69e5-780a-4cb1-baf4-c270a7543572]
openstack_networking_port_v2.default-p0000000055-s0000000055-link-13: Creating...
openstack_networking_port_v2.default-p0000000055-s0000000055-link-11: Creation complete after 0s [id=5282a2db-89d4-49da-ac45-bd7b507f2cb7]
openstack_networking_port_v2.default-p0000000055-s0000000055-link-12: Creation complete after 0s [id=a7303f3a-2082-41a4-abf7-92e12aac9b03]
openstack_networking_port_v2.default-p0000000055-s0000000055-link-9: Creation complete after 0s [id=8de22f7d-e262-4d70-aba0-fa50aafd8858]
openstack_networking_port_v2.default-p0000000055-s0000000055-link-5: Creation complete after 0s [id=b0fe7264-ac03-4b9e-9336-e9bd6e5abc79]
openstack_compute_instance_v2.default-p0000000055-s0000000055-host-b: Creating...
openstack_networking_port_v2.default-p0000000055-s0000000055-link-2: Creation complete after 1s [id=0764e935-2fd0-40d3-981c-92b953e961c5]
openstack_networking_port_v2.default-p0000000055-s0000000055-link-8: Creation complete after 1s [id=78409fd3-9ab9-494a-8a90-3fd7e1c56b65]
openstack_compute_instance_v2.default-p0000000055-s0000000055-host-a: Creating...
openstack_networking_port_v2.default-p0000000055-s0000000055-link-7: Creation complete after 1s [id=dbd63227-426e-43b5-aecf-46b844621fa4]
openstack_networking_port_v2.default-p0000000055-s0000000055-link-1: Creation complete after 1s [id=118a8e6f-b3b7-4a69-be32-cac4f818c0bb]
openstack_compute_instance_v2.default-p0000000055-s0000000055-patient-zero: Creating...
openstack_networking_port_v2.default-p0000000055-s0000000055-link-6: Creation complete after 1s [id=24eefa48-b817-4581-bade-d1cf4aecbb4f]
openstack_compute_instance_v2.default-p0000000055-s0000000055-man: Creating...
openstack_compute_instance_v2.default-p0000000055-s0000000055-attacker: Creating...
openstack_networking_port_v2.default-p0000000055-s0000000055-link-13: Creation complete after 1s [id=5d3268d1-6506-44fb-bbf8-8068edf36546]
openstack_compute_instance_v2.default-p0000000055-s0000000055-router: Creating...
There are some problems with the provider_installation configuration:╷│ Error: Invalid provider source exclusion patterns││ CLI config specifies invalid provider exclusion patterns: invalid provider│ matching pattern "*": must have either two or three slash-separated│ segments.╵As a result of the above problems, OpenTofu's provider installer may not behave as intended.Error: Error waiting for instance (193807a3-3346-4aca-8cd6-76a9434c85cc) to become ready: unexpected state 'ERROR', wanted target 'ACTIVE'. last error: %!s(<nil>)  with openstack_compute_instance_v2.default-p0000000055-s0000000055-patient-zero,  on deploy.tf line 299, in resource "openstack_compute_instance_v2" "default-p0000000055-s0000000055-patient-zero": 299: resource "openstack_compute_instance_v2" "default-p0000000055-s0000000055-patient-zero" {Error: Error waiting for instance (8d1cb408-a729-4dd8-96a7-25d552cdc5da) to become ready: unexpected state 'ERROR', wanted target 'ACTIVE'. last error: %!s(<nil>)  with openstack_compute_instance_v2.default-p0000000055-s0000000055-host-a,  on deploy.tf line 320, in resource "openstack_compute_instance_v2" "default-p0000000055-s0000000055-host-a": 320: resource "openstack_compute_instance_v2" "default-p0000000055-s0000000055-host-a" {Error: Error waiting for instance (7a38fe1c-1a44-4952-86d8-7179d1db7788) to become ready: unexpected state 'ERROR', wanted target 'ACTIVE'. last error: %!s(<nil>)  with openstack_compute_instance_v2.default-p0000000055-s0000000055-host-b,  on deploy.tf line 341, in resource "openstack_compute_instance_v2" "default-p0000000055-s0000000055-host-b": 341: resource "openstack_compute_instance_v2" "default-p0000000055-s0000000055-host-b" {Error: Error waiting for instance (25cb3faf-9ac3-4d8a-b450-730c29f5f1cd) to become ready: unexpected state 'ERROR', wanted target 'ACTIVE'. last error: %!s(<nil>)  with openstack_compute_instance_v2.default-p0000000055-s0000000055-attacker,  on deploy.tf line 362, in resource "openstack_compute_instance_v2" "default-p0000000055-s0000000055-attacker": 362: resource "openstack_compute_instance_v2" "default-p0000000055-s0000000055-attacker" {Error: Error waiting for instance (4fee98f3-a417-48a0-90d9-201eaf9eae38) to become ready: unexpected state 'ERROR', wanted target 'ACTIVE'. last error: %!s(<nil>)  with openstack_compute_instance_v2.default-p0000000055-s0000000055-router,  on deploy.tf line 383, in resource "openstack_compute_instance_v2" "default-p0000000055-s0000000055-router": 383: resource "openstack_compute_instance_v2" "default-p0000000055-s0000000055-router" {Error: Error waiting for instance (c230b120-463a-495d-89b0-843c16955f75) to become ready: unexpected state 'ERROR', wanted target 'ACTIVE'. last error: %!s(<nil>)  with openstack_compute_instance_v2.default-p0000000055-s0000000055-man,  on deploy.tf line 421, in resource "openstack_compute_instance_v2" "default-p0000000055-s0000000055-man": 421: resource "openstack_compute_instance_v2" "default-p0000000055-s0000000055-man" {