data.openstack_images_image_ids_v2.image_data_source-default-p0000000024-s0000000022-router: Reading...
data.openstack_networking_secgroup_v2.sandbox-man-sg: Reading...
data.openstack_networking_secgroup_v2.sandbox-man-int-sg: Reading...
data.openstack_images_image_ids_v2.image_data_source-default-p0000000024-s0000000022-man: Reading...
data.openstack_networking_secgroup_v2.sandbox-access-sg: Reading...
data.openstack_images_image_ids_v2.image_data_source-default-p0000000024-s0000000022-target: Reading...
data.openstack_networking_secgroup_v2.sandbox-internal-sg: Reading...
data.openstack_images_image_ids_v2.image_data_source-default-p0000000024-s0000000022-next-target: Reading...
data.openstack_images_image_ids_v2.image_data_source-default-p0000000024-s0000000022-c2-server: Reading...
data.openstack_networking_network_v2.base-net: Reading...
data.openstack_networking_secgroup_v2.sandbox-man-int-sg: Read complete after 0s [id=c0f8ada3-ea6b-4204-8e6b-03fb49be5ab5]
data.openstack_networking_secgroup_v2.sandbox-internal-sg: Read complete after 0s [id=0a14006d-c778-45be-9747-18bb05e2c46f]
data.openstack_networking_secgroup_v2.sandbox-man-sg: Read complete after 0s [id=d318bcac-a977-4da2-a36c-6fc646adfd56]
data.openstack_networking_secgroup_v2.sandbox-access-sg: Read complete after 0s [id=fe29039a-d081-4023-adad-9641c8059c30]
data.openstack_images_image_ids_v2.image_data_source-default-p0000000024-s0000000022-target: Read complete after 0s [id=2215401803]
data.openstack_images_image_ids_v2.image_data_source-default-p0000000024-s0000000022-router: Read complete after 0s [id=3718318825]
data.openstack_images_image_ids_v2.image_data_source-default-p0000000024-s0000000022-man: Read complete after 0s [id=2215401803]
data.openstack_images_image_ids_v2.image_data_source-default-p0000000024-s0000000022-c2-server: Read complete after 0s [id=2215401803]
data.openstack_networking_network_v2.base-net: Read complete after 0s [id=9d8f9b2a-992c-4edc-8444-0bfc3c2b3cef]
data.openstack_images_image_ids_v2.image_data_source-default-p0000000024-s0000000022-next-target: Read complete after 0s [id=2215401803]

OpenTofu used the selected providers to generate the following execution
plan. Resource actions are indicated with the following symbols:
  + create

OpenTofu will perform the following actions:

  # openstack_compute_instance_v2.default-p0000000024-s0000000022-c2-server will be created
  + resource "openstack_compute_instance_v2" "default-p0000000024-s0000000022-c2-server" {
      + access_ip_v4        = (known after apply)
      + access_ip_v6        = (known after apply)
      + all_metadata        = (known after apply)
      + all_tags            = (known after apply)
      + availability_zone   = (known after apply)
      + config_drive        = true
      + created             = (known after apply)
      + flavor_id           = (known after apply)
      + flavor_name         = "standard.small"
      + force_delete        = false
      + hypervisor_hostname = (known after apply)
      + id                  = (known after apply)
      + image_id            = (known after apply)
      + image_name          = "ubuntu-noble-x86_64"
      + key_pair            = "default-p0000000024-24ab6bf8-ssh"
      + name                = "default-p0000000024-s0000000022-c2-server"
      + power_state         = "active"
      + region              = (known after apply)
      + security_groups     = (known after apply)
      + stop_before_destroy = false
      + updated             = (known after apply)

      + network {
          + access_network = false
          + fixed_ip_v4    = (known after apply)
          + fixed_ip_v6    = (known after apply)
          + mac            = (known after apply)
          + name           = (known after apply)
          + port           = (known after apply)
          + uuid           = (known after apply)
        }
      + network {
          + access_network = false
          + fixed_ip_v4    = (known after apply)
          + fixed_ip_v6    = (known after apply)
          + mac            = (known after apply)
          + name           = (known after apply)
          + port           = (known after apply)
          + uuid           = (known after apply)
        }
    }

  # openstack_compute_instance_v2.default-p0000000024-s0000000022-man will be created
  + resource "openstack_compute_instance_v2" "default-p0000000024-s0000000022-man" {
      + access_ip_v4        = (known after apply)
      + access_ip_v6        = (known after apply)
      + all_metadata        = (known after apply)
      + all_tags            = (known after apply)
      + availability_zone   = (known after apply)
      + config_drive        = true
      + created             = (known after apply)
      + flavor_id           = (known after apply)
      + flavor_name         = "standard.medium"
      + force_delete        = false
      + hypervisor_hostname = (known after apply)
      + id                  = (known after apply)
      + image_id            = (known after apply)
      + image_name          = "ubuntu-noble-x86_64"
      + key_pair            = "default-p0000000024-24ab6bf8-ssh"
      + name                = "default-p0000000024-s0000000022-man"
      + power_state         = "active"
      + region              = (known after apply)
      + security_groups     = (known after apply)
      + stop_before_destroy = false
      + updated             = (known after apply)

      + network {
          + access_network = false
          + fixed_ip_v4    = (known after apply)
          + fixed_ip_v6    = (known after apply)
          + mac            = (known after apply)
          + name           = (known after apply)
          + port           = (known after apply)
          + uuid           = (known after apply)
        }
      + network {
          + access_network = false
          + fixed_ip_v4    = (known after apply)
          + fixed_ip_v6    = (known after apply)
          + mac            = (known after apply)
          + name           = (known after apply)
          + port           = (known after apply)
          + uuid           = (known after apply)
        }
      + network {
          + access_network = false
          + fixed_ip_v4    = (known after apply)
          + fixed_ip_v6    = (known after apply)
          + mac            = (known after apply)
          + name           = (known after apply)
          + port           = (known after apply)
          + uuid           = (known after apply)
        }
    }

  # openstack_compute_instance_v2.default-p0000000024-s0000000022-next-target will be created
  + resource "openstack_compute_instance_v2" "default-p0000000024-s0000000022-next-target" {
      + access_ip_v4        = (known after apply)
      + access_ip_v6        = (known after apply)
      + all_metadata        = (known after apply)
      + all_tags            = (known after apply)
      + availability_zone   = (known after apply)
      + config_drive        = true
      + created             = (known after apply)
      + flavor_id           = (known after apply)
      + flavor_name         = "standard.small"
      + force_delete        = false
      + hypervisor_hostname = (known after apply)
      + id                  = (known after apply)
      + image_id            = (known after apply)
      + image_name          = "ubuntu-noble-x86_64"
      + key_pair            = "default-p0000000024-24ab6bf8-ssh"
      + name                = "default-p0000000024-s0000000022-next-target"
      + power_state         = "active"
      + region              = (known after apply)
      + security_groups     = (known after apply)
      + stop_before_destroy = false
      + updated             = (known after apply)

      + network {
          + access_network = false
          + fixed_ip_v4    = (known after apply)
          + fixed_ip_v6    = (known after apply)
          + mac            = (known after apply)
          + name           = (known after apply)
          + port           = (known after apply)
          + uuid           = (known after apply)
        }
      + network {
          + access_network = false
          + fixed_ip_v4    = (known after apply)
          + fixed_ip_v6    = (known after apply)
          + mac            = (known after apply)
          + name           = (known after apply)
          + port           = (known after apply)
          + uuid           = (known after apply)
        }
    }

  # openstack_compute_instance_v2.default-p0000000024-s0000000022-router will be created
  + resource "openstack_compute_instance_v2" "default-p0000000024-s0000000022-router" {
      + access_ip_v4        = (known after apply)
      + access_ip_v6        = (known after apply)
      + all_metadata        = (known after apply)
      + all_tags            = (known after apply)
      + availability_zone   = (known after apply)
      + config_drive        = true
      + created             = (known after apply)
      + flavor_id           = (known after apply)
      + flavor_name         = "standard.small"
      + force_delete        = false
      + hypervisor_hostname = (known after apply)
      + id                  = (known after apply)
      + image_id            = (known after apply)
      + image_name          = "debian-12-x86_64"
      + key_pair            = "default-p0000000024-24ab6bf8-ssh"
      + name                = "default-p0000000024-s0000000022-router"
      + power_state         = "active"
      + region              = (known after apply)
      + security_groups     = (known after apply)
      + stop_before_destroy = false
      + updated             = (known after apply)

      + network {
          + access_network = false
          + fixed_ip_v4    = (known after apply)
          + fixed_ip_v6    = (known after apply)
          + mac            = (known after apply)
          + name           = (known after apply)
          + port           = (known after apply)
          + uuid           = (known after apply)
        }
      + network {
          + access_network = false
          + fixed_ip_v4    = (known after apply)
          + fixed_ip_v6    = (known after apply)
          + mac            = (known after apply)
          + name           = (known after apply)
          + port           = (known after apply)
          + uuid           = (known after apply)
        }
      + network {
          + access_network = false
          + fixed_ip_v4    = (known after apply)
          + fixed_ip_v6    = (known after apply)
          + mac            = (known after apply)
          + name           = (known after apply)
          + port           = (known after apply)
          + uuid           = (known after apply)
        }
      + network {
          + access_network = false
          + fixed_ip_v4    = (known after apply)
          + fixed_ip_v6    = (known after apply)
          + mac            = (known after apply)
          + name           = (known after apply)
          + port           = (known after apply)
          + uuid           = (known after apply)
        }
    }

  # openstack_compute_instance_v2.default-p0000000024-s0000000022-target will be created
  + resource "openstack_compute_instance_v2" "default-p0000000024-s0000000022-target" {
      + access_ip_v4        = (known after apply)
      + access_ip_v6        = (known after apply)
      + all_metadata        = (known after apply)
      + all_tags            = (known after apply)
      + availability_zone   = (known after apply)
      + config_drive        = true
      + created             = (known after apply)
      + flavor_id           = (known after apply)
      + flavor_name         = "standard.small"
      + force_delete        = false
      + hypervisor_hostname = (known after apply)
      + id                  = (known after apply)
      + image_id            = (known after apply)
      + image_name          = "ubuntu-noble-x86_64"
      + key_pair            = "default-p0000000024-24ab6bf8-ssh"
      + name                = "default-p0000000024-s0000000022-target"
      + power_state         = "active"
      + region              = (known after apply)
      + security_groups     = (known after apply)
      + stop_before_destroy = false
      + updated             = (known after apply)

      + network {
          + access_network = false
          + fixed_ip_v4    = (known after apply)
          + fixed_ip_v6    = (known after apply)
          + mac            = (known after apply)
          + name           = (known after apply)
          + port           = (known after apply)
          + uuid           = (known after apply)
        }
      + network {
          + access_network = false
          + fixed_ip_v4    = (known after apply)
          + fixed_ip_v6    = (known after apply)
          + mac            = (known after apply)
          + name           = (known after apply)
          + port           = (known after apply)
          + uuid           = (known after apply)
        }
    }

  # openstack_networking_network_v2.default-p0000000024-s0000000022-man-network will be created
  + resource "openstack_networking_network_v2" "default-p0000000024-s0000000022-man-network" {
      + admin_state_up          = true
      + all_tags                = (known after apply)
      + availability_zone_hints = (known after apply)
      + dns_domain              = (known after apply)
      + external                = (known after apply)
      + id                      = (known after apply)
      + mtu                     = (known after apply)
      + name                    = "default-p0000000024-s0000000022-man-network"
      + port_security_enabled   = (known after apply)
      + qos_policy_id           = (known after apply)
      + region                  = (known after apply)
      + shared                  = (known after apply)
      + tenant_id               = (known after apply)
      + transparent_vlan        = (known after apply)

      + segments (known after apply)
    }

  # openstack_networking_network_v2.default-p0000000024-s0000000022-server-switch will be created
  + resource "openstack_networking_network_v2" "default-p0000000024-s0000000022-server-switch" {
      + admin_state_up          = true
      + all_tags                = (known after apply)
      + availability_zone_hints = (known after apply)
      + dns_domain              = (known after apply)
      + external                = (known after apply)
      + id                      = (known after apply)
      + mtu                     = (known after apply)
      + name                    = "default-p0000000024-s0000000022-server-switch"
      + port_security_enabled   = (known after apply)
      + qos_policy_id           = (known after apply)
      + region                  = (known after apply)
      + shared                  = (known after apply)
      + tenant_id               = (known after apply)
      + transparent_vlan        = (known after apply)

      + segments (known after apply)
    }

  # openstack_networking_network_v2.default-p0000000024-s0000000022-target-switch will be created
  + resource "openstack_networking_network_v2" "default-p0000000024-s0000000022-target-switch" {
      + admin_state_up          = true
      + all_tags                = (known after apply)
      + availability_zone_hints = (known after apply)
      + dns_domain              = (known after apply)
      + external                = (known after apply)
      + id                      = (known after apply)
      + mtu                     = (known after apply)
      + name                    = "default-p0000000024-s0000000022-target-switch"
      + port_security_enabled   = (known after apply)
      + qos_policy_id           = (known after apply)
      + region                  = (known after apply)
      + shared                  = (known after apply)
      + tenant_id               = (known after apply)
      + transparent_vlan        = (known after apply)

      + segments (known after apply)
    }

  # openstack_networking_network_v2.default-p0000000024-s0000000022-wan will be created
  + resource "openstack_networking_network_v2" "default-p0000000024-s0000000022-wan" {
      + admin_state_up          = true
      + all_tags                = (known after apply)
      + availability_zone_hints = (known after apply)
      + dns_domain              = (known after apply)
      + external                = (known after apply)
      + id                      = (known after apply)
      + mtu                     = (known after apply)
      + name                    = "default-p0000000024-s0000000022-wan"
      + port_security_enabled   = (known after apply)
      + qos_policy_id           = (known after apply)
      + region                  = (known after apply)
      + shared                  = (known after apply)
      + tenant_id               = (known after apply)
      + transparent_vlan        = (known after apply)

      + segments (known after apply)
    }

  # openstack_networking_port_v2.default-p0000000024-s0000000022-link-1 will be created
  + resource "openstack_networking_port_v2" "default-p0000000024-s0000000022-link-1" {
      + admin_state_up         = true
      + all_fixed_ips          = (known after apply)
      + all_security_group_ids = (known after apply)
      + all_tags               = (known after apply)
      + device_id              = (known after apply)
      + device_owner           = (known after apply)
      + dns_assignment         = (known after apply)
      + dns_name               = (known after apply)
      + id                     = (known after apply)
      + mac_address            = (known after apply)
      + name                   = "default-p0000000024-s0000000022-link-1"
      + network_id             = (known after apply)
      + port_security_enabled  = (known after apply)
      + qos_policy_id          = (known after apply)
      + region                 = (known after apply)
      + security_group_ids     = [
          + "d318bcac-a977-4da2-a36c-6fc646adfd56",
        ]
      + tenant_id              = (known after apply)

      + allowed_address_pairs {
          + ip_address = "192.168.128.0/17"
        }

      + binding (known after apply)

      + fixed_ip {
          + subnet_id = (known after apply)
        }
    }

  # openstack_networking_port_v2.default-p0000000024-s0000000022-link-10 will be created
  + resource "openstack_networking_port_v2" "default-p0000000024-s0000000022-link-10" {
      + admin_state_up         = true
      + all_fixed_ips          = (known after apply)
      + all_security_group_ids = (known after apply)
      + all_tags               = (known after apply)
      + device_id              = (known after apply)
      + device_owner           = (known after apply)
      + dns_assignment         = (known after apply)
      + dns_name               = (known after apply)
      + id                     = (known after apply)
      + mac_address            = (known after apply)
      + name                   = "default-p0000000024-s0000000022-link-10"
      + network_id             = (known after apply)
      + port_security_enabled  = (known after apply)
      + qos_policy_id          = (known after apply)
      + region                 = (known after apply)
      + security_group_ids     = [
          + "0a14006d-c778-45be-9747-18bb05e2c46f",
        ]
      + tenant_id              = (known after apply)

      + allowed_address_pairs {
          + ip_address = "0.0.0.0/0"
        }

      + binding (known after apply)

      + fixed_ip {
          + subnet_id = (known after apply)
        }
    }

  # openstack_networking_port_v2.default-p0000000024-s0000000022-link-11 will be created
  + resource "openstack_networking_port_v2" "default-p0000000024-s0000000022-link-11" {
      + admin_state_up         = true
      + all_fixed_ips          = (known after apply)
      + all_security_group_ids = (known after apply)
      + all_tags               = (known after apply)
      + device_id              = (known after apply)
      + device_owner           = (known after apply)
      + dns_assignment         = (known after apply)
      + dns_name               = (known after apply)
      + id                     = (known after apply)
      + mac_address            = (known after apply)
      + name                   = "default-p0000000024-s0000000022-link-11"
      + network_id             = (known after apply)
      + port_security_enabled  = (known after apply)
      + qos_policy_id          = (known after apply)
      + region                 = (known after apply)
      + security_group_ids     = [
          + "0a14006d-c778-45be-9747-18bb05e2c46f",
        ]
      + tenant_id              = (known after apply)

      + allowed_address_pairs {
          + ip_address = "0.0.0.0/0"
        }

      + binding (known after apply)

      + fixed_ip {
          + ip_address = "192.168.40.1"
          + subnet_id  = (known after apply)
        }
    }

  # openstack_networking_port_v2.default-p0000000024-s0000000022-link-12 will be created
  + resource "openstack_networking_port_v2" "default-p0000000024-s0000000022-link-12" {
      + admin_state_up         = true
      + all_fixed_ips          = (known after apply)
      + all_security_group_ids = (known after apply)
      + all_tags               = (known after apply)
      + device_id              = (known after apply)
      + device_owner           = (known after apply)
      + dns_assignment         = (known after apply)
      + dns_name               = (known after apply)
      + id                     = (known after apply)
      + mac_address            = (known after apply)
      + name                   = "default-p0000000024-s0000000022-link-12"
      + network_id             = (known after apply)
      + port_security_enabled  = (known after apply)
      + qos_policy_id          = (known after apply)
      + region                 = (known after apply)
      + security_group_ids     = [
          + "0a14006d-c778-45be-9747-18bb05e2c46f",
        ]
      + tenant_id              = (known after apply)

      + allowed_address_pairs {
          + ip_address = "0.0.0.0/0"
        }

      + binding (known after apply)

      + fixed_ip {
          + ip_address = "192.168.50.1"
          + subnet_id  = (known after apply)
        }
    }

  # openstack_networking_port_v2.default-p0000000024-s0000000022-link-2 will be created
  + resource "openstack_networking_port_v2" "default-p0000000024-s0000000022-link-2" {
      + admin_state_up         = true
      + all_fixed_ips          = (known after apply)
      + all_security_group_ids = (known after apply)
      + all_tags               = (known after apply)
      + device_id              = (known after apply)
      + device_owner           = (known after apply)
      + dns_assignment         = (known after apply)
      + dns_name               = (known after apply)
      + id                     = (known after apply)
      + mac_address            = (known after apply)
      + name                   = "default-p0000000024-s0000000022-link-2"
      + network_id             = (known after apply)
      + port_security_enabled  = (known after apply)
      + qos_policy_id          = (known after apply)
      + region                 = (known after apply)
      + security_group_ids     = [
          + "0a14006d-c778-45be-9747-18bb05e2c46f",
        ]
      + tenant_id              = (known after apply)

      + allowed_address_pairs {
          + ip_address = "0.0.0.0/0"
        }

      + binding (known after apply)

      + fixed_ip {
          + subnet_id = (known after apply)
        }
    }

  # openstack_networking_port_v2.default-p0000000024-s0000000022-link-3 will be created
  + resource "openstack_networking_port_v2" "default-p0000000024-s0000000022-link-3" {
      + admin_state_up         = true
      + all_fixed_ips          = (known after apply)
      + all_security_group_ids = (known after apply)
      + all_tags               = (known after apply)
      + device_id              = (known after apply)
      + device_owner           = (known after apply)
      + dns_assignment         = (known after apply)
      + dns_name               = (known after apply)
      + id                     = (known after apply)
      + mac_address            = (known after apply)
      + name                   = "default-p0000000024-s0000000022-link-3"
      + network_id             = (known after apply)
      + port_security_enabled  = (known after apply)
      + qos_policy_id          = (known after apply)
      + region                 = (known after apply)
      + security_group_ids     = [
          + "c0f8ada3-ea6b-4204-8e6b-03fb49be5ab5",
        ]
      + tenant_id              = (known after apply)

      + allowed_address_pairs {
          + ip_address = "192.168.128.0/17"
        }

      + binding (known after apply)

      + fixed_ip {
          + subnet_id = (known after apply)
        }
    }

  # openstack_networking_port_v2.default-p0000000024-s0000000022-link-4 will be created
  + resource "openstack_networking_port_v2" "default-p0000000024-s0000000022-link-4" {
      + admin_state_up         = true
      + all_fixed_ips          = (known after apply)
      + all_security_group_ids = (known after apply)
      + all_tags               = (known after apply)
      + device_id              = (known after apply)
      + device_owner           = (known after apply)
      + dns_assignment         = (known after apply)
      + dns_name               = (known after apply)
      + id                     = (known after apply)
      + mac_address            = (known after apply)
      + name                   = "default-p0000000024-s0000000022-link-4"
      + network_id             = (known after apply)
      + port_security_enabled  = (known after apply)
      + qos_policy_id          = (known after apply)
      + region                 = (known after apply)
      + security_group_ids     = [
          + "c0f8ada3-ea6b-4204-8e6b-03fb49be5ab5",
        ]
      + tenant_id              = (known after apply)

      + allowed_address_pairs {
          + ip_address = "192.168.128.0/17"
        }

      + binding (known after apply)

      + fixed_ip {
          + subnet_id = (known after apply)
        }
    }

  # openstack_networking_port_v2.default-p0000000024-s0000000022-link-5 will be created
  + resource "openstack_networking_port_v2" "default-p0000000024-s0000000022-link-5" {
      + admin_state_up         = true
      + all_fixed_ips          = (known after apply)
      + all_security_group_ids = (known after apply)
      + all_tags               = (known after apply)
      + device_id              = (known after apply)
      + device_owner           = (known after apply)
      + dns_assignment         = (known after apply)
      + dns_name               = (known after apply)
      + id                     = (known after apply)
      + mac_address            = (known after apply)
      + name                   = "default-p0000000024-s0000000022-link-5"
      + network_id             = (known after apply)
      + port_security_enabled  = (known after apply)
      + qos_policy_id          = (known after apply)
      + region                 = (known after apply)
      + security_group_ids     = [
          + "c0f8ada3-ea6b-4204-8e6b-03fb49be5ab5",
        ]
      + tenant_id              = (known after apply)

      + allowed_address_pairs {
          + ip_address = "192.168.128.0/17"
        }

      + binding (known after apply)

      + fixed_ip {
          + subnet_id = (known after apply)
        }
    }

  # openstack_networking_port_v2.default-p0000000024-s0000000022-link-6 will be created
  + resource "openstack_networking_port_v2" "default-p0000000024-s0000000022-link-6" {
      + admin_state_up         = true
      + all_fixed_ips          = (known after apply)
      + all_security_group_ids = (known after apply)
      + all_tags               = (known after apply)
      + device_id              = (known after apply)
      + device_owner           = (known after apply)
      + dns_assignment         = (known after apply)
      + dns_name               = (known after apply)
      + id                     = (known after apply)
      + mac_address            = (known after apply)
      + name                   = "default-p0000000024-s0000000022-link-6"
      + network_id             = (known after apply)
      + port_security_enabled  = (known after apply)
      + qos_policy_id          = (known after apply)
      + region                 = (known after apply)
      + security_group_ids     = [
          + "0a14006d-c778-45be-9747-18bb05e2c46f",
        ]
      + tenant_id              = (known after apply)

      + allowed_address_pairs {
          + ip_address = "192.168.40.0/24"
        }

      + binding (known after apply)

      + fixed_ip {
          + ip_address = "192.168.40.5"
          + subnet_id  = (known after apply)
        }
    }

  # openstack_networking_port_v2.default-p0000000024-s0000000022-link-7 will be created
  + resource "openstack_networking_port_v2" "default-p0000000024-s0000000022-link-7" {
      + admin_state_up         = true
      + all_fixed_ips          = (known after apply)
      + all_security_group_ids = (known after apply)
      + all_tags               = (known after apply)
      + device_id              = (known after apply)
      + device_owner           = (known after apply)
      + dns_assignment         = (known after apply)
      + dns_name               = (known after apply)
      + id                     = (known after apply)
      + mac_address            = (known after apply)
      + name                   = "default-p0000000024-s0000000022-link-7"
      + network_id             = (known after apply)
      + port_security_enabled  = (known after apply)
      + qos_policy_id          = (known after apply)
      + region                 = (known after apply)
      + security_group_ids     = [
          + "0a14006d-c778-45be-9747-18bb05e2c46f",
        ]
      + tenant_id              = (known after apply)

      + allowed_address_pairs {
          + ip_address = "192.168.50.0/24"
        }

      + binding (known after apply)

      + fixed_ip {
          + ip_address = "192.168.50.5"
          + subnet_id  = (known after apply)
        }
    }

  # openstack_networking_port_v2.default-p0000000024-s0000000022-link-8 will be created
  + resource "openstack_networking_port_v2" "default-p0000000024-s0000000022-link-8" {
      + admin_state_up         = true
      + all_fixed_ips          = (known after apply)
      + all_security_group_ids = (known after apply)
      + all_tags               = (known after apply)
      + device_id              = (known after apply)
      + device_owner           = (known after apply)
      + dns_assignment         = (known after apply)
      + dns_name               = (known after apply)
      + id                     = (known after apply)
      + mac_address            = (known after apply)
      + name                   = "default-p0000000024-s0000000022-link-8"
      + network_id             = (known after apply)
      + port_security_enabled  = (known after apply)
      + qos_policy_id          = (known after apply)
      + region                 = (known after apply)
      + security_group_ids     = [
          + "0a14006d-c778-45be-9747-18bb05e2c46f",
        ]
      + tenant_id              = (known after apply)

      + allowed_address_pairs {
          + ip_address = "192.168.50.0/24"
        }

      + binding (known after apply)

      + fixed_ip {
          + ip_address = "192.168.50.6"
          + subnet_id  = (known after apply)
        }
    }

  # openstack_networking_port_v2.default-p0000000024-s0000000022-link-9 will be created
  + resource "openstack_networking_port_v2" "default-p0000000024-s0000000022-link-9" {
      + admin_state_up         = true
      + all_fixed_ips          = (known after apply)
      + all_security_group_ids = (known after apply)
      + all_tags               = (known after apply)
      + device_id              = (known after apply)
      + device_owner           = (known after apply)
      + dns_assignment         = (known after apply)
      + dns_name               = (known after apply)
      + id                     = (known after apply)
      + mac_address            = (known after apply)
      + name                   = "default-p0000000024-s0000000022-link-9"
      + network_id             = (known after apply)
      + port_security_enabled  = (known after apply)
      + qos_policy_id          = (known after apply)
      + region                 = (known after apply)
      + security_group_ids     = [
          + "c0f8ada3-ea6b-4204-8e6b-03fb49be5ab5",
        ]
      + tenant_id              = (known after apply)

      + allowed_address_pairs {
          + ip_address = "192.168.128.0/17"
        }

      + binding (known after apply)

      + fixed_ip {
          + subnet_id = (known after apply)
        }
    }

  # openstack_networking_port_v2.default-p0000000024-s0000000022-man-out-port will be created
  + resource "openstack_networking_port_v2" "default-p0000000024-s0000000022-man-out-port" {
      + admin_state_up         = true
      + all_fixed_ips          = (known after apply)
      + all_security_group_ids = (known after apply)
      + all_tags               = (known after apply)
      + device_id              = (known after apply)
      + device_owner           = (known after apply)
      + dns_assignment         = (known after apply)
      + dns_name               = (known after apply)
      + id                     = (known after apply)
      + mac_address            = (known after apply)
      + name                   = "default-p0000000024-s0000000022-man-out-port"
      + network_id             = "9d8f9b2a-992c-4edc-8444-0bfc3c2b3cef"
      + port_security_enabled  = (known after apply)
      + qos_policy_id          = (known after apply)
      + region                 = (known after apply)
      + security_group_ids     = [
          + "fe29039a-d081-4023-adad-9641c8059c30",
        ]
      + tenant_id              = (known after apply)

      + allowed_address_pairs {
          + ip_address = "0.0.0.0/0"
        }

      + binding (known after apply)
    }

  # openstack_networking_subnet_v2.default-p0000000024-s0000000022-man-network-subnet will be created
  + resource "openstack_networking_subnet_v2" "default-p0000000024-s0000000022-man-network-subnet" {
      + all_tags          = (known after apply)
      + cidr              = "192.168.128.0/17"
      + dns_nameservers   = [
          + "1.1.1.1",
          + "1.0.0.1",
        ]
      + enable_dhcp       = true
      + gateway_ip        = (known after apply)
      + id                = (known after apply)
      + ip_version        = 4
      + ipv6_address_mode = (known after apply)
      + ipv6_ra_mode      = (known after apply)
      + name              = "default-p0000000024-s0000000022-man-network-subnet"
      + network_id        = (known after apply)
      + no_gateway        = true
      + region            = (known after apply)
      + service_types     = (known after apply)
      + tenant_id         = (known after apply)

      + allocation_pool (known after apply)
    }

  # openstack_networking_subnet_v2.default-p0000000024-s0000000022-server-switch-subnet will be created
  + resource "openstack_networking_subnet_v2" "default-p0000000024-s0000000022-server-switch-subnet" {
      + all_tags          = (known after apply)
      + cidr              = "192.168.40.0/24"
      + dns_nameservers   = [
          + "1.1.1.1",
          + "1.0.0.1",
        ]
      + enable_dhcp       = true
      + gateway_ip        = "192.168.40.1"
      + id                = (known after apply)
      + ip_version        = 4
      + ipv6_address_mode = (known after apply)
      + ipv6_ra_mode      = (known after apply)
      + name              = "default-p0000000024-s0000000022-server-switch-subnet"
      + network_id        = (known after apply)
      + no_gateway        = false
      + region            = (known after apply)
      + service_types     = (known after apply)
      + tenant_id         = (known after apply)

      + allocation_pool (known after apply)
    }

  # openstack_networking_subnet_v2.default-p0000000024-s0000000022-target-switch-subnet will be created
  + resource "openstack_networking_subnet_v2" "default-p0000000024-s0000000022-target-switch-subnet" {
      + all_tags          = (known after apply)
      + cidr              = "192.168.50.0/24"
      + dns_nameservers   = [
          + "1.1.1.1",
          + "1.0.0.1",
        ]
      + enable_dhcp       = true
      + gateway_ip        = "192.168.50.1"
      + id                = (known after apply)
      + ip_version        = 4
      + ipv6_address_mode = (known after apply)
      + ipv6_ra_mode      = (known after apply)
      + name              = "default-p0000000024-s0000000022-target-switch-subnet"
      + network_id        = (known after apply)
      + no_gateway        = false
      + region            = (known after apply)
      + service_types     = (known after apply)
      + tenant_id         = (known after apply)

      + allocation_pool (known after apply)
    }

  # openstack_networking_subnet_v2.default-p0000000024-s0000000022-wan-subnet will be created
  + resource "openstack_networking_subnet_v2" "default-p0000000024-s0000000022-wan-subnet" {
      + all_tags          = (known after apply)
      + cidr              = "100.100.100.0/24"
      + dns_nameservers   = [
          + "1.1.1.1",
          + "1.0.0.1",
        ]
      + enable_dhcp       = true
      + gateway_ip        = (known after apply)
      + id                = (known after apply)
      + ip_version        = 4
      + ipv6_address_mode = (known after apply)
      + ipv6_ra_mode      = (known after apply)
      + name              = "default-p0000000024-s0000000022-wan-subnet"
      + network_id        = (known after apply)
      + no_gateway        = true
      + region            = (known after apply)
      + service_types     = (known after apply)
      + tenant_id         = (known after apply)

      + allocation_pool (known after apply)
    }

Plan: 26 to add, 0 to change, 0 to destroy.
openstack_networking_network_v2.default-p0000000024-s0000000022-wan: Creating...
openstack_networking_network_v2.default-p0000000024-s0000000022-man-network: Creating...
openstack_networking_network_v2.default-p0000000024-s0000000022-target-switch: Creating...
openstack_networking_network_v2.default-p0000000024-s0000000022-server-switch: Creating...
openstack_networking_port_v2.default-p0000000024-s0000000022-man-out-port: Creating...
openstack_networking_network_v2.default-p0000000024-s0000000022-man-network: Creation complete after 0s [id=1c6a5e68-51f6-420f-89bf-11442e89d8f3]
openstack_networking_subnet_v2.default-p0000000024-s0000000022-man-network-subnet: Creating...
openstack_networking_network_v2.default-p0000000024-s0000000022-wan: Creation complete after 0s [id=5609d6e4-d38e-4018-a452-1621f8af8942]
openstack_networking_subnet_v2.default-p0000000024-s0000000022-wan-subnet: Creating...
openstack_networking_network_v2.default-p0000000024-s0000000022-target-switch: Creation complete after 0s [id=a60f2330-7f10-45a1-86bc-468266e33739]
openstack_networking_subnet_v2.default-p0000000024-s0000000022-target-switch-subnet: Creating...
openstack_networking_network_v2.default-p0000000024-s0000000022-server-switch: Creation complete after 0s [id=5f24945d-436f-461e-b335-cc311dad2c11]
openstack_networking_subnet_v2.default-p0000000024-s0000000022-server-switch-subnet: Creating...
openstack_networking_subnet_v2.default-p0000000024-s0000000022-man-network-subnet: Creation complete after 0s [id=ff2f2aea-7259-4e7b-9864-01e0d9942cdc]
openstack_networking_port_v2.default-p0000000024-s0000000022-link-4: Creating...
openstack_networking_port_v2.default-p0000000024-s0000000022-link-3: Creating...
openstack_networking_port_v2.default-p0000000024-s0000000022-link-1: Creating...
openstack_networking_port_v2.default-p0000000024-s0000000022-link-5: Creating...
openstack_networking_port_v2.default-p0000000024-s0000000022-man-out-port: Creation complete after 0s [id=d2067104-3005-4279-b7be-f1a296a74cd7]
openstack_networking_port_v2.default-p0000000024-s0000000022-link-9: Creating...
openstack_networking_subnet_v2.default-p0000000024-s0000000022-wan-subnet: Creation complete after 0s [id=8bcad66e-b2fa-410f-8ea7-4b4a28a6e740]
openstack_networking_port_v2.default-p0000000024-s0000000022-link-10: Creating...
openstack_networking_port_v2.default-p0000000024-s0000000022-link-2: Creating...
openstack_networking_subnet_v2.default-p0000000024-s0000000022-target-switch-subnet: Creation complete after 0s [id=8abac6dc-7c21-4b29-a5f8-d9da1eaceef8]
openstack_networking_port_v2.default-p0000000024-s0000000022-link-12: Creating...
openstack_networking_port_v2.default-p0000000024-s0000000022-link-8: Creating...
openstack_networking_subnet_v2.default-p0000000024-s0000000022-server-switch-subnet: Creation complete after 0s [id=8d9dd430-75de-47e3-81cb-82f912077b81]
openstack_networking_port_v2.default-p0000000024-s0000000022-link-7: Creating...
openstack_networking_port_v2.default-p0000000024-s0000000022-link-4: Creation complete after 0s [id=b387e520-f482-49d6-b071-b88e88d77079]
openstack_networking_port_v2.default-p0000000024-s0000000022-link-11: Creating...
openstack_networking_port_v2.default-p0000000024-s0000000022-link-1: Creation complete after 0s [id=1e025147-adf1-4a47-8407-9fc4e3b9032c]
openstack_networking_port_v2.default-p0000000024-s0000000022-link-3: Creation complete after 0s [id=1842ba6b-1c27-4246-9185-d995fea567c9]
openstack_networking_port_v2.default-p0000000024-s0000000022-link-6: Creating...
openstack_networking_port_v2.default-p0000000024-s0000000022-link-5: Creation complete after 0s [id=b4d2f35f-37c6-400d-9abf-4829a36a0157]
openstack_networking_port_v2.default-p0000000024-s0000000022-link-2: Creation complete after 1s [id=93b179d2-3fc6-49f2-8e94-180e329c32da]
openstack_compute_instance_v2.default-p0000000024-s0000000022-man: Creating...
openstack_networking_port_v2.default-p0000000024-s0000000022-link-12: Creation complete after 1s [id=57ebb2b8-b6e9-4726-a4b6-30421efed9c3]
openstack_networking_port_v2.default-p0000000024-s0000000022-link-10: Creation complete after 1s [id=740574dc-45f1-430f-8380-475c191527db]
openstack_networking_port_v2.default-p0000000024-s0000000022-link-9: Creation complete after 1s [id=c9aad980-9fa9-49c7-b8fa-99e8b58e1d81]
openstack_networking_port_v2.default-p0000000024-s0000000022-link-8: Creation complete after 1s [id=431dedb2-7ed5-4878-8ed7-6cf6b4a13961]
openstack_compute_instance_v2.default-p0000000024-s0000000022-next-target: Creating...
openstack_networking_port_v2.default-p0000000024-s0000000022-link-7: Creation complete after 1s [id=09c3f786-80f1-46c6-9116-1cdd5a2a05df]
openstack_networking_port_v2.default-p0000000024-s0000000022-link-11: Creation complete after 1s [id=5541061a-9631-44df-bce8-0f842f840eb3]
openstack_compute_instance_v2.default-p0000000024-s0000000022-target: Creating...
openstack_compute_instance_v2.default-p0000000024-s0000000022-router: Creating...
openstack_networking_port_v2.default-p0000000024-s0000000022-link-6: Creation complete after 1s [id=604104da-6318-43a7-84d2-6f396456e3c2]
openstack_compute_instance_v2.default-p0000000024-s0000000022-c2-server: Creating...
openstack_compute_instance_v2.default-p0000000024-s0000000022-man: Still creating... [10s elapsed]
openstack_compute_instance_v2.default-p0000000024-s0000000022-next-target: Still creating... [10s elapsed]
openstack_compute_instance_v2.default-p0000000024-s0000000022-target: Still creating... [10s elapsed]
openstack_compute_instance_v2.default-p0000000024-s0000000022-c2-server: Still creating... [10s elapsed]
openstack_compute_instance_v2.default-p0000000024-s0000000022-man: Still creating... [20s elapsed]
openstack_compute_instance_v2.default-p0000000024-s0000000022-next-target: Still creating... [20s elapsed]
openstack_compute_instance_v2.default-p0000000024-s0000000022-target: Still creating... [20s elapsed]
openstack_compute_instance_v2.default-p0000000024-s0000000022-c2-server: Still creating... [20s elapsed]
openstack_compute_instance_v2.default-p0000000024-s0000000022-next-target: Creation complete after 20s [id=3069218d-9fa6-4285-99fd-21837aa96e1e]
openstack_compute_instance_v2.default-p0000000024-s0000000022-c2-server: Creation complete after 20s [id=9507baca-c710-4e47-9bee-5bce8e4ca177]
openstack_compute_instance_v2.default-p0000000024-s0000000022-target: Creation complete after 20s [id=d2d4b374-873e-48f6-be6c-4cb23ef68246]
openstack_compute_instance_v2.default-p0000000024-s0000000022-man: Still creating... [30s elapsed]
openstack_compute_instance_v2.default-p0000000024-s0000000022-man: Creation complete after 30s [id=05ae7c91-b15e-4b4a-81d0-79358e016c6a]
There are some problems with the provider_installation configuration:╷│ Error: Invalid provider source exclusion patterns││ CLI config specifies invalid provider exclusion patterns: invalid provider│ matching pattern "*": must have either two or three slash-separated│ segments.╵As a result of the above problems, OpenTofu's provider installer may not behave as intended.Error: Error waiting for instance (e315adcc-dbe9-41c0-980b-dddeff1ded44) to become ready: unexpected state 'ERROR', wanted target 'ACTIVE'. last error: %!s(<nil>)  with openstack_compute_instance_v2.default-p0000000024-s0000000022-router,  on deploy.tf line 361, in resource "openstack_compute_instance_v2" "default-p0000000024-s0000000022-router": 361: resource "openstack_compute_instance_v2" "default-p0000000024-s0000000022-router" {