data.openstack_networking_secgroup_v2.sandbox-access-sg: Reading...
data.openstack_images_image_ids_v2.image_data_source-default-p0000000054-s0000000054-c2-server: Reading...
data.openstack_networking_secgroup_v2.sandbox-internal-sg: Reading...
data.openstack_images_image_ids_v2.image_data_source-default-p0000000054-s0000000054-bot2: Reading...
data.openstack_images_image_ids_v2.image_data_source-default-p0000000054-s0000000054-victim: Reading...
data.openstack_networking_network_v2.base-net: Reading...
data.openstack_networking_secgroup_v2.sandbox-man-int-sg: Reading...
data.openstack_images_image_ids_v2.image_data_source-default-p0000000054-s0000000054-bot1: Reading...
data.openstack_images_image_ids_v2.image_data_source-default-p0000000054-s0000000054-router: Reading...
data.openstack_images_image_ids_v2.image_data_source-default-p0000000054-s0000000054-man: Reading...
data.openstack_networking_network_v2.base-net: Read complete after 0s [id=9d8f9b2a-992c-4edc-8444-0bfc3c2b3cef]
data.openstack_networking_secgroup_v2.sandbox-man-sg: Reading...
data.openstack_images_image_ids_v2.image_data_source-default-p0000000054-s0000000054-bot2: Read complete after 0s [id=2215401803]
data.openstack_images_image_ids_v2.image_data_source-default-p0000000054-s0000000054-victim: Read complete after 0s [id=2215401803]
data.openstack_images_image_ids_v2.image_data_source-default-p0000000054-s0000000054-man: Read complete after 0s [id=2215401803]
data.openstack_networking_secgroup_v2.sandbox-man-sg: Read complete after 0s [id=d318bcac-a977-4da2-a36c-6fc646adfd56]
data.openstack_images_image_ids_v2.image_data_source-default-p0000000054-s0000000054-c2-server: Read complete after 0s [id=2215401803]
data.openstack_networking_secgroup_v2.sandbox-access-sg: Read complete after 0s [id=fe29039a-d081-4023-adad-9641c8059c30]
data.openstack_images_image_ids_v2.image_data_source-default-p0000000054-s0000000054-router: Read complete after 0s [id=3718318825]
data.openstack_images_image_ids_v2.image_data_source-default-p0000000054-s0000000054-bot1: Read complete after 0s [id=2215401803]
data.openstack_networking_secgroup_v2.sandbox-internal-sg: Read complete after 0s [id=0a14006d-c778-45be-9747-18bb05e2c46f]
data.openstack_networking_secgroup_v2.sandbox-man-int-sg: Read complete after 0s [id=c0f8ada3-ea6b-4204-8e6b-03fb49be5ab5]

OpenTofu used the selected providers to generate the following execution
plan. Resource actions are indicated with the following symbols:
  + create

OpenTofu will perform the following actions:

  # openstack_compute_instance_v2.default-p0000000054-s0000000054-bot1 will be created
  + resource "openstack_compute_instance_v2" "default-p0000000054-s0000000054-bot1" {
      + access_ip_v4        = (known after apply)
      + access_ip_v6        = (known after apply)
      + all_metadata        = (known after apply)
      + all_tags            = (known after apply)
      + availability_zone   = (known after apply)
      + config_drive        = true
      + created             = (known after apply)
      + flavor_id           = (known after apply)
      + flavor_name         = "standard.small"
      + force_delete        = false
      + hypervisor_hostname = (known after apply)
      + id                  = (known after apply)
      + image_id            = (known after apply)
      + image_name          = "ubuntu-noble-x86_64"
      + key_pair            = "default-p0000000054-023645e9-ssh"
      + name                = "default-p0000000054-s0000000054-bot1"
      + power_state         = "active"
      + region              = (known after apply)
      + security_groups     = (known after apply)
      + stop_before_destroy = false
      + updated             = (known after apply)

      + network {
          + access_network = false
          + fixed_ip_v4    = (known after apply)
          + fixed_ip_v6    = (known after apply)
          + mac            = (known after apply)
          + name           = (known after apply)
          + port           = (known after apply)
          + uuid           = (known after apply)
        }
      + network {
          + access_network = false
          + fixed_ip_v4    = (known after apply)
          + fixed_ip_v6    = (known after apply)
          + mac            = (known after apply)
          + name           = (known after apply)
          + port           = (known after apply)
          + uuid           = (known after apply)
        }
    }

  # openstack_compute_instance_v2.default-p0000000054-s0000000054-bot2 will be created
  + resource "openstack_compute_instance_v2" "default-p0000000054-s0000000054-bot2" {
      + access_ip_v4        = (known after apply)
      + access_ip_v6        = (known after apply)
      + all_metadata        = (known after apply)
      + all_tags            = (known after apply)
      + availability_zone   = (known after apply)
      + config_drive        = true
      + created             = (known after apply)
      + flavor_id           = (known after apply)
      + flavor_name         = "standard.small"
      + force_delete        = false
      + hypervisor_hostname = (known after apply)
      + id                  = (known after apply)
      + image_id            = (known after apply)
      + image_name          = "ubuntu-noble-x86_64"
      + key_pair            = "default-p0000000054-023645e9-ssh"
      + name                = "default-p0000000054-s0000000054-bot2"
      + power_state         = "active"
      + region              = (known after apply)
      + security_groups     = (known after apply)
      + stop_before_destroy = false
      + updated             = (known after apply)

      + network {
          + access_network = false
          + fixed_ip_v4    = (known after apply)
          + fixed_ip_v6    = (known after apply)
          + mac            = (known after apply)
          + name           = (known after apply)
          + port           = (known after apply)
          + uuid           = (known after apply)
        }
      + network {
          + access_network = false
          + fixed_ip_v4    = (known after apply)
          + fixed_ip_v6    = (known after apply)
          + mac            = (known after apply)
          + name           = (known after apply)
          + port           = (known after apply)
          + uuid           = (known after apply)
        }
    }

  # openstack_compute_instance_v2.default-p0000000054-s0000000054-c2-server will be created
  + resource "openstack_compute_instance_v2" "default-p0000000054-s0000000054-c2-server" {
      + access_ip_v4        = (known after apply)
      + access_ip_v6        = (known after apply)
      + all_metadata        = (known after apply)
      + all_tags            = (known after apply)
      + availability_zone   = (known after apply)
      + config_drive        = true
      + created             = (known after apply)
      + flavor_id           = (known after apply)
      + flavor_name         = "standard.small"
      + force_delete        = false
      + hypervisor_hostname = (known after apply)
      + id                  = (known after apply)
      + image_id            = (known after apply)
      + image_name          = "ubuntu-noble-x86_64"
      + key_pair            = "default-p0000000054-023645e9-ssh"
      + name                = "default-p0000000054-s0000000054-c2-server"
      + power_state         = "active"
      + region              = (known after apply)
      + security_groups     = (known after apply)
      + stop_before_destroy = false
      + updated             = (known after apply)

      + network {
          + access_network = false
          + fixed_ip_v4    = (known after apply)
          + fixed_ip_v6    = (known after apply)
          + mac            = (known after apply)
          + name           = (known after apply)
          + port           = (known after apply)
          + uuid           = (known after apply)
        }
      + network {
          + access_network = false
          + fixed_ip_v4    = (known after apply)
          + fixed_ip_v6    = (known after apply)
          + mac            = (known after apply)
          + name           = (known after apply)
          + port           = (known after apply)
          + uuid           = (known after apply)
        }
    }

  # openstack_compute_instance_v2.default-p0000000054-s0000000054-man will be created
  + resource "openstack_compute_instance_v2" "default-p0000000054-s0000000054-man" {
      + access_ip_v4        = (known after apply)
      + access_ip_v6        = (known after apply)
      + all_metadata        = (known after apply)
      + all_tags            = (known after apply)
      + availability_zone   = (known after apply)
      + config_drive        = true
      + created             = (known after apply)
      + flavor_id           = (known after apply)
      + flavor_name         = "standard.medium"
      + force_delete        = false
      + hypervisor_hostname = (known after apply)
      + id                  = (known after apply)
      + image_id            = (known after apply)
      + image_name          = "ubuntu-noble-x86_64"
      + key_pair            = "default-p0000000054-023645e9-ssh"
      + name                = "default-p0000000054-s0000000054-man"
      + power_state         = "active"
      + region              = (known after apply)
      + security_groups     = (known after apply)
      + stop_before_destroy = false
      + updated             = (known after apply)

      + network {
          + access_network = false
          + fixed_ip_v4    = (known after apply)
          + fixed_ip_v6    = (known after apply)
          + mac            = (known after apply)
          + name           = (known after apply)
          + port           = (known after apply)
          + uuid           = (known after apply)
        }
      + network {
          + access_network = false
          + fixed_ip_v4    = (known after apply)
          + fixed_ip_v6    = (known after apply)
          + mac            = (known after apply)
          + name           = (known after apply)
          + port           = (known after apply)
          + uuid           = (known after apply)
        }
      + network {
          + access_network = false
          + fixed_ip_v4    = (known after apply)
          + fixed_ip_v6    = (known after apply)
          + mac            = (known after apply)
          + name           = (known after apply)
          + port           = (known after apply)
          + uuid           = (known after apply)
        }
    }

  # openstack_compute_instance_v2.default-p0000000054-s0000000054-router will be created
  + resource "openstack_compute_instance_v2" "default-p0000000054-s0000000054-router" {
      + access_ip_v4        = (known after apply)
      + access_ip_v6        = (known after apply)
      + all_metadata        = (known after apply)
      + all_tags            = (known after apply)
      + availability_zone   = (known after apply)
      + config_drive        = true
      + created             = (known after apply)
      + flavor_id           = (known after apply)
      + flavor_name         = "standard.small"
      + force_delete        = false
      + hypervisor_hostname = (known after apply)
      + id                  = (known after apply)
      + image_id            = (known after apply)
      + image_name          = "debian-12-x86_64"
      + key_pair            = "default-p0000000054-023645e9-ssh"
      + name                = "default-p0000000054-s0000000054-router"
      + power_state         = "active"
      + region              = (known after apply)
      + security_groups     = (known after apply)
      + stop_before_destroy = false
      + updated             = (known after apply)

      + network {
          + access_network = false
          + fixed_ip_v4    = (known after apply)
          + fixed_ip_v6    = (known after apply)
          + mac            = (known after apply)
          + name           = (known after apply)
          + port           = (known after apply)
          + uuid           = (known after apply)
        }
      + network {
          + access_network = false
          + fixed_ip_v4    = (known after apply)
          + fixed_ip_v6    = (known after apply)
          + mac            = (known after apply)
          + name           = (known after apply)
          + port           = (known after apply)
          + uuid           = (known after apply)
        }
      + network {
          + access_network = false
          + fixed_ip_v4    = (known after apply)
          + fixed_ip_v6    = (known after apply)
          + mac            = (known after apply)
          + name           = (known after apply)
          + port           = (known after apply)
          + uuid           = (known after apply)
        }
      + network {
          + access_network = false
          + fixed_ip_v4    = (known after apply)
          + fixed_ip_v6    = (known after apply)
          + mac            = (known after apply)
          + name           = (known after apply)
          + port           = (known after apply)
          + uuid           = (known after apply)
        }
    }

  # openstack_compute_instance_v2.default-p0000000054-s0000000054-victim will be created
  + resource "openstack_compute_instance_v2" "default-p0000000054-s0000000054-victim" {
      + access_ip_v4        = (known after apply)
      + access_ip_v6        = (known after apply)
      + all_metadata        = (known after apply)
      + all_tags            = (known after apply)
      + availability_zone   = (known after apply)
      + config_drive        = true
      + created             = (known after apply)
      + flavor_id           = (known after apply)
      + flavor_name         = "standard.small"
      + force_delete        = false
      + hypervisor_hostname = (known after apply)
      + id                  = (known after apply)
      + image_id            = (known after apply)
      + image_name          = "ubuntu-noble-x86_64"
      + key_pair            = "default-p0000000054-023645e9-ssh"
      + name                = "default-p0000000054-s0000000054-victim"
      + power_state         = "active"
      + region              = (known after apply)
      + security_groups     = (known after apply)
      + stop_before_destroy = false
      + updated             = (known after apply)

      + network {
          + access_network = false
          + fixed_ip_v4    = (known after apply)
          + fixed_ip_v6    = (known after apply)
          + mac            = (known after apply)
          + name           = (known after apply)
          + port           = (known after apply)
          + uuid           = (known after apply)
        }
      + network {
          + access_network = false
          + fixed_ip_v4    = (known after apply)
          + fixed_ip_v6    = (known after apply)
          + mac            = (known after apply)
          + name           = (known after apply)
          + port           = (known after apply)
          + uuid           = (known after apply)
        }
    }

  # openstack_networking_network_v2.default-p0000000054-s0000000054-botnet-switch will be created
  + resource "openstack_networking_network_v2" "default-p0000000054-s0000000054-botnet-switch" {
      + admin_state_up          = true
      + all_tags                = (known after apply)
      + availability_zone_hints = (known after apply)
      + dns_domain              = (known after apply)
      + external                = (known after apply)
      + id                      = (known after apply)
      + mtu                     = (known after apply)
      + name                    = "default-p0000000054-s0000000054-botnet-switch"
      + port_security_enabled   = (known after apply)
      + qos_policy_id           = (known after apply)
      + region                  = (known after apply)
      + shared                  = (known after apply)
      + tenant_id               = (known after apply)
      + transparent_vlan        = (known after apply)

      + segments (known after apply)
    }

  # openstack_networking_network_v2.default-p0000000054-s0000000054-man-network will be created
  + resource "openstack_networking_network_v2" "default-p0000000054-s0000000054-man-network" {
      + admin_state_up          = true
      + all_tags                = (known after apply)
      + availability_zone_hints = (known after apply)
      + dns_domain              = (known after apply)
      + external                = (known after apply)
      + id                      = (known after apply)
      + mtu                     = (known after apply)
      + name                    = "default-p0000000054-s0000000054-man-network"
      + port_security_enabled   = (known after apply)
      + qos_policy_id           = (known after apply)
      + region                  = (known after apply)
      + shared                  = (known after apply)
      + tenant_id               = (known after apply)
      + transparent_vlan        = (known after apply)

      + segments (known after apply)
    }

  # openstack_networking_network_v2.default-p0000000054-s0000000054-victim-switch will be created
  + resource "openstack_networking_network_v2" "default-p0000000054-s0000000054-victim-switch" {
      + admin_state_up          = true
      + all_tags                = (known after apply)
      + availability_zone_hints = (known after apply)
      + dns_domain              = (known after apply)
      + external                = (known after apply)
      + id                      = (known after apply)
      + mtu                     = (known after apply)
      + name                    = "default-p0000000054-s0000000054-victim-switch"
      + port_security_enabled   = (known after apply)
      + qos_policy_id           = (known after apply)
      + region                  = (known after apply)
      + shared                  = (known after apply)
      + tenant_id               = (known after apply)
      + transparent_vlan        = (known after apply)

      + segments (known after apply)
    }

  # openstack_networking_network_v2.default-p0000000054-s0000000054-wan will be created
  + resource "openstack_networking_network_v2" "default-p0000000054-s0000000054-wan" {
      + admin_state_up          = true
      + all_tags                = (known after apply)
      + availability_zone_hints = (known after apply)
      + dns_domain              = (known after apply)
      + external                = (known after apply)
      + id                      = (known after apply)
      + mtu                     = (known after apply)
      + name                    = "default-p0000000054-s0000000054-wan"
      + port_security_enabled   = (known after apply)
      + qos_policy_id           = (known after apply)
      + region                  = (known after apply)
      + shared                  = (known after apply)
      + tenant_id               = (known after apply)
      + transparent_vlan        = (known after apply)

      + segments (known after apply)
    }

  # openstack_networking_port_v2.default-p0000000054-s0000000054-link-1 will be created
  + resource "openstack_networking_port_v2" "default-p0000000054-s0000000054-link-1" {
      + admin_state_up         = true
      + all_fixed_ips          = (known after apply)
      + all_security_group_ids = (known after apply)
      + all_tags               = (known after apply)
      + device_id              = (known after apply)
      + device_owner           = (known after apply)
      + dns_assignment         = (known after apply)
      + dns_name               = (known after apply)
      + id                     = (known after apply)
      + mac_address            = (known after apply)
      + name                   = "default-p0000000054-s0000000054-link-1"
      + network_id             = (known after apply)
      + port_security_enabled  = (known after apply)
      + qos_policy_id          = (known after apply)
      + region                 = (known after apply)
      + security_group_ids     = [
          + "d318bcac-a977-4da2-a36c-6fc646adfd56",
        ]
      + tenant_id              = (known after apply)

      + allowed_address_pairs {
          + ip_address = "192.168.128.0/17"
        }

      + binding (known after apply)

      + fixed_ip {
          + subnet_id = (known after apply)
        }
    }

  # openstack_networking_port_v2.default-p0000000054-s0000000054-link-10 will be created
  + resource "openstack_networking_port_v2" "default-p0000000054-s0000000054-link-10" {
      + admin_state_up         = true
      + all_fixed_ips          = (known after apply)
      + all_security_group_ids = (known after apply)
      + all_tags               = (known after apply)
      + device_id              = (known after apply)
      + device_owner           = (known after apply)
      + dns_assignment         = (known after apply)
      + dns_name               = (known after apply)
      + id                     = (known after apply)
      + mac_address            = (known after apply)
      + name                   = "default-p0000000054-s0000000054-link-10"
      + network_id             = (known after apply)
      + port_security_enabled  = (known after apply)
      + qos_policy_id          = (known after apply)
      + region                 = (known after apply)
      + security_group_ids     = [
          + "0a14006d-c778-45be-9747-18bb05e2c46f",
        ]
      + tenant_id              = (known after apply)

      + allowed_address_pairs {
          + ip_address = "192.168.80.0/24"
        }

      + binding (known after apply)

      + fixed_ip {
          + ip_address = "192.168.80.100"
          + subnet_id  = (known after apply)
        }
    }

  # openstack_networking_port_v2.default-p0000000054-s0000000054-link-11 will be created
  + resource "openstack_networking_port_v2" "default-p0000000054-s0000000054-link-11" {
      + admin_state_up         = true
      + all_fixed_ips          = (known after apply)
      + all_security_group_ids = (known after apply)
      + all_tags               = (known after apply)
      + device_id              = (known after apply)
      + device_owner           = (known after apply)
      + dns_assignment         = (known after apply)
      + dns_name               = (known after apply)
      + id                     = (known after apply)
      + mac_address            = (known after apply)
      + name                   = "default-p0000000054-s0000000054-link-11"
      + network_id             = (known after apply)
      + port_security_enabled  = (known after apply)
      + qos_policy_id          = (known after apply)
      + region                 = (known after apply)
      + security_group_ids     = [
          + "c0f8ada3-ea6b-4204-8e6b-03fb49be5ab5",
        ]
      + tenant_id              = (known after apply)

      + allowed_address_pairs {
          + ip_address = "192.168.128.0/17"
        }

      + binding (known after apply)

      + fixed_ip {
          + subnet_id = (known after apply)
        }
    }

  # openstack_networking_port_v2.default-p0000000054-s0000000054-link-12 will be created
  + resource "openstack_networking_port_v2" "default-p0000000054-s0000000054-link-12" {
      + admin_state_up         = true
      + all_fixed_ips          = (known after apply)
      + all_security_group_ids = (known after apply)
      + all_tags               = (known after apply)
      + device_id              = (known after apply)
      + device_owner           = (known after apply)
      + dns_assignment         = (known after apply)
      + dns_name               = (known after apply)
      + id                     = (known after apply)
      + mac_address            = (known after apply)
      + name                   = "default-p0000000054-s0000000054-link-12"
      + network_id             = (known after apply)
      + port_security_enabled  = (known after apply)
      + qos_policy_id          = (known after apply)
      + region                 = (known after apply)
      + security_group_ids     = [
          + "0a14006d-c778-45be-9747-18bb05e2c46f",
        ]
      + tenant_id              = (known after apply)

      + allowed_address_pairs {
          + ip_address = "0.0.0.0/0"
        }

      + binding (known after apply)

      + fixed_ip {
          + subnet_id = (known after apply)
        }
    }

  # openstack_networking_port_v2.default-p0000000054-s0000000054-link-13 will be created
  + resource "openstack_networking_port_v2" "default-p0000000054-s0000000054-link-13" {
      + admin_state_up         = true
      + all_fixed_ips          = (known after apply)
      + all_security_group_ids = (known after apply)
      + all_tags               = (known after apply)
      + device_id              = (known after apply)
      + device_owner           = (known after apply)
      + dns_assignment         = (known after apply)
      + dns_name               = (known after apply)
      + id                     = (known after apply)
      + mac_address            = (known after apply)
      + name                   = "default-p0000000054-s0000000054-link-13"
      + network_id             = (known after apply)
      + port_security_enabled  = (known after apply)
      + qos_policy_id          = (known after apply)
      + region                 = (known after apply)
      + security_group_ids     = [
          + "0a14006d-c778-45be-9747-18bb05e2c46f",
        ]
      + tenant_id              = (known after apply)

      + allowed_address_pairs {
          + ip_address = "0.0.0.0/0"
        }

      + binding (known after apply)

      + fixed_ip {
          + ip_address = "192.168.70.1"
          + subnet_id  = (known after apply)
        }
    }

  # openstack_networking_port_v2.default-p0000000054-s0000000054-link-14 will be created
  + resource "openstack_networking_port_v2" "default-p0000000054-s0000000054-link-14" {
      + admin_state_up         = true
      + all_fixed_ips          = (known after apply)
      + all_security_group_ids = (known after apply)
      + all_tags               = (known after apply)
      + device_id              = (known after apply)
      + device_owner           = (known after apply)
      + dns_assignment         = (known after apply)
      + dns_name               = (known after apply)
      + id                     = (known after apply)
      + mac_address            = (known after apply)
      + name                   = "default-p0000000054-s0000000054-link-14"
      + network_id             = (known after apply)
      + port_security_enabled  = (known after apply)
      + qos_policy_id          = (known after apply)
      + region                 = (known after apply)
      + security_group_ids     = [
          + "0a14006d-c778-45be-9747-18bb05e2c46f",
        ]
      + tenant_id              = (known after apply)

      + allowed_address_pairs {
          + ip_address = "0.0.0.0/0"
        }

      + binding (known after apply)

      + fixed_ip {
          + ip_address = "192.168.80.1"
          + subnet_id  = (known after apply)
        }
    }

  # openstack_networking_port_v2.default-p0000000054-s0000000054-link-2 will be created
  + resource "openstack_networking_port_v2" "default-p0000000054-s0000000054-link-2" {
      + admin_state_up         = true
      + all_fixed_ips          = (known after apply)
      + all_security_group_ids = (known after apply)
      + all_tags               = (known after apply)
      + device_id              = (known after apply)
      + device_owner           = (known after apply)
      + dns_assignment         = (known after apply)
      + dns_name               = (known after apply)
      + id                     = (known after apply)
      + mac_address            = (known after apply)
      + name                   = "default-p0000000054-s0000000054-link-2"
      + network_id             = (known after apply)
      + port_security_enabled  = (known after apply)
      + qos_policy_id          = (known after apply)
      + region                 = (known after apply)
      + security_group_ids     = [
          + "0a14006d-c778-45be-9747-18bb05e2c46f",
        ]
      + tenant_id              = (known after apply)

      + allowed_address_pairs {
          + ip_address = "0.0.0.0/0"
        }

      + binding (known after apply)

      + fixed_ip {
          + subnet_id = (known after apply)
        }
    }

  # openstack_networking_port_v2.default-p0000000054-s0000000054-link-3 will be created
  + resource "openstack_networking_port_v2" "default-p0000000054-s0000000054-link-3" {
      + admin_state_up         = true
      + all_fixed_ips          = (known after apply)
      + all_security_group_ids = (known after apply)
      + all_tags               = (known after apply)
      + device_id              = (known after apply)
      + device_owner           = (known after apply)
      + dns_assignment         = (known after apply)
      + dns_name               = (known after apply)
      + id                     = (known after apply)
      + mac_address            = (known after apply)
      + name                   = "default-p0000000054-s0000000054-link-3"
      + network_id             = (known after apply)
      + port_security_enabled  = (known after apply)
      + qos_policy_id          = (known after apply)
      + region                 = (known after apply)
      + security_group_ids     = [
          + "c0f8ada3-ea6b-4204-8e6b-03fb49be5ab5",
        ]
      + tenant_id              = (known after apply)

      + allowed_address_pairs {
          + ip_address = "192.168.128.0/17"
        }

      + binding (known after apply)

      + fixed_ip {
          + subnet_id = (known after apply)
        }
    }

  # openstack_networking_port_v2.default-p0000000054-s0000000054-link-4 will be created
  + resource "openstack_networking_port_v2" "default-p0000000054-s0000000054-link-4" {
      + admin_state_up         = true
      + all_fixed_ips          = (known after apply)
      + all_security_group_ids = (known after apply)
      + all_tags               = (known after apply)
      + device_id              = (known after apply)
      + device_owner           = (known after apply)
      + dns_assignment         = (known after apply)
      + dns_name               = (known after apply)
      + id                     = (known after apply)
      + mac_address            = (known after apply)
      + name                   = "default-p0000000054-s0000000054-link-4"
      + network_id             = (known after apply)
      + port_security_enabled  = (known after apply)
      + qos_policy_id          = (known after apply)
      + region                 = (known after apply)
      + security_group_ids     = [
          + "c0f8ada3-ea6b-4204-8e6b-03fb49be5ab5",
        ]
      + tenant_id              = (known after apply)

      + allowed_address_pairs {
          + ip_address = "192.168.128.0/17"
        }

      + binding (known after apply)

      + fixed_ip {
          + subnet_id = (known after apply)
        }
    }

  # openstack_networking_port_v2.default-p0000000054-s0000000054-link-5 will be created
  + resource "openstack_networking_port_v2" "default-p0000000054-s0000000054-link-5" {
      + admin_state_up         = true
      + all_fixed_ips          = (known after apply)
      + all_security_group_ids = (known after apply)
      + all_tags               = (known after apply)
      + device_id              = (known after apply)
      + device_owner           = (known after apply)
      + dns_assignment         = (known after apply)
      + dns_name               = (known after apply)
      + id                     = (known after apply)
      + mac_address            = (known after apply)
      + name                   = "default-p0000000054-s0000000054-link-5"
      + network_id             = (known after apply)
      + port_security_enabled  = (known after apply)
      + qos_policy_id          = (known after apply)
      + region                 = (known after apply)
      + security_group_ids     = [
          + "c0f8ada3-ea6b-4204-8e6b-03fb49be5ab5",
        ]
      + tenant_id              = (known after apply)

      + allowed_address_pairs {
          + ip_address = "192.168.128.0/17"
        }

      + binding (known after apply)

      + fixed_ip {
          + subnet_id = (known after apply)
        }
    }

  # openstack_networking_port_v2.default-p0000000054-s0000000054-link-6 will be created
  + resource "openstack_networking_port_v2" "default-p0000000054-s0000000054-link-6" {
      + admin_state_up         = true
      + all_fixed_ips          = (known after apply)
      + all_security_group_ids = (known after apply)
      + all_tags               = (known after apply)
      + device_id              = (known after apply)
      + device_owner           = (known after apply)
      + dns_assignment         = (known after apply)
      + dns_name               = (known after apply)
      + id                     = (known after apply)
      + mac_address            = (known after apply)
      + name                   = "default-p0000000054-s0000000054-link-6"
      + network_id             = (known after apply)
      + port_security_enabled  = (known after apply)
      + qos_policy_id          = (known after apply)
      + region                 = (known after apply)
      + security_group_ids     = [
          + "c0f8ada3-ea6b-4204-8e6b-03fb49be5ab5",
        ]
      + tenant_id              = (known after apply)

      + allowed_address_pairs {
          + ip_address = "192.168.128.0/17"
        }

      + binding (known after apply)

      + fixed_ip {
          + subnet_id = (known after apply)
        }
    }

  # openstack_networking_port_v2.default-p0000000054-s0000000054-link-7 will be created
  + resource "openstack_networking_port_v2" "default-p0000000054-s0000000054-link-7" {
      + admin_state_up         = true
      + all_fixed_ips          = (known after apply)
      + all_security_group_ids = (known after apply)
      + all_tags               = (known after apply)
      + device_id              = (known after apply)
      + device_owner           = (known after apply)
      + dns_assignment         = (known after apply)
      + dns_name               = (known after apply)
      + id                     = (known after apply)
      + mac_address            = (known after apply)
      + name                   = "default-p0000000054-s0000000054-link-7"
      + network_id             = (known after apply)
      + port_security_enabled  = (known after apply)
      + qos_policy_id          = (known after apply)
      + region                 = (known after apply)
      + security_group_ids     = [
          + "0a14006d-c778-45be-9747-18bb05e2c46f",
        ]
      + tenant_id              = (known after apply)

      + allowed_address_pairs {
          + ip_address = "192.168.70.0/24"
        }

      + binding (known after apply)

      + fixed_ip {
          + ip_address = "192.168.70.5"
          + subnet_id  = (known after apply)
        }
    }

  # openstack_networking_port_v2.default-p0000000054-s0000000054-link-8 will be created
  + resource "openstack_networking_port_v2" "default-p0000000054-s0000000054-link-8" {
      + admin_state_up         = true
      + all_fixed_ips          = (known after apply)
      + all_security_group_ids = (known after apply)
      + all_tags               = (known after apply)
      + device_id              = (known after apply)
      + device_owner           = (known after apply)
      + dns_assignment         = (known after apply)
      + dns_name               = (known after apply)
      + id                     = (known after apply)
      + mac_address            = (known after apply)
      + name                   = "default-p0000000054-s0000000054-link-8"
      + network_id             = (known after apply)
      + port_security_enabled  = (known after apply)
      + qos_policy_id          = (known after apply)
      + region                 = (known after apply)
      + security_group_ids     = [
          + "0a14006d-c778-45be-9747-18bb05e2c46f",
        ]
      + tenant_id              = (known after apply)

      + allowed_address_pairs {
          + ip_address = "192.168.70.0/24"
        }

      + binding (known after apply)

      + fixed_ip {
          + ip_address = "192.168.70.10"
          + subnet_id  = (known after apply)
        }
    }

  # openstack_networking_port_v2.default-p0000000054-s0000000054-link-9 will be created
  + resource "openstack_networking_port_v2" "default-p0000000054-s0000000054-link-9" {
      + admin_state_up         = true
      + all_fixed_ips          = (known after apply)
      + all_security_group_ids = (known after apply)
      + all_tags               = (known after apply)
      + device_id              = (known after apply)
      + device_owner           = (known after apply)
      + dns_assignment         = (known after apply)
      + dns_name               = (known after apply)
      + id                     = (known after apply)
      + mac_address            = (known after apply)
      + name                   = "default-p0000000054-s0000000054-link-9"
      + network_id             = (known after apply)
      + port_security_enabled  = (known after apply)
      + qos_policy_id          = (known after apply)
      + region                 = (known after apply)
      + security_group_ids     = [
          + "0a14006d-c778-45be-9747-18bb05e2c46f",
        ]
      + tenant_id              = (known after apply)

      + allowed_address_pairs {
          + ip_address = "192.168.70.0/24"
        }

      + binding (known after apply)

      + fixed_ip {
          + ip_address = "192.168.70.11"
          + subnet_id  = (known after apply)
        }
    }

  # openstack_networking_port_v2.default-p0000000054-s0000000054-man-out-port will be created
  + resource "openstack_networking_port_v2" "default-p0000000054-s0000000054-man-out-port" {
      + admin_state_up         = true
      + all_fixed_ips          = (known after apply)
      + all_security_group_ids = (known after apply)
      + all_tags               = (known after apply)
      + device_id              = (known after apply)
      + device_owner           = (known after apply)
      + dns_assignment         = (known after apply)
      + dns_name               = (known after apply)
      + id                     = (known after apply)
      + mac_address            = (known after apply)
      + name                   = "default-p0000000054-s0000000054-man-out-port"
      + network_id             = "9d8f9b2a-992c-4edc-8444-0bfc3c2b3cef"
      + port_security_enabled  = (known after apply)
      + qos_policy_id          = (known after apply)
      + region                 = (known after apply)
      + security_group_ids     = [
          + "fe29039a-d081-4023-adad-9641c8059c30",
        ]
      + tenant_id              = (known after apply)

      + allowed_address_pairs {
          + ip_address = "0.0.0.0/0"
        }

      + binding (known after apply)
    }

  # openstack_networking_subnet_v2.default-p0000000054-s0000000054-botnet-switch-subnet will be created
  + resource "openstack_networking_subnet_v2" "default-p0000000054-s0000000054-botnet-switch-subnet" {
      + all_tags          = (known after apply)
      + cidr              = "192.168.70.0/24"
      + dns_nameservers   = [
          + "1.1.1.1",
          + "1.0.0.1",
        ]
      + enable_dhcp       = true
      + gateway_ip        = "192.168.70.1"
      + id                = (known after apply)
      + ip_version        = 4
      + ipv6_address_mode = (known after apply)
      + ipv6_ra_mode      = (known after apply)
      + name              = "default-p0000000054-s0000000054-botnet-switch-subnet"
      + network_id        = (known after apply)
      + no_gateway        = false
      + region            = (known after apply)
      + service_types     = (known after apply)
      + tenant_id         = (known after apply)

      + allocation_pool (known after apply)
    }

  # openstack_networking_subnet_v2.default-p0000000054-s0000000054-man-network-subnet will be created
  + resource "openstack_networking_subnet_v2" "default-p0000000054-s0000000054-man-network-subnet" {
      + all_tags          = (known after apply)
      + cidr              = "192.168.128.0/17"
      + dns_nameservers   = [
          + "1.1.1.1",
          + "1.0.0.1",
        ]
      + enable_dhcp       = true
      + gateway_ip        = (known after apply)
      + id                = (known after apply)
      + ip_version        = 4
      + ipv6_address_mode = (known after apply)
      + ipv6_ra_mode      = (known after apply)
      + name              = "default-p0000000054-s0000000054-man-network-subnet"
      + network_id        = (known after apply)
      + no_gateway        = true
      + region            = (known after apply)
      + service_types     = (known after apply)
      + tenant_id         = (known after apply)

      + allocation_pool (known after apply)
    }

  # openstack_networking_subnet_v2.default-p0000000054-s0000000054-victim-switch-subnet will be created
  + resource "openstack_networking_subnet_v2" "default-p0000000054-s0000000054-victim-switch-subnet" {
      + all_tags          = (known after apply)
      + cidr              = "192.168.80.0/24"
      + dns_nameservers   = [
          + "1.1.1.1",
          + "1.0.0.1",
        ]
      + enable_dhcp       = true
      + gateway_ip        = "192.168.80.1"
      + id                = (known after apply)
      + ip_version        = 4
      + ipv6_address_mode = (known after apply)
      + ipv6_ra_mode      = (known after apply)
      + name              = "default-p0000000054-s0000000054-victim-switch-subnet"
      + network_id        = (known after apply)
      + no_gateway        = false
      + region            = (known after apply)
      + service_types     = (known after apply)
      + tenant_id         = (known after apply)

      + allocation_pool (known after apply)
    }

  # openstack_networking_subnet_v2.default-p0000000054-s0000000054-wan-subnet will be created
  + resource "openstack_networking_subnet_v2" "default-p0000000054-s0000000054-wan-subnet" {
      + all_tags          = (known after apply)
      + cidr              = "100.100.100.0/24"
      + dns_nameservers   = [
          + "1.1.1.1",
          + "1.0.0.1",
        ]
      + enable_dhcp       = true
      + gateway_ip        = (known after apply)
      + id                = (known after apply)
      + ip_version        = 4
      + ipv6_address_mode = (known after apply)
      + ipv6_ra_mode      = (known after apply)
      + name              = "default-p0000000054-s0000000054-wan-subnet"
      + network_id        = (known after apply)
      + no_gateway        = true
      + region            = (known after apply)
      + service_types     = (known after apply)
      + tenant_id         = (known after apply)

      + allocation_pool (known after apply)
    }

Plan: 29 to add, 0 to change, 0 to destroy.
openstack_networking_network_v2.default-p0000000054-s0000000054-victim-switch: Creating...
openstack_networking_network_v2.default-p0000000054-s0000000054-man-network: Creating...
openstack_networking_network_v2.default-p0000000054-s0000000054-botnet-switch: Creating...
openstack_networking_port_v2.default-p0000000054-s0000000054-man-out-port: Creating...
openstack_networking_network_v2.default-p0000000054-s0000000054-wan: Creating...
openstack_networking_network_v2.default-p0000000054-s0000000054-botnet-switch: Creation complete after 0s [id=120dff84-837a-4946-ad4d-0fc9c90ad103]
openstack_networking_network_v2.default-p0000000054-s0000000054-victim-switch: Creation complete after 0s [id=1121277c-770f-4efc-8794-0a902e499909]
openstack_networking_subnet_v2.default-p0000000054-s0000000054-victim-switch-subnet: Creating...
openstack_networking_subnet_v2.default-p0000000054-s0000000054-botnet-switch-subnet: Creating...
openstack_networking_network_v2.default-p0000000054-s0000000054-wan: Creation complete after 0s [id=b4211e4e-0ce9-4263-9a48-9032f462cf5f]
openstack_networking_network_v2.default-p0000000054-s0000000054-man-network: Creation complete after 0s [id=7db92a10-3880-4ae9-a3ba-4ad20ae230d9]
openstack_networking_subnet_v2.default-p0000000054-s0000000054-man-network-subnet: Creating...
openstack_networking_subnet_v2.default-p0000000054-s0000000054-wan-subnet: Creating...
openstack_networking_port_v2.default-p0000000054-s0000000054-man-out-port: Creation complete after 0s [id=f10db3fb-92df-4855-b28e-4223996d5342]
openstack_networking_subnet_v2.default-p0000000054-s0000000054-botnet-switch-subnet: Creation complete after 0s [id=daefae42-e22e-4833-95ae-ffdc9c88af67]
openstack_networking_port_v2.default-p0000000054-s0000000054-link-8: Creating...
openstack_networking_port_v2.default-p0000000054-s0000000054-link-13: Creating...
openstack_networking_port_v2.default-p0000000054-s0000000054-link-9: Creating...
openstack_networking_port_v2.default-p0000000054-s0000000054-link-7: Creating...
openstack_networking_subnet_v2.default-p0000000054-s0000000054-victim-switch-subnet: Creation complete after 0s [id=bab65d93-90aa-47bd-b6d1-95d23e48d45f]
openstack_networking_port_v2.default-p0000000054-s0000000054-link-14: Creating...
openstack_networking_port_v2.default-p0000000054-s0000000054-link-10: Creating...
openstack_networking_subnet_v2.default-p0000000054-s0000000054-man-network-subnet: Creation complete after 0s [id=38e7323d-2c1c-452e-b65a-30c122ccc955]
openstack_networking_port_v2.default-p0000000054-s0000000054-link-3: Creating...
openstack_networking_port_v2.default-p0000000054-s0000000054-link-6: Creating...
openstack_networking_port_v2.default-p0000000054-s0000000054-link-5: Creating...
openstack_networking_subnet_v2.default-p0000000054-s0000000054-wan-subnet: Creation complete after 0s [id=dd6145df-f5c0-40fe-b4d4-eb8a93412b08]
openstack_networking_port_v2.default-p0000000054-s0000000054-link-4: Creating...
openstack_networking_port_v2.default-p0000000054-s0000000054-link-13: Creation complete after 0s [id=914e8326-5584-4d0c-ade0-1cc8d3015bc9]
openstack_networking_port_v2.default-p0000000054-s0000000054-link-1: Creating...
openstack_networking_port_v2.default-p0000000054-s0000000054-link-9: Creation complete after 0s [id=103088ff-4918-4576-8bd3-2ef8ebaf9c81]
openstack_networking_port_v2.default-p0000000054-s0000000054-link-8: Creation complete after 0s [id=7730272b-cdae-4e42-af97-2278b4fbecdd]
openstack_networking_port_v2.default-p0000000054-s0000000054-link-11: Creating...
openstack_networking_port_v2.default-p0000000054-s0000000054-link-12: Creating...
openstack_networking_port_v2.default-p0000000054-s0000000054-link-7: Creation complete after 1s [id=eac0f927-fec4-4e43-ad02-4e07d0005a0a]
openstack_networking_port_v2.default-p0000000054-s0000000054-link-2: Creating...
openstack_networking_port_v2.default-p0000000054-s0000000054-link-1: Creation complete after 1s [id=52c87c73-6122-4f32-aa57-c09ba9e400f6]
openstack_networking_port_v2.default-p0000000054-s0000000054-link-10: Creation complete after 1s [id=b25f4508-197c-4098-8e9b-b27a83ed6407]
openstack_networking_port_v2.default-p0000000054-s0000000054-link-14: Creation complete after 1s [id=41e7ee6d-3594-4768-95f1-6475d09fa436]
openstack_networking_port_v2.default-p0000000054-s0000000054-link-5: Creation complete after 1s [id=c86885a4-fa18-4b0a-a98b-c5c0e65c5b31]
openstack_networking_port_v2.default-p0000000054-s0000000054-link-11: Creation complete after 1s [id=36ba2aa1-073b-40d0-b1ae-2af5a3784ae8]
openstack_compute_instance_v2.default-p0000000054-s0000000054-bot2: Creating...
openstack_networking_port_v2.default-p0000000054-s0000000054-link-12: Creation complete after 1s [id=fedb6f3d-ed4b-45d4-86f1-00b95892264e]
openstack_compute_instance_v2.default-p0000000054-s0000000054-router: Creating...
openstack_networking_port_v2.default-p0000000054-s0000000054-link-6: Creation complete after 1s [id=fc2fb564-6ffe-4d41-85f6-ecc317aae05b]
openstack_networking_port_v2.default-p0000000054-s0000000054-link-3: Creation complete after 1s [id=e9a8e034-9c4a-444e-8444-6f45bc2eb2ed]
openstack_compute_instance_v2.default-p0000000054-s0000000054-victim: Creating...
openstack_networking_port_v2.default-p0000000054-s0000000054-link-4: Creation complete after 1s [id=31c529f7-8964-4403-903d-f8666979167f]
openstack_compute_instance_v2.default-p0000000054-s0000000054-c2-server: Creating...
openstack_compute_instance_v2.default-p0000000054-s0000000054-bot1: Creating...
openstack_networking_port_v2.default-p0000000054-s0000000054-link-2: Creation complete after 0s [id=ac897337-4944-4559-967d-5af22ca4d876]
openstack_compute_instance_v2.default-p0000000054-s0000000054-man: Creating...
There are some problems with the provider_installation configuration:╷│ Error: Invalid provider source exclusion patterns││ CLI config specifies invalid provider exclusion patterns: invalid provider│ matching pattern "*": must have either two or three slash-separated│ segments.╵As a result of the above problems, OpenTofu's provider installer may not behave as intended.Error: Error waiting for instance (9652c108-e1d0-4188-a656-9639603c5251) to become ready: unexpected state 'ERROR', wanted target 'ACTIVE'. last error: %!s(<nil>)  with openstack_compute_instance_v2.default-p0000000054-s0000000054-c2-server,  on deploy.tf line 333, in resource "openstack_compute_instance_v2" "default-p0000000054-s0000000054-c2-server": 333: resource "openstack_compute_instance_v2" "default-p0000000054-s0000000054-c2-server" {Error: Error waiting for instance (e6d5890a-9afb-4210-afa8-482108457238) to become ready: unexpected state 'ERROR', wanted target 'ACTIVE'. last error: %!s(<nil>)  with openstack_compute_instance_v2.default-p0000000054-s0000000054-bot1,  on deploy.tf line 354, in resource "openstack_compute_instance_v2" "default-p0000000054-s0000000054-bot1": 354: resource "openstack_compute_instance_v2" "default-p0000000054-s0000000054-bot1" {Error: Error waiting for instance (dc296161-5e1a-443f-82f4-b2a63e3741c5) to become ready: unexpected state 'ERROR', wanted target 'ACTIVE'. last error: %!s(<nil>)  with openstack_compute_instance_v2.default-p0000000054-s0000000054-bot2,  on deploy.tf line 375, in resource "openstack_compute_instance_v2" "default-p0000000054-s0000000054-bot2": 375: resource "openstack_compute_instance_v2" "default-p0000000054-s0000000054-bot2" {Error: Error waiting for instance (38c4396d-99f9-49b2-933a-555aeba3f700) to become ready: unexpected state 'ERROR', wanted target 'ACTIVE'. last error: %!s(<nil>)  with openstack_compute_instance_v2.default-p0000000054-s0000000054-victim,  on deploy.tf line 396, in resource "openstack_compute_instance_v2" "default-p0000000054-s0000000054-victim": 396: resource "openstack_compute_instance_v2" "default-p0000000054-s0000000054-victim" {Error: Error waiting for instance (73dfe7e4-35b2-433c-a9f2-2b2b0b92982f) to become ready: unexpected state 'ERROR', wanted target 'ACTIVE'. last error: %!s(<nil>)  with openstack_compute_instance_v2.default-p0000000054-s0000000054-router,  on deploy.tf line 417, in resource "openstack_compute_instance_v2" "default-p0000000054-s0000000054-router": 417: resource "openstack_compute_instance_v2" "default-p0000000054-s0000000054-router" {Error: Error waiting for instance (1c410a06-ef2c-4bcd-b760-2f775e6dd537) to become ready: unexpected state 'ERROR', wanted target 'ACTIVE'. last error: %!s(<nil>)  with openstack_compute_instance_v2.default-p0000000054-s0000000054-man,  on deploy.tf line 459, in resource "openstack_compute_instance_v2" "default-p0000000054-s0000000054-man": 459: resource "openstack_compute_instance_v2" "default-p0000000054-s0000000054-man" {