data.openstack_images_image_ids_v2.image_data_source-default-p0000000023-s0000000021-man: Reading...
data.openstack_networking_secgroup_v2.sandbox-man-int-sg: Reading...
data.openstack_networking_secgroup_v2.sandbox-man-sg: Reading...
data.openstack_networking_network_v2.base-net: Reading...
data.openstack_networking_secgroup_v2.sandbox-internal-sg: Reading...
data.openstack_images_image_ids_v2.image_data_source-default-p0000000023-s0000000021-target: Reading...
data.openstack_images_image_ids_v2.image_data_source-default-p0000000023-s0000000021-router: Reading...
data.openstack_images_image_ids_v2.image_data_source-default-p0000000023-s0000000021-c2-server: Reading...
data.openstack_images_image_ids_v2.image_data_source-default-p0000000023-s0000000021-next-target: Reading...
data.openstack_networking_secgroup_v2.sandbox-access-sg: Reading...
data.openstack_networking_secgroup_v2.sandbox-man-int-sg: Read complete after 0s [id=c0f8ada3-ea6b-4204-8e6b-03fb49be5ab5]
data.openstack_networking_secgroup_v2.sandbox-internal-sg: Read complete after 0s [id=0a14006d-c778-45be-9747-18bb05e2c46f]
data.openstack_networking_secgroup_v2.sandbox-man-sg: Read complete after 0s [id=d318bcac-a977-4da2-a36c-6fc646adfd56]
data.openstack_networking_secgroup_v2.sandbox-access-sg: Read complete after 0s [id=fe29039a-d081-4023-adad-9641c8059c30]
data.openstack_networking_network_v2.base-net: Read complete after 0s [id=9d8f9b2a-992c-4edc-8444-0bfc3c2b3cef]
data.openstack_images_image_ids_v2.image_data_source-default-p0000000023-s0000000021-target: Read complete after 0s [id=2215401803]
data.openstack_images_image_ids_v2.image_data_source-default-p0000000023-s0000000021-man: Read complete after 0s [id=2215401803]
data.openstack_images_image_ids_v2.image_data_source-default-p0000000023-s0000000021-router: Read complete after 0s [id=3718318825]
data.openstack_images_image_ids_v2.image_data_source-default-p0000000023-s0000000021-next-target: Read complete after 0s [id=2215401803]
data.openstack_images_image_ids_v2.image_data_source-default-p0000000023-s0000000021-c2-server: Read complete after 0s [id=2215401803]

OpenTofu used the selected providers to generate the following execution
plan. Resource actions are indicated with the following symbols:
  + create

OpenTofu will perform the following actions:

  # openstack_compute_instance_v2.default-p0000000023-s0000000021-c2-server will be created
  + resource "openstack_compute_instance_v2" "default-p0000000023-s0000000021-c2-server" {
      + access_ip_v4        = (known after apply)
      + access_ip_v6        = (known after apply)
      + all_metadata        = (known after apply)
      + all_tags            = (known after apply)
      + availability_zone   = (known after apply)
      + config_drive        = true
      + created             = (known after apply)
      + flavor_id           = (known after apply)
      + flavor_name         = "standard.small"
      + force_delete        = false
      + hypervisor_hostname = (known after apply)
      + id                  = (known after apply)
      + image_id            = (known after apply)
      + image_name          = "ubuntu-noble-x86_64"
      + key_pair            = "default-p0000000023-76f1f769-ssh"
      + name                = "default-p0000000023-s0000000021-c2-server"
      + power_state         = "active"
      + region              = (known after apply)
      + security_groups     = (known after apply)
      + stop_before_destroy = false
      + updated             = (known after apply)

      + network {
          + access_network = false
          + fixed_ip_v4    = (known after apply)
          + fixed_ip_v6    = (known after apply)
          + mac            = (known after apply)
          + name           = (known after apply)
          + port           = (known after apply)
          + uuid           = (known after apply)
        }
      + network {
          + access_network = false
          + fixed_ip_v4    = (known after apply)
          + fixed_ip_v6    = (known after apply)
          + mac            = (known after apply)
          + name           = (known after apply)
          + port           = (known after apply)
          + uuid           = (known after apply)
        }
    }

  # openstack_compute_instance_v2.default-p0000000023-s0000000021-man will be created
  + resource "openstack_compute_instance_v2" "default-p0000000023-s0000000021-man" {
      + access_ip_v4        = (known after apply)
      + access_ip_v6        = (known after apply)
      + all_metadata        = (known after apply)
      + all_tags            = (known after apply)
      + availability_zone   = (known after apply)
      + config_drive        = true
      + created             = (known after apply)
      + flavor_id           = (known after apply)
      + flavor_name         = "standard.medium"
      + force_delete        = false
      + hypervisor_hostname = (known after apply)
      + id                  = (known after apply)
      + image_id            = (known after apply)
      + image_name          = "ubuntu-noble-x86_64"
      + key_pair            = "default-p0000000023-76f1f769-ssh"
      + name                = "default-p0000000023-s0000000021-man"
      + power_state         = "active"
      + region              = (known after apply)
      + security_groups     = (known after apply)
      + stop_before_destroy = false
      + updated             = (known after apply)

      + network {
          + access_network = false
          + fixed_ip_v4    = (known after apply)
          + fixed_ip_v6    = (known after apply)
          + mac            = (known after apply)
          + name           = (known after apply)
          + port           = (known after apply)
          + uuid           = (known after apply)
        }
      + network {
          + access_network = false
          + fixed_ip_v4    = (known after apply)
          + fixed_ip_v6    = (known after apply)
          + mac            = (known after apply)
          + name           = (known after apply)
          + port           = (known after apply)
          + uuid           = (known after apply)
        }
      + network {
          + access_network = false
          + fixed_ip_v4    = (known after apply)
          + fixed_ip_v6    = (known after apply)
          + mac            = (known after apply)
          + name           = (known after apply)
          + port           = (known after apply)
          + uuid           = (known after apply)
        }
    }

  # openstack_compute_instance_v2.default-p0000000023-s0000000021-next-target will be created
  + resource "openstack_compute_instance_v2" "default-p0000000023-s0000000021-next-target" {
      + access_ip_v4        = (known after apply)
      + access_ip_v6        = (known after apply)
      + all_metadata        = (known after apply)
      + all_tags            = (known after apply)
      + availability_zone   = (known after apply)
      + config_drive        = true
      + created             = (known after apply)
      + flavor_id           = (known after apply)
      + flavor_name         = "standard.small"
      + force_delete        = false
      + hypervisor_hostname = (known after apply)
      + id                  = (known after apply)
      + image_id            = (known after apply)
      + image_name          = "ubuntu-noble-x86_64"
      + key_pair            = "default-p0000000023-76f1f769-ssh"
      + name                = "default-p0000000023-s0000000021-next-target"
      + power_state         = "active"
      + region              = (known after apply)
      + security_groups     = (known after apply)
      + stop_before_destroy = false
      + updated             = (known after apply)

      + network {
          + access_network = false
          + fixed_ip_v4    = (known after apply)
          + fixed_ip_v6    = (known after apply)
          + mac            = (known after apply)
          + name           = (known after apply)
          + port           = (known after apply)
          + uuid           = (known after apply)
        }
      + network {
          + access_network = false
          + fixed_ip_v4    = (known after apply)
          + fixed_ip_v6    = (known after apply)
          + mac            = (known after apply)
          + name           = (known after apply)
          + port           = (known after apply)
          + uuid           = (known after apply)
        }
    }

  # openstack_compute_instance_v2.default-p0000000023-s0000000021-router will be created
  + resource "openstack_compute_instance_v2" "default-p0000000023-s0000000021-router" {
      + access_ip_v4        = (known after apply)
      + access_ip_v6        = (known after apply)
      + all_metadata        = (known after apply)
      + all_tags            = (known after apply)
      + availability_zone   = (known after apply)
      + config_drive        = true
      + created             = (known after apply)
      + flavor_id           = (known after apply)
      + flavor_name         = "standard.small"
      + force_delete        = false
      + hypervisor_hostname = (known after apply)
      + id                  = (known after apply)
      + image_id            = (known after apply)
      + image_name          = "debian-12-x86_64"
      + key_pair            = "default-p0000000023-76f1f769-ssh"
      + name                = "default-p0000000023-s0000000021-router"
      + power_state         = "active"
      + region              = (known after apply)
      + security_groups     = (known after apply)
      + stop_before_destroy = false
      + updated             = (known after apply)

      + network {
          + access_network = false
          + fixed_ip_v4    = (known after apply)
          + fixed_ip_v6    = (known after apply)
          + mac            = (known after apply)
          + name           = (known after apply)
          + port           = (known after apply)
          + uuid           = (known after apply)
        }
      + network {
          + access_network = false
          + fixed_ip_v4    = (known after apply)
          + fixed_ip_v6    = (known after apply)
          + mac            = (known after apply)
          + name           = (known after apply)
          + port           = (known after apply)
          + uuid           = (known after apply)
        }
      + network {
          + access_network = false
          + fixed_ip_v4    = (known after apply)
          + fixed_ip_v6    = (known after apply)
          + mac            = (known after apply)
          + name           = (known after apply)
          + port           = (known after apply)
          + uuid           = (known after apply)
        }
      + network {
          + access_network = false
          + fixed_ip_v4    = (known after apply)
          + fixed_ip_v6    = (known after apply)
          + mac            = (known after apply)
          + name           = (known after apply)
          + port           = (known after apply)
          + uuid           = (known after apply)
        }
    }

  # openstack_compute_instance_v2.default-p0000000023-s0000000021-target will be created
  + resource "openstack_compute_instance_v2" "default-p0000000023-s0000000021-target" {
      + access_ip_v4        = (known after apply)
      + access_ip_v6        = (known after apply)
      + all_metadata        = (known after apply)
      + all_tags            = (known after apply)
      + availability_zone   = (known after apply)
      + config_drive        = true
      + created             = (known after apply)
      + flavor_id           = (known after apply)
      + flavor_name         = "standard.small"
      + force_delete        = false
      + hypervisor_hostname = (known after apply)
      + id                  = (known after apply)
      + image_id            = (known after apply)
      + image_name          = "ubuntu-noble-x86_64"
      + key_pair            = "default-p0000000023-76f1f769-ssh"
      + name                = "default-p0000000023-s0000000021-target"
      + power_state         = "active"
      + region              = (known after apply)
      + security_groups     = (known after apply)
      + stop_before_destroy = false
      + updated             = (known after apply)

      + network {
          + access_network = false
          + fixed_ip_v4    = (known after apply)
          + fixed_ip_v6    = (known after apply)
          + mac            = (known after apply)
          + name           = (known after apply)
          + port           = (known after apply)
          + uuid           = (known after apply)
        }
      + network {
          + access_network = false
          + fixed_ip_v4    = (known after apply)
          + fixed_ip_v6    = (known after apply)
          + mac            = (known after apply)
          + name           = (known after apply)
          + port           = (known after apply)
          + uuid           = (known after apply)
        }
    }

  # openstack_networking_network_v2.default-p0000000023-s0000000021-man-network will be created
  + resource "openstack_networking_network_v2" "default-p0000000023-s0000000021-man-network" {
      + admin_state_up          = true
      + all_tags                = (known after apply)
      + availability_zone_hints = (known after apply)
      + dns_domain              = (known after apply)
      + external                = (known after apply)
      + id                      = (known after apply)
      + mtu                     = (known after apply)
      + name                    = "default-p0000000023-s0000000021-man-network"
      + port_security_enabled   = (known after apply)
      + qos_policy_id           = (known after apply)
      + region                  = (known after apply)
      + shared                  = (known after apply)
      + tenant_id               = (known after apply)
      + transparent_vlan        = (known after apply)

      + segments (known after apply)
    }

  # openstack_networking_network_v2.default-p0000000023-s0000000021-server-switch will be created
  + resource "openstack_networking_network_v2" "default-p0000000023-s0000000021-server-switch" {
      + admin_state_up          = true
      + all_tags                = (known after apply)
      + availability_zone_hints = (known after apply)
      + dns_domain              = (known after apply)
      + external                = (known after apply)
      + id                      = (known after apply)
      + mtu                     = (known after apply)
      + name                    = "default-p0000000023-s0000000021-server-switch"
      + port_security_enabled   = (known after apply)
      + qos_policy_id           = (known after apply)
      + region                  = (known after apply)
      + shared                  = (known after apply)
      + tenant_id               = (known after apply)
      + transparent_vlan        = (known after apply)

      + segments (known after apply)
    }

  # openstack_networking_network_v2.default-p0000000023-s0000000021-target-switch will be created
  + resource "openstack_networking_network_v2" "default-p0000000023-s0000000021-target-switch" {
      + admin_state_up          = true
      + all_tags                = (known after apply)
      + availability_zone_hints = (known after apply)
      + dns_domain              = (known after apply)
      + external                = (known after apply)
      + id                      = (known after apply)
      + mtu                     = (known after apply)
      + name                    = "default-p0000000023-s0000000021-target-switch"
      + port_security_enabled   = (known after apply)
      + qos_policy_id           = (known after apply)
      + region                  = (known after apply)
      + shared                  = (known after apply)
      + tenant_id               = (known after apply)
      + transparent_vlan        = (known after apply)

      + segments (known after apply)
    }

  # openstack_networking_network_v2.default-p0000000023-s0000000021-wan will be created
  + resource "openstack_networking_network_v2" "default-p0000000023-s0000000021-wan" {
      + admin_state_up          = true
      + all_tags                = (known after apply)
      + availability_zone_hints = (known after apply)
      + dns_domain              = (known after apply)
      + external                = (known after apply)
      + id                      = (known after apply)
      + mtu                     = (known after apply)
      + name                    = "default-p0000000023-s0000000021-wan"
      + port_security_enabled   = (known after apply)
      + qos_policy_id           = (known after apply)
      + region                  = (known after apply)
      + shared                  = (known after apply)
      + tenant_id               = (known after apply)
      + transparent_vlan        = (known after apply)

      + segments (known after apply)
    }

  # openstack_networking_port_v2.default-p0000000023-s0000000021-link-1 will be created
  + resource "openstack_networking_port_v2" "default-p0000000023-s0000000021-link-1" {
      + admin_state_up         = true
      + all_fixed_ips          = (known after apply)
      + all_security_group_ids = (known after apply)
      + all_tags               = (known after apply)
      + device_id              = (known after apply)
      + device_owner           = (known after apply)
      + dns_assignment         = (known after apply)
      + dns_name               = (known after apply)
      + id                     = (known after apply)
      + mac_address            = (known after apply)
      + name                   = "default-p0000000023-s0000000021-link-1"
      + network_id             = (known after apply)
      + port_security_enabled  = (known after apply)
      + qos_policy_id          = (known after apply)
      + region                 = (known after apply)
      + security_group_ids     = [
          + "d318bcac-a977-4da2-a36c-6fc646adfd56",
        ]
      + tenant_id              = (known after apply)

      + allowed_address_pairs {
          + ip_address = "192.168.128.0/17"
        }

      + binding (known after apply)

      + fixed_ip {
          + subnet_id = (known after apply)
        }
    }

  # openstack_networking_port_v2.default-p0000000023-s0000000021-link-10 will be created
  + resource "openstack_networking_port_v2" "default-p0000000023-s0000000021-link-10" {
      + admin_state_up         = true
      + all_fixed_ips          = (known after apply)
      + all_security_group_ids = (known after apply)
      + all_tags               = (known after apply)
      + device_id              = (known after apply)
      + device_owner           = (known after apply)
      + dns_assignment         = (known after apply)
      + dns_name               = (known after apply)
      + id                     = (known after apply)
      + mac_address            = (known after apply)
      + name                   = "default-p0000000023-s0000000021-link-10"
      + network_id             = (known after apply)
      + port_security_enabled  = (known after apply)
      + qos_policy_id          = (known after apply)
      + region                 = (known after apply)
      + security_group_ids     = [
          + "0a14006d-c778-45be-9747-18bb05e2c46f",
        ]
      + tenant_id              = (known after apply)

      + allowed_address_pairs {
          + ip_address = "0.0.0.0/0"
        }

      + binding (known after apply)

      + fixed_ip {
          + subnet_id = (known after apply)
        }
    }

  # openstack_networking_port_v2.default-p0000000023-s0000000021-link-11 will be created
  + resource "openstack_networking_port_v2" "default-p0000000023-s0000000021-link-11" {
      + admin_state_up         = true
      + all_fixed_ips          = (known after apply)
      + all_security_group_ids = (known after apply)
      + all_tags               = (known after apply)
      + device_id              = (known after apply)
      + device_owner           = (known after apply)
      + dns_assignment         = (known after apply)
      + dns_name               = (known after apply)
      + id                     = (known after apply)
      + mac_address            = (known after apply)
      + name                   = "default-p0000000023-s0000000021-link-11"
      + network_id             = (known after apply)
      + port_security_enabled  = (known after apply)
      + qos_policy_id          = (known after apply)
      + region                 = (known after apply)
      + security_group_ids     = [
          + "0a14006d-c778-45be-9747-18bb05e2c46f",
        ]
      + tenant_id              = (known after apply)

      + allowed_address_pairs {
          + ip_address = "0.0.0.0/0"
        }

      + binding (known after apply)

      + fixed_ip {
          + ip_address = "192.168.40.1"
          + subnet_id  = (known after apply)
        }
    }

  # openstack_networking_port_v2.default-p0000000023-s0000000021-link-12 will be created
  + resource "openstack_networking_port_v2" "default-p0000000023-s0000000021-link-12" {
      + admin_state_up         = true
      + all_fixed_ips          = (known after apply)
      + all_security_group_ids = (known after apply)
      + all_tags               = (known after apply)
      + device_id              = (known after apply)
      + device_owner           = (known after apply)
      + dns_assignment         = (known after apply)
      + dns_name               = (known after apply)
      + id                     = (known after apply)
      + mac_address            = (known after apply)
      + name                   = "default-p0000000023-s0000000021-link-12"
      + network_id             = (known after apply)
      + port_security_enabled  = (known after apply)
      + qos_policy_id          = (known after apply)
      + region                 = (known after apply)
      + security_group_ids     = [
          + "0a14006d-c778-45be-9747-18bb05e2c46f",
        ]
      + tenant_id              = (known after apply)

      + allowed_address_pairs {
          + ip_address = "0.0.0.0/0"
        }

      + binding (known after apply)

      + fixed_ip {
          + ip_address = "192.168.50.1"
          + subnet_id  = (known after apply)
        }
    }

  # openstack_networking_port_v2.default-p0000000023-s0000000021-link-2 will be created
  + resource "openstack_networking_port_v2" "default-p0000000023-s0000000021-link-2" {
      + admin_state_up         = true
      + all_fixed_ips          = (known after apply)
      + all_security_group_ids = (known after apply)
      + all_tags               = (known after apply)
      + device_id              = (known after apply)
      + device_owner           = (known after apply)
      + dns_assignment         = (known after apply)
      + dns_name               = (known after apply)
      + id                     = (known after apply)
      + mac_address            = (known after apply)
      + name                   = "default-p0000000023-s0000000021-link-2"
      + network_id             = (known after apply)
      + port_security_enabled  = (known after apply)
      + qos_policy_id          = (known after apply)
      + region                 = (known after apply)
      + security_group_ids     = [
          + "0a14006d-c778-45be-9747-18bb05e2c46f",
        ]
      + tenant_id              = (known after apply)

      + allowed_address_pairs {
          + ip_address = "0.0.0.0/0"
        }

      + binding (known after apply)

      + fixed_ip {
          + subnet_id = (known after apply)
        }
    }

  # openstack_networking_port_v2.default-p0000000023-s0000000021-link-3 will be created
  + resource "openstack_networking_port_v2" "default-p0000000023-s0000000021-link-3" {
      + admin_state_up         = true
      + all_fixed_ips          = (known after apply)
      + all_security_group_ids = (known after apply)
      + all_tags               = (known after apply)
      + device_id              = (known after apply)
      + device_owner           = (known after apply)
      + dns_assignment         = (known after apply)
      + dns_name               = (known after apply)
      + id                     = (known after apply)
      + mac_address            = (known after apply)
      + name                   = "default-p0000000023-s0000000021-link-3"
      + network_id             = (known after apply)
      + port_security_enabled  = (known after apply)
      + qos_policy_id          = (known after apply)
      + region                 = (known after apply)
      + security_group_ids     = [
          + "c0f8ada3-ea6b-4204-8e6b-03fb49be5ab5",
        ]
      + tenant_id              = (known after apply)

      + allowed_address_pairs {
          + ip_address = "192.168.128.0/17"
        }

      + binding (known after apply)

      + fixed_ip {
          + subnet_id = (known after apply)
        }
    }

  # openstack_networking_port_v2.default-p0000000023-s0000000021-link-4 will be created
  + resource "openstack_networking_port_v2" "default-p0000000023-s0000000021-link-4" {
      + admin_state_up         = true
      + all_fixed_ips          = (known after apply)
      + all_security_group_ids = (known after apply)
      + all_tags               = (known after apply)
      + device_id              = (known after apply)
      + device_owner           = (known after apply)
      + dns_assignment         = (known after apply)
      + dns_name               = (known after apply)
      + id                     = (known after apply)
      + mac_address            = (known after apply)
      + name                   = "default-p0000000023-s0000000021-link-4"
      + network_id             = (known after apply)
      + port_security_enabled  = (known after apply)
      + qos_policy_id          = (known after apply)
      + region                 = (known after apply)
      + security_group_ids     = [
          + "c0f8ada3-ea6b-4204-8e6b-03fb49be5ab5",
        ]
      + tenant_id              = (known after apply)

      + allowed_address_pairs {
          + ip_address = "192.168.128.0/17"
        }

      + binding (known after apply)

      + fixed_ip {
          + subnet_id = (known after apply)
        }
    }

  # openstack_networking_port_v2.default-p0000000023-s0000000021-link-5 will be created
  + resource "openstack_networking_port_v2" "default-p0000000023-s0000000021-link-5" {
      + admin_state_up         = true
      + all_fixed_ips          = (known after apply)
      + all_security_group_ids = (known after apply)
      + all_tags               = (known after apply)
      + device_id              = (known after apply)
      + device_owner           = (known after apply)
      + dns_assignment         = (known after apply)
      + dns_name               = (known after apply)
      + id                     = (known after apply)
      + mac_address            = (known after apply)
      + name                   = "default-p0000000023-s0000000021-link-5"
      + network_id             = (known after apply)
      + port_security_enabled  = (known after apply)
      + qos_policy_id          = (known after apply)
      + region                 = (known after apply)
      + security_group_ids     = [
          + "c0f8ada3-ea6b-4204-8e6b-03fb49be5ab5",
        ]
      + tenant_id              = (known after apply)

      + allowed_address_pairs {
          + ip_address = "192.168.128.0/17"
        }

      + binding (known after apply)

      + fixed_ip {
          + subnet_id = (known after apply)
        }
    }

  # openstack_networking_port_v2.default-p0000000023-s0000000021-link-6 will be created
  + resource "openstack_networking_port_v2" "default-p0000000023-s0000000021-link-6" {
      + admin_state_up         = true
      + all_fixed_ips          = (known after apply)
      + all_security_group_ids = (known after apply)
      + all_tags               = (known after apply)
      + device_id              = (known after apply)
      + device_owner           = (known after apply)
      + dns_assignment         = (known after apply)
      + dns_name               = (known after apply)
      + id                     = (known after apply)
      + mac_address            = (known after apply)
      + name                   = "default-p0000000023-s0000000021-link-6"
      + network_id             = (known after apply)
      + port_security_enabled  = (known after apply)
      + qos_policy_id          = (known after apply)
      + region                 = (known after apply)
      + security_group_ids     = [
          + "0a14006d-c778-45be-9747-18bb05e2c46f",
        ]
      + tenant_id              = (known after apply)

      + allowed_address_pairs {
          + ip_address = "192.168.40.0/24"
        }

      + binding (known after apply)

      + fixed_ip {
          + ip_address = "192.168.40.5"
          + subnet_id  = (known after apply)
        }
    }

  # openstack_networking_port_v2.default-p0000000023-s0000000021-link-7 will be created
  + resource "openstack_networking_port_v2" "default-p0000000023-s0000000021-link-7" {
      + admin_state_up         = true
      + all_fixed_ips          = (known after apply)
      + all_security_group_ids = (known after apply)
      + all_tags               = (known after apply)
      + device_id              = (known after apply)
      + device_owner           = (known after apply)
      + dns_assignment         = (known after apply)
      + dns_name               = (known after apply)
      + id                     = (known after apply)
      + mac_address            = (known after apply)
      + name                   = "default-p0000000023-s0000000021-link-7"
      + network_id             = (known after apply)
      + port_security_enabled  = (known after apply)
      + qos_policy_id          = (known after apply)
      + region                 = (known after apply)
      + security_group_ids     = [
          + "0a14006d-c778-45be-9747-18bb05e2c46f",
        ]
      + tenant_id              = (known after apply)

      + allowed_address_pairs {
          + ip_address = "192.168.50.0/24"
        }

      + binding (known after apply)

      + fixed_ip {
          + ip_address = "192.168.50.5"
          + subnet_id  = (known after apply)
        }
    }

  # openstack_networking_port_v2.default-p0000000023-s0000000021-link-8 will be created
  + resource "openstack_networking_port_v2" "default-p0000000023-s0000000021-link-8" {
      + admin_state_up         = true
      + all_fixed_ips          = (known after apply)
      + all_security_group_ids = (known after apply)
      + all_tags               = (known after apply)
      + device_id              = (known after apply)
      + device_owner           = (known after apply)
      + dns_assignment         = (known after apply)
      + dns_name               = (known after apply)
      + id                     = (known after apply)
      + mac_address            = (known after apply)
      + name                   = "default-p0000000023-s0000000021-link-8"
      + network_id             = (known after apply)
      + port_security_enabled  = (known after apply)
      + qos_policy_id          = (known after apply)
      + region                 = (known after apply)
      + security_group_ids     = [
          + "0a14006d-c778-45be-9747-18bb05e2c46f",
        ]
      + tenant_id              = (known after apply)

      + allowed_address_pairs {
          + ip_address = "192.168.50.0/24"
        }

      + binding (known after apply)

      + fixed_ip {
          + ip_address = "192.168.50.6"
          + subnet_id  = (known after apply)
        }
    }

  # openstack_networking_port_v2.default-p0000000023-s0000000021-link-9 will be created
  + resource "openstack_networking_port_v2" "default-p0000000023-s0000000021-link-9" {
      + admin_state_up         = true
      + all_fixed_ips          = (known after apply)
      + all_security_group_ids = (known after apply)
      + all_tags               = (known after apply)
      + device_id              = (known after apply)
      + device_owner           = (known after apply)
      + dns_assignment         = (known after apply)
      + dns_name               = (known after apply)
      + id                     = (known after apply)
      + mac_address            = (known after apply)
      + name                   = "default-p0000000023-s0000000021-link-9"
      + network_id             = (known after apply)
      + port_security_enabled  = (known after apply)
      + qos_policy_id          = (known after apply)
      + region                 = (known after apply)
      + security_group_ids     = [
          + "c0f8ada3-ea6b-4204-8e6b-03fb49be5ab5",
        ]
      + tenant_id              = (known after apply)

      + allowed_address_pairs {
          + ip_address = "192.168.128.0/17"
        }

      + binding (known after apply)

      + fixed_ip {
          + subnet_id = (known after apply)
        }
    }

  # openstack_networking_port_v2.default-p0000000023-s0000000021-man-out-port will be created
  + resource "openstack_networking_port_v2" "default-p0000000023-s0000000021-man-out-port" {
      + admin_state_up         = true
      + all_fixed_ips          = (known after apply)
      + all_security_group_ids = (known after apply)
      + all_tags               = (known after apply)
      + device_id              = (known after apply)
      + device_owner           = (known after apply)
      + dns_assignment         = (known after apply)
      + dns_name               = (known after apply)
      + id                     = (known after apply)
      + mac_address            = (known after apply)
      + name                   = "default-p0000000023-s0000000021-man-out-port"
      + network_id             = "9d8f9b2a-992c-4edc-8444-0bfc3c2b3cef"
      + port_security_enabled  = (known after apply)
      + qos_policy_id          = (known after apply)
      + region                 = (known after apply)
      + security_group_ids     = [
          + "fe29039a-d081-4023-adad-9641c8059c30",
        ]
      + tenant_id              = (known after apply)

      + allowed_address_pairs {
          + ip_address = "0.0.0.0/0"
        }

      + binding (known after apply)
    }

  # openstack_networking_subnet_v2.default-p0000000023-s0000000021-man-network-subnet will be created
  + resource "openstack_networking_subnet_v2" "default-p0000000023-s0000000021-man-network-subnet" {
      + all_tags          = (known after apply)
      + cidr              = "192.168.128.0/17"
      + dns_nameservers   = [
          + "1.1.1.1",
          + "1.0.0.1",
        ]
      + enable_dhcp       = true
      + gateway_ip        = (known after apply)
      + id                = (known after apply)
      + ip_version        = 4
      + ipv6_address_mode = (known after apply)
      + ipv6_ra_mode      = (known after apply)
      + name              = "default-p0000000023-s0000000021-man-network-subnet"
      + network_id        = (known after apply)
      + no_gateway        = true
      + region            = (known after apply)
      + service_types     = (known after apply)
      + tenant_id         = (known after apply)

      + allocation_pool (known after apply)
    }

  # openstack_networking_subnet_v2.default-p0000000023-s0000000021-server-switch-subnet will be created
  + resource "openstack_networking_subnet_v2" "default-p0000000023-s0000000021-server-switch-subnet" {
      + all_tags          = (known after apply)
      + cidr              = "192.168.40.0/24"
      + dns_nameservers   = [
          + "1.1.1.1",
          + "1.0.0.1",
        ]
      + enable_dhcp       = true
      + gateway_ip        = "192.168.40.1"
      + id                = (known after apply)
      + ip_version        = 4
      + ipv6_address_mode = (known after apply)
      + ipv6_ra_mode      = (known after apply)
      + name              = "default-p0000000023-s0000000021-server-switch-subnet"
      + network_id        = (known after apply)
      + no_gateway        = false
      + region            = (known after apply)
      + service_types     = (known after apply)
      + tenant_id         = (known after apply)

      + allocation_pool (known after apply)
    }

  # openstack_networking_subnet_v2.default-p0000000023-s0000000021-target-switch-subnet will be created
  + resource "openstack_networking_subnet_v2" "default-p0000000023-s0000000021-target-switch-subnet" {
      + all_tags          = (known after apply)
      + cidr              = "192.168.50.0/24"
      + dns_nameservers   = [
          + "1.1.1.1",
          + "1.0.0.1",
        ]
      + enable_dhcp       = true
      + gateway_ip        = "192.168.50.1"
      + id                = (known after apply)
      + ip_version        = 4
      + ipv6_address_mode = (known after apply)
      + ipv6_ra_mode      = (known after apply)
      + name              = "default-p0000000023-s0000000021-target-switch-subnet"
      + network_id        = (known after apply)
      + no_gateway        = false
      + region            = (known after apply)
      + service_types     = (known after apply)
      + tenant_id         = (known after apply)

      + allocation_pool (known after apply)
    }

  # openstack_networking_subnet_v2.default-p0000000023-s0000000021-wan-subnet will be created
  + resource "openstack_networking_subnet_v2" "default-p0000000023-s0000000021-wan-subnet" {
      + all_tags          = (known after apply)
      + cidr              = "100.100.100.0/24"
      + dns_nameservers   = [
          + "1.1.1.1",
          + "1.0.0.1",
        ]
      + enable_dhcp       = true
      + gateway_ip        = (known after apply)
      + id                = (known after apply)
      + ip_version        = 4
      + ipv6_address_mode = (known after apply)
      + ipv6_ra_mode      = (known after apply)
      + name              = "default-p0000000023-s0000000021-wan-subnet"
      + network_id        = (known after apply)
      + no_gateway        = true
      + region            = (known after apply)
      + service_types     = (known after apply)
      + tenant_id         = (known after apply)

      + allocation_pool (known after apply)
    }

Plan: 26 to add, 0 to change, 0 to destroy.
openstack_networking_network_v2.default-p0000000023-s0000000021-target-switch: Creating...
openstack_networking_port_v2.default-p0000000023-s0000000021-man-out-port: Creating...
openstack_networking_network_v2.default-p0000000023-s0000000021-server-switch: Creating...
openstack_networking_network_v2.default-p0000000023-s0000000021-wan: Creating...
openstack_networking_network_v2.default-p0000000023-s0000000021-man-network: Creating...
openstack_networking_network_v2.default-p0000000023-s0000000021-server-switch: Creation complete after 1s [id=8a4075d0-7274-4e11-a40d-9c7e99594179]
openstack_networking_subnet_v2.default-p0000000023-s0000000021-server-switch-subnet: Creating...
openstack_networking_network_v2.default-p0000000023-s0000000021-wan: Creation complete after 1s [id=44db47d4-7314-4339-82bf-4eecbbcb1001]
openstack_networking_subnet_v2.default-p0000000023-s0000000021-wan-subnet: Creating...
openstack_networking_network_v2.default-p0000000023-s0000000021-man-network: Creation complete after 1s [id=469a430e-8605-45c3-8d4d-4a6ca573f8aa]
openstack_networking_subnet_v2.default-p0000000023-s0000000021-man-network-subnet: Creating...
openstack_networking_network_v2.default-p0000000023-s0000000021-target-switch: Creation complete after 1s [id=c4384751-7c12-4349-a287-72a9c1668fd5]
openstack_networking_subnet_v2.default-p0000000023-s0000000021-target-switch-subnet: Creating...
openstack_networking_port_v2.default-p0000000023-s0000000021-man-out-port: Creation complete after 1s [id=84e272eb-eb6f-4119-8f32-3741d7e9198d]
openstack_networking_subnet_v2.default-p0000000023-s0000000021-wan-subnet: Creation complete after 0s [id=6a9674e6-d8d4-45ca-b377-483b73eee450]
openstack_networking_port_v2.default-p0000000023-s0000000021-link-10: Creating...
openstack_networking_port_v2.default-p0000000023-s0000000021-link-2: Creating...
openstack_networking_subnet_v2.default-p0000000023-s0000000021-server-switch-subnet: Creation complete after 0s [id=8f694a48-e260-4fb4-9800-d87a1c4d970b]
openstack_networking_port_v2.default-p0000000023-s0000000021-link-6: Creating...
openstack_networking_port_v2.default-p0000000023-s0000000021-link-11: Creating...
openstack_networking_subnet_v2.default-p0000000023-s0000000021-target-switch-subnet: Creation complete after 0s [id=d6fce704-f925-4665-85b0-1307fdec935e]
openstack_networking_port_v2.default-p0000000023-s0000000021-link-12: Creating...
openstack_networking_port_v2.default-p0000000023-s0000000021-link-8: Creating...
openstack_networking_port_v2.default-p0000000023-s0000000021-link-7: Creating...
openstack_networking_subnet_v2.default-p0000000023-s0000000021-man-network-subnet: Creation complete after 0s [id=86e180a2-e572-4bad-a5af-551e61a75067]
openstack_networking_port_v2.default-p0000000023-s0000000021-link-3: Creating...
openstack_networking_port_v2.default-p0000000023-s0000000021-link-1: Creating...
openstack_networking_port_v2.default-p0000000023-s0000000021-link-9: Creating...
openstack_networking_port_v2.default-p0000000023-s0000000021-link-11: Creation complete after 0s [id=c85eeac5-69f9-402e-b5ec-bc4aa06fc4e3]
openstack_networking_port_v2.default-p0000000023-s0000000021-link-5: Creating...
openstack_networking_port_v2.default-p0000000023-s0000000021-link-10: Creation complete after 0s [id=b4cb9c97-fc4f-4445-a7ba-4bff0b390701]
openstack_networking_port_v2.default-p0000000023-s0000000021-link-1: Creation complete after 0s [id=ba8b761e-c376-4b62-a586-c1bd9839899c]
openstack_networking_port_v2.default-p0000000023-s0000000021-link-4: Creating...
openstack_networking_port_v2.default-p0000000023-s0000000021-link-6: Creation complete after 0s [id=612a91df-e1b2-42d4-be4c-6d6359af5e87]
openstack_networking_port_v2.default-p0000000023-s0000000021-link-9: Creation complete after 0s [id=976b2638-f260-467f-b5d8-9f163ccfdaf3]
openstack_networking_port_v2.default-p0000000023-s0000000021-link-3: Creation complete after 0s [id=fe41fefe-f159-4c66-91b8-9e920e0d6529]
openstack_networking_port_v2.default-p0000000023-s0000000021-link-12: Creation complete after 0s [id=29765c69-216c-42e1-b896-f1a5f63c068c]
openstack_compute_instance_v2.default-p0000000023-s0000000021-c2-server: Creating...
openstack_compute_instance_v2.default-p0000000023-s0000000021-router: Creating...
openstack_networking_port_v2.default-p0000000023-s0000000021-link-2: Creation complete after 0s [id=e5de8a70-c2c8-4b11-a3cc-6fcfccac6bfc]
openstack_compute_instance_v2.default-p0000000023-s0000000021-man: Creating...
openstack_networking_port_v2.default-p0000000023-s0000000021-link-8: Creation complete after 0s [id=fdf30353-cc41-45a7-9238-64a0fc76efde]
openstack_networking_port_v2.default-p0000000023-s0000000021-link-7: Creation complete after 0s [id=5ca24e2b-2b13-411f-b59b-0ffac8725ca9]
openstack_networking_port_v2.default-p0000000023-s0000000021-link-5: Creation complete after 0s [id=5e12fdf5-d0d4-4a18-b324-44d49f02e1f8]
openstack_compute_instance_v2.default-p0000000023-s0000000021-next-target: Creating...
openstack_networking_port_v2.default-p0000000023-s0000000021-link-4: Creation complete after 1s [id=d210b913-52ed-48ca-9a16-13296c22080e]
openstack_compute_instance_v2.default-p0000000023-s0000000021-target: Creating...
openstack_compute_instance_v2.default-p0000000023-s0000000021-c2-server: Still creating... [10s elapsed]
openstack_compute_instance_v2.default-p0000000023-s0000000021-man: Still creating... [10s elapsed]
openstack_compute_instance_v2.default-p0000000023-s0000000021-next-target: Still creating... [10s elapsed]
openstack_compute_instance_v2.default-p0000000023-s0000000021-target: Still creating... [10s elapsed]
openstack_compute_instance_v2.default-p0000000023-s0000000021-c2-server: Still creating... [20s elapsed]
openstack_compute_instance_v2.default-p0000000023-s0000000021-man: Still creating... [20s elapsed]
openstack_compute_instance_v2.default-p0000000023-s0000000021-c2-server: Creation complete after 20s [id=012883c2-c289-4fd9-857e-a815faead91a]
openstack_compute_instance_v2.default-p0000000023-s0000000021-next-target: Still creating... [20s elapsed]
openstack_compute_instance_v2.default-p0000000023-s0000000021-next-target: Creation complete after 21s [id=2ffe5279-5c7c-4126-9c77-623dd262dfc3]
openstack_compute_instance_v2.default-p0000000023-s0000000021-target: Still creating... [20s elapsed]
openstack_compute_instance_v2.default-p0000000023-s0000000021-man: Still creating... [30s elapsed]
openstack_compute_instance_v2.default-p0000000023-s0000000021-target: Still creating... [30s elapsed]
openstack_compute_instance_v2.default-p0000000023-s0000000021-target: Creation complete after 30s [id=4a043f3f-e76a-4b19-834c-c6f5c71c3313]
openstack_compute_instance_v2.default-p0000000023-s0000000021-man: Creation complete after 31s [id=2acb4786-d18c-44cc-a4b4-c29f4919e64b]
There are some problems with the provider_installation configuration:╷│ Error: Invalid provider source exclusion patterns││ CLI config specifies invalid provider exclusion patterns: invalid provider│ matching pattern "*": must have either two or three slash-separated│ segments.╵As a result of the above problems, OpenTofu's provider installer may not behave as intended.Error: Error waiting for instance (4cdc92b6-8e4d-4f56-abdf-348aa884f638) to become ready: unexpected state 'ERROR', wanted target 'ACTIVE'. last error: %!s(<nil>)  with openstack_compute_instance_v2.default-p0000000023-s0000000021-router,  on deploy.tf line 361, in resource "openstack_compute_instance_v2" "default-p0000000023-s0000000021-router": 361: resource "openstack_compute_instance_v2" "default-p0000000023-s0000000021-router" {