data.openstack_images_image_ids_v2.image_data_source-default-p0000000056-s0000000056-c2-server: Reading...
data.openstack_images_image_ids_v2.image_data_source-default-p0000000056-s0000000056-man: Reading...
data.openstack_networking_network_v2.base-net: Reading...
data.openstack_images_image_ids_v2.image_data_source-default-p0000000056-s0000000056-bot1: Reading...
data.openstack_images_image_ids_v2.image_data_source-default-p0000000056-s0000000056-victim: Reading...
data.openstack_images_image_ids_v2.image_data_source-default-p0000000056-s0000000056-bot2: Reading...
data.openstack_networking_secgroup_v2.sandbox-internal-sg: Reading...
data.openstack_images_image_ids_v2.image_data_source-default-p0000000056-s0000000056-router: Reading...
data.openstack_networking_secgroup_v2.sandbox-man-int-sg: Reading...
data.openstack_networking_secgroup_v2.sandbox-man-sg: Reading...
data.openstack_networking_secgroup_v2.sandbox-man-int-sg: Read complete after 0s [id=c0f8ada3-ea6b-4204-8e6b-03fb49be5ab5]
data.openstack_networking_network_v2.base-net: Read complete after 0s [id=9d8f9b2a-992c-4edc-8444-0bfc3c2b3cef]
data.openstack_networking_secgroup_v2.sandbox-access-sg: Reading...
data.openstack_images_image_ids_v2.image_data_source-default-p0000000056-s0000000056-c2-server: Read complete after 0s [id=2215401803]
data.openstack_networking_secgroup_v2.sandbox-access-sg: Read complete after 0s [id=fe29039a-d081-4023-adad-9641c8059c30]
data.openstack_images_image_ids_v2.image_data_source-default-p0000000056-s0000000056-man: Read complete after 0s [id=2215401803]
data.openstack_images_image_ids_v2.image_data_source-default-p0000000056-s0000000056-victim: Read complete after 0s [id=2215401803]
data.openstack_images_image_ids_v2.image_data_source-default-p0000000056-s0000000056-bot2: Read complete after 0s [id=2215401803]
data.openstack_images_image_ids_v2.image_data_source-default-p0000000056-s0000000056-bot1: Read complete after 0s [id=2215401803]
data.openstack_networking_secgroup_v2.sandbox-man-sg: Read complete after 0s [id=d318bcac-a977-4da2-a36c-6fc646adfd56]
data.openstack_networking_secgroup_v2.sandbox-internal-sg: Read complete after 0s [id=0a14006d-c778-45be-9747-18bb05e2c46f]
data.openstack_images_image_ids_v2.image_data_source-default-p0000000056-s0000000056-router: Read complete after 0s [id=3718318825]

OpenTofu used the selected providers to generate the following execution
plan. Resource actions are indicated with the following symbols:
  + create

OpenTofu will perform the following actions:

  # openstack_compute_instance_v2.default-p0000000056-s0000000056-bot1 will be created
  + resource "openstack_compute_instance_v2" "default-p0000000056-s0000000056-bot1" {
      + access_ip_v4        = (known after apply)
      + access_ip_v6        = (known after apply)
      + all_metadata        = (known after apply)
      + all_tags            = (known after apply)
      + availability_zone   = (known after apply)
      + config_drive        = true
      + created             = (known after apply)
      + flavor_id           = (known after apply)
      + flavor_name         = "standard.small"
      + force_delete        = false
      + hypervisor_hostname = (known after apply)
      + id                  = (known after apply)
      + image_id            = (known after apply)
      + image_name          = "ubuntu-noble-x86_64"
      + key_pair            = "default-p0000000056-cbacb594-ssh"
      + name                = "default-p0000000056-s0000000056-bot1"
      + power_state         = "active"
      + region              = (known after apply)
      + security_groups     = (known after apply)
      + stop_before_destroy = false
      + updated             = (known after apply)

      + network {
          + access_network = false
          + fixed_ip_v4    = (known after apply)
          + fixed_ip_v6    = (known after apply)
          + mac            = (known after apply)
          + name           = (known after apply)
          + port           = (known after apply)
          + uuid           = (known after apply)
        }
      + network {
          + access_network = false
          + fixed_ip_v4    = (known after apply)
          + fixed_ip_v6    = (known after apply)
          + mac            = (known after apply)
          + name           = (known after apply)
          + port           = (known after apply)
          + uuid           = (known after apply)
        }
    }

  # openstack_compute_instance_v2.default-p0000000056-s0000000056-bot2 will be created
  + resource "openstack_compute_instance_v2" "default-p0000000056-s0000000056-bot2" {
      + access_ip_v4        = (known after apply)
      + access_ip_v6        = (known after apply)
      + all_metadata        = (known after apply)
      + all_tags            = (known after apply)
      + availability_zone   = (known after apply)
      + config_drive        = true
      + created             = (known after apply)
      + flavor_id           = (known after apply)
      + flavor_name         = "standard.small"
      + force_delete        = false
      + hypervisor_hostname = (known after apply)
      + id                  = (known after apply)
      + image_id            = (known after apply)
      + image_name          = "ubuntu-noble-x86_64"
      + key_pair            = "default-p0000000056-cbacb594-ssh"
      + name                = "default-p0000000056-s0000000056-bot2"
      + power_state         = "active"
      + region              = (known after apply)
      + security_groups     = (known after apply)
      + stop_before_destroy = false
      + updated             = (known after apply)

      + network {
          + access_network = false
          + fixed_ip_v4    = (known after apply)
          + fixed_ip_v6    = (known after apply)
          + mac            = (known after apply)
          + name           = (known after apply)
          + port           = (known after apply)
          + uuid           = (known after apply)
        }
      + network {
          + access_network = false
          + fixed_ip_v4    = (known after apply)
          + fixed_ip_v6    = (known after apply)
          + mac            = (known after apply)
          + name           = (known after apply)
          + port           = (known after apply)
          + uuid           = (known after apply)
        }
    }

  # openstack_compute_instance_v2.default-p0000000056-s0000000056-c2-server will be created
  + resource "openstack_compute_instance_v2" "default-p0000000056-s0000000056-c2-server" {
      + access_ip_v4        = (known after apply)
      + access_ip_v6        = (known after apply)
      + all_metadata        = (known after apply)
      + all_tags            = (known after apply)
      + availability_zone   = (known after apply)
      + config_drive        = true
      + created             = (known after apply)
      + flavor_id           = (known after apply)
      + flavor_name         = "standard.small"
      + force_delete        = false
      + hypervisor_hostname = (known after apply)
      + id                  = (known after apply)
      + image_id            = (known after apply)
      + image_name          = "ubuntu-noble-x86_64"
      + key_pair            = "default-p0000000056-cbacb594-ssh"
      + name                = "default-p0000000056-s0000000056-c2-server"
      + power_state         = "active"
      + region              = (known after apply)
      + security_groups     = (known after apply)
      + stop_before_destroy = false
      + updated             = (known after apply)

      + network {
          + access_network = false
          + fixed_ip_v4    = (known after apply)
          + fixed_ip_v6    = (known after apply)
          + mac            = (known after apply)
          + name           = (known after apply)
          + port           = (known after apply)
          + uuid           = (known after apply)
        }
      + network {
          + access_network = false
          + fixed_ip_v4    = (known after apply)
          + fixed_ip_v6    = (known after apply)
          + mac            = (known after apply)
          + name           = (known after apply)
          + port           = (known after apply)
          + uuid           = (known after apply)
        }
    }

  # openstack_compute_instance_v2.default-p0000000056-s0000000056-man will be created
  + resource "openstack_compute_instance_v2" "default-p0000000056-s0000000056-man" {
      + access_ip_v4        = (known after apply)
      + access_ip_v6        = (known after apply)
      + all_metadata        = (known after apply)
      + all_tags            = (known after apply)
      + availability_zone   = (known after apply)
      + config_drive        = true
      + created             = (known after apply)
      + flavor_id           = (known after apply)
      + flavor_name         = "standard.medium"
      + force_delete        = false
      + hypervisor_hostname = (known after apply)
      + id                  = (known after apply)
      + image_id            = (known after apply)
      + image_name          = "ubuntu-noble-x86_64"
      + key_pair            = "default-p0000000056-cbacb594-ssh"
      + name                = "default-p0000000056-s0000000056-man"
      + power_state         = "active"
      + region              = (known after apply)
      + security_groups     = (known after apply)
      + stop_before_destroy = false
      + updated             = (known after apply)

      + network {
          + access_network = false
          + fixed_ip_v4    = (known after apply)
          + fixed_ip_v6    = (known after apply)
          + mac            = (known after apply)
          + name           = (known after apply)
          + port           = (known after apply)
          + uuid           = (known after apply)
        }
      + network {
          + access_network = false
          + fixed_ip_v4    = (known after apply)
          + fixed_ip_v6    = (known after apply)
          + mac            = (known after apply)
          + name           = (known after apply)
          + port           = (known after apply)
          + uuid           = (known after apply)
        }
      + network {
          + access_network = false
          + fixed_ip_v4    = (known after apply)
          + fixed_ip_v6    = (known after apply)
          + mac            = (known after apply)
          + name           = (known after apply)
          + port           = (known after apply)
          + uuid           = (known after apply)
        }
    }

  # openstack_compute_instance_v2.default-p0000000056-s0000000056-router will be created
  + resource "openstack_compute_instance_v2" "default-p0000000056-s0000000056-router" {
      + access_ip_v4        = (known after apply)
      + access_ip_v6        = (known after apply)
      + all_metadata        = (known after apply)
      + all_tags            = (known after apply)
      + availability_zone   = (known after apply)
      + config_drive        = true
      + created             = (known after apply)
      + flavor_id           = (known after apply)
      + flavor_name         = "standard.small"
      + force_delete        = false
      + hypervisor_hostname = (known after apply)
      + id                  = (known after apply)
      + image_id            = (known after apply)
      + image_name          = "debian-12-x86_64"
      + key_pair            = "default-p0000000056-cbacb594-ssh"
      + name                = "default-p0000000056-s0000000056-router"
      + power_state         = "active"
      + region              = (known after apply)
      + security_groups     = (known after apply)
      + stop_before_destroy = false
      + updated             = (known after apply)

      + network {
          + access_network = false
          + fixed_ip_v4    = (known after apply)
          + fixed_ip_v6    = (known after apply)
          + mac            = (known after apply)
          + name           = (known after apply)
          + port           = (known after apply)
          + uuid           = (known after apply)
        }
      + network {
          + access_network = false
          + fixed_ip_v4    = (known after apply)
          + fixed_ip_v6    = (known after apply)
          + mac            = (known after apply)
          + name           = (known after apply)
          + port           = (known after apply)
          + uuid           = (known after apply)
        }
      + network {
          + access_network = false
          + fixed_ip_v4    = (known after apply)
          + fixed_ip_v6    = (known after apply)
          + mac            = (known after apply)
          + name           = (known after apply)
          + port           = (known after apply)
          + uuid           = (known after apply)
        }
      + network {
          + access_network = false
          + fixed_ip_v4    = (known after apply)
          + fixed_ip_v6    = (known after apply)
          + mac            = (known after apply)
          + name           = (known after apply)
          + port           = (known after apply)
          + uuid           = (known after apply)
        }
    }

  # openstack_compute_instance_v2.default-p0000000056-s0000000056-victim will be created
  + resource "openstack_compute_instance_v2" "default-p0000000056-s0000000056-victim" {
      + access_ip_v4        = (known after apply)
      + access_ip_v6        = (known after apply)
      + all_metadata        = (known after apply)
      + all_tags            = (known after apply)
      + availability_zone   = (known after apply)
      + config_drive        = true
      + created             = (known after apply)
      + flavor_id           = (known after apply)
      + flavor_name         = "standard.small"
      + force_delete        = false
      + hypervisor_hostname = (known after apply)
      + id                  = (known after apply)
      + image_id            = (known after apply)
      + image_name          = "ubuntu-noble-x86_64"
      + key_pair            = "default-p0000000056-cbacb594-ssh"
      + name                = "default-p0000000056-s0000000056-victim"
      + power_state         = "active"
      + region              = (known after apply)
      + security_groups     = (known after apply)
      + stop_before_destroy = false
      + updated             = (known after apply)

      + network {
          + access_network = false
          + fixed_ip_v4    = (known after apply)
          + fixed_ip_v6    = (known after apply)
          + mac            = (known after apply)
          + name           = (known after apply)
          + port           = (known after apply)
          + uuid           = (known after apply)
        }
      + network {
          + access_network = false
          + fixed_ip_v4    = (known after apply)
          + fixed_ip_v6    = (known after apply)
          + mac            = (known after apply)
          + name           = (known after apply)
          + port           = (known after apply)
          + uuid           = (known after apply)
        }
    }

  # openstack_networking_network_v2.default-p0000000056-s0000000056-botnet-switch will be created
  + resource "openstack_networking_network_v2" "default-p0000000056-s0000000056-botnet-switch" {
      + admin_state_up          = true
      + all_tags                = (known after apply)
      + availability_zone_hints = (known after apply)
      + dns_domain              = (known after apply)
      + external                = (known after apply)
      + id                      = (known after apply)
      + mtu                     = (known after apply)
      + name                    = "default-p0000000056-s0000000056-botnet-switch"
      + port_security_enabled   = (known after apply)
      + qos_policy_id           = (known after apply)
      + region                  = (known after apply)
      + shared                  = (known after apply)
      + tenant_id               = (known after apply)
      + transparent_vlan        = (known after apply)

      + segments (known after apply)
    }

  # openstack_networking_network_v2.default-p0000000056-s0000000056-man-network will be created
  + resource "openstack_networking_network_v2" "default-p0000000056-s0000000056-man-network" {
      + admin_state_up          = true
      + all_tags                = (known after apply)
      + availability_zone_hints = (known after apply)
      + dns_domain              = (known after apply)
      + external                = (known after apply)
      + id                      = (known after apply)
      + mtu                     = (known after apply)
      + name                    = "default-p0000000056-s0000000056-man-network"
      + port_security_enabled   = (known after apply)
      + qos_policy_id           = (known after apply)
      + region                  = (known after apply)
      + shared                  = (known after apply)
      + tenant_id               = (known after apply)
      + transparent_vlan        = (known after apply)

      + segments (known after apply)
    }

  # openstack_networking_network_v2.default-p0000000056-s0000000056-victim-switch will be created
  + resource "openstack_networking_network_v2" "default-p0000000056-s0000000056-victim-switch" {
      + admin_state_up          = true
      + all_tags                = (known after apply)
      + availability_zone_hints = (known after apply)
      + dns_domain              = (known after apply)
      + external                = (known after apply)
      + id                      = (known after apply)
      + mtu                     = (known after apply)
      + name                    = "default-p0000000056-s0000000056-victim-switch"
      + port_security_enabled   = (known after apply)
      + qos_policy_id           = (known after apply)
      + region                  = (known after apply)
      + shared                  = (known after apply)
      + tenant_id               = (known after apply)
      + transparent_vlan        = (known after apply)

      + segments (known after apply)
    }

  # openstack_networking_network_v2.default-p0000000056-s0000000056-wan will be created
  + resource "openstack_networking_network_v2" "default-p0000000056-s0000000056-wan" {
      + admin_state_up          = true
      + all_tags                = (known after apply)
      + availability_zone_hints = (known after apply)
      + dns_domain              = (known after apply)
      + external                = (known after apply)
      + id                      = (known after apply)
      + mtu                     = (known after apply)
      + name                    = "default-p0000000056-s0000000056-wan"
      + port_security_enabled   = (known after apply)
      + qos_policy_id           = (known after apply)
      + region                  = (known after apply)
      + shared                  = (known after apply)
      + tenant_id               = (known after apply)
      + transparent_vlan        = (known after apply)

      + segments (known after apply)
    }

  # openstack_networking_port_v2.default-p0000000056-s0000000056-link-1 will be created
  + resource "openstack_networking_port_v2" "default-p0000000056-s0000000056-link-1" {
      + admin_state_up         = true
      + all_fixed_ips          = (known after apply)
      + all_security_group_ids = (known after apply)
      + all_tags               = (known after apply)
      + device_id              = (known after apply)
      + device_owner           = (known after apply)
      + dns_assignment         = (known after apply)
      + dns_name               = (known after apply)
      + id                     = (known after apply)
      + mac_address            = (known after apply)
      + name                   = "default-p0000000056-s0000000056-link-1"
      + network_id             = (known after apply)
      + port_security_enabled  = (known after apply)
      + qos_policy_id          = (known after apply)
      + region                 = (known after apply)
      + security_group_ids     = [
          + "d318bcac-a977-4da2-a36c-6fc646adfd56",
        ]
      + tenant_id              = (known after apply)

      + allowed_address_pairs {
          + ip_address = "192.168.128.0/17"
        }

      + binding (known after apply)

      + fixed_ip {
          + subnet_id = (known after apply)
        }
    }

  # openstack_networking_port_v2.default-p0000000056-s0000000056-link-10 will be created
  + resource "openstack_networking_port_v2" "default-p0000000056-s0000000056-link-10" {
      + admin_state_up         = true
      + all_fixed_ips          = (known after apply)
      + all_security_group_ids = (known after apply)
      + all_tags               = (known after apply)
      + device_id              = (known after apply)
      + device_owner           = (known after apply)
      + dns_assignment         = (known after apply)
      + dns_name               = (known after apply)
      + id                     = (known after apply)
      + mac_address            = (known after apply)
      + name                   = "default-p0000000056-s0000000056-link-10"
      + network_id             = (known after apply)
      + port_security_enabled  = (known after apply)
      + qos_policy_id          = (known after apply)
      + region                 = (known after apply)
      + security_group_ids     = [
          + "0a14006d-c778-45be-9747-18bb05e2c46f",
        ]
      + tenant_id              = (known after apply)

      + allowed_address_pairs {
          + ip_address = "192.168.80.0/24"
        }

      + binding (known after apply)

      + fixed_ip {
          + ip_address = "192.168.80.100"
          + subnet_id  = (known after apply)
        }
    }

  # openstack_networking_port_v2.default-p0000000056-s0000000056-link-11 will be created
  + resource "openstack_networking_port_v2" "default-p0000000056-s0000000056-link-11" {
      + admin_state_up         = true
      + all_fixed_ips          = (known after apply)
      + all_security_group_ids = (known after apply)
      + all_tags               = (known after apply)
      + device_id              = (known after apply)
      + device_owner           = (known after apply)
      + dns_assignment         = (known after apply)
      + dns_name               = (known after apply)
      + id                     = (known after apply)
      + mac_address            = (known after apply)
      + name                   = "default-p0000000056-s0000000056-link-11"
      + network_id             = (known after apply)
      + port_security_enabled  = (known after apply)
      + qos_policy_id          = (known after apply)
      + region                 = (known after apply)
      + security_group_ids     = [
          + "c0f8ada3-ea6b-4204-8e6b-03fb49be5ab5",
        ]
      + tenant_id              = (known after apply)

      + allowed_address_pairs {
          + ip_address = "192.168.128.0/17"
        }

      + binding (known after apply)

      + fixed_ip {
          + subnet_id = (known after apply)
        }
    }

  # openstack_networking_port_v2.default-p0000000056-s0000000056-link-12 will be created
  + resource "openstack_networking_port_v2" "default-p0000000056-s0000000056-link-12" {
      + admin_state_up         = true
      + all_fixed_ips          = (known after apply)
      + all_security_group_ids = (known after apply)
      + all_tags               = (known after apply)
      + device_id              = (known after apply)
      + device_owner           = (known after apply)
      + dns_assignment         = (known after apply)
      + dns_name               = (known after apply)
      + id                     = (known after apply)
      + mac_address            = (known after apply)
      + name                   = "default-p0000000056-s0000000056-link-12"
      + network_id             = (known after apply)
      + port_security_enabled  = (known after apply)
      + qos_policy_id          = (known after apply)
      + region                 = (known after apply)
      + security_group_ids     = [
          + "0a14006d-c778-45be-9747-18bb05e2c46f",
        ]
      + tenant_id              = (known after apply)

      + allowed_address_pairs {
          + ip_address = "0.0.0.0/0"
        }

      + binding (known after apply)

      + fixed_ip {
          + subnet_id = (known after apply)
        }
    }

  # openstack_networking_port_v2.default-p0000000056-s0000000056-link-13 will be created
  + resource "openstack_networking_port_v2" "default-p0000000056-s0000000056-link-13" {
      + admin_state_up         = true
      + all_fixed_ips          = (known after apply)
      + all_security_group_ids = (known after apply)
      + all_tags               = (known after apply)
      + device_id              = (known after apply)
      + device_owner           = (known after apply)
      + dns_assignment         = (known after apply)
      + dns_name               = (known after apply)
      + id                     = (known after apply)
      + mac_address            = (known after apply)
      + name                   = "default-p0000000056-s0000000056-link-13"
      + network_id             = (known after apply)
      + port_security_enabled  = (known after apply)
      + qos_policy_id          = (known after apply)
      + region                 = (known after apply)
      + security_group_ids     = [
          + "0a14006d-c778-45be-9747-18bb05e2c46f",
        ]
      + tenant_id              = (known after apply)

      + allowed_address_pairs {
          + ip_address = "0.0.0.0/0"
        }

      + binding (known after apply)

      + fixed_ip {
          + ip_address = "192.168.70.1"
          + subnet_id  = (known after apply)
        }
    }

  # openstack_networking_port_v2.default-p0000000056-s0000000056-link-14 will be created
  + resource "openstack_networking_port_v2" "default-p0000000056-s0000000056-link-14" {
      + admin_state_up         = true
      + all_fixed_ips          = (known after apply)
      + all_security_group_ids = (known after apply)
      + all_tags               = (known after apply)
      + device_id              = (known after apply)
      + device_owner           = (known after apply)
      + dns_assignment         = (known after apply)
      + dns_name               = (known after apply)
      + id                     = (known after apply)
      + mac_address            = (known after apply)
      + name                   = "default-p0000000056-s0000000056-link-14"
      + network_id             = (known after apply)
      + port_security_enabled  = (known after apply)
      + qos_policy_id          = (known after apply)
      + region                 = (known after apply)
      + security_group_ids     = [
          + "0a14006d-c778-45be-9747-18bb05e2c46f",
        ]
      + tenant_id              = (known after apply)

      + allowed_address_pairs {
          + ip_address = "0.0.0.0/0"
        }

      + binding (known after apply)

      + fixed_ip {
          + ip_address = "192.168.80.1"
          + subnet_id  = (known after apply)
        }
    }

  # openstack_networking_port_v2.default-p0000000056-s0000000056-link-2 will be created
  + resource "openstack_networking_port_v2" "default-p0000000056-s0000000056-link-2" {
      + admin_state_up         = true
      + all_fixed_ips          = (known after apply)
      + all_security_group_ids = (known after apply)
      + all_tags               = (known after apply)
      + device_id              = (known after apply)
      + device_owner           = (known after apply)
      + dns_assignment         = (known after apply)
      + dns_name               = (known after apply)
      + id                     = (known after apply)
      + mac_address            = (known after apply)
      + name                   = "default-p0000000056-s0000000056-link-2"
      + network_id             = (known after apply)
      + port_security_enabled  = (known after apply)
      + qos_policy_id          = (known after apply)
      + region                 = (known after apply)
      + security_group_ids     = [
          + "0a14006d-c778-45be-9747-18bb05e2c46f",
        ]
      + tenant_id              = (known after apply)

      + allowed_address_pairs {
          + ip_address = "0.0.0.0/0"
        }

      + binding (known after apply)

      + fixed_ip {
          + subnet_id = (known after apply)
        }
    }

  # openstack_networking_port_v2.default-p0000000056-s0000000056-link-3 will be created
  + resource "openstack_networking_port_v2" "default-p0000000056-s0000000056-link-3" {
      + admin_state_up         = true
      + all_fixed_ips          = (known after apply)
      + all_security_group_ids = (known after apply)
      + all_tags               = (known after apply)
      + device_id              = (known after apply)
      + device_owner           = (known after apply)
      + dns_assignment         = (known after apply)
      + dns_name               = (known after apply)
      + id                     = (known after apply)
      + mac_address            = (known after apply)
      + name                   = "default-p0000000056-s0000000056-link-3"
      + network_id             = (known after apply)
      + port_security_enabled  = (known after apply)
      + qos_policy_id          = (known after apply)
      + region                 = (known after apply)
      + security_group_ids     = [
          + "c0f8ada3-ea6b-4204-8e6b-03fb49be5ab5",
        ]
      + tenant_id              = (known after apply)

      + allowed_address_pairs {
          + ip_address = "192.168.128.0/17"
        }

      + binding (known after apply)

      + fixed_ip {
          + subnet_id = (known after apply)
        }
    }

  # openstack_networking_port_v2.default-p0000000056-s0000000056-link-4 will be created
  + resource "openstack_networking_port_v2" "default-p0000000056-s0000000056-link-4" {
      + admin_state_up         = true
      + all_fixed_ips          = (known after apply)
      + all_security_group_ids = (known after apply)
      + all_tags               = (known after apply)
      + device_id              = (known after apply)
      + device_owner           = (known after apply)
      + dns_assignment         = (known after apply)
      + dns_name               = (known after apply)
      + id                     = (known after apply)
      + mac_address            = (known after apply)
      + name                   = "default-p0000000056-s0000000056-link-4"
      + network_id             = (known after apply)
      + port_security_enabled  = (known after apply)
      + qos_policy_id          = (known after apply)
      + region                 = (known after apply)
      + security_group_ids     = [
          + "c0f8ada3-ea6b-4204-8e6b-03fb49be5ab5",
        ]
      + tenant_id              = (known after apply)

      + allowed_address_pairs {
          + ip_address = "192.168.128.0/17"
        }

      + binding (known after apply)

      + fixed_ip {
          + subnet_id = (known after apply)
        }
    }

  # openstack_networking_port_v2.default-p0000000056-s0000000056-link-5 will be created
  + resource "openstack_networking_port_v2" "default-p0000000056-s0000000056-link-5" {
      + admin_state_up         = true
      + all_fixed_ips          = (known after apply)
      + all_security_group_ids = (known after apply)
      + all_tags               = (known after apply)
      + device_id              = (known after apply)
      + device_owner           = (known after apply)
      + dns_assignment         = (known after apply)
      + dns_name               = (known after apply)
      + id                     = (known after apply)
      + mac_address            = (known after apply)
      + name                   = "default-p0000000056-s0000000056-link-5"
      + network_id             = (known after apply)
      + port_security_enabled  = (known after apply)
      + qos_policy_id          = (known after apply)
      + region                 = (known after apply)
      + security_group_ids     = [
          + "c0f8ada3-ea6b-4204-8e6b-03fb49be5ab5",
        ]
      + tenant_id              = (known after apply)

      + allowed_address_pairs {
          + ip_address = "192.168.128.0/17"
        }

      + binding (known after apply)

      + fixed_ip {
          + subnet_id = (known after apply)
        }
    }

  # openstack_networking_port_v2.default-p0000000056-s0000000056-link-6 will be created
  + resource "openstack_networking_port_v2" "default-p0000000056-s0000000056-link-6" {
      + admin_state_up         = true
      + all_fixed_ips          = (known after apply)
      + all_security_group_ids = (known after apply)
      + all_tags               = (known after apply)
      + device_id              = (known after apply)
      + device_owner           = (known after apply)
      + dns_assignment         = (known after apply)
      + dns_name               = (known after apply)
      + id                     = (known after apply)
      + mac_address            = (known after apply)
      + name                   = "default-p0000000056-s0000000056-link-6"
      + network_id             = (known after apply)
      + port_security_enabled  = (known after apply)
      + qos_policy_id          = (known after apply)
      + region                 = (known after apply)
      + security_group_ids     = [
          + "c0f8ada3-ea6b-4204-8e6b-03fb49be5ab5",
        ]
      + tenant_id              = (known after apply)

      + allowed_address_pairs {
          + ip_address = "192.168.128.0/17"
        }

      + binding (known after apply)

      + fixed_ip {
          + subnet_id = (known after apply)
        }
    }

  # openstack_networking_port_v2.default-p0000000056-s0000000056-link-7 will be created
  + resource "openstack_networking_port_v2" "default-p0000000056-s0000000056-link-7" {
      + admin_state_up         = true
      + all_fixed_ips          = (known after apply)
      + all_security_group_ids = (known after apply)
      + all_tags               = (known after apply)
      + device_id              = (known after apply)
      + device_owner           = (known after apply)
      + dns_assignment         = (known after apply)
      + dns_name               = (known after apply)
      + id                     = (known after apply)
      + mac_address            = (known after apply)
      + name                   = "default-p0000000056-s0000000056-link-7"
      + network_id             = (known after apply)
      + port_security_enabled  = (known after apply)
      + qos_policy_id          = (known after apply)
      + region                 = (known after apply)
      + security_group_ids     = [
          + "0a14006d-c778-45be-9747-18bb05e2c46f",
        ]
      + tenant_id              = (known after apply)

      + allowed_address_pairs {
          + ip_address = "192.168.70.0/24"
        }

      + binding (known after apply)

      + fixed_ip {
          + ip_address = "192.168.70.5"
          + subnet_id  = (known after apply)
        }
    }

  # openstack_networking_port_v2.default-p0000000056-s0000000056-link-8 will be created
  + resource "openstack_networking_port_v2" "default-p0000000056-s0000000056-link-8" {
      + admin_state_up         = true
      + all_fixed_ips          = (known after apply)
      + all_security_group_ids = (known after apply)
      + all_tags               = (known after apply)
      + device_id              = (known after apply)
      + device_owner           = (known after apply)
      + dns_assignment         = (known after apply)
      + dns_name               = (known after apply)
      + id                     = (known after apply)
      + mac_address            = (known after apply)
      + name                   = "default-p0000000056-s0000000056-link-8"
      + network_id             = (known after apply)
      + port_security_enabled  = (known after apply)
      + qos_policy_id          = (known after apply)
      + region                 = (known after apply)
      + security_group_ids     = [
          + "0a14006d-c778-45be-9747-18bb05e2c46f",
        ]
      + tenant_id              = (known after apply)

      + allowed_address_pairs {
          + ip_address = "192.168.70.0/24"
        }

      + binding (known after apply)

      + fixed_ip {
          + ip_address = "192.168.70.10"
          + subnet_id  = (known after apply)
        }
    }

  # openstack_networking_port_v2.default-p0000000056-s0000000056-link-9 will be created
  + resource "openstack_networking_port_v2" "default-p0000000056-s0000000056-link-9" {
      + admin_state_up         = true
      + all_fixed_ips          = (known after apply)
      + all_security_group_ids = (known after apply)
      + all_tags               = (known after apply)
      + device_id              = (known after apply)
      + device_owner           = (known after apply)
      + dns_assignment         = (known after apply)
      + dns_name               = (known after apply)
      + id                     = (known after apply)
      + mac_address            = (known after apply)
      + name                   = "default-p0000000056-s0000000056-link-9"
      + network_id             = (known after apply)
      + port_security_enabled  = (known after apply)
      + qos_policy_id          = (known after apply)
      + region                 = (known after apply)
      + security_group_ids     = [
          + "0a14006d-c778-45be-9747-18bb05e2c46f",
        ]
      + tenant_id              = (known after apply)

      + allowed_address_pairs {
          + ip_address = "192.168.70.0/24"
        }

      + binding (known after apply)

      + fixed_ip {
          + ip_address = "192.168.70.11"
          + subnet_id  = (known after apply)
        }
    }

  # openstack_networking_port_v2.default-p0000000056-s0000000056-man-out-port will be created
  + resource "openstack_networking_port_v2" "default-p0000000056-s0000000056-man-out-port" {
      + admin_state_up         = true
      + all_fixed_ips          = (known after apply)
      + all_security_group_ids = (known after apply)
      + all_tags               = (known after apply)
      + device_id              = (known after apply)
      + device_owner           = (known after apply)
      + dns_assignment         = (known after apply)
      + dns_name               = (known after apply)
      + id                     = (known after apply)
      + mac_address            = (known after apply)
      + name                   = "default-p0000000056-s0000000056-man-out-port"
      + network_id             = "9d8f9b2a-992c-4edc-8444-0bfc3c2b3cef"
      + port_security_enabled  = (known after apply)
      + qos_policy_id          = (known after apply)
      + region                 = (known after apply)
      + security_group_ids     = [
          + "fe29039a-d081-4023-adad-9641c8059c30",
        ]
      + tenant_id              = (known after apply)

      + allowed_address_pairs {
          + ip_address = "0.0.0.0/0"
        }

      + binding (known after apply)
    }

  # openstack_networking_subnet_v2.default-p0000000056-s0000000056-botnet-switch-subnet will be created
  + resource "openstack_networking_subnet_v2" "default-p0000000056-s0000000056-botnet-switch-subnet" {
      + all_tags          = (known after apply)
      + cidr              = "192.168.70.0/24"
      + dns_nameservers   = [
          + "1.1.1.1",
          + "1.0.0.1",
        ]
      + enable_dhcp       = true
      + gateway_ip        = "192.168.70.1"
      + id                = (known after apply)
      + ip_version        = 4
      + ipv6_address_mode = (known after apply)
      + ipv6_ra_mode      = (known after apply)
      + name              = "default-p0000000056-s0000000056-botnet-switch-subnet"
      + network_id        = (known after apply)
      + no_gateway        = false
      + region            = (known after apply)
      + service_types     = (known after apply)
      + tenant_id         = (known after apply)

      + allocation_pool (known after apply)
    }

  # openstack_networking_subnet_v2.default-p0000000056-s0000000056-man-network-subnet will be created
  + resource "openstack_networking_subnet_v2" "default-p0000000056-s0000000056-man-network-subnet" {
      + all_tags          = (known after apply)
      + cidr              = "192.168.128.0/17"
      + dns_nameservers   = [
          + "1.1.1.1",
          + "1.0.0.1",
        ]
      + enable_dhcp       = true
      + gateway_ip        = (known after apply)
      + id                = (known after apply)
      + ip_version        = 4
      + ipv6_address_mode = (known after apply)
      + ipv6_ra_mode      = (known after apply)
      + name              = "default-p0000000056-s0000000056-man-network-subnet"
      + network_id        = (known after apply)
      + no_gateway        = true
      + region            = (known after apply)
      + service_types     = (known after apply)
      + tenant_id         = (known after apply)

      + allocation_pool (known after apply)
    }

  # openstack_networking_subnet_v2.default-p0000000056-s0000000056-victim-switch-subnet will be created
  + resource "openstack_networking_subnet_v2" "default-p0000000056-s0000000056-victim-switch-subnet" {
      + all_tags          = (known after apply)
      + cidr              = "192.168.80.0/24"
      + dns_nameservers   = [
          + "1.1.1.1",
          + "1.0.0.1",
        ]
      + enable_dhcp       = true
      + gateway_ip        = "192.168.80.1"
      + id                = (known after apply)
      + ip_version        = 4
      + ipv6_address_mode = (known after apply)
      + ipv6_ra_mode      = (known after apply)
      + name              = "default-p0000000056-s0000000056-victim-switch-subnet"
      + network_id        = (known after apply)
      + no_gateway        = false
      + region            = (known after apply)
      + service_types     = (known after apply)
      + tenant_id         = (known after apply)

      + allocation_pool (known after apply)
    }

  # openstack_networking_subnet_v2.default-p0000000056-s0000000056-wan-subnet will be created
  + resource "openstack_networking_subnet_v2" "default-p0000000056-s0000000056-wan-subnet" {
      + all_tags          = (known after apply)
      + cidr              = "100.100.100.0/24"
      + dns_nameservers   = [
          + "1.1.1.1",
          + "1.0.0.1",
        ]
      + enable_dhcp       = true
      + gateway_ip        = (known after apply)
      + id                = (known after apply)
      + ip_version        = 4
      + ipv6_address_mode = (known after apply)
      + ipv6_ra_mode      = (known after apply)
      + name              = "default-p0000000056-s0000000056-wan-subnet"
      + network_id        = (known after apply)
      + no_gateway        = true
      + region            = (known after apply)
      + service_types     = (known after apply)
      + tenant_id         = (known after apply)

      + allocation_pool (known after apply)
    }

Plan: 29 to add, 0 to change, 0 to destroy.
openstack_networking_network_v2.default-p0000000056-s0000000056-botnet-switch: Creating...
openstack_networking_network_v2.default-p0000000056-s0000000056-victim-switch: Creating...
openstack_networking_network_v2.default-p0000000056-s0000000056-wan: Creating...
openstack_networking_port_v2.default-p0000000056-s0000000056-man-out-port: Creating...
openstack_networking_network_v2.default-p0000000056-s0000000056-man-network: Creating...
openstack_networking_network_v2.default-p0000000056-s0000000056-wan: Creation complete after 0s [id=15f73c28-288b-4814-8703-de62d9707923]
openstack_networking_subnet_v2.default-p0000000056-s0000000056-wan-subnet: Creating...
openstack_networking_network_v2.default-p0000000056-s0000000056-man-network: Creation complete after 0s [id=239eb617-771a-4b5b-b6c2-deefc681c9a4]
openstack_networking_network_v2.default-p0000000056-s0000000056-botnet-switch: Creation complete after 0s [id=8dab7110-2e54-4618-95bc-6f4cd4884bbd]
openstack_networking_network_v2.default-p0000000056-s0000000056-victim-switch: Creation complete after 0s [id=cf230703-3350-4084-8812-cd40df103370]
openstack_networking_subnet_v2.default-p0000000056-s0000000056-man-network-subnet: Creating...
openstack_networking_subnet_v2.default-p0000000056-s0000000056-victim-switch-subnet: Creating...
openstack_networking_subnet_v2.default-p0000000056-s0000000056-botnet-switch-subnet: Creating...
openstack_networking_port_v2.default-p0000000056-s0000000056-man-out-port: Creation complete after 0s [id=64dce34c-3583-4160-9b73-dc2d3e732526]
openstack_networking_subnet_v2.default-p0000000056-s0000000056-wan-subnet: Creation complete after 0s [id=51904a64-a8ed-4aa5-a8e1-0782a9dfb1f8]
openstack_networking_port_v2.default-p0000000056-s0000000056-link-2: Creating...
openstack_networking_port_v2.default-p0000000056-s0000000056-link-12: Creating...
openstack_networking_subnet_v2.default-p0000000056-s0000000056-victim-switch-subnet: Creation complete after 0s [id=c4f0b768-96be-4c5d-abb0-bb2113af99af]
openstack_networking_port_v2.default-p0000000056-s0000000056-link-14: Creating...
openstack_networking_port_v2.default-p0000000056-s0000000056-link-10: Creating...
openstack_networking_subnet_v2.default-p0000000056-s0000000056-botnet-switch-subnet: Creation complete after 0s [id=19bb9427-cb38-4a1a-a2e4-81b7a0ef65e0]
openstack_networking_subnet_v2.default-p0000000056-s0000000056-man-network-subnet: Creation complete after 0s [id=f3548b28-5af7-4e38-9d5c-5e1001c704f4]
openstack_networking_port_v2.default-p0000000056-s0000000056-link-9: Creating...
openstack_networking_port_v2.default-p0000000056-s0000000056-link-6: Creating...
openstack_networking_port_v2.default-p0000000056-s0000000056-link-8: Creating...
openstack_networking_port_v2.default-p0000000056-s0000000056-link-13: Creating...
openstack_networking_port_v2.default-p0000000056-s0000000056-link-11: Creating...
openstack_networking_port_v2.default-p0000000056-s0000000056-link-7: Creating...
openstack_networking_port_v2.default-p0000000056-s0000000056-link-13: Creation complete after 0s [id=d4f74bab-291a-4dcd-b705-67ce16f7ca8a]
openstack_networking_port_v2.default-p0000000056-s0000000056-link-4: Creating...
openstack_networking_port_v2.default-p0000000056-s0000000056-link-12: Creation complete after 1s [id=d9c18dfe-fb35-4597-804d-d51a3b79fa4b]
openstack_networking_port_v2.default-p0000000056-s0000000056-link-1: Creating...
openstack_networking_port_v2.default-p0000000056-s0000000056-link-2: Creation complete after 1s [id=4fc8e6b0-ebe8-48a1-9c1d-66233dee755f]
openstack_networking_port_v2.default-p0000000056-s0000000056-link-5: Creating...
openstack_networking_port_v2.default-p0000000056-s0000000056-link-10: Creation complete after 1s [id=7d630f65-4f46-47e4-a222-064c57917718]
openstack_networking_port_v2.default-p0000000056-s0000000056-link-3: Creating...
openstack_networking_port_v2.default-p0000000056-s0000000056-link-11: Creation complete after 1s [id=262fb7e4-d3c8-4c80-8aca-ae03dc147b01]
openstack_networking_port_v2.default-p0000000056-s0000000056-link-6: Creation complete after 1s [id=0cadf6ff-5ba2-4ad1-9d24-5d985377901f]
openstack_compute_instance_v2.default-p0000000056-s0000000056-victim: Creating...
openstack_networking_port_v2.default-p0000000056-s0000000056-link-14: Creation complete after 1s [id=d2c86f5f-f9eb-4a93-8195-2e334f894065]
openstack_compute_instance_v2.default-p0000000056-s0000000056-router: Creating...
openstack_networking_port_v2.default-p0000000056-s0000000056-link-9: Creation complete after 1s [id=7472dea3-69e5-461b-b2ea-67d2984dab5e]
openstack_networking_port_v2.default-p0000000056-s0000000056-link-8: Creation complete after 1s [id=60a67b8d-2b63-48e3-b2ae-40cc83af867c]
openstack_networking_port_v2.default-p0000000056-s0000000056-link-7: Creation complete after 1s [id=32917e94-f234-422e-8d43-0a5e2e36e5ad]
openstack_networking_port_v2.default-p0000000056-s0000000056-link-4: Creation complete after 1s [id=9f1e9f71-eee4-4f6c-b81b-fbb40afc2d5f]
openstack_compute_instance_v2.default-p0000000056-s0000000056-bot1: Creating...
openstack_networking_port_v2.default-p0000000056-s0000000056-link-1: Creation complete after 0s [id=dba4b293-eb09-4d79-9495-ed1b1047fc1d]
openstack_compute_instance_v2.default-p0000000056-s0000000056-man: Creating...
openstack_networking_port_v2.default-p0000000056-s0000000056-link-5: Creation complete after 0s [id=4047e64f-336f-4518-b40f-adb11c6d662f]
openstack_compute_instance_v2.default-p0000000056-s0000000056-bot2: Creating...
openstack_networking_port_v2.default-p0000000056-s0000000056-link-3: Creation complete after 0s [id=a7f8611b-01c1-4114-863a-a157ab346a3b]
openstack_compute_instance_v2.default-p0000000056-s0000000056-c2-server: Creating...
There are some problems with the provider_installation configuration:╷│ Error: Invalid provider source exclusion patterns││ CLI config specifies invalid provider exclusion patterns: invalid provider│ matching pattern "*": must have either two or three slash-separated│ segments.╵As a result of the above problems, OpenTofu's provider installer may not behave as intended.Error: Error waiting for instance (269cd5ee-abdd-4b8e-80f7-499caee02290) to become ready: unexpected state 'ERROR', wanted target 'ACTIVE'. last error: %!s(<nil>)  with openstack_compute_instance_v2.default-p0000000056-s0000000056-c2-server,  on deploy.tf line 333, in resource "openstack_compute_instance_v2" "default-p0000000056-s0000000056-c2-server": 333: resource "openstack_compute_instance_v2" "default-p0000000056-s0000000056-c2-server" {Error: Error waiting for instance (45ed5b77-3736-4020-b56d-ca96afbfa493) to become ready: unexpected state 'ERROR', wanted target 'ACTIVE'. last error: %!s(<nil>)  with openstack_compute_instance_v2.default-p0000000056-s0000000056-bot1,  on deploy.tf line 354, in resource "openstack_compute_instance_v2" "default-p0000000056-s0000000056-bot1": 354: resource "openstack_compute_instance_v2" "default-p0000000056-s0000000056-bot1" {Error: Error waiting for instance (5746c8ab-ed18-4458-bec2-1ffedb7687aa) to become ready: unexpected state 'ERROR', wanted target 'ACTIVE'. last error: %!s(<nil>)  with openstack_compute_instance_v2.default-p0000000056-s0000000056-bot2,  on deploy.tf line 375, in resource "openstack_compute_instance_v2" "default-p0000000056-s0000000056-bot2": 375: resource "openstack_compute_instance_v2" "default-p0000000056-s0000000056-bot2" {Error: Error waiting for instance (83fe3f09-19a1-4cd4-b7b1-f9d9760dc357) to become ready: unexpected state 'ERROR', wanted target 'ACTIVE'. last error: %!s(<nil>)  with openstack_compute_instance_v2.default-p0000000056-s0000000056-victim,  on deploy.tf line 396, in resource "openstack_compute_instance_v2" "default-p0000000056-s0000000056-victim": 396: resource "openstack_compute_instance_v2" "default-p0000000056-s0000000056-victim" {Error: Error waiting for instance (2e4fba3a-c6fc-4d5c-a42f-cf43a3f81cb4) to become ready: unexpected state 'ERROR', wanted target 'ACTIVE'. last error: %!s(<nil>)  with openstack_compute_instance_v2.default-p0000000056-s0000000056-router,  on deploy.tf line 417, in resource "openstack_compute_instance_v2" "default-p0000000056-s0000000056-router": 417: resource "openstack_compute_instance_v2" "default-p0000000056-s0000000056-router" {Error: Error waiting for instance (c5cb5583-89c5-4f8e-9aef-46aaeb3fa830) to become ready: unexpected state 'ERROR', wanted target 'ACTIVE'. last error: %!s(<nil>)  with openstack_compute_instance_v2.default-p0000000056-s0000000056-man,  on deploy.tf line 459, in resource "openstack_compute_instance_v2" "default-p0000000056-s0000000056-man": 459: resource "openstack_compute_instance_v2" "default-p0000000056-s0000000056-man" {