data.openstack_images_image_ids_v2.image_data_source-default-p0000000017-s0000000015-bot2: Reading...
data.openstack_networking_secgroup_v2.sandbox-access-sg: Reading...
data.openstack_networking_secgroup_v2.sandbox-internal-sg: Reading...
data.openstack_networking_network_v2.base-net: Reading...
data.openstack_images_image_ids_v2.image_data_source-default-p0000000017-s0000000015-victim: Reading...
data.openstack_networking_secgroup_v2.sandbox-man-int-sg: Reading...
data.openstack_images_image_ids_v2.image_data_source-default-p0000000017-s0000000015-man: Reading...
data.openstack_images_image_ids_v2.image_data_source-default-p0000000017-s0000000015-router: Reading...
data.openstack_networking_secgroup_v2.sandbox-man-sg: Reading...
data.openstack_images_image_ids_v2.image_data_source-default-p0000000017-s0000000015-c2-server: Reading...
data.openstack_networking_secgroup_v2.sandbox-man-int-sg: Read complete after 0s [id=c0f8ada3-ea6b-4204-8e6b-03fb49be5ab5]
data.openstack_images_image_ids_v2.image_data_source-default-p0000000017-s0000000015-bot1: Reading...
data.openstack_networking_secgroup_v2.sandbox-man-sg: Read complete after 0s [id=d318bcac-a977-4da2-a36c-6fc646adfd56]
data.openstack_networking_secgroup_v2.sandbox-access-sg: Read complete after 0s [id=fe29039a-d081-4023-adad-9641c8059c30]
data.openstack_networking_secgroup_v2.sandbox-internal-sg: Read complete after 0s [id=0a14006d-c778-45be-9747-18bb05e2c46f]
data.openstack_images_image_ids_v2.image_data_source-default-p0000000017-s0000000015-bot1: Read complete after 0s [id=2215401803]
data.openstack_networking_network_v2.base-net: Read complete after 0s [id=9d8f9b2a-992c-4edc-8444-0bfc3c2b3cef]
data.openstack_images_image_ids_v2.image_data_source-default-p0000000017-s0000000015-c2-server: Read complete after 0s [id=2215401803]
data.openstack_images_image_ids_v2.image_data_source-default-p0000000017-s0000000015-router: Read complete after 0s [id=3718318825]
data.openstack_images_image_ids_v2.image_data_source-default-p0000000017-s0000000015-bot2: Read complete after 0s [id=2215401803]
data.openstack_images_image_ids_v2.image_data_source-default-p0000000017-s0000000015-man: Read complete after 0s [id=2215401803]
data.openstack_images_image_ids_v2.image_data_source-default-p0000000017-s0000000015-victim: Read complete after 0s [id=2215401803]

OpenTofu used the selected providers to generate the following execution
plan. Resource actions are indicated with the following symbols:
  + create

OpenTofu will perform the following actions:

  # openstack_compute_instance_v2.default-p0000000017-s0000000015-bot1 will be created
  + resource "openstack_compute_instance_v2" "default-p0000000017-s0000000015-bot1" {
      + access_ip_v4        = (known after apply)
      + access_ip_v6        = (known after apply)
      + all_metadata        = (known after apply)
      + all_tags            = (known after apply)
      + availability_zone   = (known after apply)
      + config_drive        = true
      + created             = (known after apply)
      + flavor_id           = (known after apply)
      + flavor_name         = "standard.small"
      + force_delete        = false
      + hypervisor_hostname = (known after apply)
      + id                  = (known after apply)
      + image_id            = (known after apply)
      + image_name          = "ubuntu-noble-x86_64"
      + key_pair            = "default-p0000000017-1646747c-ssh"
      + name                = "default-p0000000017-s0000000015-bot1"
      + power_state         = "active"
      + region              = (known after apply)
      + security_groups     = (known after apply)
      + stop_before_destroy = false
      + updated             = (known after apply)

      + network {
          + access_network = false
          + fixed_ip_v4    = (known after apply)
          + fixed_ip_v6    = (known after apply)
          + mac            = (known after apply)
          + name           = (known after apply)
          + port           = (known after apply)
          + uuid           = (known after apply)
        }
      + network {
          + access_network = false
          + fixed_ip_v4    = (known after apply)
          + fixed_ip_v6    = (known after apply)
          + mac            = (known after apply)
          + name           = (known after apply)
          + port           = (known after apply)
          + uuid           = (known after apply)
        }
    }

  # openstack_compute_instance_v2.default-p0000000017-s0000000015-bot2 will be created
  + resource "openstack_compute_instance_v2" "default-p0000000017-s0000000015-bot2" {
      + access_ip_v4        = (known after apply)
      + access_ip_v6        = (known after apply)
      + all_metadata        = (known after apply)
      + all_tags            = (known after apply)
      + availability_zone   = (known after apply)
      + config_drive        = true
      + created             = (known after apply)
      + flavor_id           = (known after apply)
      + flavor_name         = "standard.small"
      + force_delete        = false
      + hypervisor_hostname = (known after apply)
      + id                  = (known after apply)
      + image_id            = (known after apply)
      + image_name          = "ubuntu-noble-x86_64"
      + key_pair            = "default-p0000000017-1646747c-ssh"
      + name                = "default-p0000000017-s0000000015-bot2"
      + power_state         = "active"
      + region              = (known after apply)
      + security_groups     = (known after apply)
      + stop_before_destroy = false
      + updated             = (known after apply)

      + network {
          + access_network = false
          + fixed_ip_v4    = (known after apply)
          + fixed_ip_v6    = (known after apply)
          + mac            = (known after apply)
          + name           = (known after apply)
          + port           = (known after apply)
          + uuid           = (known after apply)
        }
      + network {
          + access_network = false
          + fixed_ip_v4    = (known after apply)
          + fixed_ip_v6    = (known after apply)
          + mac            = (known after apply)
          + name           = (known after apply)
          + port           = (known after apply)
          + uuid           = (known after apply)
        }
    }

  # openstack_compute_instance_v2.default-p0000000017-s0000000015-c2-server will be created
  + resource "openstack_compute_instance_v2" "default-p0000000017-s0000000015-c2-server" {
      + access_ip_v4        = (known after apply)
      + access_ip_v6        = (known after apply)
      + all_metadata        = (known after apply)
      + all_tags            = (known after apply)
      + availability_zone   = (known after apply)
      + config_drive        = true
      + created             = (known after apply)
      + flavor_id           = (known after apply)
      + flavor_name         = "standard.small"
      + force_delete        = false
      + hypervisor_hostname = (known after apply)
      + id                  = (known after apply)
      + image_id            = (known after apply)
      + image_name          = "ubuntu-noble-x86_64"
      + key_pair            = "default-p0000000017-1646747c-ssh"
      + name                = "default-p0000000017-s0000000015-c2-server"
      + power_state         = "active"
      + region              = (known after apply)
      + security_groups     = (known after apply)
      + stop_before_destroy = false
      + updated             = (known after apply)

      + network {
          + access_network = false
          + fixed_ip_v4    = (known after apply)
          + fixed_ip_v6    = (known after apply)
          + mac            = (known after apply)
          + name           = (known after apply)
          + port           = (known after apply)
          + uuid           = (known after apply)
        }
      + network {
          + access_network = false
          + fixed_ip_v4    = (known after apply)
          + fixed_ip_v6    = (known after apply)
          + mac            = (known after apply)
          + name           = (known after apply)
          + port           = (known after apply)
          + uuid           = (known after apply)
        }
    }

  # openstack_compute_instance_v2.default-p0000000017-s0000000015-man will be created
  + resource "openstack_compute_instance_v2" "default-p0000000017-s0000000015-man" {
      + access_ip_v4        = (known after apply)
      + access_ip_v6        = (known after apply)
      + all_metadata        = (known after apply)
      + all_tags            = (known after apply)
      + availability_zone   = (known after apply)
      + config_drive        = true
      + created             = (known after apply)
      + flavor_id           = (known after apply)
      + flavor_name         = "standard.medium"
      + force_delete        = false
      + hypervisor_hostname = (known after apply)
      + id                  = (known after apply)
      + image_id            = (known after apply)
      + image_name          = "ubuntu-noble-x86_64"
      + key_pair            = "default-p0000000017-1646747c-ssh"
      + name                = "default-p0000000017-s0000000015-man"
      + power_state         = "active"
      + region              = (known after apply)
      + security_groups     = (known after apply)
      + stop_before_destroy = false
      + updated             = (known after apply)

      + network {
          + access_network = false
          + fixed_ip_v4    = (known after apply)
          + fixed_ip_v6    = (known after apply)
          + mac            = (known after apply)
          + name           = (known after apply)
          + port           = (known after apply)
          + uuid           = (known after apply)
        }
      + network {
          + access_network = false
          + fixed_ip_v4    = (known after apply)
          + fixed_ip_v6    = (known after apply)
          + mac            = (known after apply)
          + name           = (known after apply)
          + port           = (known after apply)
          + uuid           = (known after apply)
        }
      + network {
          + access_network = false
          + fixed_ip_v4    = (known after apply)
          + fixed_ip_v6    = (known after apply)
          + mac            = (known after apply)
          + name           = (known after apply)
          + port           = (known after apply)
          + uuid           = (known after apply)
        }
    }

  # openstack_compute_instance_v2.default-p0000000017-s0000000015-router will be created
  + resource "openstack_compute_instance_v2" "default-p0000000017-s0000000015-router" {
      + access_ip_v4        = (known after apply)
      + access_ip_v6        = (known after apply)
      + all_metadata        = (known after apply)
      + all_tags            = (known after apply)
      + availability_zone   = (known after apply)
      + config_drive        = true
      + created             = (known after apply)
      + flavor_id           = (known after apply)
      + flavor_name         = "standard.small"
      + force_delete        = false
      + hypervisor_hostname = (known after apply)
      + id                  = (known after apply)
      + image_id            = (known after apply)
      + image_name          = "debian-12-x86_64"
      + key_pair            = "default-p0000000017-1646747c-ssh"
      + name                = "default-p0000000017-s0000000015-router"
      + power_state         = "active"
      + region              = (known after apply)
      + security_groups     = (known after apply)
      + stop_before_destroy = false
      + updated             = (known after apply)

      + network {
          + access_network = false
          + fixed_ip_v4    = (known after apply)
          + fixed_ip_v6    = (known after apply)
          + mac            = (known after apply)
          + name           = (known after apply)
          + port           = (known after apply)
          + uuid           = (known after apply)
        }
      + network {
          + access_network = false
          + fixed_ip_v4    = (known after apply)
          + fixed_ip_v6    = (known after apply)
          + mac            = (known after apply)
          + name           = (known after apply)
          + port           = (known after apply)
          + uuid           = (known after apply)
        }
      + network {
          + access_network = false
          + fixed_ip_v4    = (known after apply)
          + fixed_ip_v6    = (known after apply)
          + mac            = (known after apply)
          + name           = (known after apply)
          + port           = (known after apply)
          + uuid           = (known after apply)
        }
      + network {
          + access_network = false
          + fixed_ip_v4    = (known after apply)
          + fixed_ip_v6    = (known after apply)
          + mac            = (known after apply)
          + name           = (known after apply)
          + port           = (known after apply)
          + uuid           = (known after apply)
        }
    }

  # openstack_compute_instance_v2.default-p0000000017-s0000000015-victim will be created
  + resource "openstack_compute_instance_v2" "default-p0000000017-s0000000015-victim" {
      + access_ip_v4        = (known after apply)
      + access_ip_v6        = (known after apply)
      + all_metadata        = (known after apply)
      + all_tags            = (known after apply)
      + availability_zone   = (known after apply)
      + config_drive        = true
      + created             = (known after apply)
      + flavor_id           = (known after apply)
      + flavor_name         = "standard.small"
      + force_delete        = false
      + hypervisor_hostname = (known after apply)
      + id                  = (known after apply)
      + image_id            = (known after apply)
      + image_name          = "ubuntu-noble-x86_64"
      + key_pair            = "default-p0000000017-1646747c-ssh"
      + name                = "default-p0000000017-s0000000015-victim"
      + power_state         = "active"
      + region              = (known after apply)
      + security_groups     = (known after apply)
      + stop_before_destroy = false
      + updated             = (known after apply)

      + network {
          + access_network = false
          + fixed_ip_v4    = (known after apply)
          + fixed_ip_v6    = (known after apply)
          + mac            = (known after apply)
          + name           = (known after apply)
          + port           = (known after apply)
          + uuid           = (known after apply)
        }
      + network {
          + access_network = false
          + fixed_ip_v4    = (known after apply)
          + fixed_ip_v6    = (known after apply)
          + mac            = (known after apply)
          + name           = (known after apply)
          + port           = (known after apply)
          + uuid           = (known after apply)
        }
    }

  # openstack_networking_network_v2.default-p0000000017-s0000000015-botnet-switch will be created
  + resource "openstack_networking_network_v2" "default-p0000000017-s0000000015-botnet-switch" {
      + admin_state_up          = true
      + all_tags                = (known after apply)
      + availability_zone_hints = (known after apply)
      + dns_domain              = (known after apply)
      + external                = (known after apply)
      + id                      = (known after apply)
      + mtu                     = (known after apply)
      + name                    = "default-p0000000017-s0000000015-botnet-switch"
      + port_security_enabled   = (known after apply)
      + qos_policy_id           = (known after apply)
      + region                  = (known after apply)
      + shared                  = (known after apply)
      + tenant_id               = (known after apply)
      + transparent_vlan        = (known after apply)

      + segments (known after apply)
    }

  # openstack_networking_network_v2.default-p0000000017-s0000000015-man-network will be created
  + resource "openstack_networking_network_v2" "default-p0000000017-s0000000015-man-network" {
      + admin_state_up          = true
      + all_tags                = (known after apply)
      + availability_zone_hints = (known after apply)
      + dns_domain              = (known after apply)
      + external                = (known after apply)
      + id                      = (known after apply)
      + mtu                     = (known after apply)
      + name                    = "default-p0000000017-s0000000015-man-network"
      + port_security_enabled   = (known after apply)
      + qos_policy_id           = (known after apply)
      + region                  = (known after apply)
      + shared                  = (known after apply)
      + tenant_id               = (known after apply)
      + transparent_vlan        = (known after apply)

      + segments (known after apply)
    }

  # openstack_networking_network_v2.default-p0000000017-s0000000015-victim-switch will be created
  + resource "openstack_networking_network_v2" "default-p0000000017-s0000000015-victim-switch" {
      + admin_state_up          = true
      + all_tags                = (known after apply)
      + availability_zone_hints = (known after apply)
      + dns_domain              = (known after apply)
      + external                = (known after apply)
      + id                      = (known after apply)
      + mtu                     = (known after apply)
      + name                    = "default-p0000000017-s0000000015-victim-switch"
      + port_security_enabled   = (known after apply)
      + qos_policy_id           = (known after apply)
      + region                  = (known after apply)
      + shared                  = (known after apply)
      + tenant_id               = (known after apply)
      + transparent_vlan        = (known after apply)

      + segments (known after apply)
    }

  # openstack_networking_network_v2.default-p0000000017-s0000000015-wan will be created
  + resource "openstack_networking_network_v2" "default-p0000000017-s0000000015-wan" {
      + admin_state_up          = true
      + all_tags                = (known after apply)
      + availability_zone_hints = (known after apply)
      + dns_domain              = (known after apply)
      + external                = (known after apply)
      + id                      = (known after apply)
      + mtu                     = (known after apply)
      + name                    = "default-p0000000017-s0000000015-wan"
      + port_security_enabled   = (known after apply)
      + qos_policy_id           = (known after apply)
      + region                  = (known after apply)
      + shared                  = (known after apply)
      + tenant_id               = (known after apply)
      + transparent_vlan        = (known after apply)

      + segments (known after apply)
    }

  # openstack_networking_port_v2.default-p0000000017-s0000000015-link-1 will be created
  + resource "openstack_networking_port_v2" "default-p0000000017-s0000000015-link-1" {
      + admin_state_up         = true
      + all_fixed_ips          = (known after apply)
      + all_security_group_ids = (known after apply)
      + all_tags               = (known after apply)
      + device_id              = (known after apply)
      + device_owner           = (known after apply)
      + dns_assignment         = (known after apply)
      + dns_name               = (known after apply)
      + id                     = (known after apply)
      + mac_address            = (known after apply)
      + name                   = "default-p0000000017-s0000000015-link-1"
      + network_id             = (known after apply)
      + port_security_enabled  = (known after apply)
      + qos_policy_id          = (known after apply)
      + region                 = (known after apply)
      + security_group_ids     = [
          + "d318bcac-a977-4da2-a36c-6fc646adfd56",
        ]
      + tenant_id              = (known after apply)

      + allowed_address_pairs {
          + ip_address = "192.168.128.0/17"
        }

      + binding (known after apply)

      + fixed_ip {
          + subnet_id = (known after apply)
        }
    }

  # openstack_networking_port_v2.default-p0000000017-s0000000015-link-10 will be created
  + resource "openstack_networking_port_v2" "default-p0000000017-s0000000015-link-10" {
      + admin_state_up         = true
      + all_fixed_ips          = (known after apply)
      + all_security_group_ids = (known after apply)
      + all_tags               = (known after apply)
      + device_id              = (known after apply)
      + device_owner           = (known after apply)
      + dns_assignment         = (known after apply)
      + dns_name               = (known after apply)
      + id                     = (known after apply)
      + mac_address            = (known after apply)
      + name                   = "default-p0000000017-s0000000015-link-10"
      + network_id             = (known after apply)
      + port_security_enabled  = (known after apply)
      + qos_policy_id          = (known after apply)
      + region                 = (known after apply)
      + security_group_ids     = [
          + "0a14006d-c778-45be-9747-18bb05e2c46f",
        ]
      + tenant_id              = (known after apply)

      + allowed_address_pairs {
          + ip_address = "192.168.80.0/24"
        }

      + binding (known after apply)

      + fixed_ip {
          + ip_address = "192.168.80.100"
          + subnet_id  = (known after apply)
        }
    }

  # openstack_networking_port_v2.default-p0000000017-s0000000015-link-11 will be created
  + resource "openstack_networking_port_v2" "default-p0000000017-s0000000015-link-11" {
      + admin_state_up         = true
      + all_fixed_ips          = (known after apply)
      + all_security_group_ids = (known after apply)
      + all_tags               = (known after apply)
      + device_id              = (known after apply)
      + device_owner           = (known after apply)
      + dns_assignment         = (known after apply)
      + dns_name               = (known after apply)
      + id                     = (known after apply)
      + mac_address            = (known after apply)
      + name                   = "default-p0000000017-s0000000015-link-11"
      + network_id             = (known after apply)
      + port_security_enabled  = (known after apply)
      + qos_policy_id          = (known after apply)
      + region                 = (known after apply)
      + security_group_ids     = [
          + "c0f8ada3-ea6b-4204-8e6b-03fb49be5ab5",
        ]
      + tenant_id              = (known after apply)

      + allowed_address_pairs {
          + ip_address = "192.168.128.0/17"
        }

      + binding (known after apply)

      + fixed_ip {
          + subnet_id = (known after apply)
        }
    }

  # openstack_networking_port_v2.default-p0000000017-s0000000015-link-12 will be created
  + resource "openstack_networking_port_v2" "default-p0000000017-s0000000015-link-12" {
      + admin_state_up         = true
      + all_fixed_ips          = (known after apply)
      + all_security_group_ids = (known after apply)
      + all_tags               = (known after apply)
      + device_id              = (known after apply)
      + device_owner           = (known after apply)
      + dns_assignment         = (known after apply)
      + dns_name               = (known after apply)
      + id                     = (known after apply)
      + mac_address            = (known after apply)
      + name                   = "default-p0000000017-s0000000015-link-12"
      + network_id             = (known after apply)
      + port_security_enabled  = (known after apply)
      + qos_policy_id          = (known after apply)
      + region                 = (known after apply)
      + security_group_ids     = [
          + "0a14006d-c778-45be-9747-18bb05e2c46f",
        ]
      + tenant_id              = (known after apply)

      + allowed_address_pairs {
          + ip_address = "0.0.0.0/0"
        }

      + binding (known after apply)

      + fixed_ip {
          + subnet_id = (known after apply)
        }
    }

  # openstack_networking_port_v2.default-p0000000017-s0000000015-link-13 will be created
  + resource "openstack_networking_port_v2" "default-p0000000017-s0000000015-link-13" {
      + admin_state_up         = true
      + all_fixed_ips          = (known after apply)
      + all_security_group_ids = (known after apply)
      + all_tags               = (known after apply)
      + device_id              = (known after apply)
      + device_owner           = (known after apply)
      + dns_assignment         = (known after apply)
      + dns_name               = (known after apply)
      + id                     = (known after apply)
      + mac_address            = (known after apply)
      + name                   = "default-p0000000017-s0000000015-link-13"
      + network_id             = (known after apply)
      + port_security_enabled  = (known after apply)
      + qos_policy_id          = (known after apply)
      + region                 = (known after apply)
      + security_group_ids     = [
          + "0a14006d-c778-45be-9747-18bb05e2c46f",
        ]
      + tenant_id              = (known after apply)

      + allowed_address_pairs {
          + ip_address = "0.0.0.0/0"
        }

      + binding (known after apply)

      + fixed_ip {
          + ip_address = "192.168.70.1"
          + subnet_id  = (known after apply)
        }
    }

  # openstack_networking_port_v2.default-p0000000017-s0000000015-link-14 will be created
  + resource "openstack_networking_port_v2" "default-p0000000017-s0000000015-link-14" {
      + admin_state_up         = true
      + all_fixed_ips          = (known after apply)
      + all_security_group_ids = (known after apply)
      + all_tags               = (known after apply)
      + device_id              = (known after apply)
      + device_owner           = (known after apply)
      + dns_assignment         = (known after apply)
      + dns_name               = (known after apply)
      + id                     = (known after apply)
      + mac_address            = (known after apply)
      + name                   = "default-p0000000017-s0000000015-link-14"
      + network_id             = (known after apply)
      + port_security_enabled  = (known after apply)
      + qos_policy_id          = (known after apply)
      + region                 = (known after apply)
      + security_group_ids     = [
          + "0a14006d-c778-45be-9747-18bb05e2c46f",
        ]
      + tenant_id              = (known after apply)

      + allowed_address_pairs {
          + ip_address = "0.0.0.0/0"
        }

      + binding (known after apply)

      + fixed_ip {
          + ip_address = "192.168.80.1"
          + subnet_id  = (known after apply)
        }
    }

  # openstack_networking_port_v2.default-p0000000017-s0000000015-link-2 will be created
  + resource "openstack_networking_port_v2" "default-p0000000017-s0000000015-link-2" {
      + admin_state_up         = true
      + all_fixed_ips          = (known after apply)
      + all_security_group_ids = (known after apply)
      + all_tags               = (known after apply)
      + device_id              = (known after apply)
      + device_owner           = (known after apply)
      + dns_assignment         = (known after apply)
      + dns_name               = (known after apply)
      + id                     = (known after apply)
      + mac_address            = (known after apply)
      + name                   = "default-p0000000017-s0000000015-link-2"
      + network_id             = (known after apply)
      + port_security_enabled  = (known after apply)
      + qos_policy_id          = (known after apply)
      + region                 = (known after apply)
      + security_group_ids     = [
          + "0a14006d-c778-45be-9747-18bb05e2c46f",
        ]
      + tenant_id              = (known after apply)

      + allowed_address_pairs {
          + ip_address = "0.0.0.0/0"
        }

      + binding (known after apply)

      + fixed_ip {
          + subnet_id = (known after apply)
        }
    }

  # openstack_networking_port_v2.default-p0000000017-s0000000015-link-3 will be created
  + resource "openstack_networking_port_v2" "default-p0000000017-s0000000015-link-3" {
      + admin_state_up         = true
      + all_fixed_ips          = (known after apply)
      + all_security_group_ids = (known after apply)
      + all_tags               = (known after apply)
      + device_id              = (known after apply)
      + device_owner           = (known after apply)
      + dns_assignment         = (known after apply)
      + dns_name               = (known after apply)
      + id                     = (known after apply)
      + mac_address            = (known after apply)
      + name                   = "default-p0000000017-s0000000015-link-3"
      + network_id             = (known after apply)
      + port_security_enabled  = (known after apply)
      + qos_policy_id          = (known after apply)
      + region                 = (known after apply)
      + security_group_ids     = [
          + "c0f8ada3-ea6b-4204-8e6b-03fb49be5ab5",
        ]
      + tenant_id              = (known after apply)

      + allowed_address_pairs {
          + ip_address = "192.168.128.0/17"
        }

      + binding (known after apply)

      + fixed_ip {
          + subnet_id = (known after apply)
        }
    }

  # openstack_networking_port_v2.default-p0000000017-s0000000015-link-4 will be created
  + resource "openstack_networking_port_v2" "default-p0000000017-s0000000015-link-4" {
      + admin_state_up         = true
      + all_fixed_ips          = (known after apply)
      + all_security_group_ids = (known after apply)
      + all_tags               = (known after apply)
      + device_id              = (known after apply)
      + device_owner           = (known after apply)
      + dns_assignment         = (known after apply)
      + dns_name               = (known after apply)
      + id                     = (known after apply)
      + mac_address            = (known after apply)
      + name                   = "default-p0000000017-s0000000015-link-4"
      + network_id             = (known after apply)
      + port_security_enabled  = (known after apply)
      + qos_policy_id          = (known after apply)
      + region                 = (known after apply)
      + security_group_ids     = [
          + "c0f8ada3-ea6b-4204-8e6b-03fb49be5ab5",
        ]
      + tenant_id              = (known after apply)

      + allowed_address_pairs {
          + ip_address = "192.168.128.0/17"
        }

      + binding (known after apply)

      + fixed_ip {
          + subnet_id = (known after apply)
        }
    }

  # openstack_networking_port_v2.default-p0000000017-s0000000015-link-5 will be created
  + resource "openstack_networking_port_v2" "default-p0000000017-s0000000015-link-5" {
      + admin_state_up         = true
      + all_fixed_ips          = (known after apply)
      + all_security_group_ids = (known after apply)
      + all_tags               = (known after apply)
      + device_id              = (known after apply)
      + device_owner           = (known after apply)
      + dns_assignment         = (known after apply)
      + dns_name               = (known after apply)
      + id                     = (known after apply)
      + mac_address            = (known after apply)
      + name                   = "default-p0000000017-s0000000015-link-5"
      + network_id             = (known after apply)
      + port_security_enabled  = (known after apply)
      + qos_policy_id          = (known after apply)
      + region                 = (known after apply)
      + security_group_ids     = [
          + "c0f8ada3-ea6b-4204-8e6b-03fb49be5ab5",
        ]
      + tenant_id              = (known after apply)

      + allowed_address_pairs {
          + ip_address = "192.168.128.0/17"
        }

      + binding (known after apply)

      + fixed_ip {
          + subnet_id = (known after apply)
        }
    }

  # openstack_networking_port_v2.default-p0000000017-s0000000015-link-6 will be created
  + resource "openstack_networking_port_v2" "default-p0000000017-s0000000015-link-6" {
      + admin_state_up         = true
      + all_fixed_ips          = (known after apply)
      + all_security_group_ids = (known after apply)
      + all_tags               = (known after apply)
      + device_id              = (known after apply)
      + device_owner           = (known after apply)
      + dns_assignment         = (known after apply)
      + dns_name               = (known after apply)
      + id                     = (known after apply)
      + mac_address            = (known after apply)
      + name                   = "default-p0000000017-s0000000015-link-6"
      + network_id             = (known after apply)
      + port_security_enabled  = (known after apply)
      + qos_policy_id          = (known after apply)
      + region                 = (known after apply)
      + security_group_ids     = [
          + "c0f8ada3-ea6b-4204-8e6b-03fb49be5ab5",
        ]
      + tenant_id              = (known after apply)

      + allowed_address_pairs {
          + ip_address = "192.168.128.0/17"
        }

      + binding (known after apply)

      + fixed_ip {
          + subnet_id = (known after apply)
        }
    }

  # openstack_networking_port_v2.default-p0000000017-s0000000015-link-7 will be created
  + resource "openstack_networking_port_v2" "default-p0000000017-s0000000015-link-7" {
      + admin_state_up         = true
      + all_fixed_ips          = (known after apply)
      + all_security_group_ids = (known after apply)
      + all_tags               = (known after apply)
      + device_id              = (known after apply)
      + device_owner           = (known after apply)
      + dns_assignment         = (known after apply)
      + dns_name               = (known after apply)
      + id                     = (known after apply)
      + mac_address            = (known after apply)
      + name                   = "default-p0000000017-s0000000015-link-7"
      + network_id             = (known after apply)
      + port_security_enabled  = (known after apply)
      + qos_policy_id          = (known after apply)
      + region                 = (known after apply)
      + security_group_ids     = [
          + "0a14006d-c778-45be-9747-18bb05e2c46f",
        ]
      + tenant_id              = (known after apply)

      + allowed_address_pairs {
          + ip_address = "192.168.70.0/24"
        }

      + binding (known after apply)

      + fixed_ip {
          + ip_address = "192.168.70.5"
          + subnet_id  = (known after apply)
        }
    }

  # openstack_networking_port_v2.default-p0000000017-s0000000015-link-8 will be created
  + resource "openstack_networking_port_v2" "default-p0000000017-s0000000015-link-8" {
      + admin_state_up         = true
      + all_fixed_ips          = (known after apply)
      + all_security_group_ids = (known after apply)
      + all_tags               = (known after apply)
      + device_id              = (known after apply)
      + device_owner           = (known after apply)
      + dns_assignment         = (known after apply)
      + dns_name               = (known after apply)
      + id                     = (known after apply)
      + mac_address            = (known after apply)
      + name                   = "default-p0000000017-s0000000015-link-8"
      + network_id             = (known after apply)
      + port_security_enabled  = (known after apply)
      + qos_policy_id          = (known after apply)
      + region                 = (known after apply)
      + security_group_ids     = [
          + "0a14006d-c778-45be-9747-18bb05e2c46f",
        ]
      + tenant_id              = (known after apply)

      + allowed_address_pairs {
          + ip_address = "192.168.70.0/24"
        }

      + binding (known after apply)

      + fixed_ip {
          + ip_address = "192.168.70.10"
          + subnet_id  = (known after apply)
        }
    }

  # openstack_networking_port_v2.default-p0000000017-s0000000015-link-9 will be created
  + resource "openstack_networking_port_v2" "default-p0000000017-s0000000015-link-9" {
      + admin_state_up         = true
      + all_fixed_ips          = (known after apply)
      + all_security_group_ids = (known after apply)
      + all_tags               = (known after apply)
      + device_id              = (known after apply)
      + device_owner           = (known after apply)
      + dns_assignment         = (known after apply)
      + dns_name               = (known after apply)
      + id                     = (known after apply)
      + mac_address            = (known after apply)
      + name                   = "default-p0000000017-s0000000015-link-9"
      + network_id             = (known after apply)
      + port_security_enabled  = (known after apply)
      + qos_policy_id          = (known after apply)
      + region                 = (known after apply)
      + security_group_ids     = [
          + "0a14006d-c778-45be-9747-18bb05e2c46f",
        ]
      + tenant_id              = (known after apply)

      + allowed_address_pairs {
          + ip_address = "192.168.70.0/24"
        }

      + binding (known after apply)

      + fixed_ip {
          + ip_address = "192.168.70.11"
          + subnet_id  = (known after apply)
        }
    }

  # openstack_networking_port_v2.default-p0000000017-s0000000015-man-out-port will be created
  + resource "openstack_networking_port_v2" "default-p0000000017-s0000000015-man-out-port" {
      + admin_state_up         = true
      + all_fixed_ips          = (known after apply)
      + all_security_group_ids = (known after apply)
      + all_tags               = (known after apply)
      + device_id              = (known after apply)
      + device_owner           = (known after apply)
      + dns_assignment         = (known after apply)
      + dns_name               = (known after apply)
      + id                     = (known after apply)
      + mac_address            = (known after apply)
      + name                   = "default-p0000000017-s0000000015-man-out-port"
      + network_id             = "9d8f9b2a-992c-4edc-8444-0bfc3c2b3cef"
      + port_security_enabled  = (known after apply)
      + qos_policy_id          = (known after apply)
      + region                 = (known after apply)
      + security_group_ids     = [
          + "fe29039a-d081-4023-adad-9641c8059c30",
        ]
      + tenant_id              = (known after apply)

      + allowed_address_pairs {
          + ip_address = "0.0.0.0/0"
        }

      + binding (known after apply)
    }

  # openstack_networking_subnet_v2.default-p0000000017-s0000000015-botnet-switch-subnet will be created
  + resource "openstack_networking_subnet_v2" "default-p0000000017-s0000000015-botnet-switch-subnet" {
      + all_tags          = (known after apply)
      + cidr              = "192.168.70.0/24"
      + dns_nameservers   = [
          + "1.1.1.1",
          + "1.0.0.1",
        ]
      + enable_dhcp       = true
      + gateway_ip        = "192.168.70.1"
      + id                = (known after apply)
      + ip_version        = 4
      + ipv6_address_mode = (known after apply)
      + ipv6_ra_mode      = (known after apply)
      + name              = "default-p0000000017-s0000000015-botnet-switch-subnet"
      + network_id        = (known after apply)
      + no_gateway        = false
      + region            = (known after apply)
      + service_types     = (known after apply)
      + tenant_id         = (known after apply)

      + allocation_pool (known after apply)
    }

  # openstack_networking_subnet_v2.default-p0000000017-s0000000015-man-network-subnet will be created
  + resource "openstack_networking_subnet_v2" "default-p0000000017-s0000000015-man-network-subnet" {
      + all_tags          = (known after apply)
      + cidr              = "192.168.128.0/17"
      + dns_nameservers   = [
          + "1.1.1.1",
          + "1.0.0.1",
        ]
      + enable_dhcp       = true
      + gateway_ip        = (known after apply)
      + id                = (known after apply)
      + ip_version        = 4
      + ipv6_address_mode = (known after apply)
      + ipv6_ra_mode      = (known after apply)
      + name              = "default-p0000000017-s0000000015-man-network-subnet"
      + network_id        = (known after apply)
      + no_gateway        = true
      + region            = (known after apply)
      + service_types     = (known after apply)
      + tenant_id         = (known after apply)

      + allocation_pool (known after apply)
    }

  # openstack_networking_subnet_v2.default-p0000000017-s0000000015-victim-switch-subnet will be created
  + resource "openstack_networking_subnet_v2" "default-p0000000017-s0000000015-victim-switch-subnet" {
      + all_tags          = (known after apply)
      + cidr              = "192.168.80.0/24"
      + dns_nameservers   = [
          + "1.1.1.1",
          + "1.0.0.1",
        ]
      + enable_dhcp       = true
      + gateway_ip        = "192.168.80.1"
      + id                = (known after apply)
      + ip_version        = 4
      + ipv6_address_mode = (known after apply)
      + ipv6_ra_mode      = (known after apply)
      + name              = "default-p0000000017-s0000000015-victim-switch-subnet"
      + network_id        = (known after apply)
      + no_gateway        = false
      + region            = (known after apply)
      + service_types     = (known after apply)
      + tenant_id         = (known after apply)

      + allocation_pool (known after apply)
    }

  # openstack_networking_subnet_v2.default-p0000000017-s0000000015-wan-subnet will be created
  + resource "openstack_networking_subnet_v2" "default-p0000000017-s0000000015-wan-subnet" {
      + all_tags          = (known after apply)
      + cidr              = "100.100.100.0/24"
      + dns_nameservers   = [
          + "1.1.1.1",
          + "1.0.0.1",
        ]
      + enable_dhcp       = true
      + gateway_ip        = (known after apply)
      + id                = (known after apply)
      + ip_version        = 4
      + ipv6_address_mode = (known after apply)
      + ipv6_ra_mode      = (known after apply)
      + name              = "default-p0000000017-s0000000015-wan-subnet"
      + network_id        = (known after apply)
      + no_gateway        = true
      + region            = (known after apply)
      + service_types     = (known after apply)
      + tenant_id         = (known after apply)

      + allocation_pool (known after apply)
    }

Plan: 29 to add, 0 to change, 0 to destroy.
openstack_networking_network_v2.default-p0000000017-s0000000015-botnet-switch: Creating...
openstack_networking_network_v2.default-p0000000017-s0000000015-victim-switch: Creating...
openstack_networking_network_v2.default-p0000000017-s0000000015-wan: Creating...
openstack_networking_port_v2.default-p0000000017-s0000000015-man-out-port: Creating...
openstack_networking_network_v2.default-p0000000017-s0000000015-man-network: Creating...
openstack_networking_network_v2.default-p0000000017-s0000000015-man-network: Creation complete after 0s [id=4803c98d-7cce-42b1-a9b7-13ac4932dbe3]
openstack_networking_network_v2.default-p0000000017-s0000000015-wan: Creation complete after 0s [id=b7850c67-e34d-46d5-9c84-c455b055a151]
openstack_networking_subnet_v2.default-p0000000017-s0000000015-man-network-subnet: Creating...
openstack_networking_subnet_v2.default-p0000000017-s0000000015-wan-subnet: Creating...
openstack_networking_network_v2.default-p0000000017-s0000000015-victim-switch: Creation complete after 0s [id=010937e7-2662-4b8e-9720-0a07e94423f6]
openstack_networking_network_v2.default-p0000000017-s0000000015-botnet-switch: Creation complete after 0s [id=4f055d10-c129-4f17-aec6-9c516f924b2d]
openstack_networking_subnet_v2.default-p0000000017-s0000000015-victim-switch-subnet: Creating...
openstack_networking_subnet_v2.default-p0000000017-s0000000015-botnet-switch-subnet: Creating...
openstack_networking_subnet_v2.default-p0000000017-s0000000015-wan-subnet: Creation complete after 0s [id=52e08622-a7d8-47e9-8733-a669e768e022]
openstack_networking_port_v2.default-p0000000017-s0000000015-man-out-port: Creation complete after 0s [id=d6b0200d-ae3f-484f-baf0-ccee754e7c92]
openstack_networking_subnet_v2.default-p0000000017-s0000000015-man-network-subnet: Creation complete after 0s [id=196c33c7-5dce-4ff9-840c-8a25e7a8e9ec]
openstack_networking_port_v2.default-p0000000017-s0000000015-link-2: Creating...
openstack_networking_port_v2.default-p0000000017-s0000000015-link-12: Creating...
openstack_networking_port_v2.default-p0000000017-s0000000015-link-1: Creating...
openstack_networking_port_v2.default-p0000000017-s0000000015-link-6: Creating...
openstack_networking_port_v2.default-p0000000017-s0000000015-link-5: Creating...
openstack_networking_port_v2.default-p0000000017-s0000000015-link-11: Creating...
openstack_networking_port_v2.default-p0000000017-s0000000015-link-4: Creating...
openstack_networking_port_v2.default-p0000000017-s0000000015-link-3: Creating...
openstack_networking_subnet_v2.default-p0000000017-s0000000015-victim-switch-subnet: Creation complete after 0s [id=b09bc29b-0ad6-408c-81f7-d6d41258474e]
openstack_networking_port_v2.default-p0000000017-s0000000015-link-14: Creating...
openstack_networking_subnet_v2.default-p0000000017-s0000000015-botnet-switch-subnet: Creation complete after 0s [id=cd1a3b0d-34df-44de-a4a1-93437d808897]
openstack_networking_port_v2.default-p0000000017-s0000000015-link-10: Creating...
openstack_networking_port_v2.default-p0000000017-s0000000015-link-5: Creation complete after 0s [id=735982df-ce4a-43fa-9c16-198bc09dada9]
openstack_networking_port_v2.default-p0000000017-s0000000015-link-7: Creating...
openstack_networking_port_v2.default-p0000000017-s0000000015-link-2: Creation complete after 0s [id=5474c183-5c7f-4055-b25e-10806c76218b]
openstack_networking_port_v2.default-p0000000017-s0000000015-link-9: Creating...
openstack_networking_port_v2.default-p0000000017-s0000000015-link-12: Creation complete after 1s [id=8ff1c303-b5d4-497f-8bd7-0fffa1b0a4a1]
openstack_networking_port_v2.default-p0000000017-s0000000015-link-8: Creating...
openstack_networking_port_v2.default-p0000000017-s0000000015-link-1: Creation complete after 1s [id=f5374d1b-4ed9-4d54-baba-f297a3e1c825]
openstack_networking_port_v2.default-p0000000017-s0000000015-link-13: Creating...
openstack_networking_port_v2.default-p0000000017-s0000000015-link-7: Creation complete after 1s [id=8414694b-ffcc-4cdf-83c9-f7058db45ea4]
openstack_networking_port_v2.default-p0000000017-s0000000015-link-11: Creation complete after 1s [id=d6866800-ab67-4265-a3aa-4c6e15292dd3]
openstack_compute_instance_v2.default-p0000000017-s0000000015-man: Creating...
openstack_networking_port_v2.default-p0000000017-s0000000015-link-6: Creation complete after 1s [id=79f1c26a-a5f6-4786-928f-b06f88fc6a4d]
openstack_networking_port_v2.default-p0000000017-s0000000015-link-3: Creation complete after 1s [id=6cec5932-de64-40b0-8bd7-ba606372dafa]
openstack_compute_instance_v2.default-p0000000017-s0000000015-c2-server: Creating...
openstack_networking_port_v2.default-p0000000017-s0000000015-link-4: Creation complete after 1s [id=8a88d239-380f-4542-b567-77456a53906d]
openstack_networking_port_v2.default-p0000000017-s0000000015-link-14: Creation complete after 1s [id=90409499-2548-4ef4-a3bf-0317f073c039]
openstack_networking_port_v2.default-p0000000017-s0000000015-link-10: Creation complete after 1s [id=9e388080-72e7-4990-ba10-fe8c9d98cf60]
openstack_compute_instance_v2.default-p0000000017-s0000000015-victim: Creating...
openstack_networking_port_v2.default-p0000000017-s0000000015-link-9: Creation complete after 0s [id=271f642e-eccb-4d76-8273-5788882f8116]
openstack_networking_port_v2.default-p0000000017-s0000000015-link-8: Creation complete after 0s [id=0c4010c4-4ab4-4950-95ee-61a238af7722]
openstack_compute_instance_v2.default-p0000000017-s0000000015-bot2: Creating...
openstack_compute_instance_v2.default-p0000000017-s0000000015-bot1: Creating...
openstack_networking_port_v2.default-p0000000017-s0000000015-link-13: Creation complete after 0s [id=ae9913ad-389d-4a4d-96c4-a53e708a5e34]
openstack_compute_instance_v2.default-p0000000017-s0000000015-router: Creating...
openstack_compute_instance_v2.default-p0000000017-s0000000015-man: Still creating... [10s elapsed]
openstack_compute_instance_v2.default-p0000000017-s0000000015-c2-server: Still creating... [10s elapsed]
openstack_compute_instance_v2.default-p0000000017-s0000000015-victim: Still creating... [10s elapsed]
openstack_compute_instance_v2.default-p0000000017-s0000000015-bot2: Still creating... [10s elapsed]
openstack_compute_instance_v2.default-p0000000017-s0000000015-bot1: Still creating... [10s elapsed]
openstack_compute_instance_v2.default-p0000000017-s0000000015-router: Still creating... [10s elapsed]
openstack_compute_instance_v2.default-p0000000017-s0000000015-man: Still creating... [20s elapsed]
openstack_compute_instance_v2.default-p0000000017-s0000000015-c2-server: Still creating... [20s elapsed]
openstack_compute_instance_v2.default-p0000000017-s0000000015-victim: Still creating... [20s elapsed]
openstack_compute_instance_v2.default-p0000000017-s0000000015-bot2: Still creating... [20s elapsed]
openstack_compute_instance_v2.default-p0000000017-s0000000015-bot1: Still creating... [20s elapsed]
openstack_compute_instance_v2.default-p0000000017-s0000000015-router: Still creating... [20s elapsed]
openstack_compute_instance_v2.default-p0000000017-s0000000015-c2-server: Creation complete after 20s [id=34e9efd9-a06a-4151-affd-59553f197bb7]
openstack_compute_instance_v2.default-p0000000017-s0000000015-victim: Creation complete after 20s [id=5b00806d-5d41-402f-9050-360d82aadd4f]
openstack_compute_instance_v2.default-p0000000017-s0000000015-bot1: Creation complete after 20s [id=f970ac4f-38c9-4b3c-9454-6cb1cfce9d43]
openstack_compute_instance_v2.default-p0000000017-s0000000015-man: Still creating... [30s elapsed]
openstack_compute_instance_v2.default-p0000000017-s0000000015-bot2: Still creating... [30s elapsed]
openstack_compute_instance_v2.default-p0000000017-s0000000015-router: Still creating... [30s elapsed]
openstack_compute_instance_v2.default-p0000000017-s0000000015-bot2: Creation complete after 30s [id=51467dd0-33e6-4286-8b18-b6367a1c961f]
openstack_compute_instance_v2.default-p0000000017-s0000000015-man: Creation complete after 30s [id=37756977-8e84-4061-ba96-09596d2de727]
openstack_compute_instance_v2.default-p0000000017-s0000000015-router: Creation complete after 31s [id=d1fad9ba-0286-4d46-9769-84493fda6bd0]

Apply complete! Resources: 29 added, 0 changed, 0 destroyed.