data.openstack_images_image_ids_v2.image_data_source-default-p0000000050-s0000000050-router: Reading...
data.openstack_images_image_ids_v2.image_data_source-default-p0000000050-s0000000050-man: Reading...
data.openstack_images_image_ids_v2.image_data_source-default-p0000000050-s0000000050-miner-host: Reading...
data.openstack_images_image_ids_v2.image_data_source-default-p0000000050-s0000000050-pool-server: Reading...
data.openstack_images_image_ids_v2.image_data_source-default-p0000000050-s0000000050-second-host: Reading...
data.openstack_networking_secgroup_v2.sandbox-access-sg: Reading...
data.openstack_networking_secgroup_v2.sandbox-man-int-sg: Reading...
data.openstack_networking_network_v2.base-net: Reading...
data.openstack_networking_secgroup_v2.sandbox-man-sg: Reading...
data.openstack_networking_secgroup_v2.sandbox-internal-sg: Reading...
data.openstack_networking_secgroup_v2.sandbox-access-sg: Read complete after 0s [id=fe29039a-d081-4023-adad-9641c8059c30]
data.openstack_images_image_ids_v2.image_data_source-default-p0000000050-s0000000050-man: Read complete after 0s [id=2215401803]
data.openstack_images_image_ids_v2.image_data_source-default-p0000000050-s0000000050-second-host: Read complete after 0s [id=2215401803]
data.openstack_images_image_ids_v2.image_data_source-default-p0000000050-s0000000050-pool-server: Read complete after 0s [id=2215401803]
data.openstack_images_image_ids_v2.image_data_source-default-p0000000050-s0000000050-router: Read complete after 0s [id=3718318825]
data.openstack_images_image_ids_v2.image_data_source-default-p0000000050-s0000000050-miner-host: Read complete after 0s [id=2215401803]
data.openstack_networking_secgroup_v2.sandbox-man-sg: Read complete after 0s [id=d318bcac-a977-4da2-a36c-6fc646adfd56]
data.openstack_networking_secgroup_v2.sandbox-internal-sg: Read complete after 0s [id=0a14006d-c778-45be-9747-18bb05e2c46f]
data.openstack_networking_secgroup_v2.sandbox-man-int-sg: Read complete after 0s [id=c0f8ada3-ea6b-4204-8e6b-03fb49be5ab5]
data.openstack_networking_network_v2.base-net: Read complete after 0s [id=9d8f9b2a-992c-4edc-8444-0bfc3c2b3cef]

OpenTofu used the selected providers to generate the following execution
plan. Resource actions are indicated with the following symbols:
  + create

OpenTofu will perform the following actions:

  # openstack_compute_instance_v2.default-p0000000050-s0000000050-man will be created
  + resource "openstack_compute_instance_v2" "default-p0000000050-s0000000050-man" {
      + access_ip_v4        = (known after apply)
      + access_ip_v6        = (known after apply)
      + all_metadata        = (known after apply)
      + all_tags            = (known after apply)
      + availability_zone   = (known after apply)
      + config_drive        = true
      + created             = (known after apply)
      + flavor_id           = (known after apply)
      + flavor_name         = "standard.medium"
      + force_delete        = false
      + hypervisor_hostname = (known after apply)
      + id                  = (known after apply)
      + image_id            = (known after apply)
      + image_name          = "ubuntu-noble-x86_64"
      + key_pair            = "default-p0000000050-03110d22-ssh"
      + name                = "default-p0000000050-s0000000050-man"
      + power_state         = "active"
      + region              = (known after apply)
      + security_groups     = (known after apply)
      + stop_before_destroy = false
      + updated             = (known after apply)

      + network {
          + access_network = false
          + fixed_ip_v4    = (known after apply)
          + fixed_ip_v6    = (known after apply)
          + mac            = (known after apply)
          + name           = (known after apply)
          + port           = (known after apply)
          + uuid           = (known after apply)
        }
      + network {
          + access_network = false
          + fixed_ip_v4    = (known after apply)
          + fixed_ip_v6    = (known after apply)
          + mac            = (known after apply)
          + name           = (known after apply)
          + port           = (known after apply)
          + uuid           = (known after apply)
        }
      + network {
          + access_network = false
          + fixed_ip_v4    = (known after apply)
          + fixed_ip_v6    = (known after apply)
          + mac            = (known after apply)
          + name           = (known after apply)
          + port           = (known after apply)
          + uuid           = (known after apply)
        }
    }

  # openstack_compute_instance_v2.default-p0000000050-s0000000050-miner-host will be created
  + resource "openstack_compute_instance_v2" "default-p0000000050-s0000000050-miner-host" {
      + access_ip_v4        = (known after apply)
      + access_ip_v6        = (known after apply)
      + all_metadata        = (known after apply)
      + all_tags            = (known after apply)
      + availability_zone   = (known after apply)
      + config_drive        = true
      + created             = (known after apply)
      + flavor_id           = (known after apply)
      + flavor_name         = "standard.small"
      + force_delete        = false
      + hypervisor_hostname = (known after apply)
      + id                  = (known after apply)
      + image_id            = (known after apply)
      + image_name          = "ubuntu-noble-x86_64"
      + key_pair            = "default-p0000000050-03110d22-ssh"
      + name                = "default-p0000000050-s0000000050-miner-host"
      + power_state         = "active"
      + region              = (known after apply)
      + security_groups     = (known after apply)
      + stop_before_destroy = false
      + updated             = (known after apply)

      + network {
          + access_network = false
          + fixed_ip_v4    = (known after apply)
          + fixed_ip_v6    = (known after apply)
          + mac            = (known after apply)
          + name           = (known after apply)
          + port           = (known after apply)
          + uuid           = (known after apply)
        }
      + network {
          + access_network = false
          + fixed_ip_v4    = (known after apply)
          + fixed_ip_v6    = (known after apply)
          + mac            = (known after apply)
          + name           = (known after apply)
          + port           = (known after apply)
          + uuid           = (known after apply)
        }
    }

  # openstack_compute_instance_v2.default-p0000000050-s0000000050-pool-server will be created
  + resource "openstack_compute_instance_v2" "default-p0000000050-s0000000050-pool-server" {
      + access_ip_v4        = (known after apply)
      + access_ip_v6        = (known after apply)
      + all_metadata        = (known after apply)
      + all_tags            = (known after apply)
      + availability_zone   = (known after apply)
      + config_drive        = true
      + created             = (known after apply)
      + flavor_id           = (known after apply)
      + flavor_name         = "standard.small"
      + force_delete        = false
      + hypervisor_hostname = (known after apply)
      + id                  = (known after apply)
      + image_id            = (known after apply)
      + image_name          = "ubuntu-noble-x86_64"
      + key_pair            = "default-p0000000050-03110d22-ssh"
      + name                = "default-p0000000050-s0000000050-pool-server"
      + power_state         = "active"
      + region              = (known after apply)
      + security_groups     = (known after apply)
      + stop_before_destroy = false
      + updated             = (known after apply)

      + network {
          + access_network = false
          + fixed_ip_v4    = (known after apply)
          + fixed_ip_v6    = (known after apply)
          + mac            = (known after apply)
          + name           = (known after apply)
          + port           = (known after apply)
          + uuid           = (known after apply)
        }
      + network {
          + access_network = false
          + fixed_ip_v4    = (known after apply)
          + fixed_ip_v6    = (known after apply)
          + mac            = (known after apply)
          + name           = (known after apply)
          + port           = (known after apply)
          + uuid           = (known after apply)
        }
    }

  # openstack_compute_instance_v2.default-p0000000050-s0000000050-router will be created
  + resource "openstack_compute_instance_v2" "default-p0000000050-s0000000050-router" {
      + access_ip_v4        = (known after apply)
      + access_ip_v6        = (known after apply)
      + all_metadata        = (known after apply)
      + all_tags            = (known after apply)
      + availability_zone   = (known after apply)
      + config_drive        = true
      + created             = (known after apply)
      + flavor_id           = (known after apply)
      + flavor_name         = "standard.small"
      + force_delete        = false
      + hypervisor_hostname = (known after apply)
      + id                  = (known after apply)
      + image_id            = (known after apply)
      + image_name          = "debian-12-x86_64"
      + key_pair            = "default-p0000000050-03110d22-ssh"
      + name                = "default-p0000000050-s0000000050-router"
      + power_state         = "active"
      + region              = (known after apply)
      + security_groups     = (known after apply)
      + stop_before_destroy = false
      + updated             = (known after apply)

      + network {
          + access_network = false
          + fixed_ip_v4    = (known after apply)
          + fixed_ip_v6    = (known after apply)
          + mac            = (known after apply)
          + name           = (known after apply)
          + port           = (known after apply)
          + uuid           = (known after apply)
        }
      + network {
          + access_network = false
          + fixed_ip_v4    = (known after apply)
          + fixed_ip_v6    = (known after apply)
          + mac            = (known after apply)
          + name           = (known after apply)
          + port           = (known after apply)
          + uuid           = (known after apply)
        }
      + network {
          + access_network = false
          + fixed_ip_v4    = (known after apply)
          + fixed_ip_v6    = (known after apply)
          + mac            = (known after apply)
          + name           = (known after apply)
          + port           = (known after apply)
          + uuid           = (known after apply)
        }
      + network {
          + access_network = false
          + fixed_ip_v4    = (known after apply)
          + fixed_ip_v6    = (known after apply)
          + mac            = (known after apply)
          + name           = (known after apply)
          + port           = (known after apply)
          + uuid           = (known after apply)
        }
    }

  # openstack_compute_instance_v2.default-p0000000050-s0000000050-second-host will be created
  + resource "openstack_compute_instance_v2" "default-p0000000050-s0000000050-second-host" {
      + access_ip_v4        = (known after apply)
      + access_ip_v6        = (known after apply)
      + all_metadata        = (known after apply)
      + all_tags            = (known after apply)
      + availability_zone   = (known after apply)
      + config_drive        = true
      + created             = (known after apply)
      + flavor_id           = (known after apply)
      + flavor_name         = "standard.small"
      + force_delete        = false
      + hypervisor_hostname = (known after apply)
      + id                  = (known after apply)
      + image_id            = (known after apply)
      + image_name          = "ubuntu-noble-x86_64"
      + key_pair            = "default-p0000000050-03110d22-ssh"
      + name                = "default-p0000000050-s0000000050-second-host"
      + power_state         = "active"
      + region              = (known after apply)
      + security_groups     = (known after apply)
      + stop_before_destroy = false
      + updated             = (known after apply)

      + network {
          + access_network = false
          + fixed_ip_v4    = (known after apply)
          + fixed_ip_v6    = (known after apply)
          + mac            = (known after apply)
          + name           = (known after apply)
          + port           = (known after apply)
          + uuid           = (known after apply)
        }
      + network {
          + access_network = false
          + fixed_ip_v4    = (known after apply)
          + fixed_ip_v6    = (known after apply)
          + mac            = (known after apply)
          + name           = (known after apply)
          + port           = (known after apply)
          + uuid           = (known after apply)
        }
    }

  # openstack_networking_network_v2.default-p0000000050-s0000000050-man-network will be created
  + resource "openstack_networking_network_v2" "default-p0000000050-s0000000050-man-network" {
      + admin_state_up          = true
      + all_tags                = (known after apply)
      + availability_zone_hints = (known after apply)
      + dns_domain              = (known after apply)
      + external                = (known after apply)
      + id                      = (known after apply)
      + mtu                     = (known after apply)
      + name                    = "default-p0000000050-s0000000050-man-network"
      + port_security_enabled   = (known after apply)
      + qos_policy_id           = (known after apply)
      + region                  = (known after apply)
      + shared                  = (known after apply)
      + tenant_id               = (known after apply)
      + transparent_vlan        = (known after apply)

      + segments (known after apply)
    }

  # openstack_networking_network_v2.default-p0000000050-s0000000050-pool-switch will be created
  + resource "openstack_networking_network_v2" "default-p0000000050-s0000000050-pool-switch" {
      + admin_state_up          = true
      + all_tags                = (known after apply)
      + availability_zone_hints = (known after apply)
      + dns_domain              = (known after apply)
      + external                = (known after apply)
      + id                      = (known after apply)
      + mtu                     = (known after apply)
      + name                    = "default-p0000000050-s0000000050-pool-switch"
      + port_security_enabled   = (known after apply)
      + qos_policy_id           = (known after apply)
      + region                  = (known after apply)
      + shared                  = (known after apply)
      + tenant_id               = (known after apply)
      + transparent_vlan        = (known after apply)

      + segments (known after apply)
    }

  # openstack_networking_network_v2.default-p0000000050-s0000000050-victim-switch will be created
  + resource "openstack_networking_network_v2" "default-p0000000050-s0000000050-victim-switch" {
      + admin_state_up          = true
      + all_tags                = (known after apply)
      + availability_zone_hints = (known after apply)
      + dns_domain              = (known after apply)
      + external                = (known after apply)
      + id                      = (known after apply)
      + mtu                     = (known after apply)
      + name                    = "default-p0000000050-s0000000050-victim-switch"
      + port_security_enabled   = (known after apply)
      + qos_policy_id           = (known after apply)
      + region                  = (known after apply)
      + shared                  = (known after apply)
      + tenant_id               = (known after apply)
      + transparent_vlan        = (known after apply)

      + segments (known after apply)
    }

  # openstack_networking_network_v2.default-p0000000050-s0000000050-wan will be created
  + resource "openstack_networking_network_v2" "default-p0000000050-s0000000050-wan" {
      + admin_state_up          = true
      + all_tags                = (known after apply)
      + availability_zone_hints = (known after apply)
      + dns_domain              = (known after apply)
      + external                = (known after apply)
      + id                      = (known after apply)
      + mtu                     = (known after apply)
      + name                    = "default-p0000000050-s0000000050-wan"
      + port_security_enabled   = (known after apply)
      + qos_policy_id           = (known after apply)
      + region                  = (known after apply)
      + shared                  = (known after apply)
      + tenant_id               = (known after apply)
      + transparent_vlan        = (known after apply)

      + segments (known after apply)
    }

  # openstack_networking_port_v2.default-p0000000050-s0000000050-link-1 will be created
  + resource "openstack_networking_port_v2" "default-p0000000050-s0000000050-link-1" {
      + admin_state_up         = true
      + all_fixed_ips          = (known after apply)
      + all_security_group_ids = (known after apply)
      + all_tags               = (known after apply)
      + device_id              = (known after apply)
      + device_owner           = (known after apply)
      + dns_assignment         = (known after apply)
      + dns_name               = (known after apply)
      + id                     = (known after apply)
      + mac_address            = (known after apply)
      + name                   = "default-p0000000050-s0000000050-link-1"
      + network_id             = (known after apply)
      + port_security_enabled  = (known after apply)
      + qos_policy_id          = (known after apply)
      + region                 = (known after apply)
      + security_group_ids     = [
          + "d318bcac-a977-4da2-a36c-6fc646adfd56",
        ]
      + tenant_id              = (known after apply)

      + allowed_address_pairs {
          + ip_address = "192.168.128.0/17"
        }

      + binding (known after apply)

      + fixed_ip {
          + subnet_id = (known after apply)
        }
    }

  # openstack_networking_port_v2.default-p0000000050-s0000000050-link-10 will be created
  + resource "openstack_networking_port_v2" "default-p0000000050-s0000000050-link-10" {
      + admin_state_up         = true
      + all_fixed_ips          = (known after apply)
      + all_security_group_ids = (known after apply)
      + all_tags               = (known after apply)
      + device_id              = (known after apply)
      + device_owner           = (known after apply)
      + dns_assignment         = (known after apply)
      + dns_name               = (known after apply)
      + id                     = (known after apply)
      + mac_address            = (known after apply)
      + name                   = "default-p0000000050-s0000000050-link-10"
      + network_id             = (known after apply)
      + port_security_enabled  = (known after apply)
      + qos_policy_id          = (known after apply)
      + region                 = (known after apply)
      + security_group_ids     = [
          + "0a14006d-c778-45be-9747-18bb05e2c46f",
        ]
      + tenant_id              = (known after apply)

      + allowed_address_pairs {
          + ip_address = "0.0.0.0/0"
        }

      + binding (known after apply)

      + fixed_ip {
          + subnet_id = (known after apply)
        }
    }

  # openstack_networking_port_v2.default-p0000000050-s0000000050-link-11 will be created
  + resource "openstack_networking_port_v2" "default-p0000000050-s0000000050-link-11" {
      + admin_state_up         = true
      + all_fixed_ips          = (known after apply)
      + all_security_group_ids = (known after apply)
      + all_tags               = (known after apply)
      + device_id              = (known after apply)
      + device_owner           = (known after apply)
      + dns_assignment         = (known after apply)
      + dns_name               = (known after apply)
      + id                     = (known after apply)
      + mac_address            = (known after apply)
      + name                   = "default-p0000000050-s0000000050-link-11"
      + network_id             = (known after apply)
      + port_security_enabled  = (known after apply)
      + qos_policy_id          = (known after apply)
      + region                 = (known after apply)
      + security_group_ids     = [
          + "0a14006d-c778-45be-9747-18bb05e2c46f",
        ]
      + tenant_id              = (known after apply)

      + allowed_address_pairs {
          + ip_address = "0.0.0.0/0"
        }

      + binding (known after apply)

      + fixed_ip {
          + ip_address = "192.168.40.1"
          + subnet_id  = (known after apply)
        }
    }

  # openstack_networking_port_v2.default-p0000000050-s0000000050-link-12 will be created
  + resource "openstack_networking_port_v2" "default-p0000000050-s0000000050-link-12" {
      + admin_state_up         = true
      + all_fixed_ips          = (known after apply)
      + all_security_group_ids = (known after apply)
      + all_tags               = (known after apply)
      + device_id              = (known after apply)
      + device_owner           = (known after apply)
      + dns_assignment         = (known after apply)
      + dns_name               = (known after apply)
      + id                     = (known after apply)
      + mac_address            = (known after apply)
      + name                   = "default-p0000000050-s0000000050-link-12"
      + network_id             = (known after apply)
      + port_security_enabled  = (known after apply)
      + qos_policy_id          = (known after apply)
      + region                 = (known after apply)
      + security_group_ids     = [
          + "0a14006d-c778-45be-9747-18bb05e2c46f",
        ]
      + tenant_id              = (known after apply)

      + allowed_address_pairs {
          + ip_address = "0.0.0.0/0"
        }

      + binding (known after apply)

      + fixed_ip {
          + ip_address = "192.168.50.1"
          + subnet_id  = (known after apply)
        }
    }

  # openstack_networking_port_v2.default-p0000000050-s0000000050-link-2 will be created
  + resource "openstack_networking_port_v2" "default-p0000000050-s0000000050-link-2" {
      + admin_state_up         = true
      + all_fixed_ips          = (known after apply)
      + all_security_group_ids = (known after apply)
      + all_tags               = (known after apply)
      + device_id              = (known after apply)
      + device_owner           = (known after apply)
      + dns_assignment         = (known after apply)
      + dns_name               = (known after apply)
      + id                     = (known after apply)
      + mac_address            = (known after apply)
      + name                   = "default-p0000000050-s0000000050-link-2"
      + network_id             = (known after apply)
      + port_security_enabled  = (known after apply)
      + qos_policy_id          = (known after apply)
      + region                 = (known after apply)
      + security_group_ids     = [
          + "0a14006d-c778-45be-9747-18bb05e2c46f",
        ]
      + tenant_id              = (known after apply)

      + allowed_address_pairs {
          + ip_address = "0.0.0.0/0"
        }

      + binding (known after apply)

      + fixed_ip {
          + subnet_id = (known after apply)
        }
    }

  # openstack_networking_port_v2.default-p0000000050-s0000000050-link-3 will be created
  + resource "openstack_networking_port_v2" "default-p0000000050-s0000000050-link-3" {
      + admin_state_up         = true
      + all_fixed_ips          = (known after apply)
      + all_security_group_ids = (known after apply)
      + all_tags               = (known after apply)
      + device_id              = (known after apply)
      + device_owner           = (known after apply)
      + dns_assignment         = (known after apply)
      + dns_name               = (known after apply)
      + id                     = (known after apply)
      + mac_address            = (known after apply)
      + name                   = "default-p0000000050-s0000000050-link-3"
      + network_id             = (known after apply)
      + port_security_enabled  = (known after apply)
      + qos_policy_id          = (known after apply)
      + region                 = (known after apply)
      + security_group_ids     = [
          + "c0f8ada3-ea6b-4204-8e6b-03fb49be5ab5",
        ]
      + tenant_id              = (known after apply)

      + allowed_address_pairs {
          + ip_address = "192.168.128.0/17"
        }

      + binding (known after apply)

      + fixed_ip {
          + subnet_id = (known after apply)
        }
    }

  # openstack_networking_port_v2.default-p0000000050-s0000000050-link-4 will be created
  + resource "openstack_networking_port_v2" "default-p0000000050-s0000000050-link-4" {
      + admin_state_up         = true
      + all_fixed_ips          = (known after apply)
      + all_security_group_ids = (known after apply)
      + all_tags               = (known after apply)
      + device_id              = (known after apply)
      + device_owner           = (known after apply)
      + dns_assignment         = (known after apply)
      + dns_name               = (known after apply)
      + id                     = (known after apply)
      + mac_address            = (known after apply)
      + name                   = "default-p0000000050-s0000000050-link-4"
      + network_id             = (known after apply)
      + port_security_enabled  = (known after apply)
      + qos_policy_id          = (known after apply)
      + region                 = (known after apply)
      + security_group_ids     = [
          + "c0f8ada3-ea6b-4204-8e6b-03fb49be5ab5",
        ]
      + tenant_id              = (known after apply)

      + allowed_address_pairs {
          + ip_address = "192.168.128.0/17"
        }

      + binding (known after apply)

      + fixed_ip {
          + subnet_id = (known after apply)
        }
    }

  # openstack_networking_port_v2.default-p0000000050-s0000000050-link-5 will be created
  + resource "openstack_networking_port_v2" "default-p0000000050-s0000000050-link-5" {
      + admin_state_up         = true
      + all_fixed_ips          = (known after apply)
      + all_security_group_ids = (known after apply)
      + all_tags               = (known after apply)
      + device_id              = (known after apply)
      + device_owner           = (known after apply)
      + dns_assignment         = (known after apply)
      + dns_name               = (known after apply)
      + id                     = (known after apply)
      + mac_address            = (known after apply)
      + name                   = "default-p0000000050-s0000000050-link-5"
      + network_id             = (known after apply)
      + port_security_enabled  = (known after apply)
      + qos_policy_id          = (known after apply)
      + region                 = (known after apply)
      + security_group_ids     = [
          + "c0f8ada3-ea6b-4204-8e6b-03fb49be5ab5",
        ]
      + tenant_id              = (known after apply)

      + allowed_address_pairs {
          + ip_address = "192.168.128.0/17"
        }

      + binding (known after apply)

      + fixed_ip {
          + subnet_id = (known after apply)
        }
    }

  # openstack_networking_port_v2.default-p0000000050-s0000000050-link-6 will be created
  + resource "openstack_networking_port_v2" "default-p0000000050-s0000000050-link-6" {
      + admin_state_up         = true
      + all_fixed_ips          = (known after apply)
      + all_security_group_ids = (known after apply)
      + all_tags               = (known after apply)
      + device_id              = (known after apply)
      + device_owner           = (known after apply)
      + dns_assignment         = (known after apply)
      + dns_name               = (known after apply)
      + id                     = (known after apply)
      + mac_address            = (known after apply)
      + name                   = "default-p0000000050-s0000000050-link-6"
      + network_id             = (known after apply)
      + port_security_enabled  = (known after apply)
      + qos_policy_id          = (known after apply)
      + region                 = (known after apply)
      + security_group_ids     = [
          + "0a14006d-c778-45be-9747-18bb05e2c46f",
        ]
      + tenant_id              = (known after apply)

      + allowed_address_pairs {
          + ip_address = "192.168.40.0/24"
        }

      + binding (known after apply)

      + fixed_ip {
          + ip_address = "192.168.40.5"
          + subnet_id  = (known after apply)
        }
    }

  # openstack_networking_port_v2.default-p0000000050-s0000000050-link-7 will be created
  + resource "openstack_networking_port_v2" "default-p0000000050-s0000000050-link-7" {
      + admin_state_up         = true
      + all_fixed_ips          = (known after apply)
      + all_security_group_ids = (known after apply)
      + all_tags               = (known after apply)
      + device_id              = (known after apply)
      + device_owner           = (known after apply)
      + dns_assignment         = (known after apply)
      + dns_name               = (known after apply)
      + id                     = (known after apply)
      + mac_address            = (known after apply)
      + name                   = "default-p0000000050-s0000000050-link-7"
      + network_id             = (known after apply)
      + port_security_enabled  = (known after apply)
      + qos_policy_id          = (known after apply)
      + region                 = (known after apply)
      + security_group_ids     = [
          + "0a14006d-c778-45be-9747-18bb05e2c46f",
        ]
      + tenant_id              = (known after apply)

      + allowed_address_pairs {
          + ip_address = "192.168.50.0/24"
        }

      + binding (known after apply)

      + fixed_ip {
          + ip_address = "192.168.50.5"
          + subnet_id  = (known after apply)
        }
    }

  # openstack_networking_port_v2.default-p0000000050-s0000000050-link-8 will be created
  + resource "openstack_networking_port_v2" "default-p0000000050-s0000000050-link-8" {
      + admin_state_up         = true
      + all_fixed_ips          = (known after apply)
      + all_security_group_ids = (known after apply)
      + all_tags               = (known after apply)
      + device_id              = (known after apply)
      + device_owner           = (known after apply)
      + dns_assignment         = (known after apply)
      + dns_name               = (known after apply)
      + id                     = (known after apply)
      + mac_address            = (known after apply)
      + name                   = "default-p0000000050-s0000000050-link-8"
      + network_id             = (known after apply)
      + port_security_enabled  = (known after apply)
      + qos_policy_id          = (known after apply)
      + region                 = (known after apply)
      + security_group_ids     = [
          + "0a14006d-c778-45be-9747-18bb05e2c46f",
        ]
      + tenant_id              = (known after apply)

      + allowed_address_pairs {
          + ip_address = "192.168.50.0/24"
        }

      + binding (known after apply)

      + fixed_ip {
          + ip_address = "192.168.50.6"
          + subnet_id  = (known after apply)
        }
    }

  # openstack_networking_port_v2.default-p0000000050-s0000000050-link-9 will be created
  + resource "openstack_networking_port_v2" "default-p0000000050-s0000000050-link-9" {
      + admin_state_up         = true
      + all_fixed_ips          = (known after apply)
      + all_security_group_ids = (known after apply)
      + all_tags               = (known after apply)
      + device_id              = (known after apply)
      + device_owner           = (known after apply)
      + dns_assignment         = (known after apply)
      + dns_name               = (known after apply)
      + id                     = (known after apply)
      + mac_address            = (known after apply)
      + name                   = "default-p0000000050-s0000000050-link-9"
      + network_id             = (known after apply)
      + port_security_enabled  = (known after apply)
      + qos_policy_id          = (known after apply)
      + region                 = (known after apply)
      + security_group_ids     = [
          + "c0f8ada3-ea6b-4204-8e6b-03fb49be5ab5",
        ]
      + tenant_id              = (known after apply)

      + allowed_address_pairs {
          + ip_address = "192.168.128.0/17"
        }

      + binding (known after apply)

      + fixed_ip {
          + subnet_id = (known after apply)
        }
    }

  # openstack_networking_port_v2.default-p0000000050-s0000000050-man-out-port will be created
  + resource "openstack_networking_port_v2" "default-p0000000050-s0000000050-man-out-port" {
      + admin_state_up         = true
      + all_fixed_ips          = (known after apply)
      + all_security_group_ids = (known after apply)
      + all_tags               = (known after apply)
      + device_id              = (known after apply)
      + device_owner           = (known after apply)
      + dns_assignment         = (known after apply)
      + dns_name               = (known after apply)
      + id                     = (known after apply)
      + mac_address            = (known after apply)
      + name                   = "default-p0000000050-s0000000050-man-out-port"
      + network_id             = "9d8f9b2a-992c-4edc-8444-0bfc3c2b3cef"
      + port_security_enabled  = (known after apply)
      + qos_policy_id          = (known after apply)
      + region                 = (known after apply)
      + security_group_ids     = [
          + "fe29039a-d081-4023-adad-9641c8059c30",
        ]
      + tenant_id              = (known after apply)

      + allowed_address_pairs {
          + ip_address = "0.0.0.0/0"
        }

      + binding (known after apply)
    }

  # openstack_networking_subnet_v2.default-p0000000050-s0000000050-man-network-subnet will be created
  + resource "openstack_networking_subnet_v2" "default-p0000000050-s0000000050-man-network-subnet" {
      + all_tags          = (known after apply)
      + cidr              = "192.168.128.0/17"
      + dns_nameservers   = [
          + "1.1.1.1",
          + "1.0.0.1",
        ]
      + enable_dhcp       = true
      + gateway_ip        = (known after apply)
      + id                = (known after apply)
      + ip_version        = 4
      + ipv6_address_mode = (known after apply)
      + ipv6_ra_mode      = (known after apply)
      + name              = "default-p0000000050-s0000000050-man-network-subnet"
      + network_id        = (known after apply)
      + no_gateway        = true
      + region            = (known after apply)
      + service_types     = (known after apply)
      + tenant_id         = (known after apply)

      + allocation_pool (known after apply)
    }

  # openstack_networking_subnet_v2.default-p0000000050-s0000000050-pool-switch-subnet will be created
  + resource "openstack_networking_subnet_v2" "default-p0000000050-s0000000050-pool-switch-subnet" {
      + all_tags          = (known after apply)
      + cidr              = "192.168.40.0/24"
      + dns_nameservers   = [
          + "1.1.1.1",
          + "1.0.0.1",
        ]
      + enable_dhcp       = true
      + gateway_ip        = "192.168.40.1"
      + id                = (known after apply)
      + ip_version        = 4
      + ipv6_address_mode = (known after apply)
      + ipv6_ra_mode      = (known after apply)
      + name              = "default-p0000000050-s0000000050-pool-switch-subnet"
      + network_id        = (known after apply)
      + no_gateway        = false
      + region            = (known after apply)
      + service_types     = (known after apply)
      + tenant_id         = (known after apply)

      + allocation_pool (known after apply)
    }

  # openstack_networking_subnet_v2.default-p0000000050-s0000000050-victim-switch-subnet will be created
  + resource "openstack_networking_subnet_v2" "default-p0000000050-s0000000050-victim-switch-subnet" {
      + all_tags          = (known after apply)
      + cidr              = "192.168.50.0/24"
      + dns_nameservers   = [
          + "1.1.1.1",
          + "1.0.0.1",
        ]
      + enable_dhcp       = true
      + gateway_ip        = "192.168.50.1"
      + id                = (known after apply)
      + ip_version        = 4
      + ipv6_address_mode = (known after apply)
      + ipv6_ra_mode      = (known after apply)
      + name              = "default-p0000000050-s0000000050-victim-switch-subnet"
      + network_id        = (known after apply)
      + no_gateway        = false
      + region            = (known after apply)
      + service_types     = (known after apply)
      + tenant_id         = (known after apply)

      + allocation_pool (known after apply)
    }

  # openstack_networking_subnet_v2.default-p0000000050-s0000000050-wan-subnet will be created
  + resource "openstack_networking_subnet_v2" "default-p0000000050-s0000000050-wan-subnet" {
      + all_tags          = (known after apply)
      + cidr              = "100.100.100.0/24"
      + dns_nameservers   = [
          + "1.1.1.1",
          + "1.0.0.1",
        ]
      + enable_dhcp       = true
      + gateway_ip        = (known after apply)
      + id                = (known after apply)
      + ip_version        = 4
      + ipv6_address_mode = (known after apply)
      + ipv6_ra_mode      = (known after apply)
      + name              = "default-p0000000050-s0000000050-wan-subnet"
      + network_id        = (known after apply)
      + no_gateway        = true
      + region            = (known after apply)
      + service_types     = (known after apply)
      + tenant_id         = (known after apply)

      + allocation_pool (known after apply)
    }

Plan: 26 to add, 0 to change, 0 to destroy.
openstack_networking_network_v2.default-p0000000050-s0000000050-pool-switch: Creating...
openstack_networking_network_v2.default-p0000000050-s0000000050-wan: Creating...
openstack_networking_network_v2.default-p0000000050-s0000000050-victim-switch: Creating...
openstack_networking_port_v2.default-p0000000050-s0000000050-man-out-port: Creating...
openstack_networking_network_v2.default-p0000000050-s0000000050-man-network: Creating...
openstack_networking_network_v2.default-p0000000050-s0000000050-wan: Creation complete after 0s [id=f2744f3f-0a9d-4d60-bb9d-cb5e3fe27cbe]
openstack_networking_subnet_v2.default-p0000000050-s0000000050-wan-subnet: Creating...
openstack_networking_network_v2.default-p0000000050-s0000000050-man-network: Creation complete after 0s [id=cb56f783-590f-4011-a17b-afde32210287]
openstack_networking_network_v2.default-p0000000050-s0000000050-pool-switch: Creation complete after 0s [id=02b5e670-9e94-4aca-88a0-93931b408538]
openstack_networking_subnet_v2.default-p0000000050-s0000000050-pool-switch-subnet: Creating...
openstack_networking_subnet_v2.default-p0000000050-s0000000050-man-network-subnet: Creating...
openstack_networking_network_v2.default-p0000000050-s0000000050-victim-switch: Creation complete after 0s [id=dc7547d4-f1c8-467a-b2ea-fa9870c654f6]
openstack_networking_subnet_v2.default-p0000000050-s0000000050-victim-switch-subnet: Creating...
openstack_networking_subnet_v2.default-p0000000050-s0000000050-pool-switch-subnet: Creation complete after 0s [id=faabee56-5a09-4445-9615-4d74d4f4f3a3]
openstack_networking_port_v2.default-p0000000050-s0000000050-man-out-port: Creation complete after 0s [id=e708277f-7d28-491d-8d6d-67ba0128f058]
openstack_networking_port_v2.default-p0000000050-s0000000050-link-6: Creating...
openstack_networking_port_v2.default-p0000000050-s0000000050-link-11: Creating...
openstack_networking_subnet_v2.default-p0000000050-s0000000050-wan-subnet: Creation complete after 0s [id=baba959b-4cd8-4362-b520-e959d7d62c41]
openstack_networking_subnet_v2.default-p0000000050-s0000000050-victim-switch-subnet: Creation complete after 0s [id=ebc862c4-9a6f-42f5-9655-c4174c5b877d]
openstack_networking_port_v2.default-p0000000050-s0000000050-link-2: Creating...
openstack_networking_port_v2.default-p0000000050-s0000000050-link-7: Creating...
openstack_networking_port_v2.default-p0000000050-s0000000050-link-12: Creating...
openstack_networking_port_v2.default-p0000000050-s0000000050-link-10: Creating...
openstack_networking_port_v2.default-p0000000050-s0000000050-link-8: Creating...
openstack_networking_subnet_v2.default-p0000000050-s0000000050-man-network-subnet: Creation complete after 0s [id=1a8207cf-53c4-4f79-9fb0-76b1eb7d465a]
openstack_networking_port_v2.default-p0000000050-s0000000050-link-5: Creating...
openstack_networking_port_v2.default-p0000000050-s0000000050-link-3: Creating...
openstack_networking_port_v2.default-p0000000050-s0000000050-link-4: Creating...
openstack_networking_port_v2.default-p0000000050-s0000000050-link-2: Creation complete after 0s [id=ba3302e8-3937-402d-9b74-471e299e7759]
openstack_networking_port_v2.default-p0000000050-s0000000050-link-1: Creating...
openstack_networking_port_v2.default-p0000000050-s0000000050-link-11: Creation complete after 0s [id=ce671f48-c766-4da3-a31f-889ebfd73f1d]
openstack_networking_port_v2.default-p0000000050-s0000000050-link-9: Creating...
openstack_networking_port_v2.default-p0000000050-s0000000050-link-4: Creation complete after 0s [id=1aa8e608-e1bd-448e-9e7e-e330a741bd80]
openstack_networking_port_v2.default-p0000000050-s0000000050-link-3: Creation complete after 1s [id=43f789e6-4925-46c5-b9aa-5f9e0f270166]
openstack_networking_port_v2.default-p0000000050-s0000000050-link-1: Creation complete after 1s [id=0540cd59-83bc-4f59-b77b-b6a757db349e]
openstack_compute_instance_v2.default-p0000000050-s0000000050-man: Creating...
openstack_networking_port_v2.default-p0000000050-s0000000050-link-9: Creation complete after 1s [id=385186ca-857a-4a1b-9163-5c4cc0a145f7]
openstack_networking_port_v2.default-p0000000050-s0000000050-link-6: Creation complete after 1s [id=aa3e00bd-4630-44a0-adcd-46816bffcde0]
openstack_compute_instance_v2.default-p0000000050-s0000000050-pool-server: Creating...
openstack_networking_port_v2.default-p0000000050-s0000000050-link-8: Creation complete after 1s [id=d5f3a964-4c32-4f3c-a929-2a4bf9edef0f]
openstack_networking_port_v2.default-p0000000050-s0000000050-link-7: Creation complete after 1s [id=531cf21b-bdef-4557-8350-20821387990a]
openstack_compute_instance_v2.default-p0000000050-s0000000050-miner-host: Creating...
openstack_networking_port_v2.default-p0000000050-s0000000050-link-12: Creation complete after 1s [id=08b3842f-d3a0-4a4b-a552-5786c4b77c9b]
openstack_networking_port_v2.default-p0000000050-s0000000050-link-10: Creation complete after 1s [id=a1e2bd1b-6d01-4822-8d86-f3fb302ca161]
openstack_compute_instance_v2.default-p0000000050-s0000000050-router: Creating...
openstack_networking_port_v2.default-p0000000050-s0000000050-link-5: Creation complete after 1s [id=22dfef39-62be-4cf0-904f-c2733adf0f81]
openstack_compute_instance_v2.default-p0000000050-s0000000050-second-host: Creating...
There are some problems with the provider_installation configuration:╷│ Error: Invalid provider source exclusion patterns││ CLI config specifies invalid provider exclusion patterns: invalid provider│ matching pattern "*": must have either two or three slash-separated│ segments.╵As a result of the above problems, OpenTofu's provider installer may not behave as intended.Error: Error waiting for instance (4e437368-13d7-4f1d-ac88-54148621293a) to become ready: unexpected state 'ERROR', wanted target 'ACTIVE'. last error: %!s(<nil>)  with openstack_compute_instance_v2.default-p0000000050-s0000000050-pool-server,  on deploy.tf line 298, in resource "openstack_compute_instance_v2" "default-p0000000050-s0000000050-pool-server": 298: resource "openstack_compute_instance_v2" "default-p0000000050-s0000000050-pool-server" {Error: Error waiting for instance (fbea3987-6e6d-4269-8d4a-305075984341) to become ready: unexpected state 'ERROR', wanted target 'ACTIVE'. last error: %!s(<nil>)  with openstack_compute_instance_v2.default-p0000000050-s0000000050-miner-host,  on deploy.tf line 319, in resource "openstack_compute_instance_v2" "default-p0000000050-s0000000050-miner-host": 319: resource "openstack_compute_instance_v2" "default-p0000000050-s0000000050-miner-host" {Error: Error waiting for instance (83dac8f1-c7f9-45c6-9ce1-c86757b76414) to become ready: unexpected state 'ERROR', wanted target 'ACTIVE'. last error: %!s(<nil>)  with openstack_compute_instance_v2.default-p0000000050-s0000000050-second-host,  on deploy.tf line 340, in resource "openstack_compute_instance_v2" "default-p0000000050-s0000000050-second-host": 340: resource "openstack_compute_instance_v2" "default-p0000000050-s0000000050-second-host" {Error: Error waiting for instance (c8590fb1-e5d9-488d-88c8-3ddab6a28b3b) to become ready: unexpected state 'ERROR', wanted target 'ACTIVE'. last error: %!s(<nil>)  with openstack_compute_instance_v2.default-p0000000050-s0000000050-router,  on deploy.tf line 361, in resource "openstack_compute_instance_v2" "default-p0000000050-s0000000050-router": 361: resource "openstack_compute_instance_v2" "default-p0000000050-s0000000050-router" {Error: Error waiting for instance (72d77f32-7119-40cf-80a7-84cf4a0d23cf) to become ready: unexpected state 'ERROR', wanted target 'ACTIVE'. last error: %!s(<nil>)  with openstack_compute_instance_v2.default-p0000000050-s0000000050-man,  on deploy.tf line 403, in resource "openstack_compute_instance_v2" "default-p0000000050-s0000000050-man": 403: resource "openstack_compute_instance_v2" "default-p0000000050-s0000000050-man" {