data.openstack_images_image_ids_v2.image_data_source-default-p0000000038-s0000000038-next-target: Reading...
data.openstack_networking_network_v2.base-net: Reading...
data.openstack_networking_secgroup_v2.sandbox-access-sg: Reading...
data.openstack_images_image_ids_v2.image_data_source-default-p0000000038-s0000000038-man: Reading...
data.openstack_images_image_ids_v2.image_data_source-default-p0000000038-s0000000038-target: Reading...
data.openstack_images_image_ids_v2.image_data_source-default-p0000000038-s0000000038-router: Reading...
data.openstack_images_image_ids_v2.image_data_source-default-p0000000038-s0000000038-c2-server: Reading...
data.openstack_networking_secgroup_v2.sandbox-man-sg: Reading...
data.openstack_networking_secgroup_v2.sandbox-internal-sg: Reading...
data.openstack_networking_secgroup_v2.sandbox-man-int-sg: Reading...
data.openstack_networking_secgroup_v2.sandbox-access-sg: Read complete after 0s [id=fe29039a-d081-4023-adad-9641c8059c30]
data.openstack_networking_network_v2.base-net: Read complete after 0s [id=9d8f9b2a-992c-4edc-8444-0bfc3c2b3cef]
data.openstack_images_image_ids_v2.image_data_source-default-p0000000038-s0000000038-c2-server: Read complete after 0s [id=2215401803]
data.openstack_images_image_ids_v2.image_data_source-default-p0000000038-s0000000038-man: Read complete after 0s [id=2215401803]
data.openstack_images_image_ids_v2.image_data_source-default-p0000000038-s0000000038-target: Read complete after 0s [id=2215401803]
data.openstack_images_image_ids_v2.image_data_source-default-p0000000038-s0000000038-next-target: Read complete after 0s [id=2215401803]
data.openstack_networking_secgroup_v2.sandbox-man-sg: Read complete after 0s [id=d318bcac-a977-4da2-a36c-6fc646adfd56]
data.openstack_networking_secgroup_v2.sandbox-internal-sg: Read complete after 0s [id=0a14006d-c778-45be-9747-18bb05e2c46f]
data.openstack_images_image_ids_v2.image_data_source-default-p0000000038-s0000000038-router: Read complete after 0s [id=3718318825]
data.openstack_networking_secgroup_v2.sandbox-man-int-sg: Read complete after 0s [id=c0f8ada3-ea6b-4204-8e6b-03fb49be5ab5]

OpenTofu used the selected providers to generate the following execution
plan. Resource actions are indicated with the following symbols:
  + create

OpenTofu will perform the following actions:

  # openstack_compute_instance_v2.default-p0000000038-s0000000038-c2-server will be created
  + resource "openstack_compute_instance_v2" "default-p0000000038-s0000000038-c2-server" {
      + access_ip_v4        = (known after apply)
      + access_ip_v6        = (known after apply)
      + all_metadata        = (known after apply)
      + all_tags            = (known after apply)
      + availability_zone   = (known after apply)
      + config_drive        = true
      + created             = (known after apply)
      + flavor_id           = (known after apply)
      + flavor_name         = "standard.small"
      + force_delete        = false
      + hypervisor_hostname = (known after apply)
      + id                  = (known after apply)
      + image_id            = (known after apply)
      + image_name          = "ubuntu-noble-x86_64"
      + key_pair            = "default-p0000000038-345f6a21-ssh"
      + name                = "default-p0000000038-s0000000038-c2-server"
      + power_state         = "active"
      + region              = (known after apply)
      + security_groups     = (known after apply)
      + stop_before_destroy = false
      + updated             = (known after apply)

      + network {
          + access_network = false
          + fixed_ip_v4    = (known after apply)
          + fixed_ip_v6    = (known after apply)
          + mac            = (known after apply)
          + name           = (known after apply)
          + port           = (known after apply)
          + uuid           = (known after apply)
        }
      + network {
          + access_network = false
          + fixed_ip_v4    = (known after apply)
          + fixed_ip_v6    = (known after apply)
          + mac            = (known after apply)
          + name           = (known after apply)
          + port           = (known after apply)
          + uuid           = (known after apply)
        }
    }

  # openstack_compute_instance_v2.default-p0000000038-s0000000038-man will be created
  + resource "openstack_compute_instance_v2" "default-p0000000038-s0000000038-man" {
      + access_ip_v4        = (known after apply)
      + access_ip_v6        = (known after apply)
      + all_metadata        = (known after apply)
      + all_tags            = (known after apply)
      + availability_zone   = (known after apply)
      + config_drive        = true
      + created             = (known after apply)
      + flavor_id           = (known after apply)
      + flavor_name         = "standard.medium"
      + force_delete        = false
      + hypervisor_hostname = (known after apply)
      + id                  = (known after apply)
      + image_id            = (known after apply)
      + image_name          = "ubuntu-noble-x86_64"
      + key_pair            = "default-p0000000038-345f6a21-ssh"
      + name                = "default-p0000000038-s0000000038-man"
      + power_state         = "active"
      + region              = (known after apply)
      + security_groups     = (known after apply)
      + stop_before_destroy = false
      + updated             = (known after apply)

      + network {
          + access_network = false
          + fixed_ip_v4    = (known after apply)
          + fixed_ip_v6    = (known after apply)
          + mac            = (known after apply)
          + name           = (known after apply)
          + port           = (known after apply)
          + uuid           = (known after apply)
        }
      + network {
          + access_network = false
          + fixed_ip_v4    = (known after apply)
          + fixed_ip_v6    = (known after apply)
          + mac            = (known after apply)
          + name           = (known after apply)
          + port           = (known after apply)
          + uuid           = (known after apply)
        }
      + network {
          + access_network = false
          + fixed_ip_v4    = (known after apply)
          + fixed_ip_v6    = (known after apply)
          + mac            = (known after apply)
          + name           = (known after apply)
          + port           = (known after apply)
          + uuid           = (known after apply)
        }
    }

  # openstack_compute_instance_v2.default-p0000000038-s0000000038-next-target will be created
  + resource "openstack_compute_instance_v2" "default-p0000000038-s0000000038-next-target" {
      + access_ip_v4        = (known after apply)
      + access_ip_v6        = (known after apply)
      + all_metadata        = (known after apply)
      + all_tags            = (known after apply)
      + availability_zone   = (known after apply)
      + config_drive        = true
      + created             = (known after apply)
      + flavor_id           = (known after apply)
      + flavor_name         = "standard.small"
      + force_delete        = false
      + hypervisor_hostname = (known after apply)
      + id                  = (known after apply)
      + image_id            = (known after apply)
      + image_name          = "ubuntu-noble-x86_64"
      + key_pair            = "default-p0000000038-345f6a21-ssh"
      + name                = "default-p0000000038-s0000000038-next-target"
      + power_state         = "active"
      + region              = (known after apply)
      + security_groups     = (known after apply)
      + stop_before_destroy = false
      + updated             = (known after apply)

      + network {
          + access_network = false
          + fixed_ip_v4    = (known after apply)
          + fixed_ip_v6    = (known after apply)
          + mac            = (known after apply)
          + name           = (known after apply)
          + port           = (known after apply)
          + uuid           = (known after apply)
        }
      + network {
          + access_network = false
          + fixed_ip_v4    = (known after apply)
          + fixed_ip_v6    = (known after apply)
          + mac            = (known after apply)
          + name           = (known after apply)
          + port           = (known after apply)
          + uuid           = (known after apply)
        }
    }

  # openstack_compute_instance_v2.default-p0000000038-s0000000038-router will be created
  + resource "openstack_compute_instance_v2" "default-p0000000038-s0000000038-router" {
      + access_ip_v4        = (known after apply)
      + access_ip_v6        = (known after apply)
      + all_metadata        = (known after apply)
      + all_tags            = (known after apply)
      + availability_zone   = (known after apply)
      + config_drive        = true
      + created             = (known after apply)
      + flavor_id           = (known after apply)
      + flavor_name         = "standard.small"
      + force_delete        = false
      + hypervisor_hostname = (known after apply)
      + id                  = (known after apply)
      + image_id            = (known after apply)
      + image_name          = "debian-12-x86_64"
      + key_pair            = "default-p0000000038-345f6a21-ssh"
      + name                = "default-p0000000038-s0000000038-router"
      + power_state         = "active"
      + region              = (known after apply)
      + security_groups     = (known after apply)
      + stop_before_destroy = false
      + updated             = (known after apply)

      + network {
          + access_network = false
          + fixed_ip_v4    = (known after apply)
          + fixed_ip_v6    = (known after apply)
          + mac            = (known after apply)
          + name           = (known after apply)
          + port           = (known after apply)
          + uuid           = (known after apply)
        }
      + network {
          + access_network = false
          + fixed_ip_v4    = (known after apply)
          + fixed_ip_v6    = (known after apply)
          + mac            = (known after apply)
          + name           = (known after apply)
          + port           = (known after apply)
          + uuid           = (known after apply)
        }
      + network {
          + access_network = false
          + fixed_ip_v4    = (known after apply)
          + fixed_ip_v6    = (known after apply)
          + mac            = (known after apply)
          + name           = (known after apply)
          + port           = (known after apply)
          + uuid           = (known after apply)
        }
      + network {
          + access_network = false
          + fixed_ip_v4    = (known after apply)
          + fixed_ip_v6    = (known after apply)
          + mac            = (known after apply)
          + name           = (known after apply)
          + port           = (known after apply)
          + uuid           = (known after apply)
        }
    }

  # openstack_compute_instance_v2.default-p0000000038-s0000000038-target will be created
  + resource "openstack_compute_instance_v2" "default-p0000000038-s0000000038-target" {
      + access_ip_v4        = (known after apply)
      + access_ip_v6        = (known after apply)
      + all_metadata        = (known after apply)
      + all_tags            = (known after apply)
      + availability_zone   = (known after apply)
      + config_drive        = true
      + created             = (known after apply)
      + flavor_id           = (known after apply)
      + flavor_name         = "standard.small"
      + force_delete        = false
      + hypervisor_hostname = (known after apply)
      + id                  = (known after apply)
      + image_id            = (known after apply)
      + image_name          = "ubuntu-noble-x86_64"
      + key_pair            = "default-p0000000038-345f6a21-ssh"
      + name                = "default-p0000000038-s0000000038-target"
      + power_state         = "active"
      + region              = (known after apply)
      + security_groups     = (known after apply)
      + stop_before_destroy = false
      + updated             = (known after apply)

      + network {
          + access_network = false
          + fixed_ip_v4    = (known after apply)
          + fixed_ip_v6    = (known after apply)
          + mac            = (known after apply)
          + name           = (known after apply)
          + port           = (known after apply)
          + uuid           = (known after apply)
        }
      + network {
          + access_network = false
          + fixed_ip_v4    = (known after apply)
          + fixed_ip_v6    = (known after apply)
          + mac            = (known after apply)
          + name           = (known after apply)
          + port           = (known after apply)
          + uuid           = (known after apply)
        }
    }

  # openstack_networking_network_v2.default-p0000000038-s0000000038-man-network will be created
  + resource "openstack_networking_network_v2" "default-p0000000038-s0000000038-man-network" {
      + admin_state_up          = true
      + all_tags                = (known after apply)
      + availability_zone_hints = (known after apply)
      + dns_domain              = (known after apply)
      + external                = (known after apply)
      + id                      = (known after apply)
      + mtu                     = (known after apply)
      + name                    = "default-p0000000038-s0000000038-man-network"
      + port_security_enabled   = (known after apply)
      + qos_policy_id           = (known after apply)
      + region                  = (known after apply)
      + shared                  = (known after apply)
      + tenant_id               = (known after apply)
      + transparent_vlan        = (known after apply)

      + segments (known after apply)
    }

  # openstack_networking_network_v2.default-p0000000038-s0000000038-server-switch will be created
  + resource "openstack_networking_network_v2" "default-p0000000038-s0000000038-server-switch" {
      + admin_state_up          = true
      + all_tags                = (known after apply)
      + availability_zone_hints = (known after apply)
      + dns_domain              = (known after apply)
      + external                = (known after apply)
      + id                      = (known after apply)
      + mtu                     = (known after apply)
      + name                    = "default-p0000000038-s0000000038-server-switch"
      + port_security_enabled   = (known after apply)
      + qos_policy_id           = (known after apply)
      + region                  = (known after apply)
      + shared                  = (known after apply)
      + tenant_id               = (known after apply)
      + transparent_vlan        = (known after apply)

      + segments (known after apply)
    }

  # openstack_networking_network_v2.default-p0000000038-s0000000038-target-switch will be created
  + resource "openstack_networking_network_v2" "default-p0000000038-s0000000038-target-switch" {
      + admin_state_up          = true
      + all_tags                = (known after apply)
      + availability_zone_hints = (known after apply)
      + dns_domain              = (known after apply)
      + external                = (known after apply)
      + id                      = (known after apply)
      + mtu                     = (known after apply)
      + name                    = "default-p0000000038-s0000000038-target-switch"
      + port_security_enabled   = (known after apply)
      + qos_policy_id           = (known after apply)
      + region                  = (known after apply)
      + shared                  = (known after apply)
      + tenant_id               = (known after apply)
      + transparent_vlan        = (known after apply)

      + segments (known after apply)
    }

  # openstack_networking_network_v2.default-p0000000038-s0000000038-wan will be created
  + resource "openstack_networking_network_v2" "default-p0000000038-s0000000038-wan" {
      + admin_state_up          = true
      + all_tags                = (known after apply)
      + availability_zone_hints = (known after apply)
      + dns_domain              = (known after apply)
      + external                = (known after apply)
      + id                      = (known after apply)
      + mtu                     = (known after apply)
      + name                    = "default-p0000000038-s0000000038-wan"
      + port_security_enabled   = (known after apply)
      + qos_policy_id           = (known after apply)
      + region                  = (known after apply)
      + shared                  = (known after apply)
      + tenant_id               = (known after apply)
      + transparent_vlan        = (known after apply)

      + segments (known after apply)
    }

  # openstack_networking_port_v2.default-p0000000038-s0000000038-link-1 will be created
  + resource "openstack_networking_port_v2" "default-p0000000038-s0000000038-link-1" {
      + admin_state_up         = true
      + all_fixed_ips          = (known after apply)
      + all_security_group_ids = (known after apply)
      + all_tags               = (known after apply)
      + device_id              = (known after apply)
      + device_owner           = (known after apply)
      + dns_assignment         = (known after apply)
      + dns_name               = (known after apply)
      + id                     = (known after apply)
      + mac_address            = (known after apply)
      + name                   = "default-p0000000038-s0000000038-link-1"
      + network_id             = (known after apply)
      + port_security_enabled  = (known after apply)
      + qos_policy_id          = (known after apply)
      + region                 = (known after apply)
      + security_group_ids     = [
          + "d318bcac-a977-4da2-a36c-6fc646adfd56",
        ]
      + tenant_id              = (known after apply)

      + allowed_address_pairs {
          + ip_address = "192.168.128.0/17"
        }

      + binding (known after apply)

      + fixed_ip {
          + subnet_id = (known after apply)
        }
    }

  # openstack_networking_port_v2.default-p0000000038-s0000000038-link-10 will be created
  + resource "openstack_networking_port_v2" "default-p0000000038-s0000000038-link-10" {
      + admin_state_up         = true
      + all_fixed_ips          = (known after apply)
      + all_security_group_ids = (known after apply)
      + all_tags               = (known after apply)
      + device_id              = (known after apply)
      + device_owner           = (known after apply)
      + dns_assignment         = (known after apply)
      + dns_name               = (known after apply)
      + id                     = (known after apply)
      + mac_address            = (known after apply)
      + name                   = "default-p0000000038-s0000000038-link-10"
      + network_id             = (known after apply)
      + port_security_enabled  = (known after apply)
      + qos_policy_id          = (known after apply)
      + region                 = (known after apply)
      + security_group_ids     = [
          + "0a14006d-c778-45be-9747-18bb05e2c46f",
        ]
      + tenant_id              = (known after apply)

      + allowed_address_pairs {
          + ip_address = "0.0.0.0/0"
        }

      + binding (known after apply)

      + fixed_ip {
          + subnet_id = (known after apply)
        }
    }

  # openstack_networking_port_v2.default-p0000000038-s0000000038-link-11 will be created
  + resource "openstack_networking_port_v2" "default-p0000000038-s0000000038-link-11" {
      + admin_state_up         = true
      + all_fixed_ips          = (known after apply)
      + all_security_group_ids = (known after apply)
      + all_tags               = (known after apply)
      + device_id              = (known after apply)
      + device_owner           = (known after apply)
      + dns_assignment         = (known after apply)
      + dns_name               = (known after apply)
      + id                     = (known after apply)
      + mac_address            = (known after apply)
      + name                   = "default-p0000000038-s0000000038-link-11"
      + network_id             = (known after apply)
      + port_security_enabled  = (known after apply)
      + qos_policy_id          = (known after apply)
      + region                 = (known after apply)
      + security_group_ids     = [
          + "0a14006d-c778-45be-9747-18bb05e2c46f",
        ]
      + tenant_id              = (known after apply)

      + allowed_address_pairs {
          + ip_address = "0.0.0.0/0"
        }

      + binding (known after apply)

      + fixed_ip {
          + ip_address = "192.168.40.1"
          + subnet_id  = (known after apply)
        }
    }

  # openstack_networking_port_v2.default-p0000000038-s0000000038-link-12 will be created
  + resource "openstack_networking_port_v2" "default-p0000000038-s0000000038-link-12" {
      + admin_state_up         = true
      + all_fixed_ips          = (known after apply)
      + all_security_group_ids = (known after apply)
      + all_tags               = (known after apply)
      + device_id              = (known after apply)
      + device_owner           = (known after apply)
      + dns_assignment         = (known after apply)
      + dns_name               = (known after apply)
      + id                     = (known after apply)
      + mac_address            = (known after apply)
      + name                   = "default-p0000000038-s0000000038-link-12"
      + network_id             = (known after apply)
      + port_security_enabled  = (known after apply)
      + qos_policy_id          = (known after apply)
      + region                 = (known after apply)
      + security_group_ids     = [
          + "0a14006d-c778-45be-9747-18bb05e2c46f",
        ]
      + tenant_id              = (known after apply)

      + allowed_address_pairs {
          + ip_address = "0.0.0.0/0"
        }

      + binding (known after apply)

      + fixed_ip {
          + ip_address = "192.168.50.1"
          + subnet_id  = (known after apply)
        }
    }

  # openstack_networking_port_v2.default-p0000000038-s0000000038-link-2 will be created
  + resource "openstack_networking_port_v2" "default-p0000000038-s0000000038-link-2" {
      + admin_state_up         = true
      + all_fixed_ips          = (known after apply)
      + all_security_group_ids = (known after apply)
      + all_tags               = (known after apply)
      + device_id              = (known after apply)
      + device_owner           = (known after apply)
      + dns_assignment         = (known after apply)
      + dns_name               = (known after apply)
      + id                     = (known after apply)
      + mac_address            = (known after apply)
      + name                   = "default-p0000000038-s0000000038-link-2"
      + network_id             = (known after apply)
      + port_security_enabled  = (known after apply)
      + qos_policy_id          = (known after apply)
      + region                 = (known after apply)
      + security_group_ids     = [
          + "0a14006d-c778-45be-9747-18bb05e2c46f",
        ]
      + tenant_id              = (known after apply)

      + allowed_address_pairs {
          + ip_address = "0.0.0.0/0"
        }

      + binding (known after apply)

      + fixed_ip {
          + subnet_id = (known after apply)
        }
    }

  # openstack_networking_port_v2.default-p0000000038-s0000000038-link-3 will be created
  + resource "openstack_networking_port_v2" "default-p0000000038-s0000000038-link-3" {
      + admin_state_up         = true
      + all_fixed_ips          = (known after apply)
      + all_security_group_ids = (known after apply)
      + all_tags               = (known after apply)
      + device_id              = (known after apply)
      + device_owner           = (known after apply)
      + dns_assignment         = (known after apply)
      + dns_name               = (known after apply)
      + id                     = (known after apply)
      + mac_address            = (known after apply)
      + name                   = "default-p0000000038-s0000000038-link-3"
      + network_id             = (known after apply)
      + port_security_enabled  = (known after apply)
      + qos_policy_id          = (known after apply)
      + region                 = (known after apply)
      + security_group_ids     = [
          + "c0f8ada3-ea6b-4204-8e6b-03fb49be5ab5",
        ]
      + tenant_id              = (known after apply)

      + allowed_address_pairs {
          + ip_address = "192.168.128.0/17"
        }

      + binding (known after apply)

      + fixed_ip {
          + subnet_id = (known after apply)
        }
    }

  # openstack_networking_port_v2.default-p0000000038-s0000000038-link-4 will be created
  + resource "openstack_networking_port_v2" "default-p0000000038-s0000000038-link-4" {
      + admin_state_up         = true
      + all_fixed_ips          = (known after apply)
      + all_security_group_ids = (known after apply)
      + all_tags               = (known after apply)
      + device_id              = (known after apply)
      + device_owner           = (known after apply)
      + dns_assignment         = (known after apply)
      + dns_name               = (known after apply)
      + id                     = (known after apply)
      + mac_address            = (known after apply)
      + name                   = "default-p0000000038-s0000000038-link-4"
      + network_id             = (known after apply)
      + port_security_enabled  = (known after apply)
      + qos_policy_id          = (known after apply)
      + region                 = (known after apply)
      + security_group_ids     = [
          + "c0f8ada3-ea6b-4204-8e6b-03fb49be5ab5",
        ]
      + tenant_id              = (known after apply)

      + allowed_address_pairs {
          + ip_address = "192.168.128.0/17"
        }

      + binding (known after apply)

      + fixed_ip {
          + subnet_id = (known after apply)
        }
    }

  # openstack_networking_port_v2.default-p0000000038-s0000000038-link-5 will be created
  + resource "openstack_networking_port_v2" "default-p0000000038-s0000000038-link-5" {
      + admin_state_up         = true
      + all_fixed_ips          = (known after apply)
      + all_security_group_ids = (known after apply)
      + all_tags               = (known after apply)
      + device_id              = (known after apply)
      + device_owner           = (known after apply)
      + dns_assignment         = (known after apply)
      + dns_name               = (known after apply)
      + id                     = (known after apply)
      + mac_address            = (known after apply)
      + name                   = "default-p0000000038-s0000000038-link-5"
      + network_id             = (known after apply)
      + port_security_enabled  = (known after apply)
      + qos_policy_id          = (known after apply)
      + region                 = (known after apply)
      + security_group_ids     = [
          + "c0f8ada3-ea6b-4204-8e6b-03fb49be5ab5",
        ]
      + tenant_id              = (known after apply)

      + allowed_address_pairs {
          + ip_address = "192.168.128.0/17"
        }

      + binding (known after apply)

      + fixed_ip {
          + subnet_id = (known after apply)
        }
    }

  # openstack_networking_port_v2.default-p0000000038-s0000000038-link-6 will be created
  + resource "openstack_networking_port_v2" "default-p0000000038-s0000000038-link-6" {
      + admin_state_up         = true
      + all_fixed_ips          = (known after apply)
      + all_security_group_ids = (known after apply)
      + all_tags               = (known after apply)
      + device_id              = (known after apply)
      + device_owner           = (known after apply)
      + dns_assignment         = (known after apply)
      + dns_name               = (known after apply)
      + id                     = (known after apply)
      + mac_address            = (known after apply)
      + name                   = "default-p0000000038-s0000000038-link-6"
      + network_id             = (known after apply)
      + port_security_enabled  = (known after apply)
      + qos_policy_id          = (known after apply)
      + region                 = (known after apply)
      + security_group_ids     = [
          + "0a14006d-c778-45be-9747-18bb05e2c46f",
        ]
      + tenant_id              = (known after apply)

      + allowed_address_pairs {
          + ip_address = "192.168.40.0/24"
        }

      + binding (known after apply)

      + fixed_ip {
          + ip_address = "192.168.40.5"
          + subnet_id  = (known after apply)
        }
    }

  # openstack_networking_port_v2.default-p0000000038-s0000000038-link-7 will be created
  + resource "openstack_networking_port_v2" "default-p0000000038-s0000000038-link-7" {
      + admin_state_up         = true
      + all_fixed_ips          = (known after apply)
      + all_security_group_ids = (known after apply)
      + all_tags               = (known after apply)
      + device_id              = (known after apply)
      + device_owner           = (known after apply)
      + dns_assignment         = (known after apply)
      + dns_name               = (known after apply)
      + id                     = (known after apply)
      + mac_address            = (known after apply)
      + name                   = "default-p0000000038-s0000000038-link-7"
      + network_id             = (known after apply)
      + port_security_enabled  = (known after apply)
      + qos_policy_id          = (known after apply)
      + region                 = (known after apply)
      + security_group_ids     = [
          + "0a14006d-c778-45be-9747-18bb05e2c46f",
        ]
      + tenant_id              = (known after apply)

      + allowed_address_pairs {
          + ip_address = "192.168.50.0/24"
        }

      + binding (known after apply)

      + fixed_ip {
          + ip_address = "192.168.50.5"
          + subnet_id  = (known after apply)
        }
    }

  # openstack_networking_port_v2.default-p0000000038-s0000000038-link-8 will be created
  + resource "openstack_networking_port_v2" "default-p0000000038-s0000000038-link-8" {
      + admin_state_up         = true
      + all_fixed_ips          = (known after apply)
      + all_security_group_ids = (known after apply)
      + all_tags               = (known after apply)
      + device_id              = (known after apply)
      + device_owner           = (known after apply)
      + dns_assignment         = (known after apply)
      + dns_name               = (known after apply)
      + id                     = (known after apply)
      + mac_address            = (known after apply)
      + name                   = "default-p0000000038-s0000000038-link-8"
      + network_id             = (known after apply)
      + port_security_enabled  = (known after apply)
      + qos_policy_id          = (known after apply)
      + region                 = (known after apply)
      + security_group_ids     = [
          + "0a14006d-c778-45be-9747-18bb05e2c46f",
        ]
      + tenant_id              = (known after apply)

      + allowed_address_pairs {
          + ip_address = "192.168.50.0/24"
        }

      + binding (known after apply)

      + fixed_ip {
          + ip_address = "192.168.50.6"
          + subnet_id  = (known after apply)
        }
    }

  # openstack_networking_port_v2.default-p0000000038-s0000000038-link-9 will be created
  + resource "openstack_networking_port_v2" "default-p0000000038-s0000000038-link-9" {
      + admin_state_up         = true
      + all_fixed_ips          = (known after apply)
      + all_security_group_ids = (known after apply)
      + all_tags               = (known after apply)
      + device_id              = (known after apply)
      + device_owner           = (known after apply)
      + dns_assignment         = (known after apply)
      + dns_name               = (known after apply)
      + id                     = (known after apply)
      + mac_address            = (known after apply)
      + name                   = "default-p0000000038-s0000000038-link-9"
      + network_id             = (known after apply)
      + port_security_enabled  = (known after apply)
      + qos_policy_id          = (known after apply)
      + region                 = (known after apply)
      + security_group_ids     = [
          + "c0f8ada3-ea6b-4204-8e6b-03fb49be5ab5",
        ]
      + tenant_id              = (known after apply)

      + allowed_address_pairs {
          + ip_address = "192.168.128.0/17"
        }

      + binding (known after apply)

      + fixed_ip {
          + subnet_id = (known after apply)
        }
    }

  # openstack_networking_port_v2.default-p0000000038-s0000000038-man-out-port will be created
  + resource "openstack_networking_port_v2" "default-p0000000038-s0000000038-man-out-port" {
      + admin_state_up         = true
      + all_fixed_ips          = (known after apply)
      + all_security_group_ids = (known after apply)
      + all_tags               = (known after apply)
      + device_id              = (known after apply)
      + device_owner           = (known after apply)
      + dns_assignment         = (known after apply)
      + dns_name               = (known after apply)
      + id                     = (known after apply)
      + mac_address            = (known after apply)
      + name                   = "default-p0000000038-s0000000038-man-out-port"
      + network_id             = "9d8f9b2a-992c-4edc-8444-0bfc3c2b3cef"
      + port_security_enabled  = (known after apply)
      + qos_policy_id          = (known after apply)
      + region                 = (known after apply)
      + security_group_ids     = [
          + "fe29039a-d081-4023-adad-9641c8059c30",
        ]
      + tenant_id              = (known after apply)

      + allowed_address_pairs {
          + ip_address = "0.0.0.0/0"
        }

      + binding (known after apply)
    }

  # openstack_networking_subnet_v2.default-p0000000038-s0000000038-man-network-subnet will be created
  + resource "openstack_networking_subnet_v2" "default-p0000000038-s0000000038-man-network-subnet" {
      + all_tags          = (known after apply)
      + cidr              = "192.168.128.0/17"
      + dns_nameservers   = [
          + "1.1.1.1",
          + "1.0.0.1",
        ]
      + enable_dhcp       = true
      + gateway_ip        = (known after apply)
      + id                = (known after apply)
      + ip_version        = 4
      + ipv6_address_mode = (known after apply)
      + ipv6_ra_mode      = (known after apply)
      + name              = "default-p0000000038-s0000000038-man-network-subnet"
      + network_id        = (known after apply)
      + no_gateway        = true
      + region            = (known after apply)
      + service_types     = (known after apply)
      + tenant_id         = (known after apply)

      + allocation_pool (known after apply)
    }

  # openstack_networking_subnet_v2.default-p0000000038-s0000000038-server-switch-subnet will be created
  + resource "openstack_networking_subnet_v2" "default-p0000000038-s0000000038-server-switch-subnet" {
      + all_tags          = (known after apply)
      + cidr              = "192.168.40.0/24"
      + dns_nameservers   = [
          + "1.1.1.1",
          + "1.0.0.1",
        ]
      + enable_dhcp       = true
      + gateway_ip        = "192.168.40.1"
      + id                = (known after apply)
      + ip_version        = 4
      + ipv6_address_mode = (known after apply)
      + ipv6_ra_mode      = (known after apply)
      + name              = "default-p0000000038-s0000000038-server-switch-subnet"
      + network_id        = (known after apply)
      + no_gateway        = false
      + region            = (known after apply)
      + service_types     = (known after apply)
      + tenant_id         = (known after apply)

      + allocation_pool (known after apply)
    }

  # openstack_networking_subnet_v2.default-p0000000038-s0000000038-target-switch-subnet will be created
  + resource "openstack_networking_subnet_v2" "default-p0000000038-s0000000038-target-switch-subnet" {
      + all_tags          = (known after apply)
      + cidr              = "192.168.50.0/24"
      + dns_nameservers   = [
          + "1.1.1.1",
          + "1.0.0.1",
        ]
      + enable_dhcp       = true
      + gateway_ip        = "192.168.50.1"
      + id                = (known after apply)
      + ip_version        = 4
      + ipv6_address_mode = (known after apply)
      + ipv6_ra_mode      = (known after apply)
      + name              = "default-p0000000038-s0000000038-target-switch-subnet"
      + network_id        = (known after apply)
      + no_gateway        = false
      + region            = (known after apply)
      + service_types     = (known after apply)
      + tenant_id         = (known after apply)

      + allocation_pool (known after apply)
    }

  # openstack_networking_subnet_v2.default-p0000000038-s0000000038-wan-subnet will be created
  + resource "openstack_networking_subnet_v2" "default-p0000000038-s0000000038-wan-subnet" {
      + all_tags          = (known after apply)
      + cidr              = "100.100.100.0/24"
      + dns_nameservers   = [
          + "1.1.1.1",
          + "1.0.0.1",
        ]
      + enable_dhcp       = true
      + gateway_ip        = (known after apply)
      + id                = (known after apply)
      + ip_version        = 4
      + ipv6_address_mode = (known after apply)
      + ipv6_ra_mode      = (known after apply)
      + name              = "default-p0000000038-s0000000038-wan-subnet"
      + network_id        = (known after apply)
      + no_gateway        = true
      + region            = (known after apply)
      + service_types     = (known after apply)
      + tenant_id         = (known after apply)

      + allocation_pool (known after apply)
    }

Plan: 26 to add, 0 to change, 0 to destroy.
openstack_networking_network_v2.default-p0000000038-s0000000038-server-switch: Creating...
openstack_networking_network_v2.default-p0000000038-s0000000038-man-network: Creating...
openstack_networking_port_v2.default-p0000000038-s0000000038-man-out-port: Creating...
openstack_networking_network_v2.default-p0000000038-s0000000038-target-switch: Creating...
openstack_networking_network_v2.default-p0000000038-s0000000038-wan: Creating...
openstack_networking_network_v2.default-p0000000038-s0000000038-wan: Creation complete after 0s [id=aa328bd6-751c-4d00-8d7d-3d0f66206ba3]
openstack_networking_subnet_v2.default-p0000000038-s0000000038-wan-subnet: Creating...
openstack_networking_network_v2.default-p0000000038-s0000000038-target-switch: Creation complete after 0s [id=ef7260cb-6c4f-49f3-a2f5-cbae2eb90e0b]
openstack_networking_network_v2.default-p0000000038-s0000000038-server-switch: Creation complete after 0s [id=95575524-f074-44ff-97f7-2b24caa0ad2e]
openstack_networking_subnet_v2.default-p0000000038-s0000000038-server-switch-subnet: Creating...
openstack_networking_subnet_v2.default-p0000000038-s0000000038-target-switch-subnet: Creating...
openstack_networking_network_v2.default-p0000000038-s0000000038-man-network: Creation complete after 0s [id=1c1396f9-6989-43f7-b660-6fd7b169ac2f]
openstack_networking_subnet_v2.default-p0000000038-s0000000038-man-network-subnet: Creating...
openstack_networking_port_v2.default-p0000000038-s0000000038-man-out-port: Creation complete after 1s [id=ef2afd78-b353-4896-b466-638a982bdc5c]
openstack_networking_subnet_v2.default-p0000000038-s0000000038-target-switch-subnet: Creation complete after 1s [id=3c313ae1-2ccd-424a-8f04-d96f9addf75a]
openstack_networking_port_v2.default-p0000000038-s0000000038-link-7: Creating...
openstack_networking_port_v2.default-p0000000038-s0000000038-link-8: Creating...
openstack_networking_port_v2.default-p0000000038-s0000000038-link-12: Creating...
openstack_networking_subnet_v2.default-p0000000038-s0000000038-server-switch-subnet: Creation complete after 1s [id=7c58e1c1-2f34-4a3d-b2c7-ceba1153aee6]
openstack_networking_port_v2.default-p0000000038-s0000000038-link-6: Creating...
openstack_networking_port_v2.default-p0000000038-s0000000038-link-11: Creating...
openstack_networking_subnet_v2.default-p0000000038-s0000000038-man-network-subnet: Creation complete after 1s [id=e25e65ef-1486-411a-973e-6cd341ac7ca0]
openstack_networking_port_v2.default-p0000000038-s0000000038-link-9: Creating...
openstack_networking_port_v2.default-p0000000038-s0000000038-link-5: Creating...
openstack_networking_port_v2.default-p0000000038-s0000000038-link-4: Creating...
openstack_networking_port_v2.default-p0000000038-s0000000038-link-1: Creating...
openstack_networking_subnet_v2.default-p0000000038-s0000000038-wan-subnet: Creation complete after 1s [id=2799ba0c-421c-4a3f-b047-b068e957ae19]
openstack_networking_port_v2.default-p0000000038-s0000000038-link-3: Creating...
openstack_networking_port_v2.default-p0000000038-s0000000038-link-11: Creation complete after 0s [id=305e2335-d158-41da-ac13-506093bfbbe3]
openstack_networking_port_v2.default-p0000000038-s0000000038-link-10: Creating...
openstack_networking_port_v2.default-p0000000038-s0000000038-link-12: Creation complete after 0s [id=18fb3418-deba-4bca-9035-b5ad29e0759f]
openstack_networking_port_v2.default-p0000000038-s0000000038-link-6: Creation complete after 0s [id=f125abd5-2bc2-4370-873f-de61bf4ee574]
openstack_networking_port_v2.default-p0000000038-s0000000038-link-2: Creating...
openstack_networking_port_v2.default-p0000000038-s0000000038-link-9: Creation complete after 0s [id=42a13ea2-5ae5-48de-b6be-8ca6a7723a3f]
openstack_networking_port_v2.default-p0000000038-s0000000038-link-8: Creation complete after 0s [id=b68eabac-eb61-49e5-a449-0b7956d1b920]
openstack_networking_port_v2.default-p0000000038-s0000000038-link-7: Creation complete after 0s [id=61d01417-830e-4907-b1a8-58a49aa980f8]
openstack_networking_port_v2.default-p0000000038-s0000000038-link-10: Creation complete after 0s [id=7cd85f4d-207f-464f-b372-e30ef54442a3]
openstack_compute_instance_v2.default-p0000000038-s0000000038-router: Creating...
openstack_networking_port_v2.default-p0000000038-s0000000038-link-5: Creation complete after 0s [id=e83190c7-1fb2-4f9c-bf72-4d2376fbf9d6]
openstack_networking_port_v2.default-p0000000038-s0000000038-link-4: Creation complete after 0s [id=0014e81c-b618-4497-a011-8298ca520f38]
openstack_networking_port_v2.default-p0000000038-s0000000038-link-1: Creation complete after 0s [id=6cc355b2-92d8-44e7-b1bc-892f737f52be]
openstack_compute_instance_v2.default-p0000000038-s0000000038-next-target: Creating...
openstack_compute_instance_v2.default-p0000000038-s0000000038-target: Creating...
openstack_networking_port_v2.default-p0000000038-s0000000038-link-3: Creation complete after 0s [id=f4edfff7-7a19-4ca1-9cfb-6a6720cf10e1]
openstack_compute_instance_v2.default-p0000000038-s0000000038-c2-server: Creating...
openstack_networking_port_v2.default-p0000000038-s0000000038-link-2: Creation complete after 0s [id=b332adbf-bb99-46fc-bbca-17bf1421e874]
openstack_compute_instance_v2.default-p0000000038-s0000000038-man: Creating...
openstack_compute_instance_v2.default-p0000000038-s0000000038-router: Still creating... [10s elapsed]
openstack_compute_instance_v2.default-p0000000038-s0000000038-next-target: Still creating... [10s elapsed]
openstack_compute_instance_v2.default-p0000000038-s0000000038-target: Still creating... [10s elapsed]
openstack_compute_instance_v2.default-p0000000038-s0000000038-c2-server: Still creating... [10s elapsed]
openstack_compute_instance_v2.default-p0000000038-s0000000038-man: Still creating... [10s elapsed]
openstack_compute_instance_v2.default-p0000000038-s0000000038-router: Still creating... [20s elapsed]
openstack_compute_instance_v2.default-p0000000038-s0000000038-target: Still creating... [20s elapsed]
openstack_compute_instance_v2.default-p0000000038-s0000000038-next-target: Still creating... [20s elapsed]
openstack_compute_instance_v2.default-p0000000038-s0000000038-c2-server: Still creating... [20s elapsed]
openstack_compute_instance_v2.default-p0000000038-s0000000038-man: Still creating... [20s elapsed]
openstack_compute_instance_v2.default-p0000000038-s0000000038-next-target: Creation complete after 20s [id=bb1bffbd-a3ae-45d7-bcaf-b0cac2fa3715]
openstack_compute_instance_v2.default-p0000000038-s0000000038-target: Creation complete after 20s [id=ccfb1dc4-e875-4135-9462-28f357a40d0b]
openstack_compute_instance_v2.default-p0000000038-s0000000038-c2-server: Creation complete after 21s [id=6e41ba19-6b31-437b-9327-314bd72b1ff5]
openstack_compute_instance_v2.default-p0000000038-s0000000038-router: Still creating... [30s elapsed]
openstack_compute_instance_v2.default-p0000000038-s0000000038-man: Still creating... [30s elapsed]
openstack_compute_instance_v2.default-p0000000038-s0000000038-man: Creation complete after 31s [id=46be0aac-4319-4250-b4b6-7851755311b8]
openstack_compute_instance_v2.default-p0000000038-s0000000038-router: Creation complete after 31s [id=b5999d8b-ec7a-4b58-9c5b-1ff717bb4f9f]

Apply complete! Resources: 26 added, 0 changed, 0 destroyed.