data.openstack_images_image_ids_v2.image_data_source-default-p0000000030-s0000000028-router: Reading...
data.openstack_networking_secgroup_v2.sandbox-man-int-sg: Reading...
data.openstack_images_image_ids_v2.image_data_source-default-p0000000030-s0000000028-target: Reading...
data.openstack_images_image_ids_v2.image_data_source-default-p0000000030-s0000000028-man: Reading...
data.openstack_networking_secgroup_v2.sandbox-internal-sg: Reading...
data.openstack_networking_network_v2.base-net: Reading...
data.openstack_networking_secgroup_v2.sandbox-man-sg: Reading...
data.openstack_networking_secgroup_v2.sandbox-access-sg: Reading...
data.openstack_images_image_ids_v2.image_data_source-default-p0000000030-s0000000028-c2-server: Reading...
data.openstack_images_image_ids_v2.image_data_source-default-p0000000030-s0000000028-next-target: Reading...
data.openstack_networking_secgroup_v2.sandbox-man-int-sg: Read complete after 0s [id=c0f8ada3-ea6b-4204-8e6b-03fb49be5ab5]
data.openstack_networking_secgroup_v2.sandbox-man-sg: Read complete after 0s [id=d318bcac-a977-4da2-a36c-6fc646adfd56]
data.openstack_networking_secgroup_v2.sandbox-internal-sg: Read complete after 0s [id=0a14006d-c778-45be-9747-18bb05e2c46f]
data.openstack_images_image_ids_v2.image_data_source-default-p0000000030-s0000000028-c2-server: Read complete after 0s [id=2215401803]
data.openstack_images_image_ids_v2.image_data_source-default-p0000000030-s0000000028-next-target: Read complete after 0s [id=2215401803]
data.openstack_networking_network_v2.base-net: Read complete after 0s [id=9d8f9b2a-992c-4edc-8444-0bfc3c2b3cef]
data.openstack_images_image_ids_v2.image_data_source-default-p0000000030-s0000000028-target: Read complete after 0s [id=2215401803]
data.openstack_images_image_ids_v2.image_data_source-default-p0000000030-s0000000028-man: Read complete after 0s [id=2215401803]
data.openstack_networking_secgroup_v2.sandbox-access-sg: Read complete after 0s [id=fe29039a-d081-4023-adad-9641c8059c30]
data.openstack_images_image_ids_v2.image_data_source-default-p0000000030-s0000000028-router: Read complete after 0s [id=3718318825]

OpenTofu used the selected providers to generate the following execution
plan. Resource actions are indicated with the following symbols:
  + create

OpenTofu will perform the following actions:

  # openstack_compute_instance_v2.default-p0000000030-s0000000028-c2-server will be created
  + resource "openstack_compute_instance_v2" "default-p0000000030-s0000000028-c2-server" {
      + access_ip_v4        = (known after apply)
      + access_ip_v6        = (known after apply)
      + all_metadata        = (known after apply)
      + all_tags            = (known after apply)
      + availability_zone   = (known after apply)
      + config_drive        = true
      + created             = (known after apply)
      + flavor_id           = (known after apply)
      + flavor_name         = "standard.small"
      + force_delete        = false
      + hypervisor_hostname = (known after apply)
      + id                  = (known after apply)
      + image_id            = (known after apply)
      + image_name          = "ubuntu-noble-x86_64"
      + key_pair            = "default-p0000000030-ad7fbf77-ssh"
      + name                = "default-p0000000030-s0000000028-c2-server"
      + power_state         = "active"
      + region              = (known after apply)
      + security_groups     = (known after apply)
      + stop_before_destroy = false
      + updated             = (known after apply)

      + network {
          + access_network = false
          + fixed_ip_v4    = (known after apply)
          + fixed_ip_v6    = (known after apply)
          + mac            = (known after apply)
          + name           = (known after apply)
          + port           = (known after apply)
          + uuid           = (known after apply)
        }
      + network {
          + access_network = false
          + fixed_ip_v4    = (known after apply)
          + fixed_ip_v6    = (known after apply)
          + mac            = (known after apply)
          + name           = (known after apply)
          + port           = (known after apply)
          + uuid           = (known after apply)
        }
    }

  # openstack_compute_instance_v2.default-p0000000030-s0000000028-man will be created
  + resource "openstack_compute_instance_v2" "default-p0000000030-s0000000028-man" {
      + access_ip_v4        = (known after apply)
      + access_ip_v6        = (known after apply)
      + all_metadata        = (known after apply)
      + all_tags            = (known after apply)
      + availability_zone   = (known after apply)
      + config_drive        = true
      + created             = (known after apply)
      + flavor_id           = (known after apply)
      + flavor_name         = "standard.medium"
      + force_delete        = false
      + hypervisor_hostname = (known after apply)
      + id                  = (known after apply)
      + image_id            = (known after apply)
      + image_name          = "ubuntu-noble-x86_64"
      + key_pair            = "default-p0000000030-ad7fbf77-ssh"
      + name                = "default-p0000000030-s0000000028-man"
      + power_state         = "active"
      + region              = (known after apply)
      + security_groups     = (known after apply)
      + stop_before_destroy = false
      + updated             = (known after apply)

      + network {
          + access_network = false
          + fixed_ip_v4    = (known after apply)
          + fixed_ip_v6    = (known after apply)
          + mac            = (known after apply)
          + name           = (known after apply)
          + port           = (known after apply)
          + uuid           = (known after apply)
        }
      + network {
          + access_network = false
          + fixed_ip_v4    = (known after apply)
          + fixed_ip_v6    = (known after apply)
          + mac            = (known after apply)
          + name           = (known after apply)
          + port           = (known after apply)
          + uuid           = (known after apply)
        }
      + network {
          + access_network = false
          + fixed_ip_v4    = (known after apply)
          + fixed_ip_v6    = (known after apply)
          + mac            = (known after apply)
          + name           = (known after apply)
          + port           = (known after apply)
          + uuid           = (known after apply)
        }
    }

  # openstack_compute_instance_v2.default-p0000000030-s0000000028-next-target will be created
  + resource "openstack_compute_instance_v2" "default-p0000000030-s0000000028-next-target" {
      + access_ip_v4        = (known after apply)
      + access_ip_v6        = (known after apply)
      + all_metadata        = (known after apply)
      + all_tags            = (known after apply)
      + availability_zone   = (known after apply)
      + config_drive        = true
      + created             = (known after apply)
      + flavor_id           = (known after apply)
      + flavor_name         = "standard.small"
      + force_delete        = false
      + hypervisor_hostname = (known after apply)
      + id                  = (known after apply)
      + image_id            = (known after apply)
      + image_name          = "ubuntu-noble-x86_64"
      + key_pair            = "default-p0000000030-ad7fbf77-ssh"
      + name                = "default-p0000000030-s0000000028-next-target"
      + power_state         = "active"
      + region              = (known after apply)
      + security_groups     = (known after apply)
      + stop_before_destroy = false
      + updated             = (known after apply)

      + network {
          + access_network = false
          + fixed_ip_v4    = (known after apply)
          + fixed_ip_v6    = (known after apply)
          + mac            = (known after apply)
          + name           = (known after apply)
          + port           = (known after apply)
          + uuid           = (known after apply)
        }
      + network {
          + access_network = false
          + fixed_ip_v4    = (known after apply)
          + fixed_ip_v6    = (known after apply)
          + mac            = (known after apply)
          + name           = (known after apply)
          + port           = (known after apply)
          + uuid           = (known after apply)
        }
    }

  # openstack_compute_instance_v2.default-p0000000030-s0000000028-router will be created
  + resource "openstack_compute_instance_v2" "default-p0000000030-s0000000028-router" {
      + access_ip_v4        = (known after apply)
      + access_ip_v6        = (known after apply)
      + all_metadata        = (known after apply)
      + all_tags            = (known after apply)
      + availability_zone   = (known after apply)
      + config_drive        = true
      + created             = (known after apply)
      + flavor_id           = (known after apply)
      + flavor_name         = "standard.small"
      + force_delete        = false
      + hypervisor_hostname = (known after apply)
      + id                  = (known after apply)
      + image_id            = (known after apply)
      + image_name          = "debian-12-x86_64"
      + key_pair            = "default-p0000000030-ad7fbf77-ssh"
      + name                = "default-p0000000030-s0000000028-router"
      + power_state         = "active"
      + region              = (known after apply)
      + security_groups     = (known after apply)
      + stop_before_destroy = false
      + updated             = (known after apply)

      + network {
          + access_network = false
          + fixed_ip_v4    = (known after apply)
          + fixed_ip_v6    = (known after apply)
          + mac            = (known after apply)
          + name           = (known after apply)
          + port           = (known after apply)
          + uuid           = (known after apply)
        }
      + network {
          + access_network = false
          + fixed_ip_v4    = (known after apply)
          + fixed_ip_v6    = (known after apply)
          + mac            = (known after apply)
          + name           = (known after apply)
          + port           = (known after apply)
          + uuid           = (known after apply)
        }
      + network {
          + access_network = false
          + fixed_ip_v4    = (known after apply)
          + fixed_ip_v6    = (known after apply)
          + mac            = (known after apply)
          + name           = (known after apply)
          + port           = (known after apply)
          + uuid           = (known after apply)
        }
      + network {
          + access_network = false
          + fixed_ip_v4    = (known after apply)
          + fixed_ip_v6    = (known after apply)
          + mac            = (known after apply)
          + name           = (known after apply)
          + port           = (known after apply)
          + uuid           = (known after apply)
        }
    }

  # openstack_compute_instance_v2.default-p0000000030-s0000000028-target will be created
  + resource "openstack_compute_instance_v2" "default-p0000000030-s0000000028-target" {
      + access_ip_v4        = (known after apply)
      + access_ip_v6        = (known after apply)
      + all_metadata        = (known after apply)
      + all_tags            = (known after apply)
      + availability_zone   = (known after apply)
      + config_drive        = true
      + created             = (known after apply)
      + flavor_id           = (known after apply)
      + flavor_name         = "standard.small"
      + force_delete        = false
      + hypervisor_hostname = (known after apply)
      + id                  = (known after apply)
      + image_id            = (known after apply)
      + image_name          = "ubuntu-noble-x86_64"
      + key_pair            = "default-p0000000030-ad7fbf77-ssh"
      + name                = "default-p0000000030-s0000000028-target"
      + power_state         = "active"
      + region              = (known after apply)
      + security_groups     = (known after apply)
      + stop_before_destroy = false
      + updated             = (known after apply)

      + network {
          + access_network = false
          + fixed_ip_v4    = (known after apply)
          + fixed_ip_v6    = (known after apply)
          + mac            = (known after apply)
          + name           = (known after apply)
          + port           = (known after apply)
          + uuid           = (known after apply)
        }
      + network {
          + access_network = false
          + fixed_ip_v4    = (known after apply)
          + fixed_ip_v6    = (known after apply)
          + mac            = (known after apply)
          + name           = (known after apply)
          + port           = (known after apply)
          + uuid           = (known after apply)
        }
    }

  # openstack_networking_network_v2.default-p0000000030-s0000000028-man-network will be created
  + resource "openstack_networking_network_v2" "default-p0000000030-s0000000028-man-network" {
      + admin_state_up          = true
      + all_tags                = (known after apply)
      + availability_zone_hints = (known after apply)
      + dns_domain              = (known after apply)
      + external                = (known after apply)
      + id                      = (known after apply)
      + mtu                     = (known after apply)
      + name                    = "default-p0000000030-s0000000028-man-network"
      + port_security_enabled   = (known after apply)
      + qos_policy_id           = (known after apply)
      + region                  = (known after apply)
      + shared                  = (known after apply)
      + tenant_id               = (known after apply)
      + transparent_vlan        = (known after apply)

      + segments (known after apply)
    }

  # openstack_networking_network_v2.default-p0000000030-s0000000028-server-switch will be created
  + resource "openstack_networking_network_v2" "default-p0000000030-s0000000028-server-switch" {
      + admin_state_up          = true
      + all_tags                = (known after apply)
      + availability_zone_hints = (known after apply)
      + dns_domain              = (known after apply)
      + external                = (known after apply)
      + id                      = (known after apply)
      + mtu                     = (known after apply)
      + name                    = "default-p0000000030-s0000000028-server-switch"
      + port_security_enabled   = (known after apply)
      + qos_policy_id           = (known after apply)
      + region                  = (known after apply)
      + shared                  = (known after apply)
      + tenant_id               = (known after apply)
      + transparent_vlan        = (known after apply)

      + segments (known after apply)
    }

  # openstack_networking_network_v2.default-p0000000030-s0000000028-target-switch will be created
  + resource "openstack_networking_network_v2" "default-p0000000030-s0000000028-target-switch" {
      + admin_state_up          = true
      + all_tags                = (known after apply)
      + availability_zone_hints = (known after apply)
      + dns_domain              = (known after apply)
      + external                = (known after apply)
      + id                      = (known after apply)
      + mtu                     = (known after apply)
      + name                    = "default-p0000000030-s0000000028-target-switch"
      + port_security_enabled   = (known after apply)
      + qos_policy_id           = (known after apply)
      + region                  = (known after apply)
      + shared                  = (known after apply)
      + tenant_id               = (known after apply)
      + transparent_vlan        = (known after apply)

      + segments (known after apply)
    }

  # openstack_networking_network_v2.default-p0000000030-s0000000028-wan will be created
  + resource "openstack_networking_network_v2" "default-p0000000030-s0000000028-wan" {
      + admin_state_up          = true
      + all_tags                = (known after apply)
      + availability_zone_hints = (known after apply)
      + dns_domain              = (known after apply)
      + external                = (known after apply)
      + id                      = (known after apply)
      + mtu                     = (known after apply)
      + name                    = "default-p0000000030-s0000000028-wan"
      + port_security_enabled   = (known after apply)
      + qos_policy_id           = (known after apply)
      + region                  = (known after apply)
      + shared                  = (known after apply)
      + tenant_id               = (known after apply)
      + transparent_vlan        = (known after apply)

      + segments (known after apply)
    }

  # openstack_networking_port_v2.default-p0000000030-s0000000028-link-1 will be created
  + resource "openstack_networking_port_v2" "default-p0000000030-s0000000028-link-1" {
      + admin_state_up         = true
      + all_fixed_ips          = (known after apply)
      + all_security_group_ids = (known after apply)
      + all_tags               = (known after apply)
      + device_id              = (known after apply)
      + device_owner           = (known after apply)
      + dns_assignment         = (known after apply)
      + dns_name               = (known after apply)
      + id                     = (known after apply)
      + mac_address            = (known after apply)
      + name                   = "default-p0000000030-s0000000028-link-1"
      + network_id             = (known after apply)
      + port_security_enabled  = (known after apply)
      + qos_policy_id          = (known after apply)
      + region                 = (known after apply)
      + security_group_ids     = [
          + "d318bcac-a977-4da2-a36c-6fc646adfd56",
        ]
      + tenant_id              = (known after apply)

      + allowed_address_pairs {
          + ip_address = "192.168.128.0/17"
        }

      + binding (known after apply)

      + fixed_ip {
          + subnet_id = (known after apply)
        }
    }

  # openstack_networking_port_v2.default-p0000000030-s0000000028-link-10 will be created
  + resource "openstack_networking_port_v2" "default-p0000000030-s0000000028-link-10" {
      + admin_state_up         = true
      + all_fixed_ips          = (known after apply)
      + all_security_group_ids = (known after apply)
      + all_tags               = (known after apply)
      + device_id              = (known after apply)
      + device_owner           = (known after apply)
      + dns_assignment         = (known after apply)
      + dns_name               = (known after apply)
      + id                     = (known after apply)
      + mac_address            = (known after apply)
      + name                   = "default-p0000000030-s0000000028-link-10"
      + network_id             = (known after apply)
      + port_security_enabled  = (known after apply)
      + qos_policy_id          = (known after apply)
      + region                 = (known after apply)
      + security_group_ids     = [
          + "0a14006d-c778-45be-9747-18bb05e2c46f",
        ]
      + tenant_id              = (known after apply)

      + allowed_address_pairs {
          + ip_address = "0.0.0.0/0"
        }

      + binding (known after apply)

      + fixed_ip {
          + subnet_id = (known after apply)
        }
    }

  # openstack_networking_port_v2.default-p0000000030-s0000000028-link-11 will be created
  + resource "openstack_networking_port_v2" "default-p0000000030-s0000000028-link-11" {
      + admin_state_up         = true
      + all_fixed_ips          = (known after apply)
      + all_security_group_ids = (known after apply)
      + all_tags               = (known after apply)
      + device_id              = (known after apply)
      + device_owner           = (known after apply)
      + dns_assignment         = (known after apply)
      + dns_name               = (known after apply)
      + id                     = (known after apply)
      + mac_address            = (known after apply)
      + name                   = "default-p0000000030-s0000000028-link-11"
      + network_id             = (known after apply)
      + port_security_enabled  = (known after apply)
      + qos_policy_id          = (known after apply)
      + region                 = (known after apply)
      + security_group_ids     = [
          + "0a14006d-c778-45be-9747-18bb05e2c46f",
        ]
      + tenant_id              = (known after apply)

      + allowed_address_pairs {
          + ip_address = "0.0.0.0/0"
        }

      + binding (known after apply)

      + fixed_ip {
          + ip_address = "192.168.40.1"
          + subnet_id  = (known after apply)
        }
    }

  # openstack_networking_port_v2.default-p0000000030-s0000000028-link-12 will be created
  + resource "openstack_networking_port_v2" "default-p0000000030-s0000000028-link-12" {
      + admin_state_up         = true
      + all_fixed_ips          = (known after apply)
      + all_security_group_ids = (known after apply)
      + all_tags               = (known after apply)
      + device_id              = (known after apply)
      + device_owner           = (known after apply)
      + dns_assignment         = (known after apply)
      + dns_name               = (known after apply)
      + id                     = (known after apply)
      + mac_address            = (known after apply)
      + name                   = "default-p0000000030-s0000000028-link-12"
      + network_id             = (known after apply)
      + port_security_enabled  = (known after apply)
      + qos_policy_id          = (known after apply)
      + region                 = (known after apply)
      + security_group_ids     = [
          + "0a14006d-c778-45be-9747-18bb05e2c46f",
        ]
      + tenant_id              = (known after apply)

      + allowed_address_pairs {
          + ip_address = "0.0.0.0/0"
        }

      + binding (known after apply)

      + fixed_ip {
          + ip_address = "192.168.50.1"
          + subnet_id  = (known after apply)
        }
    }

  # openstack_networking_port_v2.default-p0000000030-s0000000028-link-2 will be created
  + resource "openstack_networking_port_v2" "default-p0000000030-s0000000028-link-2" {
      + admin_state_up         = true
      + all_fixed_ips          = (known after apply)
      + all_security_group_ids = (known after apply)
      + all_tags               = (known after apply)
      + device_id              = (known after apply)
      + device_owner           = (known after apply)
      + dns_assignment         = (known after apply)
      + dns_name               = (known after apply)
      + id                     = (known after apply)
      + mac_address            = (known after apply)
      + name                   = "default-p0000000030-s0000000028-link-2"
      + network_id             = (known after apply)
      + port_security_enabled  = (known after apply)
      + qos_policy_id          = (known after apply)
      + region                 = (known after apply)
      + security_group_ids     = [
          + "0a14006d-c778-45be-9747-18bb05e2c46f",
        ]
      + tenant_id              = (known after apply)

      + allowed_address_pairs {
          + ip_address = "0.0.0.0/0"
        }

      + binding (known after apply)

      + fixed_ip {
          + subnet_id = (known after apply)
        }
    }

  # openstack_networking_port_v2.default-p0000000030-s0000000028-link-3 will be created
  + resource "openstack_networking_port_v2" "default-p0000000030-s0000000028-link-3" {
      + admin_state_up         = true
      + all_fixed_ips          = (known after apply)
      + all_security_group_ids = (known after apply)
      + all_tags               = (known after apply)
      + device_id              = (known after apply)
      + device_owner           = (known after apply)
      + dns_assignment         = (known after apply)
      + dns_name               = (known after apply)
      + id                     = (known after apply)
      + mac_address            = (known after apply)
      + name                   = "default-p0000000030-s0000000028-link-3"
      + network_id             = (known after apply)
      + port_security_enabled  = (known after apply)
      + qos_policy_id          = (known after apply)
      + region                 = (known after apply)
      + security_group_ids     = [
          + "c0f8ada3-ea6b-4204-8e6b-03fb49be5ab5",
        ]
      + tenant_id              = (known after apply)

      + allowed_address_pairs {
          + ip_address = "192.168.128.0/17"
        }

      + binding (known after apply)

      + fixed_ip {
          + subnet_id = (known after apply)
        }
    }

  # openstack_networking_port_v2.default-p0000000030-s0000000028-link-4 will be created
  + resource "openstack_networking_port_v2" "default-p0000000030-s0000000028-link-4" {
      + admin_state_up         = true
      + all_fixed_ips          = (known after apply)
      + all_security_group_ids = (known after apply)
      + all_tags               = (known after apply)
      + device_id              = (known after apply)
      + device_owner           = (known after apply)
      + dns_assignment         = (known after apply)
      + dns_name               = (known after apply)
      + id                     = (known after apply)
      + mac_address            = (known after apply)
      + name                   = "default-p0000000030-s0000000028-link-4"
      + network_id             = (known after apply)
      + port_security_enabled  = (known after apply)
      + qos_policy_id          = (known after apply)
      + region                 = (known after apply)
      + security_group_ids     = [
          + "c0f8ada3-ea6b-4204-8e6b-03fb49be5ab5",
        ]
      + tenant_id              = (known after apply)

      + allowed_address_pairs {
          + ip_address = "192.168.128.0/17"
        }

      + binding (known after apply)

      + fixed_ip {
          + subnet_id = (known after apply)
        }
    }

  # openstack_networking_port_v2.default-p0000000030-s0000000028-link-5 will be created
  + resource "openstack_networking_port_v2" "default-p0000000030-s0000000028-link-5" {
      + admin_state_up         = true
      + all_fixed_ips          = (known after apply)
      + all_security_group_ids = (known after apply)
      + all_tags               = (known after apply)
      + device_id              = (known after apply)
      + device_owner           = (known after apply)
      + dns_assignment         = (known after apply)
      + dns_name               = (known after apply)
      + id                     = (known after apply)
      + mac_address            = (known after apply)
      + name                   = "default-p0000000030-s0000000028-link-5"
      + network_id             = (known after apply)
      + port_security_enabled  = (known after apply)
      + qos_policy_id          = (known after apply)
      + region                 = (known after apply)
      + security_group_ids     = [
          + "c0f8ada3-ea6b-4204-8e6b-03fb49be5ab5",
        ]
      + tenant_id              = (known after apply)

      + allowed_address_pairs {
          + ip_address = "192.168.128.0/17"
        }

      + binding (known after apply)

      + fixed_ip {
          + subnet_id = (known after apply)
        }
    }

  # openstack_networking_port_v2.default-p0000000030-s0000000028-link-6 will be created
  + resource "openstack_networking_port_v2" "default-p0000000030-s0000000028-link-6" {
      + admin_state_up         = true
      + all_fixed_ips          = (known after apply)
      + all_security_group_ids = (known after apply)
      + all_tags               = (known after apply)
      + device_id              = (known after apply)
      + device_owner           = (known after apply)
      + dns_assignment         = (known after apply)
      + dns_name               = (known after apply)
      + id                     = (known after apply)
      + mac_address            = (known after apply)
      + name                   = "default-p0000000030-s0000000028-link-6"
      + network_id             = (known after apply)
      + port_security_enabled  = (known after apply)
      + qos_policy_id          = (known after apply)
      + region                 = (known after apply)
      + security_group_ids     = [
          + "0a14006d-c778-45be-9747-18bb05e2c46f",
        ]
      + tenant_id              = (known after apply)

      + allowed_address_pairs {
          + ip_address = "192.168.40.0/24"
        }

      + binding (known after apply)

      + fixed_ip {
          + ip_address = "192.168.40.5"
          + subnet_id  = (known after apply)
        }
    }

  # openstack_networking_port_v2.default-p0000000030-s0000000028-link-7 will be created
  + resource "openstack_networking_port_v2" "default-p0000000030-s0000000028-link-7" {
      + admin_state_up         = true
      + all_fixed_ips          = (known after apply)
      + all_security_group_ids = (known after apply)
      + all_tags               = (known after apply)
      + device_id              = (known after apply)
      + device_owner           = (known after apply)
      + dns_assignment         = (known after apply)
      + dns_name               = (known after apply)
      + id                     = (known after apply)
      + mac_address            = (known after apply)
      + name                   = "default-p0000000030-s0000000028-link-7"
      + network_id             = (known after apply)
      + port_security_enabled  = (known after apply)
      + qos_policy_id          = (known after apply)
      + region                 = (known after apply)
      + security_group_ids     = [
          + "0a14006d-c778-45be-9747-18bb05e2c46f",
        ]
      + tenant_id              = (known after apply)

      + allowed_address_pairs {
          + ip_address = "192.168.50.0/24"
        }

      + binding (known after apply)

      + fixed_ip {
          + ip_address = "192.168.50.5"
          + subnet_id  = (known after apply)
        }
    }

  # openstack_networking_port_v2.default-p0000000030-s0000000028-link-8 will be created
  + resource "openstack_networking_port_v2" "default-p0000000030-s0000000028-link-8" {
      + admin_state_up         = true
      + all_fixed_ips          = (known after apply)
      + all_security_group_ids = (known after apply)
      + all_tags               = (known after apply)
      + device_id              = (known after apply)
      + device_owner           = (known after apply)
      + dns_assignment         = (known after apply)
      + dns_name               = (known after apply)
      + id                     = (known after apply)
      + mac_address            = (known after apply)
      + name                   = "default-p0000000030-s0000000028-link-8"
      + network_id             = (known after apply)
      + port_security_enabled  = (known after apply)
      + qos_policy_id          = (known after apply)
      + region                 = (known after apply)
      + security_group_ids     = [
          + "0a14006d-c778-45be-9747-18bb05e2c46f",
        ]
      + tenant_id              = (known after apply)

      + allowed_address_pairs {
          + ip_address = "192.168.50.0/24"
        }

      + binding (known after apply)

      + fixed_ip {
          + ip_address = "192.168.50.6"
          + subnet_id  = (known after apply)
        }
    }

  # openstack_networking_port_v2.default-p0000000030-s0000000028-link-9 will be created
  + resource "openstack_networking_port_v2" "default-p0000000030-s0000000028-link-9" {
      + admin_state_up         = true
      + all_fixed_ips          = (known after apply)
      + all_security_group_ids = (known after apply)
      + all_tags               = (known after apply)
      + device_id              = (known after apply)
      + device_owner           = (known after apply)
      + dns_assignment         = (known after apply)
      + dns_name               = (known after apply)
      + id                     = (known after apply)
      + mac_address            = (known after apply)
      + name                   = "default-p0000000030-s0000000028-link-9"
      + network_id             = (known after apply)
      + port_security_enabled  = (known after apply)
      + qos_policy_id          = (known after apply)
      + region                 = (known after apply)
      + security_group_ids     = [
          + "c0f8ada3-ea6b-4204-8e6b-03fb49be5ab5",
        ]
      + tenant_id              = (known after apply)

      + allowed_address_pairs {
          + ip_address = "192.168.128.0/17"
        }

      + binding (known after apply)

      + fixed_ip {
          + subnet_id = (known after apply)
        }
    }

  # openstack_networking_port_v2.default-p0000000030-s0000000028-man-out-port will be created
  + resource "openstack_networking_port_v2" "default-p0000000030-s0000000028-man-out-port" {
      + admin_state_up         = true
      + all_fixed_ips          = (known after apply)
      + all_security_group_ids = (known after apply)
      + all_tags               = (known after apply)
      + device_id              = (known after apply)
      + device_owner           = (known after apply)
      + dns_assignment         = (known after apply)
      + dns_name               = (known after apply)
      + id                     = (known after apply)
      + mac_address            = (known after apply)
      + name                   = "default-p0000000030-s0000000028-man-out-port"
      + network_id             = "9d8f9b2a-992c-4edc-8444-0bfc3c2b3cef"
      + port_security_enabled  = (known after apply)
      + qos_policy_id          = (known after apply)
      + region                 = (known after apply)
      + security_group_ids     = [
          + "fe29039a-d081-4023-adad-9641c8059c30",
        ]
      + tenant_id              = (known after apply)

      + allowed_address_pairs {
          + ip_address = "0.0.0.0/0"
        }

      + binding (known after apply)
    }

  # openstack_networking_subnet_v2.default-p0000000030-s0000000028-man-network-subnet will be created
  + resource "openstack_networking_subnet_v2" "default-p0000000030-s0000000028-man-network-subnet" {
      + all_tags          = (known after apply)
      + cidr              = "192.168.128.0/17"
      + dns_nameservers   = [
          + "1.1.1.1",
          + "1.0.0.1",
        ]
      + enable_dhcp       = true
      + gateway_ip        = (known after apply)
      + id                = (known after apply)
      + ip_version        = 4
      + ipv6_address_mode = (known after apply)
      + ipv6_ra_mode      = (known after apply)
      + name              = "default-p0000000030-s0000000028-man-network-subnet"
      + network_id        = (known after apply)
      + no_gateway        = true
      + region            = (known after apply)
      + service_types     = (known after apply)
      + tenant_id         = (known after apply)

      + allocation_pool (known after apply)
    }

  # openstack_networking_subnet_v2.default-p0000000030-s0000000028-server-switch-subnet will be created
  + resource "openstack_networking_subnet_v2" "default-p0000000030-s0000000028-server-switch-subnet" {
      + all_tags          = (known after apply)
      + cidr              = "192.168.40.0/24"
      + dns_nameservers   = [
          + "1.1.1.1",
          + "1.0.0.1",
        ]
      + enable_dhcp       = true
      + gateway_ip        = "192.168.40.1"
      + id                = (known after apply)
      + ip_version        = 4
      + ipv6_address_mode = (known after apply)
      + ipv6_ra_mode      = (known after apply)
      + name              = "default-p0000000030-s0000000028-server-switch-subnet"
      + network_id        = (known after apply)
      + no_gateway        = false
      + region            = (known after apply)
      + service_types     = (known after apply)
      + tenant_id         = (known after apply)

      + allocation_pool (known after apply)
    }

  # openstack_networking_subnet_v2.default-p0000000030-s0000000028-target-switch-subnet will be created
  + resource "openstack_networking_subnet_v2" "default-p0000000030-s0000000028-target-switch-subnet" {
      + all_tags          = (known after apply)
      + cidr              = "192.168.50.0/24"
      + dns_nameservers   = [
          + "1.1.1.1",
          + "1.0.0.1",
        ]
      + enable_dhcp       = true
      + gateway_ip        = "192.168.50.1"
      + id                = (known after apply)
      + ip_version        = 4
      + ipv6_address_mode = (known after apply)
      + ipv6_ra_mode      = (known after apply)
      + name              = "default-p0000000030-s0000000028-target-switch-subnet"
      + network_id        = (known after apply)
      + no_gateway        = false
      + region            = (known after apply)
      + service_types     = (known after apply)
      + tenant_id         = (known after apply)

      + allocation_pool (known after apply)
    }

  # openstack_networking_subnet_v2.default-p0000000030-s0000000028-wan-subnet will be created
  + resource "openstack_networking_subnet_v2" "default-p0000000030-s0000000028-wan-subnet" {
      + all_tags          = (known after apply)
      + cidr              = "100.100.100.0/24"
      + dns_nameservers   = [
          + "1.1.1.1",
          + "1.0.0.1",
        ]
      + enable_dhcp       = true
      + gateway_ip        = (known after apply)
      + id                = (known after apply)
      + ip_version        = 4
      + ipv6_address_mode = (known after apply)
      + ipv6_ra_mode      = (known after apply)
      + name              = "default-p0000000030-s0000000028-wan-subnet"
      + network_id        = (known after apply)
      + no_gateway        = true
      + region            = (known after apply)
      + service_types     = (known after apply)
      + tenant_id         = (known after apply)

      + allocation_pool (known after apply)
    }

Plan: 26 to add, 0 to change, 0 to destroy.
openstack_networking_network_v2.default-p0000000030-s0000000028-target-switch: Creating...
openstack_networking_network_v2.default-p0000000030-s0000000028-server-switch: Creating...
openstack_networking_network_v2.default-p0000000030-s0000000028-wan: Creating...
openstack_networking_network_v2.default-p0000000030-s0000000028-man-network: Creating...
openstack_networking_port_v2.default-p0000000030-s0000000028-man-out-port: Creating...
openstack_networking_network_v2.default-p0000000030-s0000000028-wan: Creation complete after 0s [id=2a867c7d-08cc-45e1-b0fb-8eeb93ac33c7]
openstack_networking_network_v2.default-p0000000030-s0000000028-server-switch: Creation complete after 0s [id=c3217ccb-ffa4-405f-932b-d7e1d16b71d3]
openstack_networking_network_v2.default-p0000000030-s0000000028-target-switch: Creation complete after 0s [id=41377119-be03-4de4-9ba4-81ecf206d006]
openstack_networking_network_v2.default-p0000000030-s0000000028-man-network: Creation complete after 0s [id=a69d608f-7f50-41b8-8188-ba56ce5dc6a7]
openstack_networking_subnet_v2.default-p0000000030-s0000000028-wan-subnet: Creating...
openstack_networking_subnet_v2.default-p0000000030-s0000000028-server-switch-subnet: Creating...
openstack_networking_subnet_v2.default-p0000000030-s0000000028-target-switch-subnet: Creating...
openstack_networking_subnet_v2.default-p0000000030-s0000000028-man-network-subnet: Creating...
openstack_networking_port_v2.default-p0000000030-s0000000028-man-out-port: Creation complete after 0s [id=75c2b97c-c07a-4a01-84d5-3b1c7136987a]
openstack_networking_subnet_v2.default-p0000000030-s0000000028-server-switch-subnet: Creation complete after 1s [id=668cdc1a-1afa-4a80-8311-7b2a88ebffe0]
openstack_networking_port_v2.default-p0000000030-s0000000028-link-11: Creating...
openstack_networking_port_v2.default-p0000000030-s0000000028-link-6: Creating...
openstack_networking_subnet_v2.default-p0000000030-s0000000028-target-switch-subnet: Creation complete after 1s [id=2de8fd9a-408b-4e00-9612-bc0647cb8706]
openstack_networking_subnet_v2.default-p0000000030-s0000000028-man-network-subnet: Creation complete after 1s [id=eac353f7-150e-4f90-b5cd-e5582b4ca4d2]
openstack_networking_subnet_v2.default-p0000000030-s0000000028-wan-subnet: Creation complete after 1s [id=42dbd354-227b-4aeb-8145-828fd2ad8034]
openstack_networking_port_v2.default-p0000000030-s0000000028-link-9: Creating...
openstack_networking_port_v2.default-p0000000030-s0000000028-link-1: Creating...
openstack_networking_port_v2.default-p0000000030-s0000000028-link-7: Creating...
openstack_networking_port_v2.default-p0000000030-s0000000028-link-4: Creating...
openstack_networking_port_v2.default-p0000000030-s0000000028-link-3: Creating...
openstack_networking_port_v2.default-p0000000030-s0000000028-link-12: Creating...
openstack_networking_port_v2.default-p0000000030-s0000000028-link-8: Creating...
openstack_networking_port_v2.default-p0000000030-s0000000028-link-5: Creating...
openstack_networking_port_v2.default-p0000000030-s0000000028-link-11: Creation complete after 0s [id=7f775403-533e-4dda-8ffc-918db2ea40fa]
openstack_networking_port_v2.default-p0000000030-s0000000028-link-2: Creating...
openstack_networking_port_v2.default-p0000000030-s0000000028-link-6: Creation complete after 0s [id=e0566175-3ba4-4688-92f5-e04998b04b0d]
openstack_networking_port_v2.default-p0000000030-s0000000028-link-10: Creating...
openstack_networking_port_v2.default-p0000000030-s0000000028-link-1: Creation complete after 0s [id=daf861c5-c42f-478f-9978-b255988fa351]
openstack_networking_port_v2.default-p0000000030-s0000000028-link-5: Creation complete after 0s [id=925beadb-86b9-4026-bbf2-685a0bf36a83]
openstack_networking_port_v2.default-p0000000030-s0000000028-link-12: Creation complete after 0s [id=e6e919da-0a5d-4066-a819-31ecb035f2b1]
openstack_networking_port_v2.default-p0000000030-s0000000028-link-3: Creation complete after 0s [id=f16ac9e5-dcc8-4f24-8730-ae24604be27e]
openstack_networking_port_v2.default-p0000000030-s0000000028-link-8: Creation complete after 0s [id=d42c5b0d-5023-4d62-ab02-53aa689c562b]
openstack_networking_port_v2.default-p0000000030-s0000000028-link-9: Creation complete after 0s [id=85fb7968-ce2f-4719-a9ce-e95f204a3d1f]
openstack_compute_instance_v2.default-p0000000030-s0000000028-c2-server: Creating...
openstack_compute_instance_v2.default-p0000000030-s0000000028-next-target: Creating...
openstack_networking_port_v2.default-p0000000030-s0000000028-link-7: Creation complete after 0s [id=54c6f56b-1457-4dac-9105-8f21caef1a48]
openstack_networking_port_v2.default-p0000000030-s0000000028-link-4: Creation complete after 0s [id=5d27d991-d3b2-4c3b-a57f-eb6222ccbcef]
openstack_compute_instance_v2.default-p0000000030-s0000000028-target: Creating...
openstack_networking_port_v2.default-p0000000030-s0000000028-link-2: Creation complete after 0s [id=adb52513-2da0-48eb-b4eb-3f3eed59ea59]
openstack_compute_instance_v2.default-p0000000030-s0000000028-man: Creating...
openstack_networking_port_v2.default-p0000000030-s0000000028-link-10: Creation complete after 0s [id=236c80c7-1a59-4845-bdd2-329ef23d816c]
openstack_compute_instance_v2.default-p0000000030-s0000000028-router: Creating...
openstack_compute_instance_v2.default-p0000000030-s0000000028-c2-server: Still creating... [10s elapsed]
openstack_compute_instance_v2.default-p0000000030-s0000000028-next-target: Still creating... [10s elapsed]
openstack_compute_instance_v2.default-p0000000030-s0000000028-target: Still creating... [10s elapsed]
openstack_compute_instance_v2.default-p0000000030-s0000000028-man: Still creating... [10s elapsed]
openstack_compute_instance_v2.default-p0000000030-s0000000028-c2-server: Still creating... [20s elapsed]
openstack_compute_instance_v2.default-p0000000030-s0000000028-next-target: Still creating... [20s elapsed]
openstack_compute_instance_v2.default-p0000000030-s0000000028-target: Still creating... [20s elapsed]
openstack_compute_instance_v2.default-p0000000030-s0000000028-man: Still creating... [20s elapsed]
openstack_compute_instance_v2.default-p0000000030-s0000000028-target: Creation complete after 20s [id=b42f108f-4bd1-4f3d-a85f-507ee8d61d71]
openstack_compute_instance_v2.default-p0000000030-s0000000028-c2-server: Creation complete after 20s [id=5f442483-f4d4-4e16-b3af-0c6b9842a745]
openstack_compute_instance_v2.default-p0000000030-s0000000028-next-target: Still creating... [30s elapsed]
openstack_compute_instance_v2.default-p0000000030-s0000000028-man: Still creating... [30s elapsed]
openstack_compute_instance_v2.default-p0000000030-s0000000028-next-target: Creation complete after 30s [id=af9e8f1b-81d3-4045-a1a1-7e19697c6be9]
openstack_compute_instance_v2.default-p0000000030-s0000000028-man: Creation complete after 31s [id=4b088e54-df73-48ec-9aaa-7f9df85f6a5b]
There are some problems with the provider_installation configuration:╷│ Error: Invalid provider source exclusion patterns││ CLI config specifies invalid provider exclusion patterns: invalid provider│ matching pattern "*": must have either two or three slash-separated│ segments.╵As a result of the above problems, OpenTofu's provider installer may not behave as intended.Error: Error waiting for instance (d50e7a33-00c5-428b-9703-53739fecd463) to become ready: unexpected state 'ERROR', wanted target 'ACTIVE'. last error: %!s(<nil>)  with openstack_compute_instance_v2.default-p0000000030-s0000000028-router,  on deploy.tf line 361, in resource "openstack_compute_instance_v2" "default-p0000000030-s0000000028-router": 361: resource "openstack_compute_instance_v2" "default-p0000000030-s0000000028-router" {